<?xml version="1.0" encoding="ISO-8859-1" ?>
<link_info>
   <banner>MSP430 Linker Unix v18.12.3.LTS</banner>
   <copyright>Copyright (c) 2003-2018 Texas Instruments Incorporated</copyright>
   <link_time>0x5dcfc01e</link_time>
   <link_errors>0x0</link_errors>
   <output_file>SMB_Slave02_WriteWord_Dimmer.out</output_file>
   <entry_point>
      <name>_c_int00_noargs</name>
      <address>0xc5da</address>
   </entry_point>
   <input_file_list>
      <input_file id="fl-1">
         <path>./</path>
         <kind>object</kind>
         <file>Slave_HAL.obj</file>
         <name>Slave_HAL.obj</name>
      </input_file>
      <input_file id="fl-2">
         <path>./</path>
         <kind>object</kind>
         <file>main.obj</file>
         <name>main.obj</name>
      </input_file>
      <input_file id="fl-3">
         <path>./smbuslib/MSP430G2xx3/</path>
         <kind>object</kind>
         <file>smbus_phy.obj</file>
         <name>smbus_phy.obj</name>
      </input_file>
      <input_file id="fl-4">
         <path>./smbuslib/</path>
         <kind>object</kind>
         <file>smbus.obj</file>
         <name>smbus.obj</name>
      </input_file>
      <input_file id="fl-5">
         <path>./smbuslib/</path>
         <kind>object</kind>
         <file>smbus_nwk.obj</file>
         <name>smbus_nwk.obj</name>
      </input_file>
      <input_file id="fl-a">
         <kind>object</kind>
         <file>&lt;internal&gt;</file>
         <name>&lt;internal&gt;</name>
      </input_file>
      <input_file id="fl-20">
         <path>/Applications/ti/ccs920/ccs/tools/compiler/ti-cgt-msp430_18.12.3.LTS/lib/</path>
         <kind>archive</kind>
         <file>rts430_eabi.lib</file>
         <name>div32u.asm.obj</name>
      </input_file>
      <input_file id="fl-21">
         <path>/Applications/ti/ccs920/ccs/tools/compiler/ti-cgt-msp430_18.12.3.LTS/lib/</path>
         <kind>archive</kind>
         <file>rts430_eabi.lib</file>
         <name>epilog.asm.obj</name>
      </input_file>
      <input_file id="fl-22">
         <path>/Applications/ti/ccs920/ccs/tools/compiler/ti-cgt-msp430_18.12.3.LTS/lib/</path>
         <kind>archive</kind>
         <file>rts430_eabi.lib</file>
         <name>int05.asm.obj</name>
      </input_file>
      <input_file id="fl-23">
         <path>/Applications/ti/ccs920/ccs/tools/compiler/ti-cgt-msp430_18.12.3.LTS/lib/</path>
         <kind>archive</kind>
         <file>rts430_eabi.lib</file>
         <name>int12.asm.obj</name>
      </input_file>
      <input_file id="fl-24">
         <path>/Applications/ti/ccs920/ccs/tools/compiler/ti-cgt-msp430_18.12.3.LTS/lib/</path>
         <kind>archive</kind>
         <file>rts430_eabi.lib</file>
         <name>int13.asm.obj</name>
      </input_file>
      <input_file id="fl-25">
         <path>/Applications/ti/ccs920/ccs/tools/compiler/ti-cgt-msp430_18.12.3.LTS/lib/</path>
         <kind>archive</kind>
         <file>rts430_eabi.lib</file>
         <name>isr_trap.asm.obj</name>
      </input_file>
      <input_file id="fl-26">
         <path>/Applications/ti/ccs920/ccs/tools/compiler/ti-cgt-msp430_18.12.3.LTS/lib/</path>
         <kind>archive</kind>
         <file>rts430_eabi.lib</file>
         <name>boot.c.obj</name>
      </input_file>
      <input_file id="fl-27">
         <path>/Applications/ti/ccs920/ccs/tools/compiler/ti-cgt-msp430_18.12.3.LTS/lib/</path>
         <kind>archive</kind>
         <file>rts430_eabi.lib</file>
         <name>autoinit.c.obj</name>
      </input_file>
      <input_file id="fl-28">
         <path>/Applications/ti/ccs920/ccs/tools/compiler/ti-cgt-msp430_18.12.3.LTS/lib/</path>
         <kind>archive</kind>
         <file>rts430_eabi.lib</file>
         <name>copy_zero_init.c.obj</name>
      </input_file>
      <input_file id="fl-29">
         <path>/Applications/ti/ccs920/ccs/tools/compiler/ti-cgt-msp430_18.12.3.LTS/lib/</path>
         <kind>archive</kind>
         <file>rts430_eabi.lib</file>
         <name>cpy_tbl.c.obj</name>
      </input_file>
      <input_file id="fl-2a">
         <path>/Applications/ti/ccs920/ccs/tools/compiler/ti-cgt-msp430_18.12.3.LTS/lib/</path>
         <kind>archive</kind>
         <file>rts430_eabi.lib</file>
         <name>mpu_init.c.obj</name>
      </input_file>
      <input_file id="fl-2b">
         <path>/Applications/ti/ccs920/ccs/tools/compiler/ti-cgt-msp430_18.12.3.LTS/lib/</path>
         <kind>archive</kind>
         <file>rts430_eabi.lib</file>
         <name>startup.c.obj</name>
      </input_file>
      <input_file id="fl-2c">
         <path>/Applications/ti/ccs920/ccs/tools/compiler/ti-cgt-msp430_18.12.3.LTS/lib/</path>
         <kind>archive</kind>
         <file>rts430_eabi.lib</file>
         <name>copy_decompress_none.c.obj</name>
      </input_file>
      <input_file id="fl-2d">
         <path>/Applications/ti/ccs920/ccs/tools/compiler/ti-cgt-msp430_18.12.3.LTS/lib/</path>
         <kind>archive</kind>
         <file>rts430_eabi.lib</file>
         <name>copy_decompress_lzss.c.obj</name>
      </input_file>
      <input_file id="fl-2e">
         <path>/Applications/ti/ccs920/ccs/tools/compiler/ti-cgt-msp430_18.12.3.LTS/lib/</path>
         <kind>archive</kind>
         <file>rts430_eabi.lib</file>
         <name>exit.c.obj</name>
      </input_file>
      <input_file id="fl-2f">
         <path>/Applications/ti/ccs920/ccs/tools/compiler/ti-cgt-msp430_18.12.3.LTS/lib/</path>
         <kind>archive</kind>
         <file>rts430_eabi.lib</file>
         <name>_lock.c.obj</name>
      </input_file>
      <input_file id="fl-30">
         <path>/Applications/ti/ccs920/ccs/tools/compiler/ti-cgt-msp430_18.12.3.LTS/lib/</path>
         <kind>archive</kind>
         <file>rts430_eabi.lib</file>
         <name>args_main.c.obj</name>
      </input_file>
      <input_file id="fl-31">
         <path>/Applications/ti/ccs920/ccs/tools/compiler/ti-cgt-msp430_18.12.3.LTS/lib/</path>
         <kind>archive</kind>
         <file>rts430_eabi.lib</file>
         <name>memcpy.c.obj</name>
      </input_file>
      <input_file id="fl-32">
         <path>/Applications/ti/ccs920/ccs/tools/compiler/ti-cgt-msp430_18.12.3.LTS/lib/</path>
         <kind>archive</kind>
         <file>rts430_eabi.lib</file>
         <name>lsl16.asm.obj</name>
      </input_file>
      <input_file id="fl-33">
         <path>/Applications/ti/ccs920/ccs/tools/compiler/ti-cgt-msp430_18.12.3.LTS/lib/</path>
         <kind>archive</kind>
         <file>rts430_eabi.lib</file>
         <name>lsr16.asm.obj</name>
      </input_file>
      <input_file id="fl-34">
         <path>/Applications/ti/ccs920/ccs/tools/compiler/ti-cgt-msp430_18.12.3.LTS/lib/</path>
         <kind>archive</kind>
         <file>rts430_eabi.lib</file>
         <name>mult16.asm.obj</name>
      </input_file>
      <input_file id="fl-35">
         <path>/Applications/ti/ccs920/ccs/tools/compiler/ti-cgt-msp430_18.12.3.LTS/lib/</path>
         <kind>archive</kind>
         <file>rts430_eabi.lib</file>
         <name>exit_gvars.c.obj</name>
      </input_file>
   </input_file_list>
   <object_component_list>
      <object_component id="oc-18b">
         <name>.bss:sSMBusSlave</name>
         <uninitialized>true</uninitialized>
         <run_address>0x248</run_address>
         <size>0x1c</size>
         <input_file_ref idref="fl-2"/>
      </object_component>
      <object_component id="oc-1d4">
         <name>.bss:au8RxBuff</name>
         <uninitialized>true</uninitialized>
         <run_address>0x200</run_address>
         <size>0x24</size>
         <input_file_ref idref="fl-2"/>
      </object_component>
      <object_component id="oc-1dd">
         <name>.bss:au8TxBuff</name>
         <uninitialized>true</uninitialized>
         <run_address>0x224</run_address>
         <size>0x24</size>
         <input_file_ref idref="fl-2"/>
      </object_component>
      <object_component id="oc-b1">
         <name>.stack</name>
         <uninitialized>true</uninitialized>
         <run_address>0x3b0</run_address>
         <size>0x2</size>
         <input_file_ref idref="fl-26"/>
      </object_component>
      <object_component id="oc-372">
         <name>.stack</name>
         <uninitialized>true</uninitialized>
         <run_address>0x3b0</run_address>
         <size>0x0</size>
      </object_component>
      <object_component id="oc-2ab">
         <name>.text:SMBus_NWK_slaveProcessTx</name>
         <load_address>0xc000</load_address>
         <run_address>0xc000</run_address>
         <size>0xb6</size>
         <input_file_ref idref="fl-5"/>
      </object_component>
      <object_component id="oc-239">
         <name>.text:SMBus_PHY_slaveProcessInt</name>
         <load_address>0xc0b6</load_address>
         <run_address>0xc0b6</run_address>
         <size>0x9c</size>
         <input_file_ref idref="fl-3"/>
      </object_component>
      <object_component id="oc-2b7">
         <name>.text:SMBus_NWK_slaveProcessRx</name>
         <load_address>0xc152</load_address>
         <run_address>0xc152</run_address>
         <size>0x96</size>
         <input_file_ref idref="fl-5"/>
      </object_component>
      <object_component id="oc-2b1">
         <name>.text:SMBus_NWK_slaveProcessStart</name>
         <load_address>0xc1e8</load_address>
         <run_address>0xc1e8</run_address>
         <size>0x90</size>
         <input_file_ref idref="fl-5"/>
      </object_component>
      <object_component id="oc-166">
         <name>.text:main</name>
         <load_address>0xc278</load_address>
         <run_address>0xc278</run_address>
         <size>0x62</size>
         <input_file_ref idref="fl-2"/>
      </object_component>
      <object_component id="oc-1c8">
         <name>.text:SMBus_slaveInit</name>
         <load_address>0xc2da</load_address>
         <run_address>0xc2da</run_address>
         <size>0x50</size>
         <input_file_ref idref="fl-4"/>
      </object_component>
      <object_component id="oc-1b0">
         <name>.text:HAL_MCU_Init</name>
         <load_address>0xc32a</load_address>
         <run_address>0xc32a</run_address>
         <size>0x44</size>
         <input_file_ref idref="fl-1"/>
      </object_component>
      <object_component id="oc-2cf">
         <name>.text:SMBus_PHY_masterEnable</name>
         <load_address>0xc36e</load_address>
         <run_address>0xc36e</run_address>
         <size>0x44</size>
         <input_file_ref idref="fl-3"/>
      </object_component>
      <object_component id="oc-24e">
         <name>.text:SMBus_PHY_slaveEnable</name>
         <load_address>0xc3b2</load_address>
         <run_address>0xc3b2</run_address>
         <size>0x42</size>
         <input_file_ref idref="fl-3"/>
      </object_component>
      <object_component id="oc-1ff">
         <name>.text:__TI_auto_init_nobinit_nopinit:__TI_auto_init_nobinit_nopinit</name>
         <load_address>0xc3f4</load_address>
         <run_address>0xc3f4</run_address>
         <size>0x42</size>
         <input_file_ref idref="fl-27"/>
      </object_component>
      <object_component id="oc-2a5">
         <name>.text:SMBus_NWK_slaveProcessStop</name>
         <load_address>0xc436</load_address>
         <run_address>0xc436</run_address>
         <size>0x3e</size>
         <input_file_ref idref="fl-5"/>
      </object_component>
      <object_component id="oc-14a">
         <name>.text:HAL_I2C_Event</name>
         <load_address>0xc474</load_address>
         <run_address>0xc474</run_address>
         <size>0x3a</size>
         <input_file_ref idref="fl-2"/>
      </object_component>
      <object_component id="oc-1b6">
         <name>.text:HAL_Dimmer_Init</name>
         <load_address>0xc4ae</load_address>
         <run_address>0xc4ae</run_address>
         <size>0x36</size>
         <input_file_ref idref="fl-1"/>
      </object_component>
      <object_component id="oc-25a">
         <name>.text:SMBus_PHY_slaveInit</name>
         <load_address>0xc4e4</load_address>
         <run_address>0xc4e4</run_address>
         <size>0x28</size>
         <input_file_ref idref="fl-3"/>
      </object_component>
      <object_component id="oc-307">
         <name>.text:validate_packet</name>
         <load_address>0xc50c</load_address>
         <run_address>0xc50c</run_address>
         <size>0x26</size>
         <input_file_ref idref="fl-5"/>
      </object_component>
      <object_component id="oc-e7">
         <name>.text:HAL_I2C_ISR</name>
         <load_address>0xc532</load_address>
         <run_address>0xc532</run_address>
         <size>0x24</size>
         <input_file_ref idref="fl-1"/>
      </object_component>
      <object_component id="oc-ed">
         <name>.text:HAL_TIMEOUT_ISR</name>
         <load_address>0xc556</load_address>
         <run_address>0xc556</run_address>
         <size>0x24</size>
         <input_file_ref idref="fl-1"/>
      </object_component>
      <object_component id="oc-316">
         <name>.text:SMBus_PHY_masterEnableInt</name>
         <load_address>0xc57a</load_address>
         <run_address>0xc57a</run_address>
         <size>0x22</size>
         <input_file_ref idref="fl-3"/>
      </object_component>
      <object_component id="oc-1e6">
         <name>.text:SMBus_PHY_slaveEnableInt</name>
         <load_address>0xc59c</load_address>
         <run_address>0xc59c</run_address>
         <size>0x20</size>
         <input_file_ref idref="fl-3"/>
      </object_component>
      <object_component id="oc-1a6">
         <name>.text:SMBus_NWK_slaveProcessTimeout</name>
         <load_address>0xc5bc</load_address>
         <run_address>0xc5bc</run_address>
         <size>0x1e</size>
         <input_file_ref idref="fl-5"/>
      </object_component>
      <object_component id="oc-105">
         <name>.text:_c_int00_noargs</name>
         <load_address>0xc5da</load_address>
         <run_address>0xc5da</run_address>
         <size>0x1c</size>
         <input_file_ref idref="fl-26"/>
      </object_component>
      <object_component id="oc-18e">
         <name>.text:SMBus_slaveProcessInt</name>
         <load_address>0xc5f6</load_address>
         <run_address>0xc5f6</run_address>
         <size>0x16</size>
         <input_file_ref idref="fl-4"/>
      </object_component>
      <object_component id="oc-248">
         <name>.text:SMBus_PHY_disable</name>
         <load_address>0xc60c</load_address>
         <run_address>0xc60c</run_address>
         <size>0x14</size>
         <input_file_ref idref="fl-3"/>
      </object_component>
      <object_component id="oc-f3">
         <name>.text:decompress:ZI:__TI_zero_init_nomemset:__TI_zero_init_nomemset</name>
         <load_address>0xc620</load_address>
         <run_address>0xc620</run_address>
         <size>0x14</size>
         <input_file_ref idref="fl-28"/>
      </object_component>
      <object_component id="oc-261">
         <name>.text:SMBus_PHY_enable</name>
         <load_address>0xc634</load_address>
         <run_address>0xc634</run_address>
         <size>0x10</size>
         <input_file_ref idref="fl-3"/>
      </object_component>
      <object_component id="oc-1ce">
         <name>.text:SMBus_slaveSetAddress</name>
         <load_address>0xc644</load_address>
         <run_address>0xc644</run_address>
         <size>0x10</size>
         <input_file_ref idref="fl-4"/>
      </object_component>
      <object_component id="oc-bf">
         <name>.text</name>
         <load_address>0xc654</load_address>
         <run_address>0xc654</run_address>
         <size>0x10</size>
         <input_file_ref idref="fl-21"/>
      </object_component>
      <object_component id="oc-1bc">
         <name>.text:HAL_I2C_InitGPIO</name>
         <load_address>0xc664</load_address>
         <run_address>0xc664</run_address>
         <size>0xe</size>
         <input_file_ref idref="fl-1"/>
      </object_component>
      <object_component id="oc-151">
         <name>.text:HAL_Timeout_Event</name>
         <load_address>0xc672</load_address>
         <run_address>0xc672</run_address>
         <size>0xc</size>
         <input_file_ref idref="fl-2"/>
      </object_component>
      <object_component id="oc-194">
         <name>.text:HAL_Dimmer_SetDuty</name>
         <load_address>0xc67e</load_address>
         <run_address>0xc67e</run_address>
         <size>0xa</size>
         <input_file_ref idref="fl-1"/>
      </object_component>
      <object_component id="oc-1d7">
         <name>.text:SMBus_slaveSetRxBuffer</name>
         <load_address>0xc688</load_address>
         <run_address>0xc688</run_address>
         <size>0xa</size>
         <input_file_ref idref="fl-4"/>
      </object_component>
      <object_component id="oc-1e0">
         <name>.text:SMBus_slaveSetTxBuffer</name>
         <load_address>0xc692</load_address>
         <run_address>0xc692</run_address>
         <size>0xa</size>
         <input_file_ref idref="fl-4"/>
      </object_component>
      <object_component id="oc-160">
         <name>.text:_system_pre_init</name>
         <load_address>0xc69c</load_address>
         <run_address>0xc69c</run_address>
         <size>0xa</size>
         <input_file_ref idref="fl-1"/>
      </object_component>
      <object_component id="oc-e2">
         <name>.text:_isr:__TI_ISR_TRAP</name>
         <load_address>0xc6a6</load_address>
         <run_address>0xc6a6</run_address>
         <size>0x8</size>
         <input_file_ref idref="fl-25"/>
      </object_component>
      <object_component id="oc-1c2">
         <name>.text:HAL_I2C_GetBaseAddr</name>
         <load_address>0xc6ae</load_address>
         <run_address>0xc6ae</run_address>
         <size>0x6</size>
         <input_file_ref idref="fl-1"/>
      </object_component>
      <object_component id="oc-1ec">
         <name>.text:SMBus_enablePEC</name>
         <load_address>0xc6b4</load_address>
         <run_address>0xc6b4</run_address>
         <size>0x6</size>
         <input_file_ref idref="fl-4"/>
      </object_component>
      <object_component id="oc-19a">
         <name>.text:SMBus_processDone</name>
         <load_address>0xc6ba</load_address>
         <run_address>0xc6ba</run_address>
         <size>0x6</size>
         <input_file_ref idref="fl-4"/>
      </object_component>
      <object_component id="oc-1f3">
         <name>.text:abort</name>
         <load_address>0xc6c0</load_address>
         <run_address>0xc6c0</run_address>
         <size>0x6</size>
         <input_file_ref idref="fl-2e"/>
      </object_component>
      <object_component id="oc-dc">
         <name>.text:Dummy_ISR</name>
         <load_address>0xc6c6</load_address>
         <run_address>0xc6c6</run_address>
         <size>0x2</size>
         <input_file_ref idref="fl-1"/>
      </object_component>
      <object_component id="oc-284">
         <name>.text:_system_post_cinit</name>
         <load_address>0xc6c8</load_address>
         <run_address>0xc6c8</run_address>
         <size>0x2</size>
         <input_file_ref idref="fl-2b"/>
      </object_component>
      <object_component id="oc-371">
         <name>.cinit..bss.load</name>
         <load_address>0xc7ca</load_address>
         <run_address>0xc7ca</run_address>
         <size>0x4</size>
      </object_component>
      <object_component id="oc-36f">
         <name>__TI_handler_table</name>
         <load_address>0xc7ce</load_address>
         <run_address>0xc7ce</run_address>
         <size>0x2</size>
      </object_component>
      <object_component id="oc-370">
         <name>__TI_cinit_table</name>
         <load_address>0xc7d0</load_address>
         <run_address>0xc7d0</run_address>
         <size>0x4</size>
      </object_component>
      <object_component id="oc-30e">
         <name>.const:.string:lookup_table$1</name>
         <load_address>0xc6ca</load_address>
         <run_address>0xc6ca</run_address>
         <size>0x100</size>
         <input_file_ref idref="fl-5"/>
      </object_component>
      <object_component id="oc-331">
         <name>.binit</name>
         <load_address>0xc000</load_address>
         <run_address>0xc000</run_address>
         <size>0x0</size>
      </object_component>
      <object_component id="oc-40">
         <name>.int00</name>
         <load_address>0xffe0</load_address>
         <run_address>0xffe0</run_address>
         <size>0x2</size>
         <input_file_ref idref="fl-1"/>
      </object_component>
      <object_component id="oc-41">
         <name>.int02</name>
         <load_address>0xffe4</load_address>
         <run_address>0xffe4</run_address>
         <size>0x2</size>
         <input_file_ref idref="fl-1"/>
      </object_component>
      <object_component id="oc-42">
         <name>.int03</name>
         <load_address>0xffe6</load_address>
         <run_address>0xffe6</run_address>
         <size>0x2</size>
         <input_file_ref idref="fl-1"/>
      </object_component>
      <object_component id="oc-43">
         <name>.int05</name>
         <load_address>0xffea</load_address>
         <run_address>0xffea</run_address>
         <size>0x2</size>
         <input_file_ref idref="fl-22"/>
      </object_component>
      <object_component id="oc-44">
         <name>.int06</name>
         <load_address>0xffec</load_address>
         <run_address>0xffec</run_address>
         <size>0x2</size>
         <input_file_ref idref="fl-1"/>
      </object_component>
      <object_component id="oc-45">
         <name>.int07</name>
         <load_address>0xffee</load_address>
         <run_address>0xffee</run_address>
         <size>0x2</size>
         <input_file_ref idref="fl-1"/>
      </object_component>
      <object_component id="oc-46">
         <name>.int08</name>
         <load_address>0xfff0</load_address>
         <run_address>0xfff0</run_address>
         <size>0x2</size>
         <input_file_ref idref="fl-1"/>
      </object_component>
      <object_component id="oc-47">
         <name>.int09</name>
         <load_address>0xfff2</load_address>
         <run_address>0xfff2</run_address>
         <size>0x2</size>
         <input_file_ref idref="fl-1"/>
      </object_component>
      <object_component id="oc-48">
         <name>.int10</name>
         <load_address>0xfff4</load_address>
         <run_address>0xfff4</run_address>
         <size>0x2</size>
         <input_file_ref idref="fl-1"/>
      </object_component>
      <object_component id="oc-49">
         <name>.int11</name>
         <load_address>0xfff6</load_address>
         <run_address>0xfff6</run_address>
         <size>0x2</size>
         <input_file_ref idref="fl-1"/>
      </object_component>
      <object_component id="oc-4a">
         <name>.int12</name>
         <load_address>0xfff8</load_address>
         <run_address>0xfff8</run_address>
         <size>0x2</size>
         <input_file_ref idref="fl-23"/>
      </object_component>
      <object_component id="oc-4b">
         <name>.int13</name>
         <load_address>0xfffa</load_address>
         <run_address>0xfffa</run_address>
         <size>0x2</size>
         <input_file_ref idref="fl-24"/>
      </object_component>
      <object_component id="oc-4c">
         <name>.int14</name>
         <load_address>0xfffc</load_address>
         <run_address>0xfffc</run_address>
         <size>0x2</size>
         <input_file_ref idref="fl-1"/>
      </object_component>
      <object_component id="oc-b4">
         <name>.reset</name>
         <load_address>0xfffe</load_address>
         <run_address>0xfffe</run_address>
         <size>0x2</size>
         <input_file_ref idref="fl-26"/>
      </object_component>
      <object_component id="oc-315">
         <name>.debug_info</name>
         <load_address>0x0</load_address>
         <run_address>0x0</run_address>
         <size>0x44e</size>
         <input_file_ref idref="fl-1"/>
      </object_component>
      <object_component id="oc-161">
         <name>.debug_info</name>
         <load_address>0x44e</load_address>
         <run_address>0x44e</run_address>
         <size>0x142</size>
         <input_file_ref idref="fl-1"/>
      </object_component>
      <object_component id="oc-ee">
         <name>.debug_info</name>
         <load_address>0x590</load_address>
         <run_address>0x590</run_address>
         <size>0x155</size>
         <input_file_ref idref="fl-1"/>
      </object_component>
      <object_component id="oc-1b1">
         <name>.debug_info</name>
         <load_address>0x6e5</load_address>
         <run_address>0x6e5</run_address>
         <size>0x133</size>
         <input_file_ref idref="fl-1"/>
      </object_component>
      <object_component id="oc-1bd">
         <name>.debug_info</name>
         <load_address>0x818</load_address>
         <run_address>0x818</run_address>
         <size>0x13b</size>
         <input_file_ref idref="fl-1"/>
      </object_component>
      <object_component id="oc-e8">
         <name>.debug_info</name>
         <load_address>0x953</load_address>
         <run_address>0x953</run_address>
         <size>0x149</size>
         <input_file_ref idref="fl-1"/>
      </object_component>
      <object_component id="oc-1c3">
         <name>.debug_info</name>
         <load_address>0xa9c</load_address>
         <run_address>0xa9c</run_address>
         <size>0x145</size>
         <input_file_ref idref="fl-1"/>
      </object_component>
      <object_component id="oc-195">
         <name>.debug_info</name>
         <load_address>0xbe1</load_address>
         <run_address>0xbe1</run_address>
         <size>0x164</size>
         <input_file_ref idref="fl-1"/>
      </object_component>
      <object_component id="oc-1b7">
         <name>.debug_info</name>
         <load_address>0xd45</load_address>
         <run_address>0xd45</run_address>
         <size>0x13a</size>
         <input_file_ref idref="fl-1"/>
      </object_component>
      <object_component id="oc-dd">
         <name>.debug_info</name>
         <load_address>0xe7f</load_address>
         <run_address>0xe7f</run_address>
         <size>0x126</size>
         <input_file_ref idref="fl-1"/>
      </object_component>
      <object_component id="oc-2c0">
         <name>.debug_info</name>
         <load_address>0xfa5</load_address>
         <run_address>0xfa5</run_address>
         <size>0x26b</size>
         <input_file_ref idref="fl-1"/>
      </object_component>
      <object_component id="oc-1a1">
         <name>.debug_info</name>
         <load_address>0x1210</load_address>
         <run_address>0x1210</run_address>
         <size>0x8b</size>
         <input_file_ref idref="fl-1"/>
      </object_component>
      <object_component id="oc-2c5">
         <name>.debug_info</name>
         <load_address>0x129b</load_address>
         <run_address>0x129b</run_address>
         <size>0x275</size>
         <input_file_ref idref="fl-1"/>
      </object_component>
      <object_component id="oc-242">
         <name>.debug_info</name>
         <load_address>0x1510</load_address>
         <run_address>0x1510</run_address>
         <size>0xbb</size>
         <input_file_ref idref="fl-1"/>
      </object_component>
      <object_component id="oc-26a">
         <name>.debug_info</name>
         <load_address>0x15cb</load_address>
         <run_address>0x15cb</run_address>
         <size>0x53c</size>
         <input_file_ref idref="fl-2"/>
      </object_component>
      <object_component id="oc-18c">
         <name>.debug_info</name>
         <load_address>0x1b07</load_address>
         <run_address>0x1b07</run_address>
         <size>0xf7</size>
         <input_file_ref idref="fl-2"/>
      </object_component>
      <object_component id="oc-1d5">
         <name>.debug_info</name>
         <load_address>0x1bfe</load_address>
         <run_address>0x1bfe</run_address>
         <size>0xf3</size>
         <input_file_ref idref="fl-2"/>
      </object_component>
      <object_component id="oc-1de">
         <name>.debug_info</name>
         <load_address>0x1cf1</load_address>
         <run_address>0x1cf1</run_address>
         <size>0xf3</size>
         <input_file_ref idref="fl-2"/>
      </object_component>
      <object_component id="oc-167">
         <name>.debug_info</name>
         <load_address>0x1de4</load_address>
         <run_address>0x1de4</run_address>
         <size>0x205</size>
         <input_file_ref idref="fl-2"/>
      </object_component>
      <object_component id="oc-152">
         <name>.debug_info</name>
         <load_address>0x1fe9</load_address>
         <run_address>0x1fe9</run_address>
         <size>0x155</size>
         <input_file_ref idref="fl-2"/>
      </object_component>
      <object_component id="oc-14b">
         <name>.debug_info</name>
         <load_address>0x213e</load_address>
         <run_address>0x213e</run_address>
         <size>0x177</size>
         <input_file_ref idref="fl-2"/>
      </object_component>
      <object_component id="oc-234">
         <name>.debug_info</name>
         <load_address>0x22b5</load_address>
         <run_address>0x22b5</run_address>
         <size>0x5a3</size>
         <input_file_ref idref="fl-2"/>
      </object_component>
      <object_component id="oc-270">
         <name>.debug_info</name>
         <load_address>0x2858</load_address>
         <run_address>0x2858</run_address>
         <size>0x6f0</size>
         <input_file_ref idref="fl-3"/>
      </object_component>
      <object_component id="oc-23a">
         <name>.debug_info</name>
         <load_address>0x2f48</load_address>
         <run_address>0x2f48</run_address>
         <size>0x264</size>
         <input_file_ref idref="fl-3"/>
      </object_component>
      <object_component id="oc-249">
         <name>.debug_info</name>
         <load_address>0x31ac</load_address>
         <run_address>0x31ac</run_address>
         <size>0x1a2</size>
         <input_file_ref idref="fl-3"/>
      </object_component>
      <object_component id="oc-24f">
         <name>.debug_info</name>
         <load_address>0x334e</load_address>
         <run_address>0x334e</run_address>
         <size>0x1c5</size>
         <input_file_ref idref="fl-3"/>
      </object_component>
      <object_component id="oc-25b">
         <name>.debug_info</name>
         <load_address>0x3513</load_address>
         <run_address>0x3513</run_address>
         <size>0x1d2</size>
         <input_file_ref idref="fl-3"/>
      </object_component>
      <object_component id="oc-1e7">
         <name>.debug_info</name>
         <load_address>0x36e5</load_address>
         <run_address>0x36e5</run_address>
         <size>0x1b0</size>
         <input_file_ref idref="fl-3"/>
      </object_component>
      <object_component id="oc-2d0">
         <name>.debug_info</name>
         <load_address>0x3895</load_address>
         <run_address>0x3895</run_address>
         <size>0x1c8</size>
         <input_file_ref idref="fl-3"/>
      </object_component>
      <object_component id="oc-317">
         <name>.debug_info</name>
         <load_address>0x3a5d</load_address>
         <run_address>0x3a5d</run_address>
         <size>0x1b2</size>
         <input_file_ref idref="fl-3"/>
      </object_component>
      <object_component id="oc-262">
         <name>.debug_info</name>
         <load_address>0x3c0f</load_address>
         <run_address>0x3c0f</run_address>
         <size>0x1d5</size>
         <input_file_ref idref="fl-3"/>
      </object_component>
      <object_component id="oc-ca">
         <name>.debug_info</name>
         <load_address>0x3de4</load_address>
         <run_address>0x3de4</run_address>
         <size>0x84</size>
         <input_file_ref idref="fl-3"/>
      </object_component>
      <object_component id="oc-240">
         <name>.debug_info</name>
         <load_address>0x3e68</load_address>
         <run_address>0x3e68</run_address>
         <size>0x53c</size>
         <input_file_ref idref="fl-4"/>
      </object_component>
      <object_component id="oc-1e1">
         <name>.debug_info</name>
         <load_address>0x43a4</load_address>
         <run_address>0x43a4</run_address>
         <size>0x1c0</size>
         <input_file_ref idref="fl-4"/>
      </object_component>
      <object_component id="oc-1d8">
         <name>.debug_info</name>
         <load_address>0x4564</load_address>
         <run_address>0x4564</run_address>
         <size>0x1c0</size>
         <input_file_ref idref="fl-4"/>
      </object_component>
      <object_component id="oc-1cf">
         <name>.debug_info</name>
         <load_address>0x4724</load_address>
         <run_address>0x4724</run_address>
         <size>0x1c8</size>
         <input_file_ref idref="fl-4"/>
      </object_component>
      <object_component id="oc-18f">
         <name>.debug_info</name>
         <load_address>0x48ec</load_address>
         <run_address>0x48ec</run_address>
         <size>0x1b9</size>
         <input_file_ref idref="fl-4"/>
      </object_component>
      <object_component id="oc-1c9">
         <name>.debug_info</name>
         <load_address>0x4aa5</load_address>
         <run_address>0x4aa5</run_address>
         <size>0x19a</size>
         <input_file_ref idref="fl-4"/>
      </object_component>
      <object_component id="oc-19b">
         <name>.debug_info</name>
         <load_address>0x4c3f</load_address>
         <run_address>0x4c3f</run_address>
         <size>0x172</size>
         <input_file_ref idref="fl-4"/>
      </object_component>
      <object_component id="oc-1ed">
         <name>.debug_info</name>
         <load_address>0x4db1</load_address>
         <run_address>0x4db1</run_address>
         <size>0x16e</size>
         <input_file_ref idref="fl-4"/>
      </object_component>
      <object_component id="oc-255">
         <name>.debug_info</name>
         <load_address>0x4f1f</load_address>
         <run_address>0x4f1f</run_address>
         <size>0x38c</size>
         <input_file_ref idref="fl-5"/>
      </object_component>
      <object_component id="oc-30f">
         <name>.debug_info</name>
         <load_address>0x52ab</load_address>
         <run_address>0x52ab</run_address>
         <size>0x1b4</size>
         <input_file_ref idref="fl-5"/>
      </object_component>
      <object_component id="oc-2ac">
         <name>.debug_info</name>
         <load_address>0x545f</load_address>
         <run_address>0x545f</run_address>
         <size>0x1b5</size>
         <input_file_ref idref="fl-5"/>
      </object_component>
      <object_component id="oc-1a7">
         <name>.debug_info</name>
         <load_address>0x5614</load_address>
         <run_address>0x5614</run_address>
         <size>0x1d1</size>
         <input_file_ref idref="fl-5"/>
      </object_component>
      <object_component id="oc-308">
         <name>.debug_info</name>
         <load_address>0x57e5</load_address>
         <run_address>0x57e5</run_address>
         <size>0x1b9</size>
         <input_file_ref idref="fl-5"/>
      </object_component>
      <object_component id="oc-2a6">
         <name>.debug_info</name>
         <load_address>0x599e</load_address>
         <run_address>0x599e</run_address>
         <size>0x1c8</size>
         <input_file_ref idref="fl-5"/>
      </object_component>
      <object_component id="oc-2b2">
         <name>.debug_info</name>
         <load_address>0x5b66</load_address>
         <run_address>0x5b66</run_address>
         <size>0x1f2</size>
         <input_file_ref idref="fl-5"/>
      </object_component>
      <object_component id="oc-2b8">
         <name>.debug_info</name>
         <load_address>0x5d58</load_address>
         <run_address>0x5d58</run_address>
         <size>0x1d0</size>
         <input_file_ref idref="fl-5"/>
      </object_component>
      <object_component id="oc-c0">
         <name>.debug_info</name>
         <load_address>0x5f28</load_address>
         <run_address>0x5f28</run_address>
         <size>0x12f</size>
         <input_file_ref idref="fl-21"/>
      </object_component>
      <object_component id="oc-e3">
         <name>.debug_info</name>
         <load_address>0x6057</load_address>
         <run_address>0x6057</run_address>
         <size>0x110</size>
         <input_file_ref idref="fl-25"/>
      </object_component>
      <object_component id="oc-b2">
         <name>.debug_info</name>
         <load_address>0x6167</load_address>
         <run_address>0x6167</run_address>
         <size>0x101</size>
         <input_file_ref idref="fl-26"/>
      </object_component>
      <object_component id="oc-106">
         <name>.debug_info</name>
         <load_address>0x6268</load_address>
         <run_address>0x6268</run_address>
         <size>0x17b</size>
         <input_file_ref idref="fl-26"/>
      </object_component>
      <object_component id="oc-28b">
         <name>.debug_info</name>
         <load_address>0x63e3</load_address>
         <run_address>0x63e3</run_address>
         <size>0x3df</size>
         <input_file_ref idref="fl-27"/>
      </object_component>
      <object_component id="oc-200">
         <name>.debug_info</name>
         <load_address>0x67c2</load_address>
         <run_address>0x67c2</run_address>
         <size>0x1e1</size>
         <input_file_ref idref="fl-27"/>
      </object_component>
      <object_component id="oc-2f1">
         <name>.debug_info</name>
         <load_address>0x69a3</load_address>
         <run_address>0x69a3</run_address>
         <size>0x39</size>
         <input_file_ref idref="fl-27"/>
      </object_component>
      <object_component id="oc-302">
         <name>.debug_info</name>
         <load_address>0x69dc</load_address>
         <run_address>0x69dc</run_address>
         <size>0x2c</size>
         <input_file_ref idref="fl-27"/>
      </object_component>
      <object_component id="oc-296">
         <name>.debug_info</name>
         <load_address>0x6a08</load_address>
         <run_address>0x6a08</run_address>
         <size>0x2c</size>
         <input_file_ref idref="fl-27"/>
      </object_component>
      <object_component id="oc-2f6">
         <name>.debug_info</name>
         <load_address>0x6a34</load_address>
         <run_address>0x6a34</run_address>
         <size>0xcd</size>
         <input_file_ref idref="fl-27"/>
      </object_component>
      <object_component id="oc-15e">
         <name>.debug_info</name>
         <load_address>0x6b01</load_address>
         <run_address>0x6b01</run_address>
         <size>0x176</size>
         <input_file_ref idref="fl-28"/>
      </object_component>
      <object_component id="oc-f4">
         <name>.debug_info</name>
         <load_address>0x6c77</load_address>
         <run_address>0x6c77</run_address>
         <size>0x1d3</size>
         <input_file_ref idref="fl-28"/>
      </object_component>
      <object_component id="oc-159">
         <name>.debug_info</name>
         <load_address>0x6e4a</load_address>
         <run_address>0x6e4a</run_address>
         <size>0x46</size>
         <input_file_ref idref="fl-28"/>
      </object_component>
      <object_component id="oc-13c">
         <name>.debug_info</name>
         <load_address>0x6e90</load_address>
         <run_address>0x6e90</run_address>
         <size>0x2c</size>
         <input_file_ref idref="fl-28"/>
      </object_component>
      <object_component id="oc-285">
         <name>.debug_info</name>
         <load_address>0x6ebc</load_address>
         <run_address>0x6ebc</run_address>
         <size>0x151</size>
         <input_file_ref idref="fl-2b"/>
      </object_component>
      <object_component id="oc-1f4">
         <name>.debug_info</name>
         <load_address>0x700d</load_address>
         <run_address>0x700d</run_address>
         <size>0x123</size>
         <input_file_ref idref="fl-2e"/>
      </object_component>
      <object_component id="oc-373">
         <name>.debug_info</name>
         <load_address>0x7130</load_address>
         <run_address>0x7130</run_address>
         <size>0xc1</size>
      </object_component>
      <object_component id="oc-32e">
         <name>.debug_line</name>
         <load_address>0x0</load_address>
         <run_address>0x0</run_address>
         <size>0x77</size>
         <input_file_ref idref="fl-1"/>
      </object_component>
      <object_component id="oc-164">
         <name>.debug_line</name>
         <load_address>0x77</load_address>
         <run_address>0x77</run_address>
         <size>0x46</size>
         <input_file_ref idref="fl-1"/>
      </object_component>
      <object_component id="oc-f1">
         <name>.debug_line</name>
         <load_address>0xbd</load_address>
         <run_address>0xbd</run_address>
         <size>0x48</size>
         <input_file_ref idref="fl-1"/>
      </object_component>
      <object_component id="oc-1b4">
         <name>.debug_line</name>
         <load_address>0x105</load_address>
         <run_address>0x105</run_address>
         <size>0x59</size>
         <input_file_ref idref="fl-1"/>
      </object_component>
      <object_component id="oc-1c0">
         <name>.debug_line</name>
         <load_address>0x15e</load_address>
         <run_address>0x15e</run_address>
         <size>0x46</size>
         <input_file_ref idref="fl-1"/>
      </object_component>
      <object_component id="oc-eb">
         <name>.debug_line</name>
         <load_address>0x1a4</load_address>
         <run_address>0x1a4</run_address>
         <size>0x48</size>
         <input_file_ref idref="fl-1"/>
      </object_component>
      <object_component id="oc-1c6">
         <name>.debug_line</name>
         <load_address>0x1ec</load_address>
         <run_address>0x1ec</run_address>
         <size>0x45</size>
         <input_file_ref idref="fl-1"/>
      </object_component>
      <object_component id="oc-198">
         <name>.debug_line</name>
         <load_address>0x231</load_address>
         <run_address>0x231</run_address>
         <size>0x45</size>
         <input_file_ref idref="fl-1"/>
      </object_component>
      <object_component id="oc-1ba">
         <name>.debug_line</name>
         <load_address>0x276</load_address>
         <run_address>0x276</run_address>
         <size>0x4d</size>
         <input_file_ref idref="fl-1"/>
      </object_component>
      <object_component id="oc-e0">
         <name>.debug_line</name>
         <load_address>0x2c3</load_address>
         <run_address>0x2c3</run_address>
         <size>0x45</size>
         <input_file_ref idref="fl-1"/>
      </object_component>
      <object_component id="oc-2c3">
         <name>.debug_line</name>
         <load_address>0x308</load_address>
         <run_address>0x308</run_address>
         <size>0x7d</size>
         <input_file_ref idref="fl-1"/>
      </object_component>
      <object_component id="oc-1a4">
         <name>.debug_line</name>
         <load_address>0x385</load_address>
         <run_address>0x385</run_address>
         <size>0x20</size>
         <input_file_ref idref="fl-1"/>
      </object_component>
      <object_component id="oc-2c8">
         <name>.debug_line</name>
         <load_address>0x3a5</load_address>
         <run_address>0x3a5</run_address>
         <size>0x81</size>
         <input_file_ref idref="fl-1"/>
      </object_component>
      <object_component id="oc-245">
         <name>.debug_line</name>
         <load_address>0x426</load_address>
         <run_address>0x426</run_address>
         <size>0x7e</size>
         <input_file_ref idref="fl-1"/>
      </object_component>
      <object_component id="oc-2d7">
         <name>.debug_line</name>
         <load_address>0x4a4</load_address>
         <run_address>0x4a4</run_address>
         <size>0x8a</size>
         <input_file_ref idref="fl-2"/>
      </object_component>
      <object_component id="oc-233">
         <name>.debug_line</name>
         <load_address>0x52e</load_address>
         <run_address>0x52e</run_address>
         <size>0x2d</size>
         <input_file_ref idref="fl-2"/>
      </object_component>
      <object_component id="oc-269">
         <name>.debug_line</name>
         <load_address>0x55b</load_address>
         <run_address>0x55b</run_address>
         <size>0x2d</size>
         <input_file_ref idref="fl-2"/>
      </object_component>
      <object_component id="oc-26d">
         <name>.debug_line</name>
         <load_address>0x588</load_address>
         <run_address>0x588</run_address>
         <size>0x2d</size>
         <input_file_ref idref="fl-2"/>
      </object_component>
      <object_component id="oc-16a">
         <name>.debug_line</name>
         <load_address>0x5b5</load_address>
         <run_address>0x5b5</run_address>
         <size>0x54</size>
         <input_file_ref idref="fl-2"/>
      </object_component>
      <object_component id="oc-155">
         <name>.debug_line</name>
         <load_address>0x609</load_address>
         <run_address>0x609</run_address>
         <size>0x41</size>
         <input_file_ref idref="fl-2"/>
      </object_component>
      <object_component id="oc-14e">
         <name>.debug_line</name>
         <load_address>0x64a</load_address>
         <run_address>0x64a</run_address>
         <size>0x4d</size>
         <input_file_ref idref="fl-2"/>
      </object_component>
      <object_component id="oc-237">
         <name>.debug_line</name>
         <load_address>0x697</load_address>
         <run_address>0x697</run_address>
         <size>0x78</size>
         <input_file_ref idref="fl-2"/>
      </object_component>
      <object_component id="oc-2d9">
         <name>.debug_line</name>
         <load_address>0x70f</load_address>
         <run_address>0x70f</run_address>
         <size>0x119</size>
         <input_file_ref idref="fl-3"/>
      </object_component>
      <object_component id="oc-23d">
         <name>.debug_line</name>
         <load_address>0x828</load_address>
         <run_address>0x828</run_address>
         <size>0xbe</size>
         <input_file_ref idref="fl-3"/>
      </object_component>
      <object_component id="oc-24c">
         <name>.debug_line</name>
         <load_address>0x8e6</load_address>
         <run_address>0x8e6</run_address>
         <size>0x5c</size>
         <input_file_ref idref="fl-3"/>
      </object_component>
      <object_component id="oc-252">
         <name>.debug_line</name>
         <load_address>0x942</load_address>
         <run_address>0x942</run_address>
         <size>0x6c</size>
         <input_file_ref idref="fl-3"/>
      </object_component>
      <object_component id="oc-25e">
         <name>.debug_line</name>
         <load_address>0x9ae</load_address>
         <run_address>0x9ae</run_address>
         <size>0x61</size>
         <input_file_ref idref="fl-3"/>
      </object_component>
      <object_component id="oc-1ea">
         <name>.debug_line</name>
         <load_address>0xa0f</load_address>
         <run_address>0xa0f</run_address>
         <size>0x5f</size>
         <input_file_ref idref="fl-3"/>
      </object_component>
      <object_component id="oc-2d3">
         <name>.debug_line</name>
         <load_address>0xa6e</load_address>
         <run_address>0xa6e</run_address>
         <size>0x6e</size>
         <input_file_ref idref="fl-3"/>
      </object_component>
      <object_component id="oc-31a">
         <name>.debug_line</name>
         <load_address>0xadc</load_address>
         <run_address>0xadc</run_address>
         <size>0x5f</size>
         <input_file_ref idref="fl-3"/>
      </object_component>
      <object_component id="oc-265">
         <name>.debug_line</name>
         <load_address>0xb3b</load_address>
         <run_address>0xb3b</run_address>
         <size>0x5b</size>
         <input_file_ref idref="fl-3"/>
      </object_component>
      <object_component id="oc-cd">
         <name>.debug_line</name>
         <load_address>0xb96</load_address>
         <run_address>0xb96</run_address>
         <size>0x20</size>
         <input_file_ref idref="fl-3"/>
      </object_component>
      <object_component id="oc-2bf">
         <name>.debug_line</name>
         <load_address>0xbb6</load_address>
         <run_address>0xbb6</run_address>
         <size>0xa3</size>
         <input_file_ref idref="fl-4"/>
      </object_component>
      <object_component id="oc-1e4">
         <name>.debug_line</name>
         <load_address>0xc59</load_address>
         <run_address>0xc59</run_address>
         <size>0x4b</size>
         <input_file_ref idref="fl-4"/>
      </object_component>
      <object_component id="oc-1db">
         <name>.debug_line</name>
         <load_address>0xca4</load_address>
         <run_address>0xca4</run_address>
         <size>0x4b</size>
         <input_file_ref idref="fl-4"/>
      </object_component>
      <object_component id="oc-1d2">
         <name>.debug_line</name>
         <load_address>0xcef</load_address>
         <run_address>0xcef</run_address>
         <size>0x4e</size>
         <input_file_ref idref="fl-4"/>
      </object_component>
      <object_component id="oc-192">
         <name>.debug_line</name>
         <load_address>0xd3d</load_address>
         <run_address>0xd3d</run_address>
         <size>0x4d</size>
         <input_file_ref idref="fl-4"/>
      </object_component>
      <object_component id="oc-1cc">
         <name>.debug_line</name>
         <load_address>0xd8a</load_address>
         <run_address>0xd8a</run_address>
         <size>0x5b</size>
         <input_file_ref idref="fl-4"/>
      </object_component>
      <object_component id="oc-19e">
         <name>.debug_line</name>
         <load_address>0xde5</load_address>
         <run_address>0xde5</run_address>
         <size>0x47</size>
         <input_file_ref idref="fl-4"/>
      </object_component>
      <object_component id="oc-1f0">
         <name>.debug_line</name>
         <load_address>0xe2c</load_address>
         <run_address>0xe2c</run_address>
         <size>0x47</size>
         <input_file_ref idref="fl-4"/>
      </object_component>
      <object_component id="oc-2cd">
         <name>.debug_line</name>
         <load_address>0xe73</load_address>
         <run_address>0xe73</run_address>
         <size>0x88</size>
         <input_file_ref idref="fl-5"/>
      </object_component>
      <object_component id="oc-32c">
         <name>.debug_line</name>
         <load_address>0xefb</load_address>
         <run_address>0xefb</run_address>
         <size>0x4b</size>
         <input_file_ref idref="fl-5"/>
      </object_component>
      <object_component id="oc-2af">
         <name>.debug_line</name>
         <load_address>0xf46</load_address>
         <run_address>0xf46</run_address>
         <size>0x8e</size>
         <input_file_ref idref="fl-5"/>
      </object_component>
      <object_component id="oc-1aa">
         <name>.debug_line</name>
         <load_address>0xfd4</load_address>
         <run_address>0xfd4</run_address>
         <size>0x52</size>
         <input_file_ref idref="fl-5"/>
      </object_component>
      <object_component id="oc-30b">
         <name>.debug_line</name>
         <load_address>0x1026</load_address>
         <run_address>0x1026</run_address>
         <size>0x59</size>
         <input_file_ref idref="fl-5"/>
      </object_component>
      <object_component id="oc-2a9">
         <name>.debug_line</name>
         <load_address>0x107f</load_address>
         <run_address>0x107f</run_address>
         <size>0x71</size>
         <input_file_ref idref="fl-5"/>
      </object_component>
      <object_component id="oc-2b5">
         <name>.debug_line</name>
         <load_address>0x10f0</load_address>
         <run_address>0x10f0</run_address>
         <size>0x97</size>
         <input_file_ref idref="fl-5"/>
      </object_component>
      <object_component id="oc-2bb">
         <name>.debug_line</name>
         <load_address>0x1187</load_address>
         <run_address>0x1187</run_address>
         <size>0x82</size>
         <input_file_ref idref="fl-5"/>
      </object_component>
      <object_component id="oc-c3">
         <name>.debug_line</name>
         <load_address>0x1209</load_address>
         <run_address>0x1209</run_address>
         <size>0x40</size>
         <input_file_ref idref="fl-21"/>
      </object_component>
      <object_component id="oc-e6">
         <name>.debug_line</name>
         <load_address>0x1249</load_address>
         <run_address>0x1249</run_address>
         <size>0x3d</size>
         <input_file_ref idref="fl-25"/>
      </object_component>
      <object_component id="oc-130">
         <name>.debug_line</name>
         <load_address>0x1286</load_address>
         <run_address>0x1286</run_address>
         <size>0x2a</size>
         <input_file_ref idref="fl-26"/>
      </object_component>
      <object_component id="oc-109">
         <name>.debug_line</name>
         <load_address>0x12b0</load_address>
         <run_address>0x12b0</run_address>
         <size>0x46</size>
         <input_file_ref idref="fl-26"/>
      </object_component>
      <object_component id="oc-2f0">
         <name>.debug_line</name>
         <load_address>0x12f6</load_address>
         <run_address>0x12f6</run_address>
         <size>0xbf</size>
         <input_file_ref idref="fl-27"/>
      </object_component>
      <object_component id="oc-203">
         <name>.debug_line</name>
         <load_address>0x13b5</load_address>
         <run_address>0x13b5</run_address>
         <size>0x75</size>
         <input_file_ref idref="fl-27"/>
      </object_component>
      <object_component id="oc-2f4">
         <name>.debug_line</name>
         <load_address>0x142a</load_address>
         <run_address>0x142a</run_address>
         <size>0x2e</size>
         <input_file_ref idref="fl-27"/>
      </object_component>
      <object_component id="oc-305">
         <name>.debug_line</name>
         <load_address>0x1458</load_address>
         <run_address>0x1458</run_address>
         <size>0x9a</size>
         <input_file_ref idref="fl-27"/>
      </object_component>
      <object_component id="oc-299">
         <name>.debug_line</name>
         <load_address>0x14f2</load_address>
         <run_address>0x14f2</run_address>
         <size>0x97</size>
         <input_file_ref idref="fl-27"/>
      </object_component>
      <object_component id="oc-2f9">
         <name>.debug_line</name>
         <load_address>0x1589</load_address>
         <run_address>0x1589</run_address>
         <size>0x93</size>
         <input_file_ref idref="fl-27"/>
      </object_component>
      <object_component id="oc-1ae">
         <name>.debug_line</name>
         <load_address>0x161c</load_address>
         <run_address>0x161c</run_address>
         <size>0x20</size>
         <input_file_ref idref="fl-28"/>
      </object_component>
      <object_component id="oc-f7">
         <name>.debug_line</name>
         <load_address>0x163c</load_address>
         <run_address>0x163c</run_address>
         <size>0x4d</size>
         <input_file_ref idref="fl-28"/>
      </object_component>
      <object_component id="oc-15c">
         <name>.debug_line</name>
         <load_address>0x1689</load_address>
         <run_address>0x1689</run_address>
         <size>0x34</size>
         <input_file_ref idref="fl-28"/>
      </object_component>
      <object_component id="oc-13f">
         <name>.debug_line</name>
         <load_address>0x16bd</load_address>
         <run_address>0x16bd</run_address>
         <size>0x92</size>
         <input_file_ref idref="fl-28"/>
      </object_component>
      <object_component id="oc-288">
         <name>.debug_line</name>
         <load_address>0x174f</load_address>
         <run_address>0x174f</run_address>
         <size>0x3a</size>
         <input_file_ref idref="fl-2b"/>
      </object_component>
      <object_component id="oc-1f7">
         <name>.debug_line</name>
         <load_address>0x1789</load_address>
         <run_address>0x1789</run_address>
         <size>0x3d</size>
         <input_file_ref idref="fl-2e"/>
      </object_component>
      <object_component id="oc-165">
         <name>.debug_frame</name>
         <load_address>0x0</load_address>
         <run_address>0x0</run_address>
         <size>0x3c</size>
         <input_file_ref idref="fl-1"/>
      </object_component>
      <object_component id="oc-f2">
         <name>.debug_frame</name>
         <load_address>0x3c</load_address>
         <run_address>0x3c</run_address>
         <size>0x64</size>
         <input_file_ref idref="fl-1"/>
      </object_component>
      <object_component id="oc-1b5">
         <name>.debug_frame</name>
         <load_address>0xa0</load_address>
         <run_address>0xa0</run_address>
         <size>0x40</size>
         <input_file_ref idref="fl-1"/>
      </object_component>
      <object_component id="oc-1c1">
         <name>.debug_frame</name>
         <load_address>0xe0</load_address>
         <run_address>0xe0</run_address>
         <size>0x3c</size>
         <input_file_ref idref="fl-1"/>
      </object_component>
      <object_component id="oc-ec">
         <name>.debug_frame</name>
         <load_address>0x11c</load_address>
         <run_address>0x11c</run_address>
         <size>0x64</size>
         <input_file_ref idref="fl-1"/>
      </object_component>
      <object_component id="oc-1c7">
         <name>.debug_frame</name>
         <load_address>0x180</load_address>
         <run_address>0x180</run_address>
         <size>0x3c</size>
         <input_file_ref idref="fl-1"/>
      </object_component>
      <object_component id="oc-199">
         <name>.debug_frame</name>
         <load_address>0x1bc</load_address>
         <run_address>0x1bc</run_address>
         <size>0x3c</size>
         <input_file_ref idref="fl-1"/>
      </object_component>
      <object_component id="oc-1bb">
         <name>.debug_frame</name>
         <load_address>0x1f8</load_address>
         <run_address>0x1f8</run_address>
         <size>0x3c</size>
         <input_file_ref idref="fl-1"/>
      </object_component>
      <object_component id="oc-e1">
         <name>.debug_frame</name>
         <load_address>0x234</load_address>
         <run_address>0x234</run_address>
         <size>0x3c</size>
         <input_file_ref idref="fl-1"/>
      </object_component>
      <object_component id="oc-16b">
         <name>.debug_frame</name>
         <load_address>0x270</load_address>
         <run_address>0x270</run_address>
         <size>0x3c</size>
         <input_file_ref idref="fl-2"/>
      </object_component>
      <object_component id="oc-156">
         <name>.debug_frame</name>
         <load_address>0x2ac</load_address>
         <run_address>0x2ac</run_address>
         <size>0x3c</size>
         <input_file_ref idref="fl-2"/>
      </object_component>
      <object_component id="oc-14f">
         <name>.debug_frame</name>
         <load_address>0x2e8</load_address>
         <run_address>0x2e8</run_address>
         <size>0x3c</size>
         <input_file_ref idref="fl-2"/>
      </object_component>
      <object_component id="oc-23e">
         <name>.debug_frame</name>
         <load_address>0x324</load_address>
         <run_address>0x324</run_address>
         <size>0x40</size>
         <input_file_ref idref="fl-3"/>
      </object_component>
      <object_component id="oc-24d">
         <name>.debug_frame</name>
         <load_address>0x364</load_address>
         <run_address>0x364</run_address>
         <size>0x3c</size>
         <input_file_ref idref="fl-3"/>
      </object_component>
      <object_component id="oc-253">
         <name>.debug_frame</name>
         <load_address>0x3a0</load_address>
         <run_address>0x3a0</run_address>
         <size>0x44</size>
         <input_file_ref idref="fl-3"/>
      </object_component>
      <object_component id="oc-25f">
         <name>.debug_frame</name>
         <load_address>0x3e4</load_address>
         <run_address>0x3e4</run_address>
         <size>0x3c</size>
         <input_file_ref idref="fl-3"/>
      </object_component>
      <object_component id="oc-1eb">
         <name>.debug_frame</name>
         <load_address>0x420</load_address>
         <run_address>0x420</run_address>
         <size>0x3c</size>
         <input_file_ref idref="fl-3"/>
      </object_component>
      <object_component id="oc-2d4">
         <name>.debug_frame</name>
         <load_address>0x45c</load_address>
         <run_address>0x45c</run_address>
         <size>0x44</size>
         <input_file_ref idref="fl-3"/>
      </object_component>
      <object_component id="oc-31b">
         <name>.debug_frame</name>
         <load_address>0x4a0</load_address>
         <run_address>0x4a0</run_address>
         <size>0x3c</size>
         <input_file_ref idref="fl-3"/>
      </object_component>
      <object_component id="oc-266">
         <name>.debug_frame</name>
         <load_address>0x4dc</load_address>
         <run_address>0x4dc</run_address>
         <size>0x3c</size>
         <input_file_ref idref="fl-3"/>
      </object_component>
      <object_component id="oc-1e5">
         <name>.debug_frame</name>
         <load_address>0x518</load_address>
         <run_address>0x518</run_address>
         <size>0x3c</size>
         <input_file_ref idref="fl-4"/>
      </object_component>
      <object_component id="oc-1dc">
         <name>.debug_frame</name>
         <load_address>0x554</load_address>
         <run_address>0x554</run_address>
         <size>0x3c</size>
         <input_file_ref idref="fl-4"/>
      </object_component>
      <object_component id="oc-1d3">
         <name>.debug_frame</name>
         <load_address>0x590</load_address>
         <run_address>0x590</run_address>
         <size>0x3c</size>
         <input_file_ref idref="fl-4"/>
      </object_component>
      <object_component id="oc-193">
         <name>.debug_frame</name>
         <load_address>0x5cc</load_address>
         <run_address>0x5cc</run_address>
         <size>0x44</size>
         <input_file_ref idref="fl-4"/>
      </object_component>
      <object_component id="oc-1cd">
         <name>.debug_frame</name>
         <load_address>0x610</load_address>
         <run_address>0x610</run_address>
         <size>0x3c</size>
         <input_file_ref idref="fl-4"/>
      </object_component>
      <object_component id="oc-19f">
         <name>.debug_frame</name>
         <load_address>0x64c</load_address>
         <run_address>0x64c</run_address>
         <size>0x3c</size>
         <input_file_ref idref="fl-4"/>
      </object_component>
      <object_component id="oc-1f1">
         <name>.debug_frame</name>
         <load_address>0x688</load_address>
         <run_address>0x688</run_address>
         <size>0x3c</size>
         <input_file_ref idref="fl-4"/>
      </object_component>
      <object_component id="oc-2b0">
         <name>.debug_frame</name>
         <load_address>0x6c4</load_address>
         <run_address>0x6c4</run_address>
         <size>0x44</size>
         <input_file_ref idref="fl-5"/>
      </object_component>
      <object_component id="oc-1ab">
         <name>.debug_frame</name>
         <load_address>0x708</load_address>
         <run_address>0x708</run_address>
         <size>0x44</size>
         <input_file_ref idref="fl-5"/>
      </object_component>
      <object_component id="oc-30c">
         <name>.debug_frame</name>
         <load_address>0x74c</load_address>
         <run_address>0x74c</run_address>
         <size>0x40</size>
         <input_file_ref idref="fl-5"/>
      </object_component>
      <object_component id="oc-2aa">
         <name>.debug_frame</name>
         <load_address>0x78c</load_address>
         <run_address>0x78c</run_address>
         <size>0x3c</size>
         <input_file_ref idref="fl-5"/>
      </object_component>
      <object_component id="oc-2b6">
         <name>.debug_frame</name>
         <load_address>0x7c8</load_address>
         <run_address>0x7c8</run_address>
         <size>0x40</size>
         <input_file_ref idref="fl-5"/>
      </object_component>
      <object_component id="oc-2bc">
         <name>.debug_frame</name>
         <load_address>0x808</load_address>
         <run_address>0x808</run_address>
         <size>0x40</size>
         <input_file_ref idref="fl-5"/>
      </object_component>
      <object_component id="oc-10a">
         <name>.debug_frame</name>
         <load_address>0x848</load_address>
         <run_address>0x848</run_address>
         <size>0x34</size>
         <input_file_ref idref="fl-26"/>
      </object_component>
      <object_component id="oc-204">
         <name>.debug_frame</name>
         <load_address>0x87c</load_address>
         <run_address>0x87c</run_address>
         <size>0x44</size>
         <input_file_ref idref="fl-27"/>
      </object_component>
      <object_component id="oc-f8">
         <name>.debug_frame</name>
         <load_address>0x8c0</load_address>
         <run_address>0x8c0</run_address>
         <size>0x3c</size>
         <input_file_ref idref="fl-28"/>
      </object_component>
      <object_component id="oc-289">
         <name>.debug_frame</name>
         <load_address>0x8fc</load_address>
         <run_address>0x8fc</run_address>
         <size>0x3c</size>
         <input_file_ref idref="fl-2b"/>
      </object_component>
      <object_component id="oc-1f8">
         <name>.debug_frame</name>
         <load_address>0x938</load_address>
         <run_address>0x938</run_address>
         <size>0x3c</size>
         <input_file_ref idref="fl-2e"/>
      </object_component>
      <object_component id="oc-32d">
         <name>.debug_abbrev</name>
         <load_address>0x0</load_address>
         <run_address>0x0</run_address>
         <size>0x9c</size>
         <input_file_ref idref="fl-1"/>
      </object_component>
      <object_component id="oc-1af">
         <name>.debug_abbrev</name>
         <load_address>0x9c</load_address>
         <run_address>0x9c</run_address>
         <size>0x52</size>
         <input_file_ref idref="fl-1"/>
      </object_component>
      <object_component id="oc-157">
         <name>.debug_abbrev</name>
         <load_address>0xee</load_address>
         <run_address>0xee</run_address>
         <size>0x61</size>
         <input_file_ref idref="fl-1"/>
      </object_component>
      <object_component id="oc-256">
         <name>.debug_abbrev</name>
         <load_address>0x14f</load_address>
         <run_address>0x14f</run_address>
         <size>0x50</size>
         <input_file_ref idref="fl-1"/>
      </object_component>
      <object_component id="oc-258">
         <name>.debug_abbrev</name>
         <load_address>0x19f</load_address>
         <run_address>0x19f</run_address>
         <size>0x50</size>
         <input_file_ref idref="fl-1"/>
      </object_component>
      <object_component id="oc-150">
         <name>.debug_abbrev</name>
         <load_address>0x1ef</load_address>
         <run_address>0x1ef</run_address>
         <size>0x61</size>
         <input_file_ref idref="fl-1"/>
      </object_component>
      <object_component id="oc-259">
         <name>.debug_abbrev</name>
         <load_address>0x250</load_address>
         <run_address>0x250</run_address>
         <size>0x52</size>
         <input_file_ref idref="fl-1"/>
      </object_component>
      <object_component id="oc-241">
         <name>.debug_abbrev</name>
         <load_address>0x2a2</load_address>
         <run_address>0x2a2</run_address>
         <size>0x6c</size>
         <input_file_ref idref="fl-1"/>
      </object_component>
      <object_component id="oc-257">
         <name>.debug_abbrev</name>
         <load_address>0x30e</load_address>
         <run_address>0x30e</run_address>
         <size>0x50</size>
         <input_file_ref idref="fl-1"/>
      </object_component>
      <object_component id="oc-148">
         <name>.debug_abbrev</name>
         <load_address>0x35e</load_address>
         <run_address>0x35e</run_address>
         <size>0x45</size>
         <input_file_ref idref="fl-1"/>
      </object_component>
      <object_component id="oc-2c2">
         <name>.debug_abbrev</name>
         <load_address>0x3a3</load_address>
         <run_address>0x3a3</run_address>
         <size>0x69</size>
         <input_file_ref idref="fl-1"/>
      </object_component>
      <object_component id="oc-1a3">
         <name>.debug_abbrev</name>
         <load_address>0x40c</load_address>
         <run_address>0x40c</run_address>
         <size>0x1f</size>
         <input_file_ref idref="fl-1"/>
      </object_component>
      <object_component id="oc-2c7">
         <name>.debug_abbrev</name>
         <load_address>0x42b</load_address>
         <run_address>0x42b</run_address>
         <size>0x35</size>
         <input_file_ref idref="fl-1"/>
      </object_component>
      <object_component id="oc-244">
         <name>.debug_abbrev</name>
         <load_address>0x460</load_address>
         <run_address>0x460</run_address>
         <size>0x24</size>
         <input_file_ref idref="fl-1"/>
      </object_component>
      <object_component id="oc-2d6">
         <name>.debug_abbrev</name>
         <load_address>0x484</load_address>
         <run_address>0x484</run_address>
         <size>0x100</size>
         <input_file_ref idref="fl-2"/>
      </object_component>
      <object_component id="oc-232">
         <name>.debug_abbrev</name>
         <load_address>0x584</load_address>
         <run_address>0x584</run_address>
         <size>0x27</size>
         <input_file_ref idref="fl-2"/>
      </object_component>
      <object_component id="oc-268">
         <name>.debug_abbrev</name>
         <load_address>0x5ab</load_address>
         <run_address>0x5ab</run_address>
         <size>0x27</size>
         <input_file_ref idref="fl-2"/>
      </object_component>
      <object_component id="oc-26c">
         <name>.debug_abbrev</name>
         <load_address>0x5d2</load_address>
         <run_address>0x5d2</run_address>
         <size>0x27</size>
         <input_file_ref idref="fl-2"/>
      </object_component>
      <object_component id="oc-1f2">
         <name>.debug_abbrev</name>
         <load_address>0x5f9</load_address>
         <run_address>0x5f9</run_address>
         <size>0x52</size>
         <input_file_ref idref="fl-2"/>
      </object_component>
      <object_component id="oc-1ac">
         <name>.debug_abbrev</name>
         <load_address>0x64b</load_address>
         <run_address>0x64b</run_address>
         <size>0x60</size>
         <input_file_ref idref="fl-2"/>
      </object_component>
      <object_component id="oc-1a0">
         <name>.debug_abbrev</name>
         <load_address>0x6ab</load_address>
         <run_address>0x6ab</run_address>
         <size>0x60</size>
         <input_file_ref idref="fl-2"/>
      </object_component>
      <object_component id="oc-236">
         <name>.debug_abbrev</name>
         <load_address>0x70b</load_address>
         <run_address>0x70b</run_address>
         <size>0x139</size>
         <input_file_ref idref="fl-2"/>
      </object_component>
      <object_component id="oc-2d8">
         <name>.debug_abbrev</name>
         <load_address>0x844</load_address>
         <run_address>0x844</run_address>
         <size>0xd7</size>
         <input_file_ref idref="fl-3"/>
      </object_component>
      <object_component id="oc-2bd">
         <name>.debug_abbrev</name>
         <load_address>0x91b</load_address>
         <run_address>0x91b</run_address>
         <size>0x7c</size>
         <input_file_ref idref="fl-3"/>
      </object_component>
      <object_component id="oc-2ca">
         <name>.debug_abbrev</name>
         <load_address>0x997</load_address>
         <run_address>0x997</run_address>
         <size>0x6c</size>
         <input_file_ref idref="fl-3"/>
      </object_component>
      <object_component id="oc-2cb">
         <name>.debug_abbrev</name>
         <load_address>0xa03</load_address>
         <run_address>0xa03</run_address>
         <size>0x7a</size>
         <input_file_ref idref="fl-3"/>
      </object_component>
      <object_component id="oc-2ce">
         <name>.debug_abbrev</name>
         <load_address>0xa7d</load_address>
         <run_address>0xa7d</run_address>
         <size>0x71</size>
         <input_file_ref idref="fl-3"/>
      </object_component>
      <object_component id="oc-26f">
         <name>.debug_abbrev</name>
         <load_address>0xaee</load_address>
         <run_address>0xaee</run_address>
         <size>0x6c</size>
         <input_file_ref idref="fl-3"/>
      </object_component>
      <object_component id="oc-31c">
         <name>.debug_abbrev</name>
         <load_address>0xb5a</load_address>
         <run_address>0xb5a</run_address>
         <size>0x7a</size>
         <input_file_ref idref="fl-3"/>
      </object_component>
      <object_component id="oc-32f">
         <name>.debug_abbrev</name>
         <load_address>0xbd4</load_address>
         <run_address>0xbd4</run_address>
         <size>0x6c</size>
         <input_file_ref idref="fl-3"/>
      </object_component>
      <object_component id="oc-2d5">
         <name>.debug_abbrev</name>
         <load_address>0xc40</load_address>
         <run_address>0xc40</run_address>
         <size>0x71</size>
         <input_file_ref idref="fl-3"/>
      </object_component>
      <object_component id="oc-cc">
         <name>.debug_abbrev</name>
         <load_address>0xcb1</load_address>
         <run_address>0xcb1</run_address>
         <size>0x1f</size>
         <input_file_ref idref="fl-3"/>
      </object_component>
      <object_component id="oc-2be">
         <name>.debug_abbrev</name>
         <load_address>0xcd0</load_address>
         <run_address>0xcd0</run_address>
         <size>0xc1</size>
         <input_file_ref idref="fl-4"/>
      </object_component>
      <object_component id="oc-26e">
         <name>.debug_abbrev</name>
         <load_address>0xd91</load_address>
         <run_address>0xd91</run_address>
         <size>0x6c</size>
         <input_file_ref idref="fl-4"/>
      </object_component>
      <object_component id="oc-26b">
         <name>.debug_abbrev</name>
         <load_address>0xdfd</load_address>
         <run_address>0xdfd</run_address>
         <size>0x6c</size>
         <input_file_ref idref="fl-4"/>
      </object_component>
      <object_component id="oc-267">
         <name>.debug_abbrev</name>
         <load_address>0xe69</load_address>
         <run_address>0xe69</run_address>
         <size>0x7d</size>
         <input_file_ref idref="fl-4"/>
      </object_component>
      <object_component id="oc-23f">
         <name>.debug_abbrev</name>
         <load_address>0xee6</load_address>
         <run_address>0xee6</run_address>
         <size>0x7c</size>
         <input_file_ref idref="fl-4"/>
      </object_component>
      <object_component id="oc-260">
         <name>.debug_abbrev</name>
         <load_address>0xf62</load_address>
         <run_address>0xf62</run_address>
         <size>0x71</size>
         <input_file_ref idref="fl-4"/>
      </object_component>
      <object_component id="oc-247">
         <name>.debug_abbrev</name>
         <load_address>0xfd3</load_address>
         <run_address>0xfd3</run_address>
         <size>0x6c</size>
         <input_file_ref idref="fl-4"/>
      </object_component>
      <object_component id="oc-271">
         <name>.debug_abbrev</name>
         <load_address>0x103f</load_address>
         <run_address>0x103f</run_address>
         <size>0x6c</size>
         <input_file_ref idref="fl-4"/>
      </object_component>
      <object_component id="oc-2cc">
         <name>.debug_abbrev</name>
         <load_address>0x10ab</load_address>
         <run_address>0x10ab</run_address>
         <size>0x8f</size>
         <input_file_ref idref="fl-5"/>
      </object_component>
      <object_component id="oc-32b">
         <name>.debug_abbrev</name>
         <load_address>0x113a</load_address>
         <run_address>0x113a</run_address>
         <size>0x6c</size>
         <input_file_ref idref="fl-5"/>
      </object_component>
      <object_component id="oc-312">
         <name>.debug_abbrev</name>
         <load_address>0x11a6</load_address>
         <run_address>0x11a6</run_address>
         <size>0x6e</size>
         <input_file_ref idref="fl-5"/>
      </object_component>
      <object_component id="oc-254">
         <name>.debug_abbrev</name>
         <load_address>0x1214</load_address>
         <run_address>0x1214</run_address>
         <size>0x7c</size>
         <input_file_ref idref="fl-5"/>
      </object_component>
      <object_component id="oc-32a">
         <name>.debug_abbrev</name>
         <load_address>0x1290</load_address>
         <run_address>0x1290</run_address>
         <size>0x6c</size>
         <input_file_ref idref="fl-5"/>
      </object_component>
      <object_component id="oc-30d">
         <name>.debug_abbrev</name>
         <load_address>0x12fc</load_address>
         <run_address>0x12fc</run_address>
         <size>0x7c</size>
         <input_file_ref idref="fl-5"/>
      </object_component>
      <object_component id="oc-313">
         <name>.debug_abbrev</name>
         <load_address>0x1378</load_address>
         <run_address>0x1378</run_address>
         <size>0x7c</size>
         <input_file_ref idref="fl-5"/>
      </object_component>
      <object_component id="oc-314">
         <name>.debug_abbrev</name>
         <load_address>0x13f4</load_address>
         <run_address>0x13f4</run_address>
         <size>0x6e</size>
         <input_file_ref idref="fl-5"/>
      </object_component>
      <object_component id="oc-133">
         <name>.debug_abbrev</name>
         <load_address>0x1462</load_address>
         <run_address>0x1462</run_address>
         <size>0x3a</size>
         <input_file_ref idref="fl-21"/>
      </object_component>
      <object_component id="oc-149">
         <name>.debug_abbrev</name>
         <load_address>0x149c</load_address>
         <run_address>0x149c</run_address>
         <size>0x28</size>
         <input_file_ref idref="fl-25"/>
      </object_component>
      <object_component id="oc-12f">
         <name>.debug_abbrev</name>
         <load_address>0x14c4</load_address>
         <run_address>0x14c4</run_address>
         <size>0x29</size>
         <input_file_ref idref="fl-26"/>
      </object_component>
      <object_component id="oc-16f">
         <name>.debug_abbrev</name>
         <load_address>0x14ed</load_address>
         <run_address>0x14ed</run_address>
         <size>0x58</size>
         <input_file_ref idref="fl-26"/>
      </object_component>
      <object_component id="oc-2ef">
         <name>.debug_abbrev</name>
         <load_address>0x1545</load_address>
         <run_address>0x1545</run_address>
         <size>0xc0</size>
         <input_file_ref idref="fl-27"/>
      </object_component>
      <object_component id="oc-28a">
         <name>.debug_abbrev</name>
         <load_address>0x1605</load_address>
         <run_address>0x1605</run_address>
         <size>0x7e</size>
         <input_file_ref idref="fl-27"/>
      </object_component>
      <object_component id="oc-2f3">
         <name>.debug_abbrev</name>
         <load_address>0x1683</load_address>
         <run_address>0x1683</run_address>
         <size>0x24</size>
         <input_file_ref idref="fl-27"/>
      </object_component>
      <object_component id="oc-304">
         <name>.debug_abbrev</name>
         <load_address>0x16a7</load_address>
         <run_address>0x16a7</run_address>
         <size>0x24</size>
         <input_file_ref idref="fl-27"/>
      </object_component>
      <object_component id="oc-298">
         <name>.debug_abbrev</name>
         <load_address>0x16cb</load_address>
         <run_address>0x16cb</run_address>
         <size>0x24</size>
         <input_file_ref idref="fl-27"/>
      </object_component>
      <object_component id="oc-2f8">
         <name>.debug_abbrev</name>
         <load_address>0x16ef</load_address>
[...]
      <symbol id="sm-10">
         <name>CACTL1</name>
         <value>0x59</value>
      </symbol>
      <symbol id="sm-11">
         <name>CACTL2</name>
         <value>0x5a</value>
      </symbol>
      <symbol id="sm-12">
         <name>CAPD</name>
         <value>0x5b</value>
      </symbol>
      <symbol id="sm-13">
         <name>FCTL1</name>
         <value>0x128</value>
      </symbol>
      <symbol id="sm-14">
         <name>FCTL2</name>
         <value>0x12a</value>
      </symbol>
      <symbol id="sm-15">
         <name>FCTL3</name>
         <value>0x12c</value>
      </symbol>
      <symbol id="sm-16">
         <name>P1IN</name>
         <value>0x20</value>
      </symbol>
      <symbol id="sm-17">
         <name>P1OUT</name>
         <value>0x21</value>
      </symbol>
      <symbol id="sm-18">
         <name>P1DIR</name>
         <value>0x22</value>
      </symbol>
      <symbol id="sm-19">
         <name>P1IFG</name>
         <value>0x23</value>
      </symbol>
      <symbol id="sm-1a">
         <name>P1IES</name>
         <value>0x24</value>
      </symbol>
      <symbol id="sm-1b">
         <name>P1IE</name>
         <value>0x25</value>
      </symbol>
      <symbol id="sm-1c">
         <name>P1SEL</name>
         <value>0x26</value>
      </symbol>
      <symbol id="sm-1d">
         <name>P1SEL2</name>
         <value>0x41</value>
      </symbol>
      <symbol id="sm-1e">
         <name>P1REN</name>
         <value>0x27</value>
      </symbol>
      <symbol id="sm-1f">
         <name>P2IN</name>
         <value>0x28</value>
      </symbol>
      <symbol id="sm-20">
         <name>P2OUT</name>
         <value>0x29</value>
      </symbol>
      <symbol id="sm-21">
         <name>P2DIR</name>
         <value>0x2a</value>
      </symbol>
      <symbol id="sm-22">
         <name>P2IFG</name>
         <value>0x2b</value>
      </symbol>
      <symbol id="sm-23">
         <name>P2IES</name>
         <value>0x2c</value>
      </symbol>
      <symbol id="sm-24">
         <name>P2IE</name>
         <value>0x2d</value>
      </symbol>
      <symbol id="sm-25">
         <name>P2SEL</name>
         <value>0x2e</value>
      </symbol>
      <symbol id="sm-26">
         <name>P2SEL2</name>
         <value>0x42</value>
      </symbol>
      <symbol id="sm-27">
         <name>P2REN</name>
         <value>0x2f</value>
      </symbol>
      <symbol id="sm-28">
         <name>P3IN</name>
         <value>0x18</value>
      </symbol>
      <symbol id="sm-29">
         <name>P3OUT</name>
         <value>0x19</value>
      </symbol>
      <symbol id="sm-2a">
         <name>P3DIR</name>
         <value>0x1a</value>
      </symbol>
      <symbol id="sm-2b">
         <name>P3SEL</name>
         <value>0x1b</value>
      </symbol>
      <symbol id="sm-2c">
         <name>P3SEL2</name>
         <value>0x43</value>
      </symbol>
      <symbol id="sm-2d">
         <name>P3REN</name>
         <value>0x10</value>
      </symbol>
      <symbol id="sm-2e">
         <name>TA0IV</name>
         <value>0x12e</value>
      </symbol>
      <symbol id="sm-2f">
         <name>TA0CTL</name>
         <value>0x160</value>
      </symbol>
      <symbol id="sm-30">
         <name>TA0CCTL0</name>
         <value>0x162</value>
      </symbol>
      <symbol id="sm-31">
         <name>TA0CCTL1</name>
         <value>0x164</value>
      </symbol>
      <symbol id="sm-32">
         <name>TA0CCTL2</name>
         <value>0x166</value>
      </symbol>
      <symbol id="sm-33">
         <name>TA0R</name>
         <value>0x170</value>
      </symbol>
      <symbol id="sm-34">
         <name>TA0CCR0</name>
         <value>0x172</value>
      </symbol>
      <symbol id="sm-35">
         <name>TA0CCR1</name>
         <value>0x174</value>
      </symbol>
      <symbol id="sm-36">
         <name>TA0CCR2</name>
         <value>0x176</value>
      </symbol>
      <symbol id="sm-37">
         <name>TA1IV</name>
         <value>0x11e</value>
      </symbol>
      <symbol id="sm-38">
         <name>TA1CTL</name>
         <value>0x180</value>
      </symbol>
      <symbol id="sm-39">
         <name>TA1CCTL0</name>
         <value>0x182</value>
      </symbol>
      <symbol id="sm-3a">
         <name>TA1CCTL1</name>
         <value>0x184</value>
      </symbol>
      <symbol id="sm-3b">
         <name>TA1CCTL2</name>
         <value>0x186</value>
      </symbol>
      <symbol id="sm-3c">
         <name>TA1R</name>
         <value>0x190</value>
      </symbol>
      <symbol id="sm-3d">
         <name>TA1CCR0</name>
         <value>0x192</value>
      </symbol>
      <symbol id="sm-3e">
         <name>TA1CCR1</name>
         <value>0x194</value>
      </symbol>
      <symbol id="sm-3f">
         <name>TA1CCR2</name>
         <value>0x196</value>
      </symbol>
      <symbol id="sm-40">
         <name>UCA0CTL0</name>
         <value>0x60</value>
      </symbol>
      <symbol id="sm-41">
         <name>UCA0CTL1</name>
         <value>0x61</value>
      </symbol>
      <symbol id="sm-42">
         <name>UCA0BR0</name>
         <value>0x62</value>
      </symbol>
      <symbol id="sm-43">
         <name>UCA0BR1</name>
         <value>0x63</value>
      </symbol>
      <symbol id="sm-44">
         <name>UCA0MCTL</name>
         <value>0x64</value>
      </symbol>
      <symbol id="sm-45">
         <name>UCA0STAT</name>
         <value>0x65</value>
      </symbol>
      <symbol id="sm-46">
         <name>UCA0RXBUF</name>
         <value>0x66</value>
      </symbol>
      <symbol id="sm-47">
         <name>UCA0TXBUF</name>
         <value>0x67</value>
      </symbol>
      <symbol id="sm-48">
         <name>UCA0ABCTL</name>
         <value>0x5d</value>
      </symbol>
      <symbol id="sm-49">
         <name>UCA0IRTCTL</name>
         <value>0x5e</value>
      </symbol>
      <symbol id="sm-4a">
         <name>UCA0IRRCTL</name>
         <value>0x5f</value>
      </symbol>
      <symbol id="sm-4b">
         <name>UCB0CTL0</name>
         <value>0x68</value>
      </symbol>
      <symbol id="sm-4c">
         <name>UCB0CTL1</name>
         <value>0x69</value>
      </symbol>
      <symbol id="sm-4d">
         <name>UCB0BR0</name>
         <value>0x6a</value>
      </symbol>
      <symbol id="sm-4e">
         <name>UCB0BR1</name>
         <value>0x6b</value>
      </symbol>
      <symbol id="sm-4f">
         <name>UCB0I2CIE</name>
         <value>0x6c</value>
      </symbol>
      <symbol id="sm-50">
         <name>UCB0STAT</name>
         <value>0x6d</value>
      </symbol>
      <symbol id="sm-51">
         <name>UCB0RXBUF</name>
         <value>0x6e</value>
      </symbol>
      <symbol id="sm-52">
         <name>UCB0TXBUF</name>
         <value>0x6f</value>
      </symbol>
      <symbol id="sm-53">
         <name>UCB0I2COA</name>
         <value>0x118</value>
      </symbol>
      <symbol id="sm-54">
         <name>UCB0I2CSA</name>
         <value>0x11a</value>
      </symbol>
      <symbol id="sm-55">
         <name>WDTCTL</name>
         <value>0x120</value>
      </symbol>
      <symbol id="sm-56">
         <name>CALDCO_16MHZ</name>
         <value>0x10f8</value>
      </symbol>
      <symbol id="sm-57">
         <name>CALBC1_16MHZ</name>
         <value>0x10f9</value>
      </symbol>
      <symbol id="sm-58">
         <name>CALDCO_12MHZ</name>
         <value>0x10fa</value>
      </symbol>
      <symbol id="sm-59">
         <name>CALBC1_12MHZ</name>
         <value>0x10fb</value>
      </symbol>
      <symbol id="sm-5a">
         <name>CALDCO_8MHZ</name>
         <value>0x10fc</value>
      </symbol>
      <symbol id="sm-5b">
         <name>CALBC1_8MHZ</name>
         <value>0x10fd</value>
      </symbol>
      <symbol id="sm-5c">
         <name>CALDCO_1MHZ</name>
         <value>0x10fe</value>
      </symbol>
      <symbol id="sm-5d">
         <name>CALBC1_1MHZ</name>
         <value>0x10ff</value>
      </symbol>
      <symbol id="sm-5e">
         <name>TLV_CHECKSUM</name>
         <value>0x10c0</value>
      </symbol>
      <symbol id="sm-5f">
         <name>TLV_DCO_30_TAG</name>
         <value>0x10f6</value>
      </symbol>
      <symbol id="sm-60">
         <name>TLV_DCO_30_LEN</name>
         <value>0x10f7</value>
      </symbol>
      <symbol id="sm-61">
         <name>TLV_ADC10_1_TAG</name>
         <value>0x10da</value>
      </symbol>
      <symbol id="sm-62">
         <name>TLV_ADC10_1_LEN</name>
         <value>0x10db</value>
      </symbol>
      <symbol id="sm-63">
         <name>__TI_CINIT_Base</name>
         <value>0xc7d0</value>
      </symbol>
      <symbol id="sm-64">
         <name>__TI_CINIT_Limit</name>
         <value>0xc7d4</value>
      </symbol>
      <symbol id="sm-65">
         <name>__TI_Handler_Table_Base</name>
         <value>0xc7ce</value>
      </symbol>
      <symbol id="sm-66">
         <name>__TI_Handler_Table_Limit</name>
         <value>0xc7d0</value>
      </symbol>
      <symbol id="sm-67">
         <name>__STACK_SIZE</name>
         <value>0x50</value>
      </symbol>
      <symbol id="sm-68">
         <name>__STACK_END</name>
         <value>0x400</value>
      </symbol>
      <symbol id="sm-69">
         <name>__c_args__</name>
         <value>0xffffffff</value>
      </symbol>
      <symbol id="sm-6a">
         <name>__TI_pprof_out_hndl</name>
         <value>0xffffffff</value>
      </symbol>
      <symbol id="sm-6b">
         <name>__TI_prof_data_start</name>
         <value>0xffffffff</value>
      </symbol>
      <symbol id="sm-6c">
         <name>__TI_prof_data_size</name>
         <value>0xffffffff</value>
      </symbol>
      <symbol id="sm-ff">
         <name>__TI_int08</name>
         <value>0xfff0</value>
         <object_component_ref idref="oc-46"/>
      </symbol>
      <symbol id="sm-100">
         <name>__TI_int09</name>
         <value>0xfff2</value>
         <object_component_ref idref="oc-47"/>
      </symbol>
      <symbol id="sm-101">
         <name>__TI_int06</name>
         <value>0xffec</value>
         <object_component_ref idref="oc-44"/>
      </symbol>
      <symbol id="sm-102">
         <name>__TI_int07</name>
         <value>0xffee</value>
         <object_component_ref idref="oc-45"/>
      </symbol>
      <symbol id="sm-103">
         <name>__TI_int02</name>
         <value>0xffe4</value>
         <object_component_ref idref="oc-41"/>
      </symbol>
      <symbol id="sm-104">
         <name>__TI_int03</name>
         <value>0xffe6</value>
         <object_component_ref idref="oc-42"/>
      </symbol>
      <symbol id="sm-105">
         <name>__TI_int00</name>
         <value>0xffe0</value>
         <object_component_ref idref="oc-40"/>
      </symbol>
      <symbol id="sm-106">
         <name>__TI_int14</name>
         <value>0xfffc</value>
         <object_component_ref idref="oc-4c"/>
      </symbol>
      <symbol id="sm-107">
         <name>__TI_int10</name>
         <value>0xfff4</value>
         <object_component_ref idref="oc-48"/>
      </symbol>
      <symbol id="sm-108">
         <name>__TI_int11</name>
         <value>0xfff6</value>
         <object_component_ref idref="oc-49"/>
      </symbol>
      <symbol id="sm-109">
         <name>HAL_MCU_Init</name>
         <value>0xc32a</value>
         <object_component_ref idref="oc-1b0"/>
      </symbol>
      <symbol id="sm-10a">
         <name>Dummy_ISR</name>
         <value>0xc6c6</value>
         <object_component_ref idref="oc-dc"/>
      </symbol>
      <symbol id="sm-10b">
         <name>HAL_I2C_ISR</name>
         <value>0xc532</value>
         <object_component_ref idref="oc-e7"/>
      </symbol>
      <symbol id="sm-10c">
         <name>HAL_I2C_InitGPIO</name>
         <value>0xc664</value>
         <object_component_ref idref="oc-1bc"/>
      </symbol>
      <symbol id="sm-10d">
         <name>HAL_Dimmer_SetDuty</name>
         <value>0xc67e</value>
         <object_component_ref idref="oc-194"/>
      </symbol>
      <symbol id="sm-10e">
         <name>HAL_I2C_GetBaseAddr</name>
         <value>0xc6ae</value>
         <object_component_ref idref="oc-1c2"/>
      </symbol>
      <symbol id="sm-10f">
         <name>HAL_TIMEOUT_ISR</name>
         <value>0xc556</value>
         <object_component_ref idref="oc-ed"/>
      </symbol>
      <symbol id="sm-110">
         <name>HAL_Dimmer_Init</name>
         <value>0xc4ae</value>
         <object_component_ref idref="oc-1b6"/>
      </symbol>
      <symbol id="sm-111">
         <name>_system_pre_init</name>
         <value>0xc69c</value>
         <object_component_ref idref="oc-160"/>
      </symbol>
      <symbol id="sm-145">
         <name>HAL_I2C_Event</name>
         <value>0xc474</value>
         <object_component_ref idref="oc-14a"/>
      </symbol>
      <symbol id="sm-146">
         <name>main</name>
         <value>0xc278</value>
         <object_component_ref idref="oc-166"/>
      </symbol>
      <symbol id="sm-147">
         <name>HAL_Timeout_Event</name>
         <value>0xc672</value>
         <object_component_ref idref="oc-151"/>
      </symbol>
      <symbol id="sm-194">
         <name>SMBus_PHY_masterEnable</name>
         <value>0xc36e</value>
         <object_component_ref idref="oc-2cf"/>
      </symbol>
      <symbol id="sm-195">
         <name>SMBus_PHY_masterEnableInt</name>
         <value>0xc57a</value>
         <object_component_ref idref="oc-316"/>
      </symbol>
      <symbol id="sm-196">
         <name>SMBus_PHY_slaveEnableInt</name>
         <value>0xc59c</value>
         <object_component_ref idref="oc-1e6"/>
      </symbol>
      <symbol id="sm-197">
         <name>SMBus_PHY_slaveEnable</name>
         <value>0xc3b2</value>
         <object_component_ref idref="oc-24e"/>
      </symbol>
      <symbol id="sm-198">
         <name>SMBus_PHY_slaveInit</name>
         <value>0xc4e4</value>
         <object_component_ref idref="oc-25a"/>
      </symbol>
      <symbol id="sm-199">
         <name>SMBus_PHY_enable</name>
         <value>0xc634</value>
         <object_component_ref idref="oc-261"/>
      </symbol>
      <symbol id="sm-19a">
         <name>SMBus_PHY_slaveProcessInt</name>
         <value>0xc0b6</value>
         <object_component_ref idref="oc-239"/>
      </symbol>
      <symbol id="sm-19b">
         <name>SMBus_PHY_disable</name>
         <value>0xc60c</value>
         <object_component_ref idref="oc-248"/>
      </symbol>
      <symbol id="sm-1d3">
         <name>SMBus_slaveSetRxBuffer</name>
         <value>0xc688</value>
         <object_component_ref idref="oc-1d7"/>
      </symbol>
      <symbol id="sm-1d4">
         <name>SMBus_enablePEC</name>
         <value>0xc6b4</value>
         <object_component_ref idref="oc-1ec"/>
      </symbol>
      <symbol id="sm-1d5">
         <name>SMBus_slaveInit</name>
         <value>0xc2da</value>
         <object_component_ref idref="oc-1c8"/>
      </symbol>
      <symbol id="sm-1d6">
         <name>SMBus_slaveSetAddress</name>
         <value>0xc644</value>
         <object_component_ref idref="oc-1ce"/>
      </symbol>
      <symbol id="sm-1d7">
         <name>SMBus_slaveSetTxBuffer</name>
         <value>0xc692</value>
         <object_component_ref idref="oc-1e0"/>
      </symbol>
      <symbol id="sm-1d8">
         <name>SMBus_slaveProcessInt</name>
         <value>0xc5f6</value>
         <object_component_ref idref="oc-18e"/>
      </symbol>
      <symbol id="sm-1d9">
         <name>SMBus_processDone</name>
         <value>0xc6ba</value>
         <object_component_ref idref="oc-19a"/>
      </symbol>
      <symbol id="sm-236">
         <name>SMBus_NWK_slaveProcessTimeout</name>
         <value>0xc5bc</value>
         <object_component_ref idref="oc-1a6"/>
      </symbol>
      <symbol id="sm-237">
         <name>SMBus_NWK_slaveProcessStop</name>
         <value>0xc436</value>
         <object_component_ref idref="oc-2a5"/>
      </symbol>
      <symbol id="sm-238">
         <name>SMBus_NWK_slaveProcessRx</name>
         <value>0xc152</value>
         <object_component_ref idref="oc-2b7"/>
      </symbol>
      <symbol id="sm-239">
         <name>SMBus_NWK_slaveProcessTx</name>
         <value>0xc000</value>
         <object_component_ref idref="oc-2ab"/>
      </symbol>
      <symbol id="sm-23a">
         <name>SMBus_NWK_slaveProcessStart</name>
         <value>0xc1e8</value>
         <object_component_ref idref="oc-2b1"/>
      </symbol>
      <symbol id="sm-244">
         <name>__mspabi_func_epilog_2</name>
         <value>0xc65e</value>
         <object_component_ref idref="oc-bf"/>
      </symbol>
      <symbol id="sm-245">
         <name>__mspabi_func_epilog_3</name>
         <value>0xc65c</value>
         <object_component_ref idref="oc-bf"/>
      </symbol>
      <symbol id="sm-246">
         <name>__mspabi_func_epilog_1</name>
         <value>0xc660</value>
         <object_component_ref idref="oc-bf"/>
      </symbol>
      <symbol id="sm-247">
         <name>__mspabi_func_epilog_6</name>
         <value>0xc656</value>
         <object_component_ref idref="oc-bf"/>
      </symbol>
      <symbol id="sm-248">
         <name>__mspabi_func_epilog_7</name>
         <value>0xc654</value>
         <object_component_ref idref="oc-bf"/>
      </symbol>
      <symbol id="sm-249">
         <name>__mspabi_func_epilog_4</name>
         <value>0xc65a</value>
         <object_component_ref idref="oc-bf"/>
      </symbol>
      <symbol id="sm-24a">
         <name>__mspabi_func_epilog_5</name>
         <value>0xc658</value>
         <object_component_ref idref="oc-bf"/>
      </symbol>
      <symbol id="sm-24d">
         <name>__TI_int05</name>
         <value>0xffea</value>
         <object_component_ref idref="oc-43"/>
      </symbol>
      <symbol id="sm-250">
         <name>__TI_int12</name>
         <value>0xfff8</value>
         <object_component_ref idref="oc-4a"/>
      </symbol>
      <symbol id="sm-253">
         <name>__TI_int13</name>
         <value>0xfffa</value>
         <object_component_ref idref="oc-4b"/>
      </symbol>
      <symbol id="sm-25b">
         <name>__TI_ISR_TRAP</name>
         <value>0xc6a6</value>
         <object_component_ref idref="oc-e2"/>
      </symbol>
      <symbol id="sm-26b">
         <name>_stack</name>
         <value>0x3b0</value>
         <object_component_ref idref="oc-b1"/>
      </symbol>
      <symbol id="sm-26c">
         <name>_c_int00_noargs</name>
         <value>0xc5da</value>
         <object_component_ref idref="oc-105"/>
      </symbol>
      <symbol id="sm-26d">
         <name>_reset_vector</name>
         <value>0xfffe</value>
         <object_component_ref idref="oc-b4"/>
      </symbol>
      <symbol id="sm-28f">
         <name>__TI_auto_init_nobinit_nopinit</name>
         <value>0xc3f4</value>
         <object_component_ref idref="oc-1ff"/>
      </symbol>
      <symbol id="sm-2a7">
         <name>__TI_zero_init_nomemset</name>
         <value>0xc620</value>
         <object_component_ref idref="oc-f3"/>
      </symbol>
      <symbol id="sm-2b2">
         <name>_system_post_cinit</name>
         <value>0xc6c8</value>
         <object_component_ref idref="oc-284"/>
      </symbol>
      <symbol id="sm-2be">
         <name>C$$EXIT</name>
         <value>0xc6c0</value>
         <object_component_ref idref="oc-1f3"/>
      </symbol>
      <symbol id="sm-2bf">
         <name>abort</name>
         <value>0xc6c0</value>
         <object_component_ref idref="oc-1f3"/>
      </symbol>
      <symbol id="sm-2c9">
         <name>SMBus_PHY_slaveProcessTimeoutInt</name>
         <value>0xc5bc</value>
      </symbol>
      <symbol id="sm-2ca">
         <name>SMBus_slaveEnableInt</name>
         <value>0xc59c</value>
      </symbol>
      <symbol id="sm-2cb">
         <name>SMBus_slaveProcessTimeoutInt</name>
         <value>0xc5bc</value>
      </symbol>
      <symbol id="sm-2cc">
         <name>SMBus_masterEnableInt</name>
         <value>0xc57a</value>
      </symbol>
   </symbol_table>
   <title>Link successful</title>
</link_info>
