<?xml version="1.0" encoding="ISO-8859-1" ?>
<link_info>
   <banner>TI ARM Linker Unix v18.12.2.LTS</banner>
   <copyright>Copyright (c) 1996-2018 Texas Instruments Incorporated</copyright>
   <link_time>0x6371b0cd</link_time>
   <link_errors>0x0</link_errors>
   <output_file>rm46_can_boot.out</output_file>
   <entry_point>
      <name>_c_int00</name>
      <address>0x18c30</address>
   </entry_point>
   <input_file_list>
      <input_file id="fl-2">
         <path>./RM46/source/</path>
         <kind>object</kind>
         <file>can.obj</file>
         <name>can.obj</name>
      </input_file>
      <input_file id="fl-3">
         <path>./RM46/source/</path>
         <kind>object</kind>
         <file>dabort.obj</file>
         <name>dabort.obj</name>
      </input_file>
      <input_file id="fl-4">
         <path>./RM46/source/</path>
         <kind>object</kind>
         <file>emac.obj</file>
         <name>emac.obj</name>
      </input_file>
      <input_file id="fl-5">
         <path>./RM46/source/</path>
         <kind>object</kind>
         <file>errata_SSWF021_45.obj</file>
         <name>errata_SSWF021_45.obj</name>
      </input_file>
      <input_file id="fl-6">
         <path>./RM46/source/</path>
         <kind>object</kind>
         <file>esm.obj</file>
         <name>esm.obj</name>
      </input_file>
      <input_file id="fl-7">
         <path>./RM46/source/</path>
         <kind>object</kind>
         <file>gio.obj</file>
         <name>gio.obj</name>
      </input_file>
      <input_file id="fl-8">
         <path>./RM46/source/</path>
         <kind>object</kind>
         <file>mdio.obj</file>
         <name>mdio.obj</name>
      </input_file>
      <input_file id="fl-9">
         <path>./RM46/source/</path>
         <kind>object</kind>
         <file>notification.obj</file>
         <name>notification.obj</name>
      </input_file>
      <input_file id="fl-a">
         <path>./RM46/source/</path>
         <kind>object</kind>
         <file>phy_dp83640.obj</file>
         <name>phy_dp83640.obj</name>
      </input_file>
      <input_file id="fl-b">
         <path>./RM46/source/</path>
         <kind>object</kind>
         <file>pinmux.obj</file>
         <name>pinmux.obj</name>
      </input_file>
      <input_file id="fl-c">
         <path>./RM46/source/</path>
         <kind>object</kind>
         <file>rti.obj</file>
         <name>rti.obj</name>
      </input_file>
      <input_file id="fl-d">
         <path>./RM46/source/</path>
         <kind>object</kind>
         <file>sci.obj</file>
         <name>sci.obj</name>
      </input_file>
      <input_file id="fl-e">
         <path>./RM46/source/</path>
         <kind>object</kind>
         <file>spi.obj</file>
         <name>spi.obj</name>
      </input_file>
      <input_file id="fl-f">
         <path>./RM46/source/</path>
         <kind>object</kind>
         <file>sys_core.obj</file>
         <name>sys_core.obj</name>
      </input_file>
      <input_file id="fl-10">
         <path>./RM46/source/</path>
         <kind>object</kind>
         <file>sys_dma.obj</file>
         <name>sys_dma.obj</name>
      </input_file>
      <input_file id="fl-11">
         <path>./RM46/source/</path>
         <kind>object</kind>
         <file>sys_intvecs.obj</file>
         <name>sys_intvecs.obj</name>
      </input_file>
      <input_file id="fl-12">
         <path>./RM46/source/</path>
         <kind>object</kind>
         <file>sys_mpu.obj</file>
         <name>sys_mpu.obj</name>
      </input_file>
      <input_file id="fl-13">
         <path>./RM46/source/</path>
         <kind>object</kind>
         <file>sys_pcr.obj</file>
         <name>sys_pcr.obj</name>
      </input_file>
      <input_file id="fl-14">
         <path>./RM46/source/</path>
         <kind>object</kind>
         <file>sys_phantom.obj</file>
         <name>sys_phantom.obj</name>
      </input_file>
      <input_file id="fl-15">
         <path>./RM46/source/</path>
         <kind>object</kind>
         <file>sys_pmm.obj</file>
         <name>sys_pmm.obj</name>
      </input_file>
      <input_file id="fl-16">
         <path>./RM46/source/</path>
         <kind>object</kind>
         <file>sys_pmu.obj</file>
         <name>sys_pmu.obj</name>
      </input_file>
      <input_file id="fl-17">
         <path>./RM46/source/</path>
         <kind>object</kind>
         <file>sys_selftest.obj</file>
         <name>sys_selftest.obj</name>
      </input_file>
      <input_file id="fl-18">
         <path>./RM46/source/</path>
         <kind>object</kind>
         <file>sys_startup.obj</file>
         <name>sys_startup.obj</name>
      </input_file>
      <input_file id="fl-19">
         <path>./RM46/source/</path>
         <kind>object</kind>
         <file>sys_vim.obj</file>
         <name>sys_vim.obj</name>
      </input_file>
      <input_file id="fl-1a">
         <path>./RM46/source/</path>
         <kind>object</kind>
         <file>system.obj</file>
         <name>system.obj</name>
      </input_file>
      <input_file id="fl-1b">
         <path>./source/</path>
         <kind>object</kind>
         <file>Fapi_UserDefinedFunctions.obj</file>
         <name>Fapi_UserDefinedFunctions.obj</name>
      </input_file>
      <input_file id="fl-1c">
         <path>./source/</path>
         <kind>object</kind>
         <file>bl_check.obj</file>
         <name>bl_check.obj</name>
      </input_file>
      <input_file id="fl-1d">
         <path>./source/</path>
         <kind>object</kind>
         <file>bl_copySections2SRAM.obj</file>
         <name>bl_copySections2SRAM.obj</name>
      </input_file>
      <input_file id="fl-1e">
         <path>./source/</path>
         <kind>object</kind>
         <file>bl_dcan.obj</file>
         <name>bl_dcan.obj</name>
      </input_file>
      <input_file id="fl-1f">
         <path>./source/</path>
         <kind>object</kind>
         <file>bl_flash.obj</file>
         <name>bl_flash.obj</name>
      </input_file>
      <input_file id="fl-20">
         <path>./source/</path>
         <kind>object</kind>
         <file>bl_led_demo.obj</file>
         <name>bl_led_demo.obj</name>
      </input_file>
      <input_file id="fl-21">
         <path>./source/</path>
         <kind>object</kind>
         <file>bl_main.obj</file>
         <name>bl_main.obj</name>
      </input_file>
      <input_file id="fl-22">
         <path>./source/</path>
         <kind>object</kind>
         <file>bl_spi.obj</file>
         <name>bl_spi.obj</name>
      </input_file>
      <input_file id="fl-23">
         <path>./source/</path>
         <kind>object</kind>
         <file>bl_spi_packet.obj</file>
         <name>bl_spi_packet.obj</name>
      </input_file>
      <input_file id="fl-24">
         <path>./source/</path>
         <kind>object</kind>
         <file>bl_uart.obj</file>
         <name>bl_uart.obj</name>
      </input_file>
      <input_file id="fl-25">
         <path>./source/</path>
         <kind>object</kind>
         <file>bl_ymodem.obj</file>
         <name>bl_ymodem.obj</name>
      </input_file>
      <input_file id="fl-26">
         <path>./source/</path>
         <kind>object</kind>
         <file>sci_common.obj</file>
         <name>sci_common.obj</name>
      </input_file>
      <input_file id="fl-27">
         <path>./source/</path>
         <kind>object</kind>
         <file>sw_hw_ver.obj</file>
         <name>sw_hw_ver.obj</name>
      </input_file>
      <input_file id="fl-28">
         <path>./source/</path>
         <kind>object</kind>
         <file>ymodem_crc16.obj</file>
         <name>ymodem_crc16.obj</name>
      </input_file>
      <input_file id="fl-2e">
         <kind>object</kind>
         <file>&lt;internal&gt;</file>
         <name>&lt;internal&gt;</name>
      </input_file>
      <input_file id="fl-2f">
         <path>/home/iris/ti/Hercules/F021 Flash API/02.01.01/</path>
         <kind>archive</kind>
         <file>F021_API_CortexR4_LE.lib</file>
         <name>Async.WithAddress.obj</name>
      </input_file>
      <input_file id="fl-30">
         <path>/home/iris/ti/Hercules/F021 Flash API/02.01.01/</path>
         <kind>archive</kind>
         <file>F021_API_CortexR4_LE.lib</file>
         <name>FlashStateMachine.EnableMainSectors.obj</name>
      </input_file>
      <input_file id="fl-31">
         <path>/home/iris/ti/Hercules/F021 Flash API/02.01.01/</path>
         <kind>archive</kind>
         <file>F021_API_CortexR4_LE.lib</file>
         <name>FlashStateMachine.InitializeFlashBanks.obj</name>
      </input_file>
      <input_file id="fl-32">
         <path>/home/iris/ti/Hercules/F021 Flash API/02.01.01/</path>
         <kind>archive</kind>
         <file>F021_API_CortexR4_LE.lib</file>
         <name>FlashStateMachine.IssueFsmCommand.obj</name>
      </input_file>
      <input_file id="fl-33">
         <path>/home/iris/ti/Hercules/F021 Flash API/02.01.01/</path>
         <kind>archive</kind>
         <file>F021_API_CortexR4_LE.lib</file>
         <name>FlashStateMachine.ScaleFclk.obj</name>
      </input_file>
      <input_file id="fl-34">
         <path>/home/iris/ti/Hercules/F021 Flash API/02.01.01/</path>
         <kind>archive</kind>
         <file>F021_API_CortexR4_LE.lib</file>
         <name>FlashStateMachine.SetActiveBank.obj</name>
      </input_file>
      <input_file id="fl-35">
         <path>/home/iris/ti/Hercules/F021 Flash API/02.01.01/</path>
         <kind>archive</kind>
         <file>F021_API_CortexR4_LE.lib</file>
         <name>Program.obj</name>
      </input_file>
      <input_file id="fl-36">
         <path>/home/iris/ti/Hercules/F021 Flash API/02.01.01/</path>
         <kind>archive</kind>
         <file>F021_API_CortexR4_LE.lib</file>
         <name>Read.MarginByByte.obj</name>
      </input_file>
      <input_file id="fl-37">
         <path>/home/iris/ti/Hercules/F021 Flash API/02.01.01/</path>
         <kind>archive</kind>
         <file>F021_API_CortexR4_LE.lib</file>
         <name>Read.WdService.obj</name>
      </input_file>
      <input_file id="fl-38">
         <path>/home/iris/ti/Hercules/F021 Flash API/02.01.01/</path>
         <kind>archive</kind>
         <file>F021_API_CortexR4_LE.lib</file>
         <name>Utilities.CalculateEcc.obj</name>
      </input_file>
      <input_file id="fl-39">
         <path>/home/iris/ti/Hercules/F021 Flash API/02.01.01/</path>
         <kind>archive</kind>
         <file>F021_API_CortexR4_LE.lib</file>
         <name>Utilities.CalculateFletcher.obj</name>
      </input_file>
      <input_file id="fl-3a">
         <path>/home/iris/ti/Hercules/F021 Flash API/02.01.01/</path>
         <kind>archive</kind>
         <file>F021_API_CortexR4_LE.lib</file>
         <name>Utilities.GetNumberOfSectors.obj</name>
      </input_file>
      <input_file id="fl-3b">
         <path>/home/iris/ti/Hercules/F021 Flash API/02.01.01/</path>
         <kind>archive</kind>
         <file>F021_API_CortexR4_LE.lib</file>
         <name>Read.Common.obj</name>
      </input_file>
      <input_file id="fl-3c">
         <path>/home/iris/ti/Hercules/F021 Flash API/02.01.01/</path>
         <kind>archive</kind>
         <file>F021_API_CortexR4_LE.lib</file>
         <name>Read.FlushPipeline.obj</name>
      </input_file>
      <input_file id="fl-3d">
         <path>/home/iris/ti/Hercules/F021 Flash API/02.01.01/</path>
         <kind>archive</kind>
         <file>F021_API_CortexR4_LE.lib</file>
         <name>Utilities.WaitDelay.obj</name>
      </input_file>
      <input_file id="fl-3e">
         <path>/home/iris/ti/Hercules/F021 Flash API/02.01.01/</path>
         <kind>archive</kind>
         <file>F021_API_CortexR4_LE.lib</file>
         <name>FlashStateMachine.Hercules.IsEccAddress.obj</name>
      </input_file>
      <input_file id="fl-3f">
         <path>/home/iris/ti/ccs910/ccs/tools/compiler/ti-cgt-arm_18.12.2.LTS/lib/</path>
         <kind>archive</kind>
         <file>rtsv7R4_A_le_v3D16_eabi.lib</file>
         <name>s_floor.c.obj</name>
      </input_file>
      <input_file id="fl-40">
         <path>/home/iris/ti/ccs910/ccs/tools/compiler/ti-cgt-arm_18.12.2.LTS/lib/</path>
         <kind>archive</kind>
         <file>rtsv7R4_A_le_v3D16_eabi.lib</file>
         <name>memcpy32.asm.obj</name>
      </input_file>
      <input_file id="fl-41">
         <path>/home/iris/ti/ccs910/ccs/tools/compiler/ti-cgt-arm_18.12.2.LTS/lib/</path>
         <kind>archive</kind>
         <file>rtsv7R4_A_le_v3D16_eabi.lib</file>
         <name>u_div32.asm.obj</name>
      </input_file>
      <input_file id="fl-42">
         <path>/home/iris/ti/ccs910/ccs/tools/compiler/ti-cgt-arm_18.12.2.LTS/lib/</path>
         <kind>archive</kind>
         <file>rtsv7R4_A_le_v3D16_eabi.lib</file>
         <name>memset32.asm.obj</name>
      </input_file>
      <input_file id="fl-43">
         <path>/home/iris/ti/ccs910/ccs/tools/compiler/ti-cgt-arm_18.12.2.LTS/lib/</path>
         <kind>archive</kind>
         <file>rtsv7R4_A_le_v3D16_eabi.lib</file>
         <name>autoinit.c.obj</name>
      </input_file>
      <input_file id="fl-44">
         <path>/home/iris/ti/ccs910/ccs/tools/compiler/ti-cgt-arm_18.12.2.LTS/lib/</path>
         <kind>archive</kind>
         <file>rtsv7R4_A_le_v3D16_eabi.lib</file>
         <name>cpy_tbl.c.obj</name>
      </input_file>
      <input_file id="fl-45">
         <path>/home/iris/ti/ccs910/ccs/tools/compiler/ti-cgt-arm_18.12.2.LTS/lib/</path>
         <kind>archive</kind>
         <file>rtsv7R4_A_le_v3D16_eabi.lib</file>
         <name>copy_zero_init.c.obj</name>
      </input_file>
      <input_file id="fl-46">
         <path>/home/iris/ti/ccs910/ccs/tools/compiler/ti-cgt-arm_18.12.2.LTS/lib/</path>
         <kind>archive</kind>
         <file>rtsv7R4_A_le_v3D16_eabi.lib</file>
         <name>copy_decompress_none.c.obj</name>
      </input_file>
      <input_file id="fl-47">
         <path>/home/iris/ti/ccs910/ccs/tools/compiler/ti-cgt-arm_18.12.2.LTS/lib/</path>
         <kind>archive</kind>
         <file>rtsv7R4_A_le_v3D16_eabi.lib</file>
         <name>copy_decompress_lzss.c.obj</name>
      </input_file>
      <input_file id="fl-48">
         <path>/home/iris/ti/ccs910/ccs/tools/compiler/ti-cgt-arm_18.12.2.LTS/lib/</path>
         <kind>archive</kind>
         <file>rtsv7R4_A_le_v3D16_eabi.lib</file>
         <name>exit.c.obj</name>
      </input_file>
      <input_file id="fl-49">
         <path>/home/iris/ti/ccs910/ccs/tools/compiler/ti-cgt-arm_18.12.2.LTS/lib/</path>
         <kind>archive</kind>
         <file>rtsv7R4_A_le_v3D16_eabi.lib</file>
         <name>_lock.c.obj</name>
      </input_file>
      <input_file id="fl-4a">
         <path>/home/iris/ti/ccs910/ccs/tools/compiler/ti-cgt-arm_18.12.2.LTS/lib/</path>
         <kind>archive</kind>
         <file>rtsv7R4_A_le_v3D16_eabi.lib</file>
         <name>div0.asm.obj</name>
      </input_file>
   </input_file_list>
   <object_component_list>
      <object_component id="oc-32">
         <name>.intvecs</name>
         <load_address>0x10020</load_address>
         <run_address>0x10020</run_address>
         <size>0x20</size>
         <input_file_ref idref="fl-11"/>
      </object_component>
      <object_component id="oc-3ab">
         <name>.text</name>
         <load_address>0x10040</load_address>
         <run_address>0x8002000</run_address>
         <size>0x8</size>
         <input_file_ref idref="fl-1b"/>
      </object_component>
      <object_component id="oc-2a0">
         <name>.text</name>
         <load_address>0x10048</load_address>
         <run_address>0x8002008</run_address>
         <size>0x6f4</size>
         <input_file_ref idref="fl-1f"/>
      </object_component>
      <object_component id="oc-2e2">
         <name>.text:Fapi_initializeFlashBanks</name>
         <load_address>0x1073c</load_address>
         <run_address>0x80026fc</run_address>
         <size>0x260</size>
         <input_file_ref idref="fl-31"/>
      </object_component>
      <object_component id="oc-2e8">
         <name>.text:Fapi_setActiveFlashBank</name>
         <load_address>0x1099c</load_address>
         <run_address>0x800295c</run_address>
         <size>0x17c</size>
         <input_file_ref idref="fl-34"/>
      </object_component>
      <object_component id="oc-2fa">
         <name>.text:Fapi_issueProgrammingCommand</name>
         <load_address>0x10b18</load_address>
         <run_address>0x8002ad8</run_address>
         <size>0x170</size>
         <input_file_ref idref="fl-35"/>
      </object_component>
      <object_component id="oc-2ee">
         <name>.text:Fapi_enableMainBankSectors</name>
         <load_address>0x10c88</load_address>
         <run_address>0x8002c48</run_address>
         <size>0x70</size>
         <input_file_ref idref="fl-30"/>
      </object_component>
      <object_component id="oc-358">
         <name>.text:_Fapi_enterMarginMode</name>
         <load_address>0x10cf8</load_address>
         <run_address>0x8002cb8</run_address>
         <size>0x68</size>
         <input_file_ref idref="fl-3b"/>
      </object_component>
      <object_component id="oc-314">
         <name>.text:Fapi_calculateFletcherChecksum</name>
         <load_address>0x10d60</load_address>
         <run_address>0x8002d20</run_address>
         <size>0x40</size>
         <input_file_ref idref="fl-39"/>
      </object_component>
      <object_component id="oc-300">
         <name>.text:Fapi_doMarginReadByByte</name>
         <load_address>0x10da0</load_address>
         <run_address>0x8002d60</run_address>
         <size>0x40</size>
         <input_file_ref idref="fl-36"/>
      </object_component>
      <object_component id="oc-343">
         <name>.text:_Fapi_issueFsmCommand</name>
         <load_address>0x10de0</load_address>
         <run_address>0x8002da0</run_address>
         <size>0x3c</size>
         <input_file_ref idref="fl-32"/>
      </object_component>
      <object_component id="oc-2f4">
         <name>.text:Fapi_issueAsyncCommandWithAddress</name>
         <load_address>0x10e1c</load_address>
         <run_address>0x8002ddc</run_address>
         <size>0x30</size>
         <input_file_ref idref="fl-2f"/>
      </object_component>
      <object_component id="oc-3c1">
         <name>.text:Fapi_waitDelay</name>
         <load_address>0x10e4c</load_address>
         <run_address>0x8002e0c</run_address>
         <size>0x30</size>
         <input_file_ref idref="fl-3d"/>
      </object_component>
      <object_component id="oc-364">
         <name>.text:_Fapi_exitMarginMode</name>
         <load_address>0x10e7c</load_address>
         <run_address>0x8002e3c</run_address>
         <size>0x2c</size>
         <input_file_ref idref="fl-3b"/>
      </object_component>
      <object_component id="oc-3a3">
         <name>.text:Fapi_flushPipeline</name>
         <load_address>0x10ea8</load_address>
         <run_address>0x8002e68</run_address>
         <size>0x22</size>
         <input_file_ref idref="fl-3c"/>
      </object_component>
      <object_component id="oc-31a">
         <name>.text:_Fapi_divideUnsignedLong</name>
         <load_address>0x10eca</load_address>
         <run_address>0x8002e8a</run_address>
         <size>0x1c</size>
         <input_file_ref idref="fl-31"/>
      </object_component>
      <object_component id="oc-34b">
         <name>.text:Fapi_calculateEcc</name>
         <load_address>0x10ee8</load_address>
         <run_address>0x8002ea8</run_address>
         <size>0x14</size>
         <input_file_ref idref="fl-38"/>
      </object_component>
      <object_component id="oc-33b">
         <name>.text:Fapi_getNumberOfBankSectors</name>
         <load_address>0x10efc</load_address>
         <run_address>0x8002ebc</run_address>
         <size>0x10</size>
         <input_file_ref idref="fl-3a"/>
      </object_component>
      <object_component id="oc-326">
         <name>.text:_scaleEEFclk</name>
         <load_address>0x10f0c</load_address>
         <run_address>0x8002ecc</run_address>
         <size>0x10</size>
         <input_file_ref idref="fl-33"/>
      </object_component>
      <object_component id="oc-320">
         <name>.text:_scaleMainFclk</name>
         <load_address>0x10f1c</load_address>
         <run_address>0x8002edc</run_address>
         <size>0x10</size>
         <input_file_ref idref="fl-33"/>
      </object_component>
      <object_component id="oc-35e">
         <name>.text:_Fapi_checkWdService</name>
         <load_address>0x10f2c</load_address>
         <run_address>0x8002eec</run_address>
         <size>0xc</size>
         <input_file_ref idref="fl-37"/>
      </object_component>
      <object_component id="oc-3fd">
         <name>.tramp.Fapi_serviceWatchdogTimer.1</name>
         <load_address>0x10f38</load_address>
         <run_address>0x8002ef8</run_address>
         <size>0x8</size>
         <input_file_ref idref="fl-1b"/>
      </object_component>
      <object_component id="oc-83">
         <name>.text</name>
         <load_address>0x10f40</load_address>
         <run_address>0x10f40</run_address>
         <size>0x2cdc</size>
         <input_file_ref idref="fl-17"/>
      </object_component>
      <object_component id="oc-7d">
         <name>.text</name>
         <load_address>0x13c1c</load_address>
         <run_address>0x13c1c</run_address>
         <size>0xb78</size>
         <input_file_ref idref="fl-1a"/>
      </object_component>
      <object_component id="oc-207">
         <name>.text</name>
         <load_address>0x14794</load_address>
         <run_address>0x14794</run_address>
         <size>0xa64</size>
         <input_file_ref idref="fl-25"/>
      </object_component>
      <object_component id="oc-3e">
         <name>.text</name>
         <load_address>0x151f8</load_address>
         <run_address>0x151f8</run_address>
         <size>0xa54</size>
         <input_file_ref idref="fl-19"/>
      </object_component>
      <object_component id="oc-e2">
         <name>.text</name>
         <load_address>0x15c4c</load_address>
         <run_address>0x15c4c</run_address>
         <size>0x834</size>
         <input_file_ref idref="fl-b"/>
      </object_component>
      <object_component id="oc-128">
         <name>.text</name>
         <load_address>0x16480</load_address>
         <run_address>0x16480</run_address>
         <size>0x7b8</size>
         <input_file_ref idref="fl-d"/>
      </object_component>
      <object_component id="oc-12e">
         <name>.text</name>
         <load_address>0x16c38</load_address>
         <run_address>0x16c38</run_address>
         <size>0x768</size>
         <input_file_ref idref="fl-26"/>
      </object_component>
      <object_component id="oc-71">
         <name>.text</name>
         <load_address>0x173a0</load_address>
         <run_address>0x173a0</run_address>
         <size>0x664</size>
         <input_file_ref idref="fl-5"/>
      </object_component>
      <object_component id="oc-13a">
         <name>.text</name>
         <load_address>0x17a04</load_address>
         <run_address>0x17a04</run_address>
         <size>0x658</size>
         <input_file_ref idref="fl-24"/>
      </object_component>
      <object_component id="oc-89">
         <name>.text</name>
         <load_address>0x1805c</load_address>
         <run_address>0x1805c</run_address>
         <size>0x5bc</size>
         <input_file_ref idref="fl-6"/>
      </object_component>
      <object_component id="oc-6c">
         <name>.text</name>
         <load_address>0x18618</load_address>
         <run_address>0x18618</run_address>
         <size>0x34c</size>
         <input_file_ref idref="fl-f"/>
      </object_component>
      <object_component id="oc-3d">
         <name>.text:retain</name>
         <load_address>0x18964</load_address>
         <run_address>0x18964</run_address>
         <size>0x2cc</size>
         <input_file_ref idref="fl-19"/>
      </object_component>
      <object_component id="oc-1d">
         <name>.text:retain</name>
         <load_address>0x18c30</load_address>
         <run_address>0x18c30</run_address>
         <size>0x290</size>
         <input_file_ref idref="fl-18"/>
      </object_component>
      <object_component id="oc-54">
         <name>.text</name>
         <load_address>0x18ec0</load_address>
         <run_address>0x18ec0</run_address>
         <size>0x180</size>
         <input_file_ref idref="fl-40"/>
      </object_component>
      <object_component id="oc-213">
         <name>.text</name>
         <load_address>0x19040</load_address>
         <run_address>0x19040</run_address>
         <size>0x160</size>
         <input_file_ref idref="fl-27"/>
      </object_component>
      <object_component id="oc-90">
         <name>.text</name>
         <load_address>0x191a0</load_address>
         <run_address>0x191a0</run_address>
         <size>0x148</size>
         <input_file_ref idref="fl-21"/>
      </object_component>
      <object_component id="oc-1ef">
         <name>.text:floor</name>
         <load_address>0x192e8</load_address>
         <run_address>0x192e8</run_address>
         <size>0x134</size>
         <input_file_ref idref="fl-3f"/>
      </object_component>
      <object_component id="oc-98">
         <name>.text</name>
         <load_address>0x1941c</load_address>
         <run_address>0x1941c</run_address>
         <size>0x124</size>
         <input_file_ref idref="fl-9"/>
      </object_component>
      <object_component id="oc-29">
         <name>.text:retain</name>
         <load_address>0x19540</load_address>
         <run_address>0x19540</run_address>
         <size>0x114</size>
         <input_file_ref idref="fl-6"/>
      </object_component>
      <object_component id="oc-a7">
         <name>.text</name>
         <load_address>0x19654</load_address>
         <run_address>0x19654</run_address>
         <size>0xe8</size>
         <input_file_ref idref="fl-3"/>
      </object_component>
      <object_component id="oc-ea">
         <name>.text</name>
         <load_address>0x1973c</load_address>
         <run_address>0x1973c</run_address>
         <size>0xe0</size>
         <input_file_ref idref="fl-16"/>
      </object_component>
      <object_component id="oc-134">
         <name>.text</name>
         <load_address>0x1981c</load_address>
         <run_address>0x1981c</run_address>
         <size>0xd0</size>
         <input_file_ref idref="fl-1c"/>
      </object_component>
      <object_component id="oc-20d">
         <name>.text</name>
         <load_address>0x198ec</load_address>
         <run_address>0x198ec</run_address>
         <size>0xb8</size>
         <input_file_ref idref="fl-20"/>
      </object_component>
      <object_component id="oc-d4">
         <name>.text</name>
         <load_address>0x199a4</load_address>
         <run_address>0x199a4</run_address>
         <size>0xb0</size>
         <input_file_ref idref="fl-42"/>
      </object_component>
      <object_component id="oc-10">
         <name>.text:decompress:lzss:__TI_decompress_lzss</name>
         <load_address>0x19a54</load_address>
         <run_address>0x19a54</run_address>
         <size>0x90</size>
         <input_file_ref idref="fl-47"/>
      </object_component>
      <object_component id="oc-f8">
         <name>.text:__TI_auto_init_nobinit_nopinit:__TI_auto_init_nobinit_nopinit</name>
         <load_address>0x19ae4</load_address>
         <run_address>0x19ae4</run_address>
         <size>0x68</size>
         <input_file_ref idref="fl-43"/>
      </object_component>
      <object_component id="oc-29b">
         <name>.text</name>
         <load_address>0x19b4c</load_address>
         <run_address>0x19b4c</run_address>
         <size>0x5c</size>
         <input_file_ref idref="fl-28"/>
      </object_component>
      <object_component id="oc-1fa">
         <name>.text</name>
         <load_address>0x19ba8</load_address>
         <run_address>0x19ba8</run_address>
         <size>0x50</size>
         <input_file_ref idref="fl-41"/>
      </object_component>
      <object_component id="oc-60">
         <name>.text:decompress:ZI:__TI_zero_init_nomemset:__TI_zero_init_nomemset</name>
         <load_address>0x19bf8</load_address>
         <run_address>0x19bf8</run_address>
         <size>0x28</size>
         <input_file_ref idref="fl-45"/>
      </object_component>
      <object_component id="oc-16">
         <name>.text:decompress:none:__TI_decompress_none</name>
         <load_address>0x19c20</load_address>
         <run_address>0x19c20</run_address>
         <size>0x14</size>
         <input_file_ref idref="fl-46"/>
      </object_component>
      <object_component id="oc-14c">
         <name>.text:abort:abort</name>
         <load_address>0x19c34</load_address>
         <run_address>0x19c34</run_address>
         <size>0x8</size>
         <input_file_ref idref="fl-48"/>
      </object_component>
      <object_component id="oc-37">
         <name>.text:retain</name>
         <load_address>0x19c3c</load_address>
         <run_address>0x19c3c</run_address>
         <size>0x4</size>
         <input_file_ref idref="fl-14"/>
      </object_component>
      <object_component id="oc-28f">
         <name>.text</name>
         <load_address>0x19c40</load_address>
         <run_address>0x19c40</run_address>
         <size>0x4</size>
         <input_file_ref idref="fl-4a"/>
      </object_component>
      <object_component id="oc-77">
         <name>.text</name>
         <load_address>0x19c44</load_address>
         <run_address>0x19c44</run_address>
         <size>0x4</size>
         <input_file_ref idref="fl-18"/>
      </object_component>
      <object_component id="oc-400">
         <name>.tramp.Fapi_BlockProgram.1</name>
         <load_address>0x19c48</load_address>
         <run_address>0x19c48</run_address>
         <size>0x8</size>
         <input_file_ref idref="fl-1f"/>
      </object_component>
      <object_component id="oc-3ff">
         <name>.tramp.Fapi_BlockErase.1</name>
         <load_address>0x19c50</load_address>
         <run_address>0x19c50</run_address>
         <size>0x8</size>
         <input_file_ref idref="fl-1f"/>
      </object_component>
      <object_component id="oc-3fe">
         <name>.tramp.BLInternalFlashStartAddrCheck.1</name>
         <load_address>0x19c58</load_address>
         <run_address>0x19c58</run_address>
         <size>0x8</size>
         <input_file_ref idref="fl-1f"/>
      </object_component>
      <object_component id="oc-2f">
         <name>.const:s_vim_init</name>
         <load_address>0x19c60</load_address>
         <run_address>0x8003338</run_address>
         <size>0x200</size>
         <input_file_ref idref="fl-19"/>
      </object_component>
      <object_component id="oc-306">
         <name>.const:flash_sector</name>
         <load_address>0x19e60</load_address>
         <run_address>0x8003538</run_address>
         <size>0x140</size>
         <input_file_ref idref="fl-1f"/>
      </object_component>
      <object_component id="oc-219">
         <name>.const:.string:$P$T0$1</name>
         <load_address>0x19fa0</load_address>
         <run_address>0x8003678</run_address>
         <size>0xa</size>
         <input_file_ref idref="fl-24"/>
      </object_component>
      <object_component id="oc-3fb">
         <name>.cinit..data.load</name>
         <load_address>0x19fb0</load_address>
         <run_address>0x19fb0</run_address>
         <size>0x15</size>
      </object_component>
      <object_component id="oc-3f9">
         <name>__TI_handler_table</name>
         <load_address>0x19fc8</load_address>
         <run_address>0x19fc8</run_address>
         <size>0xc</size>
      </object_component>
      <object_component id="oc-3fc">
         <name>.cinit..bss.load</name>
         <load_address>0x19fd8</load_address>
         <run_address>0x19fd8</run_address>
         <size>0x8</size>
      </object_component>
      <object_component id="oc-3fa">
         <name>__TI_cinit_table</name>
         <load_address>0x19fe0</load_address>
         <run_address>0x19fe0</run_address>
         <size>0x10</size>
      </object_component>
      <object_component id="oc-309">
         <name>.data</name>
         <load_address>0x8003330</load_address>
         <run_address>0x8003330</run_address>
         <size>0x4</size>
         <input_file_ref idref="fl-1f"/>
      </object_component>
      <object_component id="oc-140">
         <name>.data:g_pulUpdateSuccess</name>
         <load_address>0x8003300</load_address>
         <run_address>0x8003300</run_address>
         <size>0x20</size>
         <input_file_ref idref="fl-21"/>
      </object_component>
      <object_component id="oc-202">
         <name>.data</name>
         <load_address>0x8003328</load_address>
         <run_address>0x8003328</run_address>
         <size>0x8</size>
         <input_file_ref idref="fl-21"/>
      </object_component>
      <object_component id="oc-21c">
         <name>.data:tab_1024</name>
         <load_address>0x8002f00</load_address>
         <run_address>0x8002f00</run_address>
         <size>0x400</size>
         <input_file_ref idref="fl-24"/>
      </object_component>
      <object_component id="oc-384">
         <name>.data</name>
         <load_address>0x8003320</load_address>
         <run_address>0x8003320</run_address>
         <size>0x8</size>
         <input_file_ref idref="fl-33"/>
      </object_component>
      <object_component id="oc-338">
         <name>.data</name>
         <load_address>0x8003334</load_address>
         <run_address>0x8003334</run_address>
         <size>0x1</size>
         <input_file_ref idref="fl-34"/>
      </object_component>
      <object_component id="oc-1f5">
         <name>.bss:g_sciTransfer_t</name>
         <uninitialized>true</uninitialized>
         <run_address>0x80036e8</run_address>
         <size>0x28</size>
         <input_file_ref idref="fl-d"/>
      </object_component>
      <object_component id="oc-1ff">
         <name>.bss:num_str$1</name>
         <uninitialized>true</uninitialized>
         <run_address>0x8003710</run_address>
         <size>0xc</size>
         <input_file_ref idref="fl-26"/>
      </object_component>
      <object_component id="oc-30c">
         <name>.common:g_ucStartBank</name>
         <uninitialized>true</uninitialized>
         <run_address>0x8003725</run_address>
         <size>0x1</size>
      </object_component>
      <object_component id="oc-30f">
         <name>.common:g_ucEndBank</name>
         <uninitialized>true</uninitialized>
         <run_address>0x8003724</run_address>
         <size>0x1</size>
      </object_component>
      <object_component id="oc-143">
         <name>.common:g_ulTransferAddress</name>
         <uninitialized>true</uninitialized>
         <run_address>0x8003720</run_address>
         <size>0x4</size>
      </object_component>
      <object_component id="oc-222">
         <name>.common:JumpAddress</name>
         <uninitialized>true</uninitialized>
         <run_address>0x800371c</run_address>
         <size>0x4</size>
      </object_component>
      <object_component id="oc-21f">
         <name>.common:fileName</name>
         <uninitialized>true</uninitialized>
         <run_address>0x8003688</run_address>
         <size>0x60</size>
      </object_component>
      <object_component id="oc-18a">
         <name>.debug_info</name>
         <load_address>0x0</load_address>
         <run_address>0x0</run_address>
         <size>0x387</size>
         <input_file_ref idref="fl-2"/>
      </object_component>
      <object_component id="oc-161">
         <name>.debug_info</name>
         <load_address>0x387</load_address>
         <run_address>0x387</run_address>
         <size>0x26b</size>
         <input_file_ref idref="fl-2"/>
      </object_component>
      <object_component id="oc-9f">
         <name>.debug_info</name>
         <load_address>0x5f2</load_address>
         <run_address>0x5f2</run_address>
         <size>0x157</size>
         <input_file_ref idref="fl-2"/>
      </object_component>
      <object_component id="oc-b4">
         <name>.debug_info</name>
         <load_address>0x749</load_address>
         <run_address>0x749</run_address>
         <size>0x8b</size>
         <input_file_ref idref="fl-2"/>
      </object_component>
      <object_component id="oc-af">
         <name>.debug_info</name>
         <load_address>0x7d4</load_address>
         <run_address>0x7d4</run_address>
         <size>0x18c</size>
         <input_file_ref idref="fl-2"/>
      </object_component>
      <object_component id="oc-22f">
         <name>.debug_info</name>
         <load_address>0x960</load_address>
         <run_address>0x960</run_address>
         <size>0x297</size>
         <input_file_ref idref="fl-2"/>
      </object_component>
      <object_component id="oc-147">
         <name>.debug_info</name>
         <load_address>0xbf7</load_address>
         <run_address>0xbf7</run_address>
         <size>0xbb</size>
         <input_file_ref idref="fl-2"/>
      </object_component>
      <object_component id="oc-b9">
         <name>.debug_info</name>
         <load_address>0xcb2</load_address>
         <run_address>0xcb2</run_address>
         <size>0x86</size>
         <input_file_ref idref="fl-2"/>
      </object_component>
      <object_component id="oc-1ae">
         <name>.debug_info</name>
         <load_address>0xd38</load_address>
         <run_address>0xd38</run_address>
         <size>0x437</size>
         <input_file_ref idref="fl-2"/>
      </object_component>
      <object_component id="oc-258">
         <name>.debug_info</name>
         <load_address>0x116f</load_address>
         <run_address>0x116f</run_address>
         <size>0x15f</size>
         <input_file_ref idref="fl-2"/>
      </object_component>
      <object_component id="oc-17f">
         <name>.debug_info</name>
         <load_address>0x12ce</load_address>
         <run_address>0x12ce</run_address>
         <size>0x2d0</size>
         <input_file_ref idref="fl-2"/>
      </object_component>
      <object_component id="oc-a8">
         <name>.debug_info</name>
         <load_address>0x159e</load_address>
         <run_address>0x159e</run_address>
         <size>0x1df</size>
         <input_file_ref idref="fl-3"/>
      </object_component>
      <object_component id="oc-254">
         <name>.debug_info</name>
         <load_address>0x177d</load_address>
         <run_address>0x177d</run_address>
         <size>0x679</size>
         <input_file_ref idref="fl-4"/>
      </object_component>
      <object_component id="oc-24a">
         <name>.debug_info</name>
         <load_address>0x1df6</load_address>
         <run_address>0x1df6</run_address>
         <size>0x515</size>
         <input_file_ref idref="fl-4"/>
      </object_component>
      <object_component id="oc-16b">
         <name>.debug_info</name>
         <load_address>0x230b</load_address>
         <run_address>0x230b</run_address>
         <size>0x435</size>
         <input_file_ref idref="fl-4"/>
      </object_component>
      <object_component id="oc-1cc">
         <name>.debug_info</name>
         <load_address>0x2740</load_address>
         <run_address>0x2740</run_address>
         <size>0x551</size>
         <input_file_ref idref="fl-4"/>
      </object_component>
      <object_component id="oc-170">
         <name>.debug_info</name>
         <load_address>0x2c91</load_address>
         <run_address>0x2c91</run_address>
         <size>0x1f9</size>
         <input_file_ref idref="fl-4"/>
      </object_component>
      <object_component id="oc-175">
         <name>.debug_info</name>
         <load_address>0x2e8a</load_address>
         <run_address>0x2e8a</run_address>
         <size>0x6a6</size>
         <input_file_ref idref="fl-4"/>
      </object_component>
      <object_component id="oc-17a">
         <name>.debug_info</name>
         <load_address>0x3530</load_address>
         <run_address>0x3530</run_address>
         <size>0x13e</size>
         <input_file_ref idref="fl-4"/>
      </object_component>
      <object_component id="oc-19a">
         <name>.debug_info</name>
         <load_address>0x366e</load_address>
         <run_address>0x366e</run_address>
         <size>0x347</size>
         <input_file_ref idref="fl-5"/>
      </object_component>
      <object_component id="oc-72">
         <name>.debug_info</name>
         <load_address>0x39b5</load_address>
         <run_address>0x39b5</run_address>
         <size>0xa2e</size>
         <input_file_ref idref="fl-5"/>
      </object_component>
      <object_component id="oc-4f">
         <name>.debug_info</name>
         <load_address>0x43e3</load_address>
         <run_address>0x43e3</run_address>
         <size>0x84</size>
         <input_file_ref idref="fl-5"/>
      </object_component>
      <object_component id="oc-dc">
         <name>.debug_info</name>
         <load_address>0x4467</load_address>
         <run_address>0x4467</run_address>
         <size>0x9e7</size>
         <input_file_ref idref="fl-5"/>
      </object_component>
      <object_component id="oc-f7">
         <name>.debug_info</name>
         <load_address>0x4e4e</load_address>
         <run_address>0x4e4e</run_address>
         <size>0x39f</size>
         <input_file_ref idref="fl-6"/>
      </object_component>
      <object_component id="oc-8a">
         <name>.debug_info</name>
         <load_address>0x51ed</load_address>
         <run_address>0x51ed</run_address>
         <size>0x1742</size>
         <input_file_ref idref="fl-6"/>
      </object_component>
      <object_component id="oc-2a">
         <name>.debug_info</name>
         <load_address>0x692f</load_address>
         <run_address>0x692f</run_address>
         <size>0x2c2</size>
         <input_file_ref idref="fl-6"/>
      </object_component>
      <object_component id="oc-166">
         <name>.debug_info</name>
         <load_address>0x6bf1</load_address>
         <run_address>0x6bf1</run_address>
         <size>0x1de</size>
         <input_file_ref idref="fl-6"/>
      </object_component>
      <object_component id="oc-f2">
         <name>.debug_info</name>
         <load_address>0x6dcf</load_address>
         <run_address>0x6dcf</run_address>
         <size>0x129</size>
         <input_file_ref idref="fl-6"/>
      </object_component>
      <object_component id="oc-159">
         <name>.debug_info</name>
         <load_address>0x6ef8</load_address>
         <run_address>0x6ef8</run_address>
         <size>0x618</size>
         <input_file_ref idref="fl-9"/>
      </object_component>
      <object_component id="oc-99">
         <name>.debug_info</name>
         <load_address>0x7510</load_address>
         <run_address>0x7510</run_address>
         <size>0x17ab</size>
         <input_file_ref idref="fl-9"/>
      </object_component>
      <object_component id="oc-19f">
         <name>.debug_info</name>
         <load_address>0x8cbb</load_address>
         <run_address>0x8cbb</run_address>
         <size>0x791</size>
         <input_file_ref idref="fl-9"/>
      </object_component>
      <object_component id="oc-1a4">
         <name>.debug_info</name>
         <load_address>0x944c</load_address>
         <run_address>0x944c</run_address>
         <size>0x4de</size>
         <input_file_ref idref="fl-9"/>
      </object_component>
      <object_component id="oc-1a9">
         <name>.debug_info</name>
         <load_address>0x992a</load_address>
         <run_address>0x992a</run_address>
         <size>0x3ce</size>
         <input_file_ref idref="fl-9"/>
      </object_component>
      <object_component id="oc-240">
         <name>.debug_info</name>
         <load_address>0x9cf8</load_address>
         <run_address>0x9cf8</run_address>
         <size>0x306</size>
         <input_file_ref idref="fl-9"/>
      </object_component>
      <object_component id="oc-245">
         <name>.debug_info</name>
         <load_address>0x9ffe</load_address>
         <run_address>0x9ffe</run_address>
         <size>0x7cd</size>
         <input_file_ref idref="fl-9"/>
      </object_component>
      <object_component id="oc-15a">
         <name>.debug_info</name>
         <load_address>0xa7cb</load_address>
         <run_address>0xa7cb</run_address>
         <size>0x673</size>
         <input_file_ref idref="fl-9"/>
      </object_component>
      <object_component id="oc-192">
         <name>.debug_info</name>
         <load_address>0xae3e</load_address>
         <run_address>0xae3e</run_address>
         <size>0x2c</size>
         <input_file_ref idref="fl-9"/>
      </object_component>
      <object_component id="oc-1d9">
         <name>.debug_info</name>
         <load_address>0xae6a</load_address>
         <run_address>0xae6a</run_address>
         <size>0x37b</size>
         <input_file_ref idref="fl-9"/>
      </object_component>
      <object_component id="oc-1b3">
         <name>.debug_info</name>
         <load_address>0xb1e5</load_address>
         <run_address>0xb1e5</run_address>
         <size>0x1ca</size>
         <input_file_ref idref="fl-9"/>
      </object_component>
      <object_component id="oc-1b8">
         <name>.debug_info</name>
         <load_address>0xb3af</load_address>
         <run_address>0xb3af</run_address>
         <size>0x3d3</size>
         <input_file_ref idref="fl-9"/>
      </object_component>
      <object_component id="oc-1c2">
         <name>.debug_info</name>
         <load_address>0xb782</load_address>
         <run_address>0xb782</run_address>
         <size>0x1de</size>
         <input_file_ref idref="fl-9"/>
      </object_component>
      <object_component id="oc-22a">
         <name>.debug_info</name>
         <load_address>0xb960</load_address>
         <run_address>0xb960</run_address>
         <size>0x243</size>
         <input_file_ref idref="fl-9"/>
      </object_component>
      <object_component id="oc-28a">
         <name>.debug_info</name>
         <load_address>0xbba3</load_address>
         <run_address>0xbba3</run_address>
         <size>0x18e</size>
         <input_file_ref idref="fl-9"/>
      </object_component>
      <object_component id="oc-24f">
         <name>.debug_info</name>
         <load_address>0xbd31</load_address>
         <run_address>0xbd31</run_address>
         <size>0x26c</size>
         <input_file_ref idref="fl-9"/>
      </object_component>
      <object_component id="oc-1d1">
         <name>.debug_info</name>
         <load_address>0xbf9d</load_address>
         <run_address>0xbf9d</run_address>
         <size>0x17a</size>
         <input_file_ref idref="fl-9"/>
      </object_component>
      <object_component id="oc-19c">
         <name>.debug_info</name>
         <load_address>0xc117</load_address>
         <run_address>0xc117</run_address>
         <size>0x355</size>
         <input_file_ref idref="fl-b"/>
      </object_component>
      <object_component id="oc-e3">
         <name>.debug_info</name>
         <load_address>0xc46c</load_address>
         <run_address>0xc46c</run_address>
         <size>0x3ce</size>
         <input_file_ref idref="fl-b"/>
      </object_component>
      <object_component id="oc-1bd">
         <name>.debug_info</name>
         <load_address>0xc83a</load_address>
         <run_address>0xc83a</run_address>
         <size>0x508</size>
         <input_file_ref idref="fl-b"/>
      </object_component>
      <object_component id="oc-261">
         <name>.debug_info</name>
         <load_address>0xcd42</load_address>
         <run_address>0xcd42</run_address>
         <size>0x43c</size>
         <input_file_ref idref="fl-b"/>
      </object_component>
      <object_component id="oc-1f9">
         <name>.debug_info</name>
         <load_address>0xd17e</load_address>
         <run_address>0xd17e</run_address>
         <size>0x36f</size>
         <input_file_ref idref="fl-d"/>
      </object_component>
      <object_component id="oc-1f6">
         <name>.debug_info</name>
         <load_address>0xd4ed</load_address>
         <run_address>0xd4ed</run_address>
         <size>0x173</size>
         <input_file_ref idref="fl-d"/>
      </object_component>
      <object_component id="oc-129">
         <name>.debug_info</name>
         <load_address>0xd660</load_address>
         <run_address>0xd660</run_address>
         <size>0x18ff</size>
         <input_file_ref idref="fl-d"/>
      </object_component>
      <object_component id="oc-285">
         <name>.debug_info</name>
         <load_address>0xef5f</load_address>
         <run_address>0xef5f</run_address>
         <size>0x91</size>
         <input_file_ref idref="fl-d"/>
      </object_component>
      <object_component id="oc-6d">
         <name>.debug_info</name>
         <load_address>0xeff0</load_address>
         <run_address>0xeff0</run_address>
         <size>0x1306</size>
         <input_file_ref idref="fl-f"/>
      </object_component>
      <object_component id="oc-33">
         <name>.debug_info</name>
         <load_address>0x102f6</load_address>
         <run_address>0x102f6</run_address>
         <size>0x1e7</size>
         <input_file_ref idref="fl-11"/>
      </object_component>
      <object_component id="oc-266">
         <name>.debug_info</name>
         <load_address>0x104dd</load_address>
         <run_address>0x104dd</run_address>
         <size>0x328</size>
         <input_file_ref idref="fl-13"/>
      </object_component>
      <object_component id="oc-2c8">
         <name>.debug_info</name>
         <load_address>0x10805</load_address>
         <run_address>0x10805</run_address>
         <size>0x242</size>
         <input_file_ref idref="fl-13"/>
      </object_component>
      <object_component id="oc-1c7">
         <name>.debug_info</name>
         <load_address>0x10a47</load_address>
         <run_address>0x10a47</run_address>
         <size>0x2af</size>
         <input_file_ref idref="fl-13"/>
      </object_component>
      <object_component id="oc-38">
         <name>.debug_info</name>
         <load_address>0x10cf6</load_address>
         <run_address>0x10cf6</run_address>
         <size>0x273</size>
         <input_file_ref idref="fl-14"/>
      </object_component>
      <object_component id="oc-eb">
         <name>.debug_info</name>
         <load_address>0x10f69</load_address>
         <run_address>0x10f69</run_address>
         <size>0x803</size>
         <input_file_ref idref="fl-16"/>
      </object_component>
      <object_component id="oc-f0">
         <name>.debug_info</name>
         <load_address>0x1176c</load_address>
         <run_address>0x1176c</run_address>
         <size>0x6f8</size>
         <input_file_ref idref="fl-17"/>
      </object_component>
      <object_component id="oc-84">
         <name>.debug_info</name>
         <load_address>0x11e64</load_address>
         <run_address>0x11e64</run_address>
         <size>0x531d</size>
         <input_file_ref idref="fl-17"/>
      </object_component>
      <object_component id="oc-1e">
         <name>.debug_info</name>
         <load_address>0x17181</load_address>
         <run_address>0x17181</run_address>
         <size>0x719</size>
         <input_file_ref idref="fl-18"/>
      </object_component>
      <object_component id="oc-78">
         <name>.debug_info</name>
         <load_address>0x1789a</load_address>
         <run_address>0x1789a</run_address>
         <size>0x26c</size>
         <input_file_ref idref="fl-18"/>
      </object_component>
      <object_component id="oc-a6">
         <name>.debug_info</name>
         <load_address>0x17b06</load_address>
         <run_address>0x17b06</run_address>
         <size>0x4d4</size>
         <input_file_ref idref="fl-19"/>
      </object_component>
      <object_component id="oc-30">
         <name>.debug_info</name>
         <load_address>0x17fda</load_address>
         <run_address>0x17fda</run_address>
         <size>0x16d</size>
         <input_file_ref idref="fl-19"/>
      </object_component>
      <object_component id="oc-3f">
         <name>.debug_info</name>
         <load_address>0x18147</load_address>
         <run_address>0x18147</run_address>
         <size>0x865</size>
         <input_file_ref idref="fl-19"/>
      </object_component>
      <object_component id="oc-44">
         <name>.debug_info</name>
         <load_address>0x189ac</load_address>
         <run_address>0x189ac</run_address>
         <size>0x336</size>
         <input_file_ref idref="fl-19"/>
      </object_component>
      <object_component id="oc-184">
         <name>.debug_info</name>
         <load_address>0x18ce2</load_address>
         <run_address>0x18ce2</run_address>
         <size>0x4f</size>
         <input_file_ref idref="fl-19"/>
      </object_component>
      <object_component id="oc-e9">
         <name>.debug_info</name>
         <load_address>0x18d31</load_address>
         <run_address>0x18d31</run_address>
         <size>0x5a5</size>
         <input_file_ref idref="fl-1a"/>
      </object_component>
      <object_component id="oc-7e">
         <name>.debug_info</name>
         <load_address>0x192d6</load_address>
         <run_address>0x192d6</run_address>
         <size>0xfdc</size>
         <input_file_ref idref="fl-1a"/>
      </object_component>
      <object_component id="oc-3b6">
         <name>.debug_info</name>
         <load_address>0x1a2b2</load_address>
         <run_address>0x1a2b2</run_address>
         <size>0x3dd</size>
         <input_file_ref idref="fl-1b"/>
      </object_component>
      <object_component id="oc-3ac">
         <name>.debug_info</name>
         <load_address>0x1a68f</load_address>
         <run_address>0x1a68f</run_address>
         <size>0x288</size>
         <input_file_ref idref="fl-1b"/>
      </object_component>
      <object_component id="oc-372">
         <name>.debug_info</name>
         <load_address>0x1a917</load_address>
         <run_address>0x1a917</run_address>
         <size>0xe57</size>
         <input_file_ref idref="fl-1b"/>
      </object_component>
      <object_component id="oc-37c">
         <name>.debug_info</name>
         <load_address>0x1b76e</load_address>
         <run_address>0x1b76e</run_address>
         <size>0x26d5</size>
         <input_file_ref idref="fl-1b"/>
      </object_component>
      <object_component id="oc-206">
         <name>.debug_info</name>
         <load_address>0x1de43</load_address>
         <run_address>0x1de43</run_address>
         <size>0x36a</size>
         <input_file_ref idref="fl-1c"/>
      </object_component>
      <object_component id="oc-135">
         <name>.debug_info</name>
         <load_address>0x1e1ad</load_address>
         <run_address>0x1e1ad</run_address>
         <size>0x37b</size>
         <input_file_ref idref="fl-1c"/>
      </object_component>
      <object_component id="oc-30d">
         <name>.debug_info</name>
         <load_address>0x1e528</load_address>
         <run_address>0x1e528</run_address>
         <size>0x698</size>
         <input_file_ref idref="fl-1f"/>
      </object_component>
      <object_component id="oc-307">
         <name>.debug_info</name>
         <load_address>0x1ebc0</load_address>
         <run_address>0x1ebc0</run_address>
         <size>0x165</size>
         <input_file_ref idref="fl-1f"/>
      </object_component>
      <object_component id="oc-30a">
         <name>.debug_info</name>
         <load_address>0x1ed25</load_address>
         <run_address>0x1ed25</run_address>
         <size>0x173</size>
         <input_file_ref idref="fl-1f"/>
      </object_component>
      <object_component id="oc-2a1">
         <name>.debug_info</name>
         <load_address>0x1ee98</load_address>
         <run_address>0x1ee98</run_address>
         <size>0x1459</size>
         <input_file_ref idref="fl-1f"/>
      </object_component>
      <object_component id="oc-377">
         <name>.debug_info</name>
         <load_address>0x202f1</load_address>
         <run_address>0x202f1</run_address>
         <size>0x11d</size>
         <input_file_ref idref="fl-1f"/>
      </object_component>
      <object_component id="oc-20e">
         <name>.debug_info</name>
         <load_address>0x2040e</load_address>
         <run_address>0x2040e</run_address>
         <size>0x297</size>
         <input_file_ref idref="fl-20"/>
      </object_component>
      <object_component id="oc-144">
         <name>.debug_info</name>
         <load_address>0x206a5</load_address>
         <run_address>0x206a5</run_address>
         <size>0x63d</size>
         <input_file_ref idref="fl-21"/>
      </object_component>
      <object_component id="oc-141">
         <name>.debug_info</name>
         <load_address>0x20ce2</load_address>
         <run_address>0x20ce2</run_address>
         <size>0x170</size>
         <input_file_ref idref="fl-21"/>
      </object_component>
      <object_component id="oc-203">
         <name>.debug_info</name>
         <load_address>0x20e52</load_address>
         <run_address>0x20e52</run_address>
         <size>0x1ad</size>
         <input_file_ref idref="fl-21"/>
      </object_component>
      <object_component id="oc-91">
         <name>.debug_info</name>
         <load_address>0x20fff</load_address>
         <run_address>0x20fff</run_address>
         <size>0x504</size>
         <input_file_ref idref="fl-21"/>
      </object_component>
      <object_component id="oc-223">
         <name>.debug_info</name>
         <load_address>0x21503</load_address>
         <run_address>0x21503</run_address>
         <size>0x562</size>
         <input_file_ref idref="fl-24"/>
      </object_component>
      <object_component id="oc-21d">
         <name>.debug_info</name>
         <load_address>0x21a65</load_address>
         <run_address>0x21a65</run_address>
         <size>0x15c</size>
         <input_file_ref idref="fl-24"/>
      </object_component>
      <object_component id="oc-21a">
         <name>.debug_info</name>
         <load_address>0x21bc1</load_address>
         <run_address>0x21bc1</run_address>
         <size>0x159</size>
         <input_file_ref idref="fl-24"/>
      </object_component>
      <object_component id="oc-13b">
         <name>.debug_info</name>
         <load_address>0x21d1a</load_address>
         <run_address>0x21d1a</run_address>
         <size>0x766</size>
         <input_file_ref idref="fl-24"/>
      </object_component>
      <object_component id="oc-220">
         <name>.debug_info</name>
         <load_address>0x22480</load_address>
         <run_address>0x22480</run_address>
         <size>0x617</size>
         <input_file_ref idref="fl-25"/>
      </object_component>
      <object_component id="oc-208">
         <name>.debug_info</name>
         <load_address>0x22a97</load_address>
         <run_address>0x22a97</run_address>
         <size>0xd1d</size>
         <input_file_ref idref="fl-25"/>
      </object_component>
      <object_component id="oc-2a7">
         <name>.debug_info</name>
         <load_address>0x237b4</load_address>
         <run_address>0x237b4</run_address>
         <size>0x87</size>
         <input_file_ref idref="fl-25"/>
      </object_component>
      <object_component id="oc-201">
         <name>.debug_info</name>
         <load_address>0x2383b</load_address>
         <run_address>0x2383b</run_address>
         <size>0x345</size>
         <input_file_ref idref="fl-26"/>
      </object_component>
      <object_component id="oc-12f">
         <name>.debug_info</name>
         <load_address>0x23b80</load_address>
         <run_address>0x23b80</run_address>
         <size>0xe9b</size>
         <input_file_ref idref="fl-26"/>
      </object_component>
      <object_component id="oc-214">
         <name>.debug_info</name>
         <load_address>0x24a1b</load_address>
         <run_address>0x24a1b</run_address>
         <size>0x478</size>
         <input_file_ref idref="fl-27"/>
      </object_component>
      <object_component id="oc-29c">
         <name>.debug_info</name>
         <load_address>0x24e93</load_address>
         <run_address>0x24e93</run_address>
         <size>0x1c4</size>
         <input_file_ref idref="fl-28"/>
      </object_component>
      <object_component id="oc-34a">
         <name>.debug_info</name>
         <load_address>0x25057</load_address>
         <run_address>0x25057</run_address>
         <size>0x253</size>
         <input_file_ref idref="fl-2f"/>
      </object_component>
      <object_component id="oc-2f5">
         <name>.debug_info</name>
         <load_address>0x252aa</load_address>
         <run_address>0x252aa</run_address>
         <size>0x24a</size>
         <input_file_ref idref="fl-2f"/>
      </object_component>
      <object_component id="oc-32d">
         <name>.debug_info</name>
         <load_address>0x254f4</load_address>
         <run_address>0x254f4</run_address>
         <size>0xe55</size>
         <input_file_ref idref="fl-2f"/>
      </object_component>
      <object_component id="oc-390">
         <name>.debug_info</name>
         <load_address>0x26349</load_address>
         <run_address>0x26349</run_address>
         <size>0x26d5</size>
         <input_file_ref idref="fl-2f"/>
      </object_component>
      <object_component id="oc-38b">
         <name>.debug_info</name>
         <load_address>0x28a1e</load_address>
         <run_address>0x28a1e</run_address>
         <size>0x1bfe</size>
         <input_file_ref idref="fl-2f"/>
      </object_component>
      <object_component id="oc-332">
         <name>.debug_info</name>
         <load_address>0x2a61c</load_address>
         <run_address>0x2a61c</run_address>
         <size>0x18b</size>
         <input_file_ref idref="fl-2f"/>
      </object_component>
      <object_component id="oc-342">
         <name>.debug_info</name>
         <load_address>0x2a7a7</load_address>
         <run_address>0x2a7a7</run_address>
         <size>0x266</size>
         <input_file_ref idref="fl-30"/>
      </object_component>
      <object_component id="oc-2f1">
         <name>.debug_info</name>
         <load_address>0x2aa0d</load_address>
         <run_address>0x2aa0d</run_address>
         <size>0x26a</size>
         <input_file_ref idref="fl-30"/>
      </object_component>
      <object_component id="oc-337">
         <name>.debug_info</name>
         <load_address>0x2ac77</load_address>
         <run_address>0x2ac77</run_address>
         <size>0x2d4</size>
         <input_file_ref idref="fl-31"/>
      </object_component>
      <object_component id="oc-31b">
         <name>.debug_info</name>
         <load_address>0x2af4b</load_address>
         <run_address>0x2af4b</run_address>
         <size>0x232</size>
         <input_file_ref idref="fl-31"/>
      </object_component>
      <object_component id="oc-2e3">
         <name>.debug_info</name>
         <load_address>0x2b17d</load_address>
         <run_address>0x2b17d</run_address>
         <size>0x3f8</size>
         <input_file_ref idref="fl-31"/>
      </object_component>
      <object_component id="oc-39c">
         <name>.debug_info</name>
         <load_address>0x2b575</load_address>
         <run_address>0x2b575</run_address>
         <size>0x218</size>
         <input_file_ref idref="fl-32"/>
      </object_component>
      <object_component id="oc-346">
         <name>.debug_info</name>
         <load_address>0x2b78d</load_address>
         <run_address>0x2b78d</run_address>
         <size>0x1b7</size>
         <input_file_ref idref="fl-32"/>
      </object_component>
      <object_component id="oc-386">
         <name>.debug_info</name>
         <load_address>0x2b944</load_address>
         <run_address>0x2b944</run_address>
         <size>0x278</size>
         <input_file_ref idref="fl-33"/>
      </object_component>
      <object_component id="oc-324">
         <name>.debug_info</name>
         <load_address>0x2bbbc</load_address>
         <run_address>0x2bbbc</run_address>
         <size>0x1d6</size>
         <input_file_ref idref="fl-33"/>
      </object_component>
      <object_component id="oc-32a">
         <name>.debug_info</name>
         <load_address>0x2bd92</load_address>
         <run_address>0x2bd92</run_address>
         <size>0x1ce</size>
         <input_file_ref idref="fl-33"/>
      </object_component>
      <object_component id="oc-33a">
         <name>.debug_info</name>
         <load_address>0x2bf60</load_address>
         <run_address>0x2bf60</run_address>
         <size>0x27c</size>
         <input_file_ref idref="fl-34"/>
      </object_component>
      <object_component id="oc-2ec">
         <name>.debug_info</name>
         <load_address>0x2c1dc</load_address>
         <run_address>0x2c1dc</run_address>
         <size>0x328</size>
         <input_file_ref idref="fl-34"/>
      </object_component>
      <object_component id="oc-352">
         <name>.debug_info</name>
         <load_address>0x2c504</load_address>
         <run_address>0x2c504</run_address>
         <size>0x296</size>
         <input_file_ref idref="fl-35"/>
      </object_component>
      <object_component id="oc-2fb">
         <name>.debug_info</name>
         <load_address>0x2c79a</load_address>
         <run_address>0x2c79a</run_address>
         <size>0x61a</size>
         <input_file_ref idref="fl-35"/>
      </object_component>
      <object_component id="oc-353">
         <name>.debug_info</name>
         <load_address>0x2cdb4</load_address>
         <run_address>0x2cdb4</run_address>
         <size>0x72</size>
         <input_file_ref idref="fl-35"/>
      </object_component>
      <object_component id="oc-36b">
         <name>.debug_info</name>
         <load_address>0x2ce26</load_address>
         <run_address>0x2ce26</run_address>
         <size>0x2cd</size>
         <input_file_ref idref="fl-36"/>
      </object_component>
      <object_component id="oc-302">
         <name>.debug_info</name>
         <load_address>0x2d0f3</load_address>
         <run_address>0x2d0f3</run_address>
         <size>0x2fb</size>
         <input_file_ref idref="fl-36"/>
      </object_component>
      <object_component id="oc-3b2">
         <name>.debug_info</name>
         <load_address>0x2d3ee</load_address>
         <run_address>0x2d3ee</run_address>
         <size>0x243</size>
         <input_file_ref idref="fl-37"/>
      </object_component>
      <object_component id="oc-360">
         <name>.debug_info</name>
         <load_address>0x2d631</load_address>
         <run_address>0x2d631</run_address>
         <size>0x1a1</size>
         <input_file_ref idref="fl-37"/>
      </object_component>
      <object_component id="oc-3a0">
         <name>.debug_info</name>
         <load_address>0x2d7d2</load_address>
         <run_address>0x2d7d2</run_address>
         <size>0x212</size>
         <input_file_ref idref="fl-38"/>
      </object_component>
      <object_component id="oc-34e">
         <name>.debug_info</name>
         <load_address>0x2d9e4</load_address>
         <run_address>0x2d9e4</run_address>
         <size>0x1c9</size>
         <input_file_ref idref="fl-38"/>
      </object_component>
      <object_component id="oc-382">
         <name>.debug_info</name>
         <load_address>0x2dbad</load_address>
         <run_address>0x2dbad</run_address>
         <size>0x218</size>
         <input_file_ref idref="fl-39"/>
      </object_component>
      <object_component id="oc-316">
         <name>.debug_info</name>
         <load_address>0x2ddc5</load_address>
         <run_address>0x2ddc5</run_address>
         <size>0x255</size>
         <input_file_ref idref="fl-39"/>
      </object_component>
      <object_component id="oc-398">
         <name>.debug_info</name>
         <load_address>0x2e01a</load_address>
         <run_address>0x2e01a</run_address>
         <size>0x213</size>
         <input_file_ref idref="fl-3a"/>
      </object_component>
      <object_component id="oc-33e">
         <name>.debug_info</name>
         <load_address>0x2e22d</load_address>
         <run_address>0x2e22d</run_address>
         <size>0x1b0</size>
         <input_file_ref idref="fl-3a"/>
      </object_component>
      <object_component id="oc-3aa">
         <name>.debug_info</name>
         <load_address>0x2e3dd</load_address>
         <run_address>0x2e3dd</run_address>
         <size>0x281</size>
         <input_file_ref idref="fl-3b"/>
      </object_component>
      <object_component id="oc-365">
         <name>.debug_info</name>
         <load_address>0x2e65e</load_address>
         <run_address>0x2e65e</run_address>
         <size>0x1a8</size>
         <input_file_ref idref="fl-3b"/>
      </object_component>
      <object_component id="oc-359">
         <name>.debug_info</name>
         <load_address>0x2e806</load_address>
         <run_address>0x2e806</run_address>
         <size>0x22f</size>
         <input_file_ref idref="fl-3b"/>
      </object_component>
      <object_component id="oc-3c8">
         <name>.debug_info</name>
         <load_address>0x2ea35</load_address>
         <run_address>0x2ea35</run_address>
         <size>0x236</size>
         <input_file_ref idref="fl-3c"/>
      </object_component>
      <object_component id="oc-3a4">
         <name>.debug_info</name>
         <load_address>0x2ec6b</load_address>
         <run_address>0x2ec6b</run_address>
         <size>0x185</size>
         <input_file_ref idref="fl-3c"/>
      </object_component>
      <object_component id="oc-3d1">
         <name>.debug_info</name>
         <load_address>0x2edf0</load_address>
         <run_address>0x2edf0</run_address>
         <size>0x20a</size>
         <input_file_ref idref="fl-3d"/>
      </object_component>
      <object_component id="oc-3c3">
         <name>.debug_info</name>
         <load_address>0x2effa</load_address>
         <run_address>0x2effa</run_address>
         <size>0x1d2</size>
         <input_file_ref idref="fl-3d"/>
      </object_component>
      <object_component id="oc-280">
         <name>.debug_info</name>
         <load_address>0x2f1cc</load_address>
         <run_address>0x2f1cc</run_address>
         <size>0x290</size>
         <input_file_ref idref="fl-3f"/>
      </object_component>
      <object_component id="oc-1f0">
         <name>.debug_info</name>
         <load_address>0x2f45c</load_address>
         <run_address>0x2f45c</run_address>
         <size>0x1a1</size>
         <input_file_ref idref="fl-3f"/>
      </object_component>
      <object_component id="oc-2d9">
         <name>.debug_info</name>
         <load_address>0x2f5fd</load_address>
         <run_address>0x2f5fd</run_address>
         <size>0x46</size>
         <input_file_ref idref="fl-3f"/>
      </object_component>
      <object_component id="oc-27b">
         <name>.debug_info</name>
         <load_address>0x2f643</load_address>
         <run_address>0x2f643</run_address>
         <size>0x39</size>
         <input_file_ref idref="fl-3f"/>
      </object_component>
      <object_component id="oc-55">
         <name>.debug_info</name>
         <load_address>0x2f67c</load_address>
         <run_address>0x2f67c</run_address>
         <size>0x185</size>
         <input_file_ref idref="fl-40"/>
      </object_component>
      <object_component id="oc-1fb">
         <name>.debug_info</name>
         <load_address>0x2f801</load_address>
         <run_address>0x2f801</run_address>
         <size>0x152</size>
         <input_file_ref idref="fl-41"/>
      </object_component>
      <object_component id="oc-d5">
         <name>.debug_info</name>
         <load_address>0x2f953</load_address>
         <run_address>0x2f953</run_address>
         <size>0x14d</size>
         <input_file_ref idref="fl-42"/>
      </object_component>
      <object_component id="oc-1e1">
         <name>.debug_info</name>
         <load_address>0x2faa0</load_address>
         <run_address>0x2faa0</run_address>
         <size>0x4b4</size>
         <input_file_ref idref="fl-43"/>
      </object_component>
      <object_component id="oc-fb">
         <name>.debug_info</name>
         <load_address>0x2ff54</load_address>
         <run_address>0x2ff54</run_address>
         <size>0x1a7</size>
         <input_file_ref idref="fl-43"/>
      </object_component>
      <object_component id="oc-269">
         <name>.debug_info</name>
         <load_address>0x300fb</load_address>
         <run_address>0x300fb</run_address>
         <size>0x39</size>
         <input_file_ref idref="fl-43"/>
      </object_component>
      <object_component id="oc-2cd">
         <name>.debug_info</name>
         <load_address>0x30134</load_address>
         <run_address>0x30134</run_address>
         <size>0x39</size>
         <input_file_ref idref="fl-43"/>
      </object_component>
      <object_component id="oc-26e">
         <name>.debug_info</name>
         <load_address>0x3016d</load_address>
         <run_address>0x3016d</run_address>
         <size>0x39</size>
         <input_file_ref idref="fl-43"/>
      </object_component>
      <object_component id="oc-273">
         <name>.debug_info</name>
         <load_address>0x301a6</load_address>
         <run_address>0x301a6</run_address>
         <size>0xcd</size>
         <input_file_ref idref="fl-43"/>
      </object_component>
      <object_component id="oc-d3">
         <name>.debug_info</name>
         <load_address>0x30273</load_address>
         <run_address>0x30273</run_address>
         <size>0x2d0</size>
         <input_file_ref idref="fl-45"/>
      </object_component>
      <object_component id="oc-61">
         <name>.debug_info</name>
         <load_address>0x30543</load_address>
         <run_address>0x30543</run_address>
         <size>0x1d3</size>
         <input_file_ref idref="fl-45"/>
      </object_component>
      <object_component id="oc-ce">
         <name>.debug_info</name>
         <load_address>0x30716</load_address>
         <run_address>0x30716</run_address>
         <size>0x46</size>
         <input_file_ref idref="fl-45"/>
      </object_component>
      <object_component id="oc-5f">
         <name>.debug_info</name>
         <load_address>0x3075c</load_address>
         <run_address>0x3075c</run_address>
         <size>0x2a4</size>
         <input_file_ref idref="fl-46"/>
      </object_component>
      <object_component id="oc-17">
         <name>.debug_info</name>
         <load_address>0x30a00</load_address>
         <run_address>0x30a00</run_address>
         <size>0x1d6</size>
         <input_file_ref idref="fl-46"/>
      </object_component>
      <object_component id="oc-5a">
         <name>.debug_info</name>
         <load_address>0x30bd6</load_address>
         <run_address>0x30bd6</run_address>
         <size>0x46</size>
         <input_file_ref idref="fl-46"/>
      </object_component>
      <object_component id="oc-c6">
         <name>.debug_info</name>
         <load_address>0x30c1c</load_address>
         <run_address>0x30c1c</run_address>
         <size>0x2c</size>
         <input_file_ref idref="fl-46"/>
      </object_component>
      <object_component id="oc-c4">
         <name>.debug_info</name>
         <load_address>0x30c48</load_address>
         <run_address>0x30c48</run_address>
         <size>0x29f</size>
         <input_file_ref idref="fl-47"/>
      </object_component>
      <object_component id="oc-11">
         <name>.debug_info</name>
         <load_address>0x30ee7</load_address>
         <run_address>0x30ee7</run_address>
         <size>0x251</size>
         <input_file_ref idref="fl-47"/>
      </object_component>
      <object_component id="oc-4a">
         <name>.debug_info</name>
         <load_address>0x31138</load_address>
         <run_address>0x31138</run_address>
         <size>0x60</size>
         <input_file_ref idref="fl-47"/>
      </object_component>
      <object_component id="oc-18b">
         <name>.debug_info</name>
         <load_address>0x31198</load_address>
         <run_address>0x31198</run_address>
         <size>0x46</size>
         <input_file_ref idref="fl-47"/>
      </object_component>
      <object_component id="oc-bf">
         <name>.debug_info</name>
         <load_address>0x311de</load_address>
         <run_address>0x311de</run_address>
         <size>0x39</size>
         <input_file_ref idref="fl-47"/>
      </object_component>
      <object_component id="oc-14d">
         <name>.debug_info</name>
         <load_address>0x31217</load_address>
         <run_address>0x31217</run_address>
         <size>0x123</size>
         <input_file_ref idref="fl-48"/>
      </object_component>
      <object_component id="oc-290">
         <name>.debug_info</name>
         <load_address>0x3133a</load_address>
         <run_address>0x3133a</run_address>
         <size>0x116</size>
         <input_file_ref idref="fl-4a"/>
      </object_component>
      <object_component id="oc-401">
         <name>.debug_info</name>
         <load_address>0x31450</load_address>
         <run_address>0x31450</run_address>
         <size>0x239</size>
      </object_component>
      <object_component id="oc-257">
         <name>.debug_line</name>
         <load_address>0x0</load_address>
         <run_address>0x0</run_address>
         <size>0x20</size>
         <input_file_ref idref="fl-2"/>
      </object_component>
      <object_component id="oc-164">
         <name>.debug_line</name>
         <load_address>0x20</load_address>
         <run_address>0x20</run_address>
         <size>0x77</size>
         <input_file_ref idref="fl-2"/>
      </object_component>
      <object_component id="oc-a2">
         <name>.debug_line</name>
         <load_address>0x97</load_address>
         <run_address>0x97</run_address>
         <size>0x94</size>
         <input_file_ref idref="fl-2"/>
      </object_component>
      <object_component id="oc-b7">
         <name>.debug_line</name>
         <load_address>0x12b</load_address>
         <run_address>0x12b</run_address>
         <size>0x20</size>
         <input_file_ref idref="fl-2"/>
      </object_component>
      <object_component id="oc-b2">
         <name>.debug_line</name>
         <load_address>0x14b</load_address>
         <run_address>0x14b</run_address>
         <size>0x8f</size>
         <input_file_ref idref="fl-2"/>
      </object_component>
      <object_component id="oc-232">
         <name>.debug_line</name>
         <load_address>0x1da</load_address>
         <run_address>0x1da</run_address>
         <size>0x7b</size>
         <input_file_ref idref="fl-2"/>
      </object_component>
      <object_component id="oc-14a">
         <name>.debug_line</name>
         <load_address>0x255</load_address>
         <run_address>0x255</run_address>
         <size>0x78</size>
         <input_file_ref idref="fl-2"/>
      </object_component>
      <object_component id="oc-bc">
         <name>.debug_line</name>
         <load_address>0x2cd</load_address>
         <run_address>0x2cd</run_address>
         <size>0x92</size>
         <input_file_ref idref="fl-2"/>
      </object_component>
      <object_component id="oc-1b1">
         <name>.debug_line</name>
         <load_address>0x35f</load_address>
         <run_address>0x35f</run_address>
         <size>0x8f</size>
         <input_file_ref idref="fl-2"/>
      </object_component>
      <object_component id="oc-25b">
         <name>.debug_line</name>
         <load_address>0x3ee</load_address>
         <run_address>0x3ee</run_address>
         <size>0x8b</size>
         <input_file_ref idref="fl-2"/>
      </object_component>
      <object_component id="oc-182">
         <name>.debug_line</name>
         <load_address>0x479</load_address>
         <run_address>0x479</run_address>
         <size>0x8f</size>
         <input_file_ref idref="fl-2"/>
      </object_component>
      <object_component id="oc-ab">
         <name>.debug_line</name>
         <load_address>0x508</load_address>
         <run_address>0x508</run_address>
         <size>0xcf</size>
         <input_file_ref idref="fl-3"/>
      </object_component>
      <object_component id="oc-2c5">
[...]
         <name>mibspi3ParityCheck</name>
         <value>0x126ac</value>
         <object_component_ref idref="oc-83"/>
      </symbol>
      <symbol id="sm-4eb">
         <name>efcSelfTest</name>
         <value>0x116b4</value>
         <object_component_ref idref="oc-83"/>
      </symbol>
      <symbol id="sm-4ec">
         <name>checkB1RAMECC</name>
         <value>0x11a48</value>
         <object_component_ref idref="oc-83"/>
      </symbol>
      <symbol id="sm-4ed">
         <name>pbistStop</name>
         <value>0x11498</value>
         <object_component_ref idref="oc-83"/>
      </symbol>
      <symbol id="sm-4ee">
         <name>can3ParityCheck</name>
         <value>0x124d0</value>
         <object_component_ref idref="oc-83"/>
      </symbol>
      <symbol id="sm-4ef">
         <name>checkRAMAddrParity</name>
         <value>0x12f70</value>
         <object_component_ref idref="oc-83"/>
      </symbol>
      <symbol id="sm-4f0">
         <name>mibspi5ParityCheck</name>
         <value>0x127d0</value>
         <object_component_ref idref="oc-83"/>
      </symbol>
      <symbol id="sm-4f1">
         <name>checkB0RAMECC</name>
         <value>0x11858</value>
         <object_component_ref idref="oc-83"/>
      </symbol>
      <symbol id="sm-4f2">
         <name>stcGetConfigValue</name>
         <value>0x134dc</value>
         <object_component_ref idref="oc-83"/>
      </symbol>
      <symbol id="sm-4f3">
         <name>pbistIsTestPassed</name>
         <value>0x114f4</value>
         <object_component_ref idref="oc-83"/>
      </symbol>
      <symbol id="sm-4f4">
         <name>checkClockMonitor</name>
         <value>0x12b38</value>
         <object_component_ref idref="oc-83"/>
      </symbol>
      <symbol id="sm-4f5">
         <name>fmcECCcheck</name>
         <value>0x117b8</value>
         <object_component_ref idref="oc-83"/>
      </symbol>
      <symbol id="sm-4f6">
         <name>fmcBus2Check</name>
         <value>0x1177c</value>
         <object_component_ref idref="oc-83"/>
      </symbol>
      <symbol id="sm-4f7">
         <name>checkRAMUERRTest</name>
         <value>0x1307c</value>
         <object_component_ref idref="oc-83"/>
      </symbol>
      <symbol id="sm-4f8">
         <name>efcStuckZeroTest</name>
         <value>0x11608</value>
         <object_component_ref idref="oc-83"/>
      </symbol>
      <symbol id="sm-4f9">
         <name>checkPLL2Slip</name>
         <value>0x12eac</value>
         <object_component_ref idref="oc-83"/>
      </symbol>
      <symbol id="sm-52b">
         <name>_c_int00</name>
         <value>0x18c30</value>
         <object_component_ref idref="oc-1d"/>
      </symbol>
      <symbol id="sm-52c">
         <name>handlePLLLockFail</name>
         <value>0x19c44</value>
         <object_component_ref idref="oc-77"/>
      </symbol>
      <symbol id="sm-5db">
         <name>vimChannelMap</name>
         <value>0x152cc</value>
         <object_component_ref idref="oc-3e"/>
      </symbol>
      <symbol id="sm-5dc">
         <name>vimInit</name>
         <value>0x151f8</value>
         <object_component_ref idref="oc-3e"/>
      </symbol>
      <symbol id="sm-5dd">
         <name>vimEnableInterrupt</name>
         <value>0x15370</value>
         <object_component_ref idref="oc-3e"/>
      </symbol>
      <symbol id="sm-5de">
         <name>vimDisableInterrupt</name>
         <value>0x15538</value>
         <object_component_ref idref="oc-3e"/>
      </symbol>
      <symbol id="sm-5df">
         <name>vimGetConfigValue</name>
         <value>0x155e4</value>
         <object_component_ref idref="oc-3e"/>
      </symbol>
      <symbol id="sm-5e0">
         <name>vimParityErrorHandler</name>
         <value>0x18964</value>
         <object_component_ref idref="oc-3d"/>
      </symbol>
      <symbol id="sm-63c">
         <name>systemGetConfigValue</name>
         <value>0x13fb0</value>
         <object_component_ref idref="oc-7d"/>
      </symbol>
      <symbol id="sm-63d">
         <name>trimLPO</name>
         <value>0x13c7c</value>
         <object_component_ref idref="oc-7d"/>
      </symbol>
      <symbol id="sm-63e">
         <name>systemInit</name>
         <value>0x13eb4</value>
         <object_component_ref idref="oc-7d"/>
      </symbol>
      <symbol id="sm-63f">
         <name>customTrimLPO</name>
         <value>0x146b4</value>
         <object_component_ref idref="oc-7d"/>
      </symbol>
      <symbol id="sm-640">
         <name>tcmflashGetConfigValue</name>
         <value>0x143cc</value>
         <object_component_ref idref="oc-7d"/>
      </symbol>
      <symbol id="sm-641">
         <name>sramGetConfigValue</name>
         <value>0x14578</value>
         <object_component_ref idref="oc-7d"/>
      </symbol>
      <symbol id="sm-642">
         <name>periphInit</name>
         <value>0x13d38</value>
         <object_component_ref idref="oc-7d"/>
      </symbol>
      <symbol id="sm-643">
         <name>setupFlash</name>
         <value>0x13cf8</value>
         <object_component_ref idref="oc-7d"/>
      </symbol>
      <symbol id="sm-644">
         <name>setupPLL</name>
         <value>0x13c1c</value>
         <object_component_ref idref="oc-7d"/>
      </symbol>
      <symbol id="sm-645">
         <name>mapClocks</name>
         <value>0x13d8c</value>
         <object_component_ref idref="oc-7d"/>
      </symbol>
      <symbol id="sm-646">
         <name>systemPowerDown</name>
         <value>0x13f80</value>
         <object_component_ref idref="oc-7d"/>
      </symbol>
      <symbol id="sm-65d">
         <name>Fapi_serviceWatchdogTimer</name>
         <value>0x8002000</value>
         <object_component_ref idref="oc-3ab"/>
      </symbol>
      <symbol id="sm-67c">
         <name>CheckForceUpdate</name>
         <value>0x19890</value>
         <object_component_ref idref="oc-134"/>
      </symbol>
      <symbol id="sm-67d">
         <name>CheckGPIOForceUpdate</name>
         <value>0x1981c</value>
         <object_component_ref idref="oc-134"/>
      </symbol>
      <symbol id="sm-6e9">
         <name>g_ucStartBank</name>
         <value>0x8003725</value>
      </symbol>
      <symbol id="sm-6ea">
         <name>g_ucEndBank</name>
         <value>0x8003724</value>
      </symbol>
      <symbol id="sm-6eb">
         <name>Flash_Erase_Check</name>
         <value>0x8002608</value>
         <object_component_ref idref="oc-2a0"/>
      </symbol>
      <symbol id="sm-6ec">
         <name>Fapi_BlockRead</name>
         <value>0x8002654</value>
         <object_component_ref idref="oc-2a0"/>
      </symbol>
      <symbol id="sm-6ed">
         <name>Flash_Program_Check</name>
         <value>0x80025b8</value>
         <object_component_ref idref="oc-2a0"/>
      </symbol>
      <symbol id="sm-6ee">
         <name>Fapi_Init</name>
         <value>0x8002170</value>
         <object_component_ref idref="oc-2a0"/>
      </symbol>
      <symbol id="sm-6ef">
         <name>g_ulBankInitialized</name>
         <value>0x8003330</value>
         <object_component_ref idref="oc-309"/>
      </symbol>
      <symbol id="sm-6f0">
         <name>flash_sector</name>
         <value>0x8003538</value>
         <object_component_ref idref="oc-306"/>
      </symbol>
      <symbol id="sm-6f1">
         <name>Fapi_BlockErase</name>
         <value>0x8002220</value>
         <object_component_ref idref="oc-2a0"/>
      </symbol>
      <symbol id="sm-6f2">
         <name>BLInternalFlashSizeGet</name>
         <value>0x8002030</value>
         <object_component_ref idref="oc-2a0"/>
      </symbol>
      <symbol id="sm-6f3">
         <name>Fapi_BlockProgram</name>
         <value>0x8002404</value>
         <object_component_ref idref="oc-2a0"/>
      </symbol>
      <symbol id="sm-6f4">
         <name>Fapi_UpdateStatusProgram</name>
         <value>0x800251c</value>
         <object_component_ref idref="oc-2a0"/>
      </symbol>
      <symbol id="sm-6f5">
         <name>BLInternalFlashStartAddrCheck</name>
         <value>0x8002058</value>
         <object_component_ref idref="oc-2a0"/>
      </symbol>
      <symbol id="sm-6f6">
         <name>BLInternalFlashFirstSectorSizeGet</name>
         <value>0x8002008</value>
         <object_component_ref idref="oc-2a0"/>
      </symbol>
      <symbol id="sm-711">
         <name>run_LED_StartUp</name>
         <value>0x198ec</value>
         <object_component_ref idref="oc-20d"/>
      </symbol>
      <symbol id="sm-740">
         <name>g_ulTransferAddress</name>
         <value>0x8003720</value>
      </symbol>
      <symbol id="sm-741">
         <name>ConfigureUartDevice</name>
         <value>0x19264</value>
         <object_component_ref idref="oc-90"/>
      </symbol>
      <symbol id="sm-742">
         <name>g_ulUpdateStatusAddr</name>
         <value>0x8003328</value>
         <object_component_ref idref="oc-202"/>
      </symbol>
      <symbol id="sm-743">
         <name>main</name>
         <value>0x191d8</value>
         <object_component_ref idref="oc-90"/>
      </symbol>
      <symbol id="sm-744">
         <name>delay</name>
         <value>0x191a0</value>
         <object_component_ref idref="oc-90"/>
      </symbol>
      <symbol id="sm-745">
         <name>g_pulUpdateSuccess</name>
         <value>0x8003300</value>
         <object_component_ref idref="oc-140"/>
      </symbol>
      <symbol id="sm-746">
         <name>g_ulUpdateBufferSize</name>
         <value>0x800332c</value>
         <object_component_ref idref="oc-202"/>
      </symbol>
      <symbol id="sm-78e">
         <name>JumpAddress</name>
         <value>0x800371c</value>
      </symbol>
      <symbol id="sm-78f">
         <name>UART_Upload</name>
         <value>0x17ac4</value>
         <object_component_ref idref="oc-13a"/>
      </symbol>
      <symbol id="sm-790">
         <name>UpdaterUART</name>
         <value>0x17b6c</value>
         <object_component_ref idref="oc-13a"/>
      </symbol>
      <symbol id="sm-791">
         <name>tab_1024</name>
         <value>0x8002f00</value>
         <object_component_ref idref="oc-21c"/>
      </symbol>
      <symbol id="sm-792">
         <name>UART_Download</name>
         <value>0x17a04</value>
         <object_component_ref idref="oc-13a"/>
      </symbol>
      <symbol id="sm-803">
         <name>fileName</name>
         <value>0x8003688</value>
      </symbol>
      <symbol id="sm-804">
         <name>SendDataPacket</name>
         <value>0x14e30</value>
         <object_component_ref idref="oc-207"/>
      </symbol>
      <symbol id="sm-805">
         <name>Ymodem_Receive</name>
         <value>0x14794</value>
         <object_component_ref idref="oc-207"/>
      </symbol>
      <symbol id="sm-806">
         <name>Ymodem_Transmit</name>
         <value>0x15008</value>
         <object_component_ref idref="oc-207"/>
      </symbol>
      <symbol id="sm-859">
         <name>UART_getChar</name>
         <value>0x170e4</value>
         <object_component_ref idref="oc-12e"/>
      </symbol>
      <symbol id="sm-85a">
         <name>UART_txByte</name>
         <value>0x171c0</value>
         <object_component_ref idref="oc-12e"/>
      </symbol>
      <symbol id="sm-85b">
         <name>UART_rxByte</name>
         <value>0x17148</value>
         <object_component_ref idref="oc-12e"/>
      </symbol>
      <symbol id="sm-85c">
         <name>UART_putChar</name>
         <value>0x17360</value>
         <object_component_ref idref="oc-12e"/>
      </symbol>
      <symbol id="sm-85d">
         <name>UART_putString</name>
         <value>0x17320</value>
         <object_component_ref idref="oc-12e"/>
      </symbol>
      <symbol id="sm-85e">
         <name>UART_getKey</name>
         <value>0x170a8</value>
         <object_component_ref idref="oc-12e"/>
      </symbol>
      <symbol id="sm-85f">
         <name>Int2Str</name>
         <value>0x16c38</value>
         <object_component_ref idref="oc-12e"/>
      </symbol>
      <symbol id="sm-860">
         <name>UART_send32BitData</name>
         <value>0x17280</value>
         <object_component_ref idref="oc-12e"/>
      </symbol>
      <symbol id="sm-861">
         <name>Str2Int</name>
         <value>0x16d2c</value>
         <object_component_ref idref="oc-12e"/>
      </symbol>
      <symbol id="sm-862">
         <name>U32toStr</name>
         <value>0x171f4</value>
         <object_component_ref idref="oc-12e"/>
      </symbol>
      <symbol id="sm-87b">
         <name>get_software_Version</name>
         <value>0x19040</value>
         <object_component_ref idref="oc-213"/>
      </symbol>
      <symbol id="sm-87c">
         <name>get_hardware_Info</name>
         <value>0x19054</value>
         <object_component_ref idref="oc-213"/>
      </symbol>
      <symbol id="sm-88b">
         <name>_cal_crc16_</name>
         <value>0x19b4c</value>
         <object_component_ref idref="oc-29b"/>
      </symbol>
      <symbol id="sm-8b0">
         <name>Fapi_issueAsyncCommandWithAddress</name>
         <value>0x8002ddd</value>
         <object_component_ref idref="oc-2f4"/>
      </symbol>
      <symbol id="sm-8c1">
         <name>Fapi_enableMainBankSectors</name>
         <value>0x8002c49</value>
         <object_component_ref idref="oc-2ee"/>
      </symbol>
      <symbol id="sm-8e4">
         <name>Fapi_initializeFlashBanks</name>
         <value>0x80026fd</value>
         <object_component_ref idref="oc-2e2"/>
      </symbol>
      <symbol id="sm-8f3">
         <name>_Fapi_issueFsmCommand</name>
         <value>0x8002da1</value>
         <object_component_ref idref="oc-343"/>
      </symbol>
      <symbol id="sm-910">
         <name>_scaleMainFclk</name>
         <value>0x8002edd</value>
         <object_component_ref idref="oc-320"/>
      </symbol>
      <symbol id="sm-911">
         <name>_scaleEEFclk</name>
         <value>0x8002ecd</value>
         <object_component_ref idref="oc-326"/>
      </symbol>
      <symbol id="sm-92b">
         <name>Fapi_setActiveFlashBank</name>
         <value>0x800295d</value>
         <object_component_ref idref="oc-2e8"/>
      </symbol>
      <symbol id="sm-94e">
         <name>Fapi_issueProgrammingCommand</name>
         <value>0x8002ad9</value>
         <object_component_ref idref="oc-2fa"/>
      </symbol>
      <symbol id="sm-95e">
         <name>Fapi_doMarginReadByByte</name>
         <value>0x8002d61</value>
         <object_component_ref idref="oc-300"/>
      </symbol>
      <symbol id="sm-96c">
         <name>_Fapi_checkWdService</name>
         <value>0x8002eed</value>
         <object_component_ref idref="oc-35e"/>
      </symbol>
      <symbol id="sm-97b">
         <name>Fapi_calculateEcc</name>
         <value>0x8002ea9</value>
         <object_component_ref idref="oc-34b"/>
      </symbol>
      <symbol id="sm-98a">
         <name>Fapi_calculateFletcherChecksum</name>
         <value>0x8002d21</value>
         <object_component_ref idref="oc-314"/>
      </symbol>
      <symbol id="sm-999">
         <name>Fapi_getNumberOfBankSectors</name>
         <value>0x8002ebd</value>
         <object_component_ref idref="oc-33b"/>
      </symbol>
      <symbol id="sm-9b6">
         <name>_Fapi_enterMarginMode</name>
         <value>0x8002cb9</value>
         <object_component_ref idref="oc-358"/>
      </symbol>
      <symbol id="sm-9b7">
         <name>_Fapi_exitMarginMode</name>
         <value>0x8002e3d</value>
         <object_component_ref idref="oc-364"/>
      </symbol>
      <symbol id="sm-9c4">
         <name>Fapi_flushPipeline</name>
         <value>0x8002e69</value>
         <object_component_ref idref="oc-3a3"/>
      </symbol>
      <symbol id="sm-9d4">
         <name>Fapi_waitDelay</name>
         <value>0x8002e0d</value>
         <object_component_ref idref="oc-3c1"/>
      </symbol>
      <symbol id="sm-9f9">
         <name>floorl</name>
         <value>0x192e8</value>
         <object_component_ref idref="oc-1ef"/>
      </symbol>
      <symbol id="sm-9fa">
         <name>floor</name>
         <value>0x192e8</value>
         <object_component_ref idref="oc-1ef"/>
      </symbol>
      <symbol id="sm-a13">
         <name>memcpy</name>
         <value>0x18ec0</value>
         <object_component_ref idref="oc-54"/>
      </symbol>
      <symbol id="sm-a14">
         <name>__aeabi_memcpy</name>
         <value>0x18ec0</value>
         <object_component_ref idref="oc-54"/>
      </symbol>
      <symbol id="sm-a15">
         <name>__aeabi_memcpy8</name>
         <value>0x18ec0</value>
         <object_component_ref idref="oc-54"/>
      </symbol>
      <symbol id="sm-a16">
         <name>__aeabi_memcpy4</name>
         <value>0x18ec0</value>
         <object_component_ref idref="oc-54"/>
      </symbol>
      <symbol id="sm-a22">
         <name>__aeabi_uidivmod</name>
         <value>0x19ba8</value>
         <object_component_ref idref="oc-1fa"/>
      </symbol>
      <symbol id="sm-a23">
         <name>__aeabi_uidiv</name>
         <value>0x19ba8</value>
         <object_component_ref idref="oc-1fa"/>
      </symbol>
      <symbol id="sm-a32">
         <name>__aeabi_memset</name>
         <value>0x199a8</value>
         <object_component_ref idref="oc-d4"/>
      </symbol>
      <symbol id="sm-a33">
         <name>memset</name>
         <value>0x199b4</value>
         <object_component_ref idref="oc-d4"/>
      </symbol>
      <symbol id="sm-a34">
         <name>__aeabi_memset8</name>
         <value>0x199a8</value>
         <object_component_ref idref="oc-d4"/>
      </symbol>
      <symbol id="sm-a35">
         <name>__aeabi_memset4</name>
         <value>0x199a8</value>
         <object_component_ref idref="oc-d4"/>
      </symbol>
      <symbol id="sm-a36">
         <name>__aeabi_memclr8</name>
         <value>0x199a4</value>
         <object_component_ref idref="oc-d4"/>
      </symbol>
      <symbol id="sm-a37">
         <name>__aeabi_memclr4</name>
         <value>0x199a4</value>
         <object_component_ref idref="oc-d4"/>
      </symbol>
      <symbol id="sm-a38">
         <name>__aeabi_memclr</name>
         <value>0x199a4</value>
         <object_component_ref idref="oc-d4"/>
      </symbol>
      <symbol id="sm-a60">
         <name>__TI_auto_init_nobinit_nopinit</name>
         <value>0x19ae4</value>
         <object_component_ref idref="oc-f8"/>
      </symbol>
      <symbol id="sm-a74">
         <name>__TI_zero_init_nomemset</name>
         <value>0x19bf8</value>
         <object_component_ref idref="oc-60"/>
      </symbol>
      <symbol id="sm-a8b">
         <name>__TI_decompress_none</name>
         <value>0x19c20</value>
         <object_component_ref idref="oc-16"/>
      </symbol>
      <symbol id="sm-aae">
         <name>__TI_decompress_lzss</name>
         <value>0x19a54</value>
         <object_component_ref idref="oc-10"/>
      </symbol>
      <symbol id="sm-ab9">
         <name>C$$EXIT</name>
         <value>0x19c34</value>
         <object_component_ref idref="oc-14c"/>
      </symbol>
      <symbol id="sm-aba">
         <name>abort</name>
         <value>0x19c34</value>
         <object_component_ref idref="oc-14c"/>
      </symbol>
      <symbol id="sm-ac5">
         <name>__aeabi_idiv0</name>
         <value>0x19c40</value>
         <object_component_ref idref="oc-28f"/>
      </symbol>
      <symbol id="sm-ac6">
         <name>__aeabi_ldiv0</name>
         <value>0x19c40</value>
         <object_component_ref idref="oc-28f"/>
      </symbol>
      <symbol id="sm-ac7">
         <name>__TI_static_base__</name>
         <value>0x19fb0</value>
      </symbol>
      <symbol id="sm-ace">
         <name>SHT$$INIT_ARRAY$$Base</name>
         <value>0x0</value>
      </symbol>
      <symbol id="sm-acf">
         <name>SHT$$INIT_ARRAY$$Limit</name>
         <value>0x0</value>
      </symbol>
      <symbol id="sm-ad0">
         <name>_system_post_cinit</name>
         <value>0x0</value>
      </symbol>
   </symbol_table>
   <title>Link successful</title>
</link_info>
