******************************************************************************
                  MSP430 Linker Unix v20.2.4                   
******************************************************************************
>> Linked Sun Aug  8 23:36:06 2021

OUTPUT FILE NAME:   <MotorControl.out>
ENTRY POINT SYMBOL: "_c_int00_noargs_mpu"  address: 00004000


MEMORY CONFIGURATION

         name            origin    length      used     unused   attr    fill
----------------------  --------  ---------  --------  --------  ----  --------
  TINYRAM               0000000a   00000016  00000000  00000016  RWIX
  BSL                   00001000   00000800  00000000  00000800  RWIX
  INFOD                 00001800   00000080  00000000  00000080  RWIX
  INFOC                 00001880   00000080  00000000  00000080  RWIX
  INFOB                 00001900   00000080  00000000  00000080  RWIX
  INFOA                 00001980   00000080  00000000  00000080  RWIX
  RAM                   00001c00   00001000  000002f6  00000d0a  RWIX
  LEARAM                00002c00   00000ec8  00000000  00000ec8  RWIX
  LEASTACK              00003ac8   00000138  00000000  00000138  RWIX
  FRAM                  00004000   0000bf80  00000206  0000bd7a  RWIX
  JTAGSIGNATURE         0000ff80   00000004  00000004  00000000  RWIX  ffff 
  BSLSIGNATURE          0000ff84   00000004  00000004  00000000  RWIX  ffff 
  IPESIGNATURE          0000ff88   00000008  00000008  00000000  RWIX  ffff 
  INT00                 0000ff90   00000002  00000000  00000002  RWIX
  INT01                 0000ff92   00000002  00000000  00000002  RWIX
  INT02                 0000ff94   00000002  00000000  00000002  RWIX
  INT03                 0000ff96   00000002  00000000  00000002  RWIX
  INT04                 0000ff98   00000002  00000000  00000002  RWIX
  INT05                 0000ff9a   00000002  00000000  00000002  RWIX
  INT06                 0000ff9c   00000002  00000000  00000002  RWIX
  INT07                 0000ff9e   00000002  00000000  00000002  RWIX
  INT08                 0000ffa0   00000002  00000000  00000002  RWIX
  INT09                 0000ffa2   00000002  00000000  00000002  RWIX
  INT10                 0000ffa4   00000002  00000000  00000002  RWIX
  INT11                 0000ffa6   00000002  00000000  00000002  RWIX
  INT12                 0000ffa8   00000002  00000000  00000002  RWIX
  INT13                 0000ffaa   00000002  00000000  00000002  RWIX
  INT14                 0000ffac   00000002  00000000  00000002  RWIX
  INT15                 0000ffae   00000002  00000000  00000002  RWIX
  INT16                 0000ffb0   00000002  00000000  00000002  RWIX
  INT17                 0000ffb2   00000002  00000000  00000002  RWIX
  INT18                 0000ffb4   00000002  00000002  00000000  RWIX
  INT19                 0000ffb6   00000002  00000002  00000000  RWIX
  INT20                 0000ffb8   00000002  00000002  00000000  RWIX
  INT21                 0000ffba   00000002  00000002  00000000  RWIX
  INT22                 0000ffbc   00000002  00000002  00000000  RWIX
  INT23                 0000ffbe   00000002  00000002  00000000  RWIX
  INT24                 0000ffc0   00000002  00000002  00000000  RWIX
  INT25                 0000ffc2   00000002  00000002  00000000  RWIX
  INT26                 0000ffc4   00000002  00000002  00000000  RWIX
  INT27                 0000ffc6   00000002  00000002  00000000  RWIX
  INT28                 0000ffc8   00000002  00000002  00000000  RWIX
  INT29                 0000ffca   00000002  00000002  00000000  RWIX
  INT30                 0000ffcc   00000002  00000002  00000000  RWIX
  INT31                 0000ffce   00000002  00000002  00000000  RWIX
  INT32                 0000ffd0   00000002  00000002  00000000  RWIX
  INT33                 0000ffd2   00000002  00000002  00000000  RWIX
  INT34                 0000ffd4   00000002  00000002  00000000  RWIX
  INT35                 0000ffd6   00000002  00000002  00000000  RWIX
  INT36                 0000ffd8   00000002  00000002  00000000  RWIX
  INT37                 0000ffda   00000002  00000002  00000000  RWIX
  INT38                 0000ffdc   00000002  00000002  00000000  RWIX
  INT39                 0000ffde   00000002  00000002  00000000  RWIX
  INT40                 0000ffe0   00000002  00000002  00000000  RWIX
  INT41                 0000ffe2   00000002  00000002  00000000  RWIX
  INT42                 0000ffe4   00000002  00000002  00000000  RWIX
  INT43                 0000ffe6   00000002  00000002  00000000  RWIX
  INT44                 0000ffe8   00000002  00000002  00000000  RWIX
  INT45                 0000ffea   00000002  00000002  00000000  RWIX
  INT46                 0000ffec   00000002  00000002  00000000  RWIX
  INT47                 0000ffee   00000002  00000002  00000000  RWIX
  INT48                 0000fff0   00000002  00000002  00000000  RWIX
  INT49                 0000fff2   00000002  00000002  00000000  RWIX
  INT50                 0000fff4   00000002  00000002  00000000  RWIX
  INT51                 0000fff6   00000002  00000002  00000000  RWIX
  INT52                 0000fff8   00000002  00000002  00000000  RWIX
  INT53                 0000fffa   00000002  00000002  00000000  RWIX
  INT54                 0000fffc   00000002  00000002  00000000  RWIX
  RESET                 0000fffe   00000002  00000002  00000000  RWIX
  FRAM2                 00010000   00034000  00001d76  0003228a  RWIX


SECTION ALLOCATION MAP

 output                                  attributes/
section   page    origin      length       input sections
--------  ----  ----------  ----------   ----------------
.TI.persistent 
*          0    00004000    00000000     UNINITIALIZED

.cio       0    00004000    00000000     UNINITIALIZED

.sysmem    0    00004000    00000000     UNINITIALIZED

.ipestruct 
*          0    00004000    00000000     UNINITIALIZED

.ipe       0    00004000    00000000     UNINITIALIZED

.ipe_const 
*          0    00004000    00000000     UNINITIALIZED

.ipe:_isr 
*          0    00004000    00000000     UNINITIALIZED

.cinit     0    000041ce    00000028     
                  000041ce    0000000c     (__TI_handler_table)
                  000041da    00000006     (.cinit..bss.load) [load image, compression = zero_init]
                  000041e0    00000006     (.cinit..data.load) [load image, compression = lzss]
                  000041e6    00000010     (__TI_cinit_table)

.binit     0    000041f6    00000010     
                  000041f6    00000010     (.binit)

.init_array 
*          0    00004000    00000000     UNINITIALIZED

.text:_isr 
*          0    00004000    00000028     
                  00004000    00000020     rts430x_lc_rd_eabi.lib : boot.c.obj (.text:_isr:_c_int00_noargs_mpu)
                  00004020    00000008                            : isr_trap.asm.obj (.text:_isr:__TI_ISR_TRAP)

.TI.ramfunc 
*          0    00004028    00000176     RUN ADDR = 00001c00
                  00004028    00000166     i2c.obj (.TI.ramfunc:USCI_B0_ISR)
                  0000418e    00000010     main.obj (.TI.ramfunc:TIMER0_B0_ISR)

.bss       0    00001d76    000000de     UNINITIALIZED
                  00001d76    0000002e     (.common:g_piCur)
                  00001da4    0000002e     (.common:g_piSpd)
                  00001dd2    00000010     (.common:g_i2cCmdLength)
                  00001de2    00000008     (.common:g_hallMap)
                  00001dea    00000008     (.common:g_rxBuffer)
                  00001df2    00000008     (.common:g_txBuffer)
                  00001dfa    00000006     (.common:g_impulse)
                  00001e00    00000004     (.common:g_closeLoopThreshold)
                  00001e04    00000004     (.common:g_currentOffsetPhaseA)
                  00001e08    00000004     (.common:g_currentOffsetPhaseB)
                  00001e0c    00000004     (.common:g_currentOffsetPhaseC)
                  00001e10    00000004     (.common:g_currentPhaseA)
                  00001e14    00000004     (.common:g_currentPhaseB)
                  00001e18    00000004     (.common:g_currentPhaseC)
                  00001e1c    00000004     (.common:g_currentPosition)
                  00001e20    00000004     (.common:g_currentSpeed)
                  00001e24    00000004     (.common:g_drivingTimeoutCtr)
                  00001e28    00000004     (.common:g_hallSensor)
                  00001e2c    00000004     (.common:g_oldPosition)
                  00001e30    00000004     (.common:g_openLoopTorque)
                  00001e34    00000004     (.common:g_targetPosition)
                  00001e38    00000002     (.common:g_accelRate)
                  00001e3a    00000002     (.common:g_cmdState)
                  00001e3c    00000002     (.common:g_controlPrescaler)
                  00001e3e    00000002     (.common:g_decelRate)
                  00001e40    00000002     (.common:g_slaveMode)
                  00001e42    00000002     (.common:g_state)
                  00001e44    00000001     (.common:g_closedLoop)
                  00001e45    00000001     (.common:g_commState)
                  00001e46    00000001     (.common:g_controlRegister)
                  00001e47    00000001     (.common:g_faultRegister)
                  00001e48    00000001     (.common:g_i2cSlaveAddress)
                  00001e49    00000001     (.common:g_maxSpeed)
                  00001e4a    00000001     (.common:g_mod6cnt)
                  00001e4b    00000001     (.common:g_oldCommState)
                  00001e4c    00000001     (.common:g_readRegAddr)
                  00001e4d    00000001     (.common:g_rxBufferIdx)
                  00001e4e    00000001     (.common:g_rxByteCtr)
                  00001e4f    00000001     (.common:g_statusRegister)
                  00001e50    00000001     (.common:g_targetDirection)
                  00001e51    00000001     (.common:g_targetReached)
                  00001e52    00000001     (.common:g_txBufferIdx)
                  00001e53    00000001     (.common:g_txByteCtr)

.data      0    00001e54    00000002     UNINITIALIZED
                  00001e54    00000002     main.obj (.data)

.stack     0    00002b60    000000a0     UNINITIALIZED
                  00002b60    00000004     rts430x_lc_rd_eabi.lib : boot.c.obj (.stack)
                  00002b64    0000009c     --HOLE--

$fill000   0    0000ff80    00000004     
                  0000ff80    00000004     --HOLE-- [fill = ffff]

$fill001   0    0000ff84    00000004     
                  0000ff84    00000004     --HOLE-- [fill = ffff]

$fill002   0    0000ff88    00000008     
                  0000ff88    00000008     --HOLE-- [fill = ffff]

LEA        0    0000ffb4    00000002     
                  0000ffb4    00000002     rts430x_lc_rd_eabi.lib : int18.asm.obj (.int18)

PORT8      0    0000ffb6    00000002     
                  0000ffb6    00000002     rts430x_lc_rd_eabi.lib : int19.asm.obj (.int19)

PORT7      0    0000ffb8    00000002     
                  0000ffb8    00000002     rts430x_lc_rd_eabi.lib : int20.asm.obj (.int20)

EUSCI_B3   0    0000ffba    00000002     
                  0000ffba    00000002     rts430x_lc_rd_eabi.lib : int21.asm.obj (.int21)

EUSCI_B2   0    0000ffbc    00000002     
                  0000ffbc    00000002     rts430x_lc_rd_eabi.lib : int22.asm.obj (.int22)

EUSCI_B1   0    0000ffbe    00000002     
                  0000ffbe    00000002     rts430x_lc_rd_eabi.lib : int23.asm.obj (.int23)

EUSCI_A3   0    0000ffc0    00000002     
                  0000ffc0    00000002     rts430x_lc_rd_eabi.lib : int24.asm.obj (.int24)

EUSCI_A2   0    0000ffc2    00000002     
                  0000ffc2    00000002     rts430x_lc_rd_eabi.lib : int25.asm.obj (.int25)

PORT6      0    0000ffc4    00000002     
                  0000ffc4    00000002     rts430x_lc_rd_eabi.lib : int26.asm.obj (.int26)

PORT5      0    0000ffc6    00000002     
                  0000ffc6    00000002     rts430x_lc_rd_eabi.lib : int27.asm.obj (.int27)

TIMER4_A1 
*          0    0000ffc8    00000002     
                  0000ffc8    00000002     rts430x_lc_rd_eabi.lib : int28.asm.obj (.int28)

TIMER4_A0 
*          0    0000ffca    00000002     
                  0000ffca    00000002     rts430x_lc_rd_eabi.lib : int29.asm.obj (.int29)

AES256     0    0000ffcc    00000002     
                  0000ffcc    00000002     rts430x_lc_rd_eabi.lib : int30.asm.obj (.int30)

RTC_C      0    0000ffce    00000002     
                  0000ffce    00000002     rts430x_lc_rd_eabi.lib : int31.asm.obj (.int31)

PORT4      0    0000ffd0    00000002     
                  0000ffd0    00000002     rts430x_lc_rd_eabi.lib : int32.asm.obj (.int32)

PORT3      0    0000ffd2    00000002     
                  0000ffd2    00000002     rts430x_lc_rd_eabi.lib : int33.asm.obj (.int33)

TIMER3_A1 
*          0    0000ffd4    00000002     
                  0000ffd4    00000002     rts430x_lc_rd_eabi.lib : int34.asm.obj (.int34)

TIMER3_A0 
*          0    0000ffd6    00000002     
                  0000ffd6    00000002     rts430x_lc_rd_eabi.lib : int35.asm.obj (.int35)

PORT2      0    0000ffd8    00000002     
                  0000ffd8    00000002     rts430x_lc_rd_eabi.lib : int36.asm.obj (.int36)

TIMER2_A1 
*          0    0000ffda    00000002     
                  0000ffda    00000002     rts430x_lc_rd_eabi.lib : int37.asm.obj (.int37)

TIMER2_A0 
*          0    0000ffdc    00000002     
                  0000ffdc    00000002     rts430x_lc_rd_eabi.lib : int38.asm.obj (.int38)

PORT1      0    0000ffde    00000002     
                  0000ffde    00000002     rts430x_lc_rd_eabi.lib : int39.asm.obj (.int39)

TIMER1_A1 
*          0    0000ffe0    00000002     
                  0000ffe0    00000002     rts430x_lc_rd_eabi.lib : int40.asm.obj (.int40)

TIMER1_A0 
*          0    0000ffe2    00000002     
                  0000ffe2    00000002     rts430x_lc_rd_eabi.lib : int41.asm.obj (.int41)

DMA        0    0000ffe4    00000002     
                  0000ffe4    00000002     rts430x_lc_rd_eabi.lib : int42.asm.obj (.int42)

EUSCI_A1   0    0000ffe6    00000002     
                  0000ffe6    00000002     rts430x_lc_rd_eabi.lib : int43.asm.obj (.int43)

TIMER0_A1 
*          0    0000ffe8    00000002     
                  0000ffe8    00000002     rts430x_lc_rd_eabi.lib : int44.asm.obj (.int44)

TIMER0_A0 
*          0    0000ffea    00000002     
                  0000ffea    00000002     rts430x_lc_rd_eabi.lib : int45.asm.obj (.int45)

ADC12_B    0    0000ffec    00000002     
                  0000ffec    00000002     rts430x_lc_rd_eabi.lib : int46.asm.obj (.int46)

EUSCI_B0   0    0000ffee    00000002     
                  0000ffee    00000002     i2c.obj (.int47)

EUSCI_A0   0    0000fff0    00000002     
                  0000fff0    00000002     rts430x_lc_rd_eabi.lib : int48.asm.obj (.int48)

WDT        0    0000fff2    00000002     
                  0000fff2    00000002     rts430x_lc_rd_eabi.lib : int49.asm.obj (.int49)

TIMER0_B1 
*          0    0000fff4    00000002     
                  0000fff4    00000002     rts430x_lc_rd_eabi.lib : int50.asm.obj (.int50)

TIMER0_B0 
*          0    0000fff6    00000002     
                  0000fff6    00000002     main.obj (.int51)

COMP_E     0    0000fff8    00000002     
                  0000fff8    00000002     rts430x_lc_rd_eabi.lib : int52.asm.obj (.int52)

UNMI       0    0000fffa    00000002     
                  0000fffa    00000002     rts430x_lc_rd_eabi.lib : int53.asm.obj (.int53)

SYSNMI     0    0000fffc    00000002     
                  0000fffc    00000002     rts430x_lc_rd_eabi.lib : int54.asm.obj (.int54)

.reset     0    0000fffe    00000002     
                  0000fffe    00000002     rts430x_lc_rd_eabi.lib : boot.c.obj (.reset)

.const     0    0000419e    00000030     
                  0000419e    0000001c     gpio.obj (.const:GPIO_PORT_TO_BASE)
                  000041ba    0000000e     bsp.obj (.const:$P$T0$1)
                  000041c8    00000006     i2c.obj (.const:$P$T0$1)

.text      0    00010000    00001d76     
                  00010000    00000298     rts430x_lc_rd_eabi.lib : mpyd.c.obj (.text:__mspabi_mpyd)
                  00010298    000001dc     main.obj (.text:driveOpenLoop)
                  00010474    00000164     rts430x_lc_rd_eabi.lib : frcmpyd.c.obj (.text:__TI_frcmpyd)
                  000105d8    00000138     main.obj (.text:readSensors)
                  00010710    00000132     main.obj (.text:initController)
                  00010842    0000011c     main.obj (.text:closedLoopCurrentLoop)
                  0001095e    000000f0     cs.obj (.text:CS_setDCOFreq)
                  00010a4e    000000ee     main.obj (.text:moderatePIControllers)
                  00010b3c    000000e8     i2c.obj (.text:i2cSlaveTransactionDone)
                  00010c24    000000d8     bsp.obj (.text:initializePwmModules)
                  00010cfc    000000c8     pi.obj (.text:pi_iteration)
                  00010dc4    000000a8     main.obj (.text:closedLoopSpeedLoop)
                  00010e6c    000000a4     bsp.obj (.text:initializeGpios)
                  00010f10    000000a2     main.obj (.text:main)
                  00010fb2    0000009e     rts430x_lc_rd_eabi.lib : fltlid.c.obj (.text:__mspabi_fltlid)
                  00011050    00000088     adc12_b.obj (.text:ADC12_B_init)
                  000110d8    0000007e     main.obj (.text:checkTargetReached)
                  00011156    0000007e     main.obj (.text:updateStateMachine)
                  000111d4    0000007c     i2c.obj (.text:initializeI2cModule)
                  00011250    00000076     timer_b.obj (.text:Timer_B_initUpDownMode)
                  000112c6    00000076     main.obj (.text:checkForClosedLoopErrors)
                  0001133c    00000076     rts430x_lc_rd_eabi.lib : copy_decompress_lzss.c.obj (.text:decompress:lzss:__TI_decompress_lzss)
                  000113b2    00000068     gpio.obj (.text:GPIO_setAsPeripheralModuleFunctionInputPin)
                  0001141a    00000068     gpio.obj (.text:GPIO_setAsPeripheralModuleFunctionOutputPin)
                  00011482    00000066     rts430x_lc_rd_eabi.lib : autoinit.c.obj (.text:__TI_auto_init_nopinit_hold_wdt:__TI_auto_init_nopinit_hold_wdt)
                  000114e8    00000066                            : fixdli.c.obj (.text:__mspabi_fixdli)
                  0001154e    00000064                            : cpy_tbl.c.obj (.text:copy_in)
                  000115b2    0000005c                            : mult64_f5hw.asm.obj (.text:__mpyll)
                  0001160e    00000056     cs.obj (.text:CS_initClockSignal)
                  00011664    00000056     main.obj (.text:initializeControllerVariables)
                  000116ba    0000004e     main.obj (.text:clear_driver_fault)
                  00011708    00000040     gpio.obj (.text:GPIO_setAsInputPin)
                  00011748    0000003e     i2c.obj (.text:initializeCmdLength)
                  00011786    0000003e     main.obj (.text:initializeSensorVariables)
                  000117c4    0000003e     rts430x_lc_rd_eabi.lib : asr32.asm.obj (.text:l_asr_const)
                  00011802    0000003e                            : lsl32.asm.obj (.text:l_lsl_const)
                  00011840    0000003e                            : lsr32.asm.obj (.text:l_lsr_const)
                  0001187e    0000003c     adc12_b.obj (.text:ADC12_B_configureMemory)
                  000118ba    0000003c     IQmathLib_CCS_MPY32_5xx_6xx_CPUX_large_code_restricted_data.lib : __IQNmpy.o (.text:_IQ15mpy)
                  000118f6    0000003a     rts430x_lc_rd_eabi.lib : lsl64.c.obj (.text:__mspabi_sllll)
                  00011930    0000003a                            : lsr64.c.obj (.text:__mspabi_srlll)
                  0001196a    00000038     timer_b.obj (.text:Timer_B_initCompareMode)
                  000119a2    00000034     gpio.obj (.text:GPIO_setAsOutputPin)
                  000119d6    00000030     adc12_b.obj (.text:ADC12_B_startConversion)
                  00011a06    0000002c     MSPMPU_INIT_LIB_CCS_msp430_large_code_restricted_data.lib : mpu_init.o (.text:__mpu_init)
                  00011a32    0000002c     rts430x_lc_rd_eabi.lib : mult3264_f5hw.asm.obj (.text:__mpyull)
                  00011a5e    0000002c     bsp.obj (.text:disableGateDriver)
                  00011a8a    0000002c     bsp.obj (.text:enableGateDriver)
                  00011ab6    0000002c     main.obj (.text:resetPiController)
                  00011ae2    0000002a     eusci_b_i2c.obj (.text:EUSCI_B_I2C_initSlave)
                  00011b0c    00000028     main.obj (.text:initializeHallInterface)
                  00011b34    00000024     rts430x_lc_rd_eabi.lib : copy_zero_init.c.obj (.text:decompress:ZI:__TI_zero_init_nomemset:__TI_zero_init_nomemset)
                  00011b58    00000024                            : mult32_f5hw.asm.obj (.text)
                  00011b7c    00000022     main.obj (.text:handleMotorTimeout)
                  00011b9e    00000020     adc12_b.obj (.text:ADC12_B_setupSamplingTimer)
                  00011bbe    0000001c     gpio.obj (.text:GPIO_setOutputHighOnPin)
                  00011bda    0000001c     gpio.obj (.text:GPIO_setOutputLowOnPin)
                  00011bf6    00000018     main.obj (.text:initializeSoftwareControlVariables)
                  00011c0e    00000018     rts430x_lc_rd_eabi.lib : mult16_f5hw.asm.obj (.text)
                  00011c26    00000016     wdt_a.obj (.text:WDT_A_hold)
                  00011c3c    00000016     rts430x_lc_rd_eabi.lib : div16u.asm.obj (.text)
                  00011c52    00000014                            : memcpy.c.obj (.text:memcpy)
                  00011c66    00000012     i2c.obj (.text:copyArray)
                  00011c78    00000012     rts430x_lc_rd_eabi.lib : copy_decompress_none.c.obj (.text:decompress:none:__TI_decompress_none)
                  00011c8a    00000010     adc12_b.obj (.text:ADC12_B_setResolution)
                  00011c9a    00000010     rts430x_lc_rd_eabi.lib : lsr32.asm.obj (.text:l_lsr)
                  00011caa    0000000e     adc12_b.obj (.text:ADC12_B_enable)
                  00011cb8    0000000e     rts430x_lc_rd_eabi.lib : labs.c.obj (.text:labs)
                  00011cc6    0000000c     eusci_b_i2c.obj (.text:EUSCI_B_I2C_clearInterrupt)
                  00011cd2    0000000c     eusci_b_i2c.obj (.text:EUSCI_B_I2C_enableInterrupt)
                  00011cde    0000000c     rts430x_lc_rd_eabi.lib : fltid.c.obj (.text:__mspabi_fltid)
                  00011cea    0000000c     main.obj (.text:read_driver_fault)
                  00011cf6    0000000c     bsp.obj (.text:setPwmAPeriod)
                  00011d02    0000000c     bsp.obj (.text:setPwmBPeriod)
                  00011d0e    0000000c     bsp.obj (.text:setPwmCPeriod)
                  00011d1a    0000000a     timer_b.obj (.text:Timer_B_clearCaptureCompareInterrupt)
                  00011d24    0000000a     bsp.obj (.text:disableCalibration)
                  00011d2e    0000000a     bsp.obj (.text:enableCalibration)
                  00011d38    00000008     bsp.obj (.text:disableHalfBridgeA)
                  00011d40    00000008     bsp.obj (.text:disableHalfBridgeB)
                  00011d48    00000008     bsp.obj (.text:enableHalfBridgeA)
                  00011d50    00000008     bsp.obj (.text:enableHalfBridgeB)
                  00011d58    00000006     eusci_b_i2c.obj (.text:EUSCI_B_I2C_enable)
                  00011d5e    00000006     rts430x_lc_rd_eabi.lib : exit.c.obj (.text:abort)
                  00011d64    00000006     bsp.obj (.text:disableHalfBridgeC)
                  00011d6a    00000006     bsp.obj (.text:enableHalfBridgeC)
                  00011d70    00000004     rts430x_lc_rd_eabi.lib : pre_init.c.obj (.text:_system_pre_init)
                  00011d74    00000002                            : startup.c.obj (.text:_system_post_cinit)

MODULE SUMMARY

       Module                       code   ro data   rw data
       ------                       ----   -------   -------
    ./
       main.obj                     2728   2         184    
       i2c.obj                      1152   8         40     
       bsp.obj                      568    14        0      
       pi.obj                       200    0         0      
    +--+----------------------------+------+---------+---------+
       Total:                       4648   24        224    
                                                            
    ./driverlib/
       gpio.obj                     380    28        0      
       cs.obj                       326    0         0      
       adc12_b.obj                  306    0         0      
       timer_b.obj                  184    0         0      
       eusci_b_i2c.obj              72     0         0      
       wdt_a.obj                    22     0         0      
    +--+----------------------------+------+---------+---------+
       Total:                       1290   28        0      
                                                            
    /home/iris/ti/ccs1030/ccs/ccs_base/msp430/lib/FR59xx/MSPMPU_INIT_LIB_CCS_msp430_large_code_restricted_data.lib
       mpu_init.o                   44     0         0      
    +--+----------------------------+------+---------+---------+
       Total:                       44     0         0      
                                                            
    /home/iris/ti/ccs1030/ccs/tools/compiler/ti-cgt-msp430_20.2.4.LTS/lib/rts430x_lc_rd_eabi.lib
       mpyd.c.obj                   664    0         0      
       frcmpyd.c.obj                356    0         0      
       fltlid.c.obj                 158    0         0      
       copy_decompress_lzss.c.obj   118    0         0      
       autoinit.c.obj               102    0         0      
       fixdli.c.obj                 102    0         0      
       cpy_tbl.c.obj                100    0         0      
       mult64_f5hw.asm.obj          92     0         0      
       lsr32.asm.obj                78     0         0      
       asr32.asm.obj                62     0         0      
       lsl32.asm.obj                62     0         0      
       lsl64.c.obj                  58     0         0      
       lsr64.c.obj                  58     0         0      
       mult3264_f5hw.asm.obj        44     0         0      
       copy_zero_init.c.obj         36     0         0      
       mult32_f5hw.asm.obj          36     0         0      
       boot.c.obj                   32     2         0      
       mult16_f5hw.asm.obj          24     0         0      
       div16u.asm.obj               22     0         0      
       memcpy.c.obj                 20     0         0      
       copy_decompress_none.c.obj   18     0         0      
       labs.c.obj                   14     0         0      
       fltid.c.obj                  12     0         0      
       isr_trap.asm.obj             8      0         0      
       exit.c.obj                   6      0         0      
       pre_init.c.obj               4      0         0      
       int18.asm.obj                0      2         0      
       int19.asm.obj                0      2         0      
       int20.asm.obj                0      2         0      
       int21.asm.obj                0      2         0      
       int22.asm.obj                0      2         0      
       int23.asm.obj                0      2         0      
       int24.asm.obj                0      2         0      
       int25.asm.obj                0      2         0      
       int26.asm.obj                0      2         0      
       int27.asm.obj                0      2         0      
       int28.asm.obj                0      2         0      
       int29.asm.obj                0      2         0      
       int30.asm.obj                0      2         0      
       int31.asm.obj                0      2         0      
       int32.asm.obj                0      2         0      
       int33.asm.obj                0      2         0      
       int34.asm.obj                0      2         0      
       int35.asm.obj                0      2         0      
       int36.asm.obj                0      2         0      
       int37.asm.obj                0      2         0      
       int38.asm.obj                0      2         0      
       int39.asm.obj                0      2         0      
       int40.asm.obj                0      2         0      
       int41.asm.obj                0      2         0      
       int42.asm.obj                0      2         0      
       int43.asm.obj                0      2         0      
       int44.asm.obj                0      2         0      
       int45.asm.obj                0      2         0      
       int46.asm.obj                0      2         0      
       int48.asm.obj                0      2         0      
       int49.asm.obj                0      2         0      
       int50.asm.obj                0      2         0      
       int52.asm.obj                0      2         0      
       int53.asm.obj                0      2         0      
       int54.asm.obj                0      2         0      
       startup.c.obj                2      0         0      
    +--+----------------------------+------+---------+---------+
       Total:                       2288   72        0      
                                                            
    /home/iris/ti/msp430/IQMATHLIB_01_10_00_05/libraries/CCS/MPY32/5xx_6xx/IQmathLib_CCS_MPY32_5xx_6xx_CPUX_large_code_restricted_data.lib
       __IQNmpy.o                   60     0         0      
    +--+----------------------------+------+---------+---------+
       Total:                       60     0         0      
                                                            
       Stack:                       0      0         160    
       Linker Generated:            0      56        0      
    +--+----------------------------+------+---------+---------+
       Grand Total:                 8330   180       384    


LINKER GENERATED COPY TABLES

__TI_cinit_table @ 000041e6 records: 2, size/record: 8, table size: 16
	.bss: load addr=000041da, load size=00000006 bytes, run addr=00001d76, run size=000000de bytes, compression=zero_init
	.data: load addr=000041e0, load size=00000006 bytes, run addr=00001e54, run size=00000002 bytes, compression=lzss
binit @ 000041f6 records: 1, size/record: 12, table size: 16
	.TI.ramfunc: load addr=00004028, load size=00000176, run addr=00001c00, run size=00000176, compression=none


LINKER GENERATED HANDLER TABLE

__TI_handler_table @ 000041ce records: 3, size/record: 4, table size: 12
	index: 0, handler: __TI_zero_init
	index: 1, handler: __TI_decompress_lzss
	index: 2, handler: __TI_decompress_none


GLOBAL SYMBOLS: SORTED ALPHABETICALLY BY Name 

address   name                                       
-------   ----                                       
00000800  ADC12CTL0                                  
00000801  ADC12CTL0_H                                
00000800  ADC12CTL0_L                                
00000802  ADC12CTL1                                  
00000803  ADC12CTL1_H                                
00000802  ADC12CTL1_L                                
00000804  ADC12CTL2                                  
00000805  ADC12CTL2_H                                
00000804  ADC12CTL2_L                                
00000806  ADC12CTL3                                  
00000807  ADC12CTL3_H                                
00000806  ADC12CTL3_L                                
0000080a  ADC12HI                                    
0000080b  ADC12HI_H                                  
0000080a  ADC12HI_L                                  
00000812  ADC12IER0                                  
00000813  ADC12IER0_H                                
00000812  ADC12IER0_L                                
00000814  ADC12IER1                                  
00000815  ADC12IER1_H                                
00000814  ADC12IER1_L                                
00000816  ADC12IER2                                  
00000817  ADC12IER2_H                                
00000816  ADC12IER2_L                                
0000080c  ADC12IFGR0                                 
0000080d  ADC12IFGR0_H                               
0000080c  ADC12IFGR0_L                               
0000080e  ADC12IFGR1                                 
0000080f  ADC12IFGR1_H                               
0000080e  ADC12IFGR1_L                               
00000810  ADC12IFGR2                                 
00000811  ADC12IFGR2_H                               
00000810  ADC12IFGR2_L                               
00000818  ADC12IV                                    
00000819  ADC12IV_H                                  
00000818  ADC12IV_L                                  
00000808  ADC12LO                                    
00000809  ADC12LO_H                                  
00000808  ADC12LO_L                                  
00000820  ADC12MCTL0                                 
00000821  ADC12MCTL0_H                               
00000820  ADC12MCTL0_L                               
00000822  ADC12MCTL1                                 
00000834  ADC12MCTL10                                
00000835  ADC12MCTL10_H                              
00000834  ADC12MCTL10_L                              
00000836  ADC12MCTL11                                
00000837  ADC12MCTL11_H                              
00000836  ADC12MCTL11_L                              
00000838  ADC12MCTL12                                
00000839  ADC12MCTL12_H                              
00000838  ADC12MCTL12_L                              
0000083a  ADC12MCTL13                                
0000083b  ADC12MCTL13_H                              
0000083a  ADC12MCTL13_L                              
0000083c  ADC12MCTL14                                
0000083d  ADC12MCTL14_H                              
0000083c  ADC12MCTL14_L                              
0000083e  ADC12MCTL15                                
0000083f  ADC12MCTL15_H                              
0000083e  ADC12MCTL15_L                              
00000840  ADC12MCTL16                                
00000841  ADC12MCTL16_H                              
00000840  ADC12MCTL16_L                              
00000842  ADC12MCTL17                                
00000843  ADC12MCTL17_H                              
00000842  ADC12MCTL17_L                              
00000844  ADC12MCTL18                                
00000845  ADC12MCTL18_H                              
00000844  ADC12MCTL18_L                              
00000846  ADC12MCTL19                                
00000847  ADC12MCTL19_H                              
00000846  ADC12MCTL19_L                              
00000823  ADC12MCTL1_H                               
00000822  ADC12MCTL1_L                               
00000824  ADC12MCTL2                                 
00000848  ADC12MCTL20                                
00000849  ADC12MCTL20_H                              
00000848  ADC12MCTL20_L                              
0000084a  ADC12MCTL21                                
0000084b  ADC12MCTL21_H                              
0000084a  ADC12MCTL21_L                              
0000084c  ADC12MCTL22                                
0000084d  ADC12MCTL22_H                              
0000084c  ADC12MCTL22_L                              
0000084e  ADC12MCTL23                                
0000084f  ADC12MCTL23_H                              
0000084e  ADC12MCTL23_L                              
00000850  ADC12MCTL24                                
00000851  ADC12MCTL24_H                              
00000850  ADC12MCTL24_L                              
00000852  ADC12MCTL25                                
00000853  ADC12MCTL25_H                              
00000852  ADC12MCTL25_L                              
00000854  ADC12MCTL26                                
00000855  ADC12MCTL26_H                              
00000854  ADC12MCTL26_L                              
00000856  ADC12MCTL27                                
00000857  ADC12MCTL27_H                              
00000856  ADC12MCTL27_L                              
00000858  ADC12MCTL28                                
00000859  ADC12MCTL28_H                              
00000858  ADC12MCTL28_L                              
0000085a  ADC12MCTL29                                
0000085b  ADC12MCTL29_H                              
0000085a  ADC12MCTL29_L                              
00000825  ADC12MCTL2_H                               
00000824  ADC12MCTL2_L                               
00000826  ADC12MCTL3                                 
0000085c  ADC12MCTL30                                
0000085d  ADC12MCTL30_H                              
0000085c  ADC12MCTL30_L                              
0000085e  ADC12MCTL31                                
0000085f  ADC12MCTL31_H                              
0000085e  ADC12MCTL31_L                              
00000827  ADC12MCTL3_H                               
00000826  ADC12MCTL3_L                               
00000828  ADC12MCTL4                                 
00000829  ADC12MCTL4_H                               
00000828  ADC12MCTL4_L                               
0000082a  ADC12MCTL5                                 
0000082b  ADC12MCTL5_H                               
0000082a  ADC12MCTL5_L                               
0000082c  ADC12MCTL6                                 
0000082d  ADC12MCTL6_H                               
0000082c  ADC12MCTL6_L                               
0000082e  ADC12MCTL7                                 
0000082f  ADC12MCTL7_H                               
0000082e  ADC12MCTL7_L                               
00000830  ADC12MCTL8                                 
00000831  ADC12MCTL8_H                               
00000830  ADC12MCTL8_L                               
00000832  ADC12MCTL9                                 
00000833  ADC12MCTL9_H                               
00000832  ADC12MCTL9_L                               
00000860  ADC12MEM0                                  
00000861  ADC12MEM0_H                                
00000860  ADC12MEM0_L                                
00000862  ADC12MEM1                                  
00000874  ADC12MEM10                                 
00000875  ADC12MEM10_H                               
00000874  ADC12MEM10_L                               
00000876  ADC12MEM11                                 
00000877  ADC12MEM11_H                               
00000876  ADC12MEM11_L                               
00000878  ADC12MEM12                                 
00000879  ADC12MEM12_H                               
00000878  ADC12MEM12_L                               
0000087a  ADC12MEM13                                 
0000087b  ADC12MEM13_H                               
0000087a  ADC12MEM13_L                               
0000087c  ADC12MEM14                                 
0000087d  ADC12MEM14_H                               
0000087c  ADC12MEM14_L                               
0000087e  ADC12MEM15                                 
0000087f  ADC12MEM15_H                               
0000087e  ADC12MEM15_L                               
00000880  ADC12MEM16                                 
00000881  ADC12MEM16_H                               
00000880  ADC12MEM16_L                               
00000882  ADC12MEM17                                 
00000883  ADC12MEM17_H                               
00000882  ADC12MEM17_L                               
00000884  ADC12MEM18                                 
00000885  ADC12MEM18_H                               
00000884  ADC12MEM18_L                               
00000886  ADC12MEM19                                 
00000887  ADC12MEM19_H                               
00000886  ADC12MEM19_L                               
00000863  ADC12MEM1_H                                
00000862  ADC12MEM1_L                                
00000864  ADC12MEM2                                  
00000888  ADC12MEM20                                 
00000889  ADC12MEM20_H                               
00000888  ADC12MEM20_L                               
0000088a  ADC12MEM21                                 
0000088b  ADC12MEM21_H                               
0000088a  ADC12MEM21_L                               
0000088c  ADC12MEM22                                 
0000088d  ADC12MEM22_H                               
0000088c  ADC12MEM22_L                               
0000088e  ADC12MEM23                                 
0000088f  ADC12MEM23_H                               
0000088e  ADC12MEM23_L                               
00000890  ADC12MEM24                                 
00000891  ADC12MEM24_H                               
00000890  ADC12MEM24_L                               
00000892  ADC12MEM25                                 
00000893  ADC12MEM25_H                               
00000892  ADC12MEM25_L                               
00000894  ADC12MEM26                                 
00000895  ADC12MEM26_H                               
00000894  ADC12MEM26_L                               
00000896  ADC12MEM27                                 
00000897  ADC12MEM27_H                               
00000896  ADC12MEM27_L                               
00000898  ADC12MEM28                                 
00000899  ADC12MEM28_H                               
00000898  ADC12MEM28_L                               
0000089a  ADC12MEM29                                 
0000089b  ADC12MEM29_H                               
0000089a  ADC12MEM29_L                               
00000865  ADC12MEM2_H                                
00000864  ADC12MEM2_L                                
00000866  ADC12MEM3                                  
0000089c  ADC12MEM30                                 
0000089d  ADC12MEM30_H                               
0000089c  ADC12MEM30_L                               
0000089e  ADC12MEM31                                 
0000089f  ADC12MEM31_H                               
0000089e  ADC12MEM31_L                               
00000867  ADC12MEM3_H                                
00000866  ADC12MEM3_L                                
00000868  ADC12MEM4                                  
00000869  ADC12MEM4_H                                
00000868  ADC12MEM4_L                                
0000086a  ADC12MEM5                                  
0000086b  ADC12MEM5_H                                
0000086a  ADC12MEM5_L                                
0000086c  ADC12MEM6                                  
0000086d  ADC12MEM6_H                                
0000086c  ADC12MEM6_L                                
0000086e  ADC12MEM7                                  
0000086f  ADC12MEM7_H                                
0000086e  ADC12MEM7_L                                
00000870  ADC12MEM8                                  
00000871  ADC12MEM8_H                                
00000870  ADC12MEM8_L                                
00000872  ADC12MEM9                                  
00000873  ADC12MEM9_H                                
00000872  ADC12MEM9_L                                
0001187e  ADC12_B_configureMemory                    
00011caa  ADC12_B_enable                             
00011050  ADC12_B_init                               
00011c8a  ADC12_B_setResolution                      
00011b9e  ADC12_B_setupSamplingTimer                 
000119d6  ADC12_B_startConversion                    
000009c0  AESACTL0                                   
000009c1  AESACTL0_H                                 
000009c0  AESACTL0_L                                 
000009c2  AESACTL1                                   
000009c3  AESACTL1_H                                 
000009c2  AESACTL1_L                                 
000009c8  AESADIN                                    
000009c9  AESADIN_H                                  
000009c8  AESADIN_L                                  
000009ca  AESADOUT                                   
000009cb  AESADOUT_H                                 
000009ca  AESADOUT_L                                 
000009c6  AESAKEY                                    
000009c7  AESAKEY_H                                  
000009c6  AESAKEY_L                                  
000009c4  AESASTAT                                   
000009c5  AESASTAT_H                                 
000009c4  AESASTAT_L                                 
000009cc  AESAXDIN                                   
000009cd  AESAXDIN_H                                 
000009cc  AESAXDIN_L                                 
000009ce  AESAXIN                                    
000009cf  AESAXIN_H                                  
000009ce  AESAXIN_L                                  
000004be  BCD2BIN                                    
000004bf  BCD2BIN_H                                  
000004be  BCD2BIN_L                                  
000004bc  BIN2BCD                                    
000004bd  BIN2BCD_H                                  
000004bc  BIN2BCD_L                                  
00011d5e  C$$EXIT                                    
0000043e  CAPTIO0CTL                                 
0000043f  CAPTIO0CTL_H                               
0000043e  CAPTIO0CTL_L                               
0000047e  CAPTIO1CTL                                 
0000047f  CAPTIO1CTL_H                               
0000047e  CAPTIO1CTL_L                               
000008c0  CECTL0                                     
000008c1  CECTL0_H                                   
000008c0  CECTL0_L                                   
000008c2  CECTL1                                     
000008c3  CECTL1_H                                   
000008c2  CECTL1_L                                   
000008c4  CECTL2                                     
000008c5  CECTL2_H                                   
000008c4  CECTL2_L                                   
000008c6  CECTL3                                     
000008c7  CECTL3_H                                   
000008c6  CECTL3_L                                   
000008cc  CEINT                                      
000008cd  CEINT_H                                    
000008cc  CEINT_L                                    
000008ce  CEIV                                       
000008cf  CEIV_H                                     
000008ce  CEIV_L                                     
00000996  CRC16DIRBW0                                
00000997  CRC16DIRBW0_H                              
00000996  CRC16DIRBW0_L                              
00000990  CRC16DIW0                                  
00000991  CRC16DIW0_H                                
00000990  CRC16DIW0_L                                
00000998  CRC16INIRESW0                              
00000999  CRC16INIRESW0_H                            
00000998  CRC16INIRESW0_L                            
0000099e  CRC16RESRW0                                
0000099f  CRC16RESRW0_H                              
0000099e  CRC16RESRW0_L                              
00000986  CRC32DIRBW0                                
00000987  CRC32DIRBW0_H                              
00000986  CRC32DIRBW0_L                              
00000984  CRC32DIRBW1                                
00000985  CRC32DIRBW1_H                              
00000984  CRC32DIRBW1_L                              
00000980  CRC32DIW0                                  
00000981  CRC32DIW0_H                                
00000980  CRC32DIW0_L                                
00000982  CRC32DIW1                                  
00000983  CRC32DIW1_H                                
00000982  CRC32DIW1_L                                
00000988  CRC32INIRESW0                              
00000989  CRC32INIRESW0_H                            
00000988  CRC32INIRESW0_L                            
0000098a  CRC32INIRESW1                              
0000098b  CRC32INIRESW1_H                            
0000098a  CRC32INIRESW1_L                            
0000098e  CRC32RESRW0                                
0000098f  CRC32RESRW0_H                              
0000098e  CRC32RESRW0_L                              
0000098c  CRC32RESRW1                                
0000098d  CRC32RESRW1_H                              
0000098c  CRC32RESRW1_L                              
00000150  CRCDI                                      
00000152  CRCDIRB                                    
00000153  CRCDIRB_H                                  
00000152  CRCDIRB_L                                  
00000151  CRCDI_H                                    
00000150  CRCDI_L                                    
00000154  CRCINIRES                                  
00000155  CRCINIRES_H                                
00000154  CRCINIRES_L                                
00000156  CRCRESR                                    
00000157  CRCRESR_H                                  
00000156  CRCRESR_L                                  
00000160  CSCTL0                                     
00000161  CSCTL0_H                                   
00000160  CSCTL0_L                                   
00000162  CSCTL1                                     
00000163  CSCTL1_H                                   
00000162  CSCTL1_L                                   
00000164  CSCTL2                                     
00000165  CSCTL2_H                                   
00000164  CSCTL2_L                                   
00000166  CSCTL3                                     
00000167  CSCTL3_H                                   
00000166  CSCTL3_L                                   
00000168  CSCTL4                                     
00000169  CSCTL4_H                                   
00000168  CSCTL4_L                                   
0000016a  CSCTL5                                     
0000016b  CSCTL5_H                                   
0000016a  CSCTL5_L                                   
0000016c  CSCTL6                                     
0000016d  CSCTL6_H                                   
0000016c  CSCTL6_L                                   
0001160e  CS_initClockSignal                         
0001095e  CS_setDCOFreq                              
00000510  DMA0CTL                                    
00000511  DMA0CTL_H                                  
00000510  DMA0CTL_L                                  
00000516  DMA0DA                                     
00000518  DMA0DAH                                    
00000516  DMA0DAL                                    
00000512  DMA0SA                                     
00000514  DMA0SAH                                    
00000512  DMA0SAL                                    
0000051a  DMA0SZ                                     
0000051b  DMA0SZ_H                                   
0000051a  DMA0SZ_L                                   
00000520  DMA1CTL                                    
00000521  DMA1CTL_H                                  
00000520  DMA1CTL_L                                  
00000526  DMA1DA                                     
00000528  DMA1DAH                                    
00000526  DMA1DAL                                    
00000522  DMA1SA                                     
00000524  DMA1SAH                                    
00000522  DMA1SAL                                    
0000052a  DMA1SZ                                     
0000052b  DMA1SZ_H                                   
0000052a  DMA1SZ_L                                   
00000530  DMA2CTL                                    
00000531  DMA2CTL_H                                  
00000530  DMA2CTL_L                                  
00000536  DMA2DA                                     
00000538  DMA2DAH                                    
00000536  DMA2DAL                                    
00000532  DMA2SA                                     
00000534  DMA2SAH                                    
00000532  DMA2SAL                                    
0000053a  DMA2SZ                                     
0000053b  DMA2SZ_H                                   
0000053a  DMA2SZ_L                                   
00000540  DMA3CTL                                    
00000541  DMA3CTL_H                                  
00000540  DMA3CTL_L                                  
00000546  DMA3DA                                     
00000548  DMA3DAH                                    
00000546  DMA3DAL                                    
00000542  DMA3SA                                     
00000544  DMA3SAH                                    
00000542  DMA3SAL                                    
0000054a  DMA3SZ                                     
0000054b  DMA3SZ_H                                   
0000054a  DMA3SZ_L                                   
00000550  DMA4CTL                                    
00000551  DMA4CTL_H                                  
00000550  DMA4CTL_L                                  
00000556  DMA4DA                                     
00000558  DMA4DAH                                    
00000556  DMA4DAL                                    
00000552  DMA4SA                                     
00000554  DMA4SAH                                    
00000552  DMA4SAL                                    
0000055a  DMA4SZ                                     
0000055b  DMA4SZ_H                                   
0000055a  DMA4SZ_L                                   
00000560  DMA5CTL                                    
00000561  DMA5CTL_H                                  
00000560  DMA5CTL_L                                  
00000566  DMA5DA                                     
00000568  DMA5DAH                                    
00000566  DMA5DAL                                    
00000562  DMA5SA                                     
00000564  DMA5SAH                                    
00000562  DMA5SAL                                    
0000056a  DMA5SZ                                     
0000056b  DMA5SZ_H                                   
0000056a  DMA5SZ_L                                   
00000500  DMACTL0                                    
00000501  DMACTL0_H                                  
00000500  DMACTL0_L                                  
00000502  DMACTL1                                    
00000503  DMACTL1_H                                  
00000502  DMACTL1_L                                  
00000504  DMACTL2                                    
00000505  DMACTL2_H                                  
00000504  DMACTL2_L                                  
00000508  DMACTL4                                    
00000509  DMACTL4_H                                  
00000508  DMACTL4_L                                  
0000050e  DMAIV                                      
0000050f  DMAIV_H                                    
0000050e  DMAIV_L                                    
00011cc6  EUSCI_B_I2C_clearInterrupt                 
00011d58  EUSCI_B_I2C_enable                         
00011cd2  EUSCI_B_I2C_enableInterrupt                
00011ae2  EUSCI_B_I2C_initSlave                      
00000140  FRCTL0                                     
00000141  FRCTL0_H                                   
00000140  FRCTL0_L                                   
00000144  GCCTL0                                     
00000145  GCCTL0_H                                   
00000144  GCCTL0_L                                   
00000146  GCCTL1                                     
00000147  GCCTL1_H                                   
00000146  GCCTL1_L                                   
00011708  GPIO_setAsInputPin                         
000119a2  GPIO_setAsOutputPin                        
000113b2  GPIO_setAsPeripheralModuleFunctionInputPin 
0001141a  GPIO_setAsPeripheralModuleFunctionOutputPin
00011bbe  GPIO_setOutputHighOnPin                    
00011bda  GPIO_setOutputLowOnPin                     
00000a80  LEACAP                                     
00000a82  LEACAPH                                    
00000a80  LEACAPL                                    
00000a98  LEACMA                                     
00000a9a  LEACMAH                                    
00000a98  LEACMAL                                    
00000a9c  LEACMCTL                                   
00000a9e  LEACMCTLH                                  
00000a9c  LEACMCTLL                                  
00000aa8  LEACMDSTAT                                 
00000aaa  LEACMDSTATH                                
00000aa8  LEACMDSTATL                                
00000a84  LEACNF0                                    
00000a86  LEACNF0H                                   
00000a84  LEACNF0L                                   
00000a88  LEACNF1                                    
00000a8a  LEACNF1H                                   
00000a88  LEACNF1L                                   
00000a8c  LEACNF2                                    
00000a8e  LEACNF2H                                   
00000a8c  LEACNF2L                                   
00000ab4  LEADSTSTAT                                 
00000ab6  LEADSTSTATH                                
00000ab4  LEADSTSTATL                                
00000af4  LEAIE                                      
00000af6  LEAIEH                                     
00000af4  LEAIEL                                     
00000af8  LEAIFG                                     
00000afa  LEAIFGH                                    
00000af8  LEAIFGL                                    
00000af0  LEAIFGSET                                  
00000af2  LEAIFGSETH                                 
00000af0  LEAIFGSETL                                 
00000afc  LEAIV                                      
00000afe  LEAIVH                                     
00000afc  LEAIVL                                     
00000a90  LEAMB                                      
00000a92  LEAMBH                                     
00000a90  LEAMBL                                     
00000a94  LEAMT                                      
00000a96  LEAMTH                                     
00000a94  LEAMTL                                     
00000ad0  LEAPMCB                                    
00000ad2  LEAPMCBH                                   
00000ad0  LEAPMCBL                                   
00000ac0  LEAPMCTL                                   
00000ac2  LEAPMCTLH                                  
00000ac0  LEAPMCTLL                                  
00000ac4  LEAPMDST                                   
00000ac6  LEAPMDSTH                                  
00000ac4  LEAPMDSTL                                  
00000acc  LEAPMS0                                    
00000ace  LEAPMS0H                                   
00000acc  LEAPMS0L                                   
00000ac8  LEAPMS1                                    
00000aca  LEAPMS1H                                   
00000ac8  LEAPMS1L                                   
00000ab0  LEAS0STAT                                  
00000ab2  LEAS0STATH                                 
00000ab0  LEAS0STATL                                 
00000aac  LEAS1STAT                                  
00000aae  LEAS1STATH                                 
00000aac  LEAS1STATL                                 
000004c4  MAC                                        
000004da  MAC32H                                     
000004db  MAC32H_H                                   
000004da  MAC32H_L                                   
000004d8  MAC32L                                     
000004d9  MAC32L_H                                   
000004d8  MAC32L_L                                   
000004c6  MACS                                       
000004de  MACS32H                                    
000004df  MACS32H_H                                  
000004de  MACS32H_L                                  
000004dc  MACS32L                                    
000004dd  MACS32L_H                                  
000004dc  MACS32L_L                                  
000004c7  MACS_H                                     
000004c6  MACS_L                                     
000004c5  MAC_H                                      
000004c4  MAC_L                                      
000005a0  MPUCTL0                                    
000005a1  MPUCTL0_H                                  
000005a0  MPUCTL0_L                                  
000005a2  MPUCTL1                                    
000005a3  MPUCTL1_H                                  
000005a2  MPUCTL1_L                                  
000005aa  MPUIPC0                                    
000005ab  MPUIPC0_H                                  
000005aa  MPUIPC0_L                                  
000005ae  MPUIPSEGB1                                 
000005af  MPUIPSEGB1_H                               
000005ae  MPUIPSEGB1_L                               
000005ac  MPUIPSEGB2                                 
000005ad  MPUIPSEGB2_H                               
000005ac  MPUIPSEGB2_L                               
000005a8  MPUSAM                                     
000005a9  MPUSAM_H                                   
000005a8  MPUSAM_L                                   
000005a6  MPUSEGB1                                   
000005a7  MPUSEGB1_H                                 
000005a6  MPUSEGB1_L                                 
000005a4  MPUSEGB2                                   
000005a5  MPUSEGB2_H                                 
000005a4  MPUSEGB2_L                                 
000004c0  MPY                                        
000004ec  MPY32CTL0                                  
000004ed  MPY32CTL0_H                                
000004ec  MPY32CTL0_L                                
000004d2  MPY32H                                     
000004d3  MPY32H_H                                   
000004d2  MPY32H_L                                   
000004d0  MPY32L                                     
000004d1  MPY32L_H                                   
000004d0  MPY32L_L                                   
000004c2  MPYS                                       
000004d6  MPYS32H                                    
000004d7  MPYS32H_H                                  
000004d6  MPYS32H_L                                  
000004d4  MPYS32L                                    
000004d5  MPYS32L_H                                  
000004d4  MPYS32L_L                                  
000004c3  MPYS_H                                     
000004c2  MPYS_L                                     
000004c1  MPY_H                                      
000004c0  MPY_L                                      
000004c8  OP2                                        
000004e2  OP2H                                       
000004e3  OP2H_H                                     
000004e2  OP2H_L                                     
000004e0  OP2L                                       
000004e1  OP2L_H                                     
000004e0  OP2L_L                                     
000004c9  OP2_H                                      
000004c8  OP2_L                                      
00000204  P1DIR                                      
0000021a  P1IE                                       
00000218  P1IES                                      
0000021c  P1IFG                                      
00000200  P1IN                                       
0000020e  P1IV                                       
0000020f  P1IV_H                                     
0000020e  P1IV_L                                     
00000202  P1OUT                                      
00000206  P1REN                                      
0000020a  P1SEL0                                     
0000020c  P1SEL1                                     
00000216  P1SELC                                     
00000205  P2DIR                                      
0000021b  P2IE                                       
00000219  P2IES                                      
0000021d  P2IFG                                      
00000201  P2IN                                       
0000021e  P2IV                                       
0000021f  P2IV_H                                     
0000021e  P2IV_L                                     
00000203  P2OUT                                      
00000207  P2REN                                      
0000020b  P2SEL0                                     
0000020d  P2SEL1                                     
00000217  P2SELC                                     
00000224  P3DIR                                      
0000023a  P3IE                                       
00000238  P3IES                                      
0000023c  P3IFG                                      
00000220  P3IN                                       
0000022e  P3IV                                       
0000022f  P3IV_H                                     
0000022e  P3IV_L                                     
00000222  P3OUT                                      
00000226  P3REN                                      
0000022a  P3SEL0                                     
0000022c  P3SEL1                                     
00000236  P3SELC                                     
00000225  P4DIR                                      
0000023b  P4IE                                       
00000239  P4IES                                      
0000023d  P4IFG                                      
00000221  P4IN                                       
0000023e  P4IV                                       
0000023f  P4IV_H                                     
0000023e  P4IV_L                                     
00000223  P4OUT                                      
00000227  P4REN                                      
0000022b  P4SEL0                                     
0000022d  P4SEL1                                     
00000237  P4SELC                                     
00000244  P5DIR                                      
0000025a  P5IE                                       
00000258  P5IES                                      
0000025c  P5IFG                                      
00000240  P5IN                                       
0000024e  P5IV                                       
0000024f  P5IV_H                                     
0000024e  P5IV_L                                     
00000242  P5OUT                                      
00000246  P5REN                                      
0000024a  P5SEL0                                     
0000024c  P5SEL1                                     
00000256  P5SELC                                     
00000245  P6DIR                                      
0000025b  P6IE                                       
00000259  P6IES                                      
0000025d  P6IFG                                      
00000241  P6IN                                       
0000025e  P6IV                                       
0000025f  P6IV_H                                     
0000025e  P6IV_L                                     
00000243  P6OUT                                      
00000247  P6REN                                      
0000024b  P6SEL0                                     
0000024d  P6SEL1                                     
00000257  P6SELC                                     
00000264  P7DIR                                      
0000027a  P7IE                                       
00000278  P7IES                                      
0000027c  P7IFG                                      
00000260  P7IN                                       
0000026e  P7IV                                       
0000026f  P7IV_H                                     
0000026e  P7IV_L                                     
00000262  P7OUT                                      
00000266  P7REN                                      
0000026a  P7SEL0                                     
0000026c  P7SEL1                                     
00000276  P7SELC                                     
00000265  P8DIR                                      
0000027b  P8IE                                       
00000279  P8IES                                      
0000027d  P8IFG                                      
00000261  P8IN                                       
0000027e  P8IV                                       
0000027f  P8IV_H                                     
0000027e  P8IV_L                                     
00000263  P8OUT                                      
00000267  P8REN                                      
0000026b  P8SEL0                                     
0000026d  P8SEL1                                     
00000277  P8SELC                                     
00000204  PADIR                                      
00000205  PADIR_H                                    
00000204  PADIR_L                                    
0000021a  PAIE                                       
00000218  PAIES                                      
00000219  PAIES_H                                    
00000218  PAIES_L                                    
0000021b  PAIE_H                                     
0000021a  PAIE_L                                     
0000021c  PAIFG                                      
0000021d  PAIFG_H                                    
0000021c  PAIFG_L                                    
00000200  PAIN                                       
00000201  PAIN_H                                     
00000200  PAIN_L                                     
00000202  PAOUT                                      
00000203  PAOUT_H                                    
00000202  PAOUT_L                                    
00000206  PAREN                                      
00000207  PAREN_H                                    
00000206  PAREN_L                                    
0000020a  PASEL0                                     
0000020b  PASEL0_H                                   
0000020a  PASEL0_L                                   
0000020c  PASEL1                                     
0000020d  PASEL1_H                                   
0000020c  PASEL1_L                                   
00000216  PASELC                                     
00000217  PASELC_H                                   
00000216  PASELC_L                                   
00000224  PBDIR                                      
00000225  PBDIR_H                                    
00000224  PBDIR_L                                    
0000023a  PBIE                                       
00000238  PBIES                                      
00000239  PBIES_H                                    
00000238  PBIES_L                                    
0000023b  PBIE_H                                     
0000023a  PBIE_L                                     
0000023c  PBIFG                                      
0000023d  PBIFG_H                                    
0000023c  PBIFG_L                                    
00000220  PBIN                                       
00000221  PBIN_H                                     
00000220  PBIN_L                                     
00000222  PBOUT                                      
00000223  PBOUT_H                                    
00000222  PBOUT_L                                    
00000226  PBREN                                      
00000227  PBREN_H                                    
00000226  PBREN_L                                    
0000022a  PBSEL0                                     
0000022b  PBSEL0_H                                   
0000022a  PBSEL0_L                                   
0000022c  PBSEL1                                     
0000022d  PBSEL1_H                                   
0000022c  PBSEL1_L                                   
00000236  PBSELC                                     
00000237  PBSELC_H                                   
00000236  PBSELC_L                                   
00000244  PCDIR                                      
00000245  PCDIR_H                                    
00000244  PCDIR_L                                    
0000025a  PCIE                                       
00000258  PCIES                                      
00000259  PCIES_H                                    
00000258  PCIES_L                                    
0000025b  PCIE_H                                     
0000025a  PCIE_L                                     
0000025c  PCIFG                                      
0000025d  PCIFG_H                                    
0000025c  PCIFG_L                                    
00000240  PCIN                                       
00000241  PCIN_H                                     
00000240  PCIN_L                                     
00000242  PCOUT                                      
00000243  PCOUT_H                                    
00000242  PCOUT_L                                    
00000246  PCREN                                      
00000247  PCREN_H                                    
00000246  PCREN_L                                    
0000024a  PCSEL0                                     
0000024b  PCSEL0_H                                   
0000024a  PCSEL0_L                                   
0000024c  PCSEL1                                     
0000024d  PCSEL1_H                                   
0000024c  PCSEL1_L                                   
00000256  PCSELC                                     
00000257  PCSELC_H                                   
00000256  PCSELC_L                                   
00000264  PDDIR                                      
00000265  PDDIR_H                                    
00000264  PDDIR_L                                    
0000027a  PDIE                                       
00000278  PDIES                                      
00000279  PDIES_H                                    
00000278  PDIES_L                                    
0000027b  PDIE_H                                     
0000027a  PDIE_L                                     
0000027c  PDIFG                                      
0000027d  PDIFG_H                                    
0000027c  PDIFG_L                                    
00000260  PDIN                                       
00000261  PDIN_H                                     
00000260  PDIN_L                                     
00000262  PDOUT                                      
00000263  PDOUT_H                                    
00000262  PDOUT_L                                    
00000266  PDREN                                      
00000267  PDREN_H                                    
00000266  PDREN_L                                    
0000026a  PDSEL0                                     
0000026b  PDSEL0_H                                   
0000026a  PDSEL0_L                                   
0000026c  PDSEL1                                     
0000026d  PDSEL1_H                                   
0000026c  PDSEL1_L                                   
00000276  PDSELC                                     
00000277  PDSELC_H                                   
00000276  PDSELC_L                                   
00000324  PJDIR                                      
00000325  PJDIR_H                                    
00000324  PJDIR_L                                    
00000320  PJIN                                       
00000321  PJIN_H                                     
00000320  PJIN_L                                     
00000322  PJOUT                                      
00000323  PJOUT_H                                    
00000322  PJOUT_L                                    
00000326  PJREN                                      
00000327  PJREN_H                                    
00000326  PJREN_L                                    
0000032a  PJSEL0                                     
0000032b  PJSEL0_H                                   
0000032a  PJSEL0_L                                   
0000032c  PJSEL1                                     
0000032d  PJSEL1_H                                   
0000032c  PJSEL1_L                                   
00000336  PJSELC                                     
00000337  PJSELC_H                                   
00000336  PJSELC_L                                   
00000130  PM5CTL0                                    
00000131  PM5CTL0_H                                  
00000130  PM5CTL0_L                                  
00000120  PMMCTL0                                    
00000121  PMMCTL0_H                                  
00000120  PMMCTL0_L                                  
0000012a  PMMIFG                                     
0000012b  PMMIFG_H                                   
0000012a  PMMIFG_L                                   
00000158  RCCTL0                                     
00000159  RCCTL0_H                                   
00000158  RCCTL0_L                                   
000001b0  REFCTL0                                    
000001b1  REFCTL0_H                                  
000001b0  REFCTL0_L                                  
000004e4  RES0                                       
000004e5  RES0_H                                     
000004e4  RES0_L                                     
000004e6  RES1                                       
000004e7  RES1_H                                     
000004e6  RES1_L                                     
000004e8  RES2                                       
000004e9  RES2_H                                     
000004e8  RES2_L                                     
000004ea  RES3                                       
000004eb  RES3_H                                     
000004ea  RES3_L                                     
000004cc  RESHI                                      
000004cd  RESHI_H                                    
000004cc  RESHI_L                                    
000004ca  RESLO                                      
000004cb  RESLO_H                                    
000004ca  RESLO_L                                    
000004ac  RT0PS                                      
000004ad  RT1PS                                      
000004ba  RTCADOWDAY                                 
000004bb  RTCADOWDAY_H                               
000004ba  RTCADOWDAY_L                               
000004b8  RTCAMINHR                                  
000004b9  RTCAMINHR_H                                
000004b8  RTCAMINHR_L                                
000004b0  RTCCNT1                                    
000004b0  RTCCNT12                                   
000004b1  RTCCNT12_H                                 
000004b0  RTCCNT12_L                                 
000004b1  RTCCNT2                                    
000004b2  RTCCNT3                                    
000004b2  RTCCNT34                                   
000004b3  RTCCNT34_H                                 
000004b2  RTCCNT34_L                                 
000004b3  RTCCNT4                                    
000004a0  RTCCTL0                                    
000004a1  RTCCTL0_H                                  
[...]
000008c6  CECTL3                                     
000008c6  CECTL3_L                                   
000008c7  CECTL3_H                                   
000008cc  CEINT                                      
000008cc  CEINT_L                                    
000008cd  CEINT_H                                    
000008ce  CEIV                                       
000008ce  CEIV_L                                     
000008cf  CEIV_H                                     
00000980  CRC32DIW0                                  
00000980  CRC32DIW0_L                                
00000981  CRC32DIW0_H                                
00000982  CRC32DIW1                                  
00000982  CRC32DIW1_L                                
00000983  CRC32DIW1_H                                
00000984  CRC32DIRBW1                                
00000984  CRC32DIRBW1_L                              
00000985  CRC32DIRBW1_H                              
00000986  CRC32DIRBW0                                
00000986  CRC32DIRBW0_L                              
00000987  CRC32DIRBW0_H                              
00000988  CRC32INIRESW0                              
00000988  CRC32INIRESW0_L                            
00000989  CRC32INIRESW0_H                            
0000098a  CRC32INIRESW1                              
0000098a  CRC32INIRESW1_L                            
0000098b  CRC32INIRESW1_H                            
0000098c  CRC32RESRW1                                
0000098c  CRC32RESRW1_L                              
0000098d  CRC32RESRW1_H                              
0000098e  CRC32RESRW0                                
0000098e  CRC32RESRW0_L                              
0000098f  CRC32RESRW0_H                              
00000990  CRC16DIW0                                  
00000990  CRC16DIW0_L                                
00000991  CRC16DIW0_H                                
00000996  CRC16DIRBW0                                
00000996  CRC16DIRBW0_L                              
00000997  CRC16DIRBW0_H                              
00000998  CRC16INIRESW0                              
00000998  CRC16INIRESW0_L                            
00000999  CRC16INIRESW0_H                            
0000099e  CRC16RESRW0                                
0000099e  CRC16RESRW0_L                              
0000099f  CRC16RESRW0_H                              
000009c0  AESACTL0                                   
000009c0  AESACTL0_L                                 
000009c1  AESACTL0_H                                 
000009c2  AESACTL1                                   
000009c2  AESACTL1_L                                 
000009c3  AESACTL1_H                                 
000009c4  AESASTAT                                   
000009c4  AESASTAT_L                                 
000009c5  AESASTAT_H                                 
000009c6  AESAKEY                                    
000009c6  AESAKEY_L                                  
000009c7  AESAKEY_H                                  
000009c8  AESADIN                                    
000009c8  AESADIN_L                                  
000009c9  AESADIN_H                                  
000009ca  AESADOUT                                   
000009ca  AESADOUT_L                                 
000009cb  AESADOUT_H                                 
000009cc  AESAXDIN                                   
000009cc  AESAXDIN_L                                 
000009cd  AESAXDIN_H                                 
000009ce  AESAXIN                                    
000009ce  AESAXIN_L                                  
000009cf  AESAXIN_H                                  
00000a80  LEACAP                                     
00000a80  LEACAPL                                    
00000a82  LEACAPH                                    
00000a84  LEACNF0                                    
00000a84  LEACNF0L                                   
00000a86  LEACNF0H                                   
00000a88  LEACNF1                                    
00000a88  LEACNF1L                                   
00000a8a  LEACNF1H                                   
00000a8c  LEACNF2                                    
00000a8c  LEACNF2L                                   
00000a8e  LEACNF2H                                   
00000a90  LEAMB                                      
00000a90  LEAMBL                                     
00000a92  LEAMBH                                     
00000a94  LEAMT                                      
00000a94  LEAMTL                                     
00000a96  LEAMTH                                     
00000a98  LEACMA                                     
00000a98  LEACMAL                                    
00000a9a  LEACMAH                                    
00000a9c  LEACMCTL                                   
00000a9c  LEACMCTLL                                  
00000a9e  LEACMCTLH                                  
00000aa8  LEACMDSTAT                                 
00000aa8  LEACMDSTATL                                
00000aaa  LEACMDSTATH                                
00000aac  LEAS1STAT                                  
00000aac  LEAS1STATL                                 
00000aae  LEAS1STATH                                 
00000ab0  LEAS0STAT                                  
00000ab0  LEAS0STATL                                 
00000ab2  LEAS0STATH                                 
00000ab4  LEADSTSTAT                                 
00000ab4  LEADSTSTATL                                
00000ab6  LEADSTSTATH                                
00000ac0  LEAPMCTL                                   
00000ac0  LEAPMCTLL                                  
00000ac2  LEAPMCTLH                                  
00000ac4  LEAPMDST                                   
00000ac4  LEAPMDSTL                                  
00000ac6  LEAPMDSTH                                  
00000ac8  LEAPMS1                                    
00000ac8  LEAPMS1L                                   
00000aca  LEAPMS1H                                   
00000acc  LEAPMS0                                    
00000acc  LEAPMS0L                                   
00000ace  LEAPMS0H                                   
00000ad0  LEAPMCB                                    
00000ad0  LEAPMCBL                                   
00000ad2  LEAPMCBH                                   
00000af0  LEAIFGSET                                  
00000af0  LEAIFGSETL                                 
00000af2  LEAIFGSETH                                 
00000af4  LEAIE                                      
00000af4  LEAIEL                                     
00000af6  LEAIEH                                     
00000af8  LEAIFG                                     
00000af8  LEAIFGL                                    
00000afa  LEAIFGH                                    
00000afc  LEAIV                                      
00000afc  LEAIVL                                     
00000afe  LEAIVH                                     
00001513  mpu_sam_value                              
00001c00  USCI_B0_ISR                                
00001d66  TIMER0_B0_ISR                              
00001d76  g_piCur                                    
00001da4  g_piSpd                                    
00001dd2  g_i2cCmdLength                             
00001de2  g_hallMap                                  
00001dea  g_rxBuffer                                 
00001df2  g_txBuffer                                 
00001dfa  g_impulse                                  
00001e00  g_closeLoopThreshold                       
00001e04  g_currentOffsetPhaseA                      
00001e08  g_currentOffsetPhaseB                      
00001e0c  g_currentOffsetPhaseC                      
00001e10  g_currentPhaseA                            
00001e14  g_currentPhaseB                            
00001e18  g_currentPhaseC                            
00001e1c  g_currentPosition                          
00001e20  g_currentSpeed                             
00001e24  g_drivingTimeoutCtr                        
00001e28  g_hallSensor                               
00001e2c  g_oldPosition                              
00001e30  g_openLoopTorque                           
00001e34  g_targetPosition                           
00001e38  g_accelRate                                
00001e3a  g_cmdState                                 
00001e3c  g_controlPrescaler                         
00001e3e  g_decelRate                                
00001e40  g_slaveMode                                
00001e42  g_state                                    
00001e44  g_closedLoop                               
00001e45  g_commState                                
00001e46  g_controlRegister                          
00001e47  g_faultRegister                            
00001e48  g_i2cSlaveAddress                          
00001e49  g_maxSpeed                                 
00001e4a  g_mod6cnt                                  
00001e4b  g_oldCommState                             
00001e4c  g_readRegAddr                              
00001e4d  g_rxBufferIdx                              
00001e4e  g_rxByteCtr                                
00001e4f  g_statusRegister                           
00001e50  g_targetDirection                          
00001e51  g_targetReached                            
00001e52  g_txBufferIdx                              
00001e53  g_txByteCtr                                
00001e54  g_errorCounter                             
00001e55  g_readSensors                              
00002b60  _stack                                     
00002c00  __STACK_END                                
00004000  _c_int00_noargs_mpu                        
00004000  fram_ipe_end                               
00004000  fram_ipe_start                             
00004000  fram_rw_start                              
00004000  fram_rx_start                              
00004020  __TI_ISR_TRAP                              
000041ce  __TI_Handler_Table_Base                    
000041da  __TI_Handler_Table_Limit                   
000041e6  __TI_CINIT_Base                            
000041f6  __TI_BINIT_Base                            
000041f6  __TI_CINIT_Limit                           
000041f6  __TI_table_binit                           
00004206  __TI_BINIT_Limit                           
0000a501  mpu_ctl0_value                             
0000ffb4  __TI_int18                                 
0000ffb6  __TI_int19                                 
0000ffb8  __TI_int20                                 
0000ffba  __TI_int21                                 
0000ffbc  __TI_int22                                 
0000ffbe  __TI_int23                                 
0000ffc0  __TI_int24                                 
0000ffc2  __TI_int25                                 
0000ffc4  __TI_int26                                 
0000ffc6  __TI_int27                                 
0000ffc8  __TI_int28                                 
0000ffca  __TI_int29                                 
0000ffcc  __TI_int30                                 
0000ffce  __TI_int31                                 
0000ffd0  __TI_int32                                 
0000ffd2  __TI_int33                                 
0000ffd4  __TI_int34                                 
0000ffd6  __TI_int35                                 
0000ffd8  __TI_int36                                 
0000ffda  __TI_int37                                 
0000ffdc  __TI_int38                                 
0000ffde  __TI_int39                                 
0000ffe0  __TI_int40                                 
0000ffe2  __TI_int41                                 
0000ffe4  __TI_int42                                 
0000ffe6  __TI_int43                                 
0000ffe8  __TI_int44                                 
0000ffea  __TI_int45                                 
0000ffec  __TI_int46                                 
0000ffee  __TI_int47                                 
0000fff0  __TI_int48                                 
0000fff2  __TI_int49                                 
0000fff4  __TI_int50                                 
0000fff6  __TI_int51                                 
0000fff8  __TI_int52                                 
0000fffa  __TI_int53                                 
0000fffc  __TI_int54                                 
0000fffe  _reset_vector                              
00010000  __mspabi_mpyd                              
00010298  driveOpenLoop                              
00010474  __TI_frcmpyd                               
000105d8  readSensors                                
00010710  initController                             
00010842  closedLoopCurrentLoop                      
0001095e  CS_setDCOFreq                              
00010a4e  moderatePIControllers                      
00010b3c  i2cSlaveTransactionDone                    
00010c24  initializePwmModules                       
00010cfc  pi_iteration                               
00010dc4  closedLoopSpeedLoop                        
00010e6c  initializeGpios                            
00010f10  main                                       
00010fb2  __mspabi_fltlid                            
00011050  ADC12_B_init                               
000110d8  checkTargetReached                         
00011156  updateStateMachine                         
000111d4  initializeI2cModule                        
00011250  Timer_B_initUpDownMode                     
000112c6  checkForClosedLoopErrors                   
0001133c  __TI_decompress_lzss                       
000113b2  GPIO_setAsPeripheralModuleFunctionInputPin 
0001141a  GPIO_setAsPeripheralModuleFunctionOutputPin
00011482  __TI_auto_init_nopinit_hold_wdt            
000114e8  __mspabi_fixdli                            
0001154e  copy_in                                    
000115b2  __mspabi_mpyll_f5hw                        
0001160e  CS_initClockSignal                         
00011664  initializeControllerVariables              
000116ba  clear_driver_fault                         
00011708  GPIO_setAsInputPin                         
00011748  initializeCmdLength                        
00011786  initializeSensorVariables                  
000117c4  __mspabi_sral_15                           
000117c8  __mspabi_sral_14                           
000117cc  __mspabi_sral_13                           
000117d0  __mspabi_sral_12                           
000117d4  __mspabi_sral_11                           
000117d8  __mspabi_sral_10                           
000117dc  __mspabi_sral_9                            
000117e0  __mspabi_sral_8                            
000117e4  __mspabi_sral_7                            
000117e8  __mspabi_sral_6                            
000117ec  __mspabi_sral_5                            
000117f0  __mspabi_sral_4                            
000117f4  __mspabi_sral_3                            
000117f8  __mspabi_sral_2                            
000117fc  __mspabi_sral_1                            
00011802  __mspabi_slll_15                           
00011806  __mspabi_slll_14                           
0001180a  __mspabi_slll_13                           
0001180e  __mspabi_slll_12                           
00011812  __mspabi_slll_11                           
00011816  __mspabi_slll_10                           
0001181a  __mspabi_slll_9                            
0001181e  __mspabi_slll_8                            
00011822  __mspabi_slll_7                            
00011826  __mspabi_slll_6                            
0001182a  __mspabi_slll_5                            
0001182e  __mspabi_slll_4                            
00011832  __mspabi_slll_3                            
00011836  __mspabi_slll_2                            
0001183a  __mspabi_slll_1                            
00011840  __mspabi_srll_15                           
00011844  __mspabi_srll_14                           
00011848  __mspabi_srll_13                           
0001184c  __mspabi_srll_12                           
00011850  __mspabi_srll_11                           
00011854  __mspabi_srll_10                           
00011858  __mspabi_srll_9                            
0001185c  __mspabi_srll_8                            
00011860  __mspabi_srll_7                            
00011864  __mspabi_srll_6                            
00011868  __mspabi_srll_5                            
0001186c  __mspabi_srll_4                            
00011870  __mspabi_srll_3                            
00011874  __mspabi_srll_2                            
00011878  __mspabi_srll_1                            
0001187e  ADC12_B_configureMemory                    
000118ba  _IQ15mpy                                   
000118f6  __mspabi_sllll                             
00011930  __mspabi_srlll                             
0001196a  Timer_B_initCompareMode                    
000119a2  GPIO_setAsOutputPin                        
000119d6  ADC12_B_startConversion                    
00011a06  __mpu_init                                 
00011a32  __mspabi_mpyull_f5hw                       
00011a5e  disableGateDriver                          
00011a8a  enableGateDriver                           
00011ab6  resetPiController                          
00011ae2  EUSCI_B_I2C_initSlave                      
00011b0c  initializeHallInterface                    
00011b34  __TI_zero_init_nomemset                    
00011b58  __mspabi_mpyl_f5hw                         
00011b7c  handleMotorTimeout                         
00011b9e  ADC12_B_setupSamplingTimer                 
00011bbe  GPIO_setOutputHighOnPin                    
00011bda  GPIO_setOutputLowOnPin                     
00011bf6  initializeSoftwareControlVariables         
00011c0e  __mspabi_mpyi_f5hw                         
00011c26  WDT_A_hold                                 
00011c3c  __mspabi_divu                              
00011c3c  __mspabi_remu                              
00011c52  memcpy                                     
00011c66  copyArray                                  
00011c78  __TI_decompress_none                       
00011c8a  ADC12_B_setResolution                      
00011c9a  __mspabi_srll                              
00011caa  ADC12_B_enable                             
00011cb8  labs                                       
00011cc6  EUSCI_B_I2C_clearInterrupt                 
00011cd2  EUSCI_B_I2C_enableInterrupt                
00011cde  __mspabi_fltid                             
00011cea  read_driver_fault                          
00011cf6  setPwmAPeriod                              
00011d02  setPwmBPeriod                              
00011d0e  setPwmCPeriod                              
00011d1a  Timer_B_clearCaptureCompareInterrupt       
00011d24  disableCalibration                         
00011d2e  enableCalibration                          
00011d38  disableHalfBridgeA                         
00011d40  disableHalfBridgeB                         
00011d48  enableHalfBridgeA                          
00011d50  enableHalfBridgeB                          
00011d58  EUSCI_B_I2C_enable                         
00011d5e  C$$EXIT                                    
00011d5e  abort                                      
00011d64  disableHalfBridgeC                         
00011d6a  enableHalfBridgeC                          
00011d70  _system_pre_init                           
00011d74  _system_post_cinit                         
ffffffff  __TI_pprof_out_hndl                        
ffffffff  __TI_prof_data_size                        
ffffffff  __TI_prof_data_start                       
ffffffff  __c_args__                                 

[1741 symbols]
