------------------------------------------------------------
Timing Analyzer Summary
------------------------------------------------------------

Type  : Slow 1200mV 100C Model Setup 'camera_1_pixel_clock'
Slack : -8.119
TNS   : -1037.819

Type  : Slow 1200mV 100C Model Setup 'clk'
Slack : -6.537
TNS   : -683.225

Type  : Slow 1200mV 100C Model Setup 'capturing_camera_frames'
Slack : -6.511
TNS   : -6.511

Type  : Slow 1200mV 100C Model Setup 'S70FL01GS_Flash_Memory_Interface_address_swap:flash_mem|spi_master:MAS|done'
Slack : -4.803
TNS   : -475.561

Type  : Slow 1200mV 100C Model Setup 'S70FL01GS_Flash_Memory_Interface_address_swap:flash_mem|spi_master:MAS|current_state.send'
Slack : -4.290
TNS   : -6.983

Type  : Slow 1200mV 100C Model Setup 'S70FL01GS_Flash_Memory_Interface_address_swap:flash_mem|spi_master:MAS|current_state.idle'
Slack : -3.802
TNS   : -6.847

Type  : Slow 1200mV 100C Model Setup 'PP3_wrote_one_line'
Slack : -1.099
TNS   : -5.641

Type  : Slow 1200mV 100C Model Setup 'hercules_SCK'
Slack : -1.074
TNS   : -9.371

Type  : Slow 1200mV 100C Model Setup 'S70FL01GS_Flash_Memory_Interface_address_swap:flash_mem|flash_mem_interface_done'
Slack : -0.917
TNS   : -3.555

Type  : Slow 1200mV 100C Model Setup 'S70FL01GS_Flash_Memory_Interface_address_swap:flash_mem|spi_master:MAS|SCK'
Slack : -0.734
TNS   : -5.671

Type  : Slow 1200mV 100C Model Setup 'camera_1_LV'
Slack : -0.721
TNS   : -0.958

Type  : Slow 1200mV 100C Model Setup 'PP3'
Slack : -0.221
TNS   : -0.496

Type  : Slow 1200mV 100C Model Setup 'camera_1_FV'
Slack : -0.019
TNS   : -0.019

Type  : Slow 1200mV 100C Model Hold 'S70FL01GS_Flash_Memory_Interface_address_swap:flash_mem|spi_master:MAS|done'
Slack : 0.125
TNS   : 0.000

Type  : Slow 1200mV 100C Model Hold 'S70FL01GS_Flash_Memory_Interface_address_swap:flash_mem|spi_master:MAS|SCK'
Slack : 0.238
TNS   : 0.000

Type  : Slow 1200mV 100C Model Hold 'camera_1_FV'
Slack : 0.302
TNS   : 0.000

Type  : Slow 1200mV 100C Model Hold 'camera_1_pixel_clock'
Slack : 0.302
TNS   : 0.000

Type  : Slow 1200mV 100C Model Hold 'clk'
Slack : 0.345
TNS   : 0.000

Type  : Slow 1200mV 100C Model Hold 'S70FL01GS_Flash_Memory_Interface_address_swap:flash_mem|flash_mem_interface_done'
Slack : 0.416
TNS   : 0.000

Type  : Slow 1200mV 100C Model Hold 'hercules_SCK'
Slack : 0.418
TNS   : 0.000

Type  : Slow 1200mV 100C Model Hold 'PP3'
Slack : 0.419
TNS   : 0.000

Type  : Slow 1200mV 100C Model Hold 'PP3_wrote_one_line'
Slack : 0.421
TNS   : 0.000

Type  : Slow 1200mV 100C Model Hold 'camera_1_LV'
Slack : 0.422
TNS   : 0.000

Type  : Slow 1200mV 100C Model Hold 'S70FL01GS_Flash_Memory_Interface_address_swap:flash_mem|spi_master:MAS|current_state.idle'
Slack : 0.562
TNS   : 0.000

Type  : Slow 1200mV 100C Model Hold 'S70FL01GS_Flash_Memory_Interface_address_swap:flash_mem|spi_master:MAS|current_state.send'
Slack : 0.821
TNS   : 0.000

Type  : Slow 1200mV 100C Model Hold 'capturing_camera_frames'
Slack : 2.332
TNS   : 0.000

Type  : Slow 1200mV 100C Model Recovery 'clk'
Slack : -3.579
TNS   : -50.192

Type  : Slow 1200mV 100C Model Recovery 'S70FL01GS_Flash_Memory_Interface_address_swap:flash_mem|spi_master:MAS|SCK'
Slack : -3.466
TNS   : -18.754

Type  : Slow 1200mV 100C Model Recovery 'capturing_camera_frames'
Slack : -2.103
TNS   : -2.103

Type  : Slow 1200mV 100C Model Recovery 'camera_1_pixel_clock'
Slack : -1.416
TNS   : -16.992

Type  : Slow 1200mV 100C Model Recovery 'camera_1_LV'
Slack : -1.187
TNS   : -3.561

Type  : Slow 1200mV 100C Model Recovery 'hercules_SCK'
Slack : -0.926
TNS   : -16.271

Type  : Slow 1200mV 100C Model Recovery 'S70FL01GS_Flash_Memory_Interface_address_swap:flash_mem|spi_master:MAS|done'
Slack : -0.486
TNS   : -41.392

Type  : Slow 1200mV 100C Model Recovery 'PP3_wrote_one_line'
Slack : -0.277
TNS   : -2.216

Type  : Slow 1200mV 100C Model Recovery 'PP3'
Slack : -0.242
TNS   : -0.968

Type  : Slow 1200mV 100C Model Recovery 'S70FL01GS_Flash_Memory_Interface_address_swap:flash_mem|flash_mem_interface_done'
Slack : -0.205
TNS   : -1.066

Type  : Slow 1200mV 100C Model Recovery 'camera_1_FV'
Slack : -0.019
TNS   : -0.019

Type  : Slow 1200mV 100C Model Removal 'S70FL01GS_Flash_Memory_Interface_address_swap:flash_mem|spi_master:MAS|done'
Slack : 0.011
TNS   : 0.000

Type  : Slow 1200mV 100C Model Removal 'camera_1_FV'
Slack : 0.419
TNS   : 0.000

Type  : Slow 1200mV 100C Model Removal 'S70FL01GS_Flash_Memory_Interface_address_swap:flash_mem|flash_mem_interface_done'
Slack : 0.520
TNS   : 0.000

Type  : Slow 1200mV 100C Model Removal 'PP3'
Slack : 0.613
TNS   : 0.000

Type  : Slow 1200mV 100C Model Removal 'PP3_wrote_one_line'
Slack : 0.688
TNS   : 0.000

Type  : Slow 1200mV 100C Model Removal 'S70FL01GS_Flash_Memory_Interface_address_swap:flash_mem|spi_master:MAS|SCK'
Slack : 0.750
TNS   : 0.000

Type  : Slow 1200mV 100C Model Removal 'camera_1_LV'
Slack : 0.859
TNS   : 0.000

Type  : Slow 1200mV 100C Model Removal 'hercules_SCK'
Slack : 1.155
TNS   : 0.000

Type  : Slow 1200mV 100C Model Removal 'capturing_camera_frames'
Slack : 1.410
TNS   : 0.000

Type  : Slow 1200mV 100C Model Removal 'camera_1_pixel_clock'
Slack : 1.656
TNS   : 0.000

Type  : Slow 1200mV 100C Model Removal 'clk'
Slack : 1.822
TNS   : 0.000

Type  : Slow 1200mV 100C Model Minimum Pulse Width 'capturing_camera_frames'
Slack : -12.445
TNS   : -74.670

Type  : Slow 1200mV 100C Model Minimum Pulse Width 'hercules_SCK'
Slack : -12.445
TNS   : -39.860

Type  : Slow 1200mV 100C Model Minimum Pulse Width 'S70FL01GS_Flash_Memory_Interface_address_swap:flash_mem|spi_master:MAS|SCK'
Slack : -12.445
TNS   : -30.435

Type  : Slow 1200mV 100C Model Minimum Pulse Width 'camera_1_pixel_clock'
Slack : -3.000
TNS   : -493.175

Type  : Slow 1200mV 100C Model Minimum Pulse Width 'clk'
Slack : -3.000
TNS   : -284.415

Type  : Slow 1200mV 100C Model Minimum Pulse Width 'camera_1_LV'
Slack : -3.000
TNS   : -6.855

Type  : Slow 1200mV 100C Model Minimum Pulse Width 'camera_1_FV'
Slack : -3.000
TNS   : -4.285

Type  : Slow 1200mV 100C Model Minimum Pulse Width 'S70FL01GS_Flash_Memory_Interface_address_swap:flash_mem|spi_master:MAS|done'
Slack : -2.710
TNS   : -491.495

Type  : Slow 1200mV 100C Model Minimum Pulse Width 'PP3_wrote_one_line'
Slack : -1.285
TNS   : -10.280

Type  : Slow 1200mV 100C Model Minimum Pulse Width 'S70FL01GS_Flash_Memory_Interface_address_swap:flash_mem|flash_mem_interface_done'
Slack : -1.285
TNS   : -8.995

Type  : Slow 1200mV 100C Model Minimum Pulse Width 'PP3'
Slack : -1.285
TNS   : -5.140

Type  : Slow 1200mV 100C Model Minimum Pulse Width 'S70FL01GS_Flash_Memory_Interface_address_swap:flash_mem|spi_master:MAS|current_state.send'
Slack : 0.371
TNS   : 0.000

Type  : Slow 1200mV 100C Model Minimum Pulse Width 'S70FL01GS_Flash_Memory_Interface_address_swap:flash_mem|spi_master:MAS|current_state.idle'
Slack : 0.381
TNS   : 0.000

Type  : Slow 1200mV -40C Model Setup 'camera_1_pixel_clock'
Slack : -7.518
TNS   : -949.007

Type  : Slow 1200mV -40C Model Setup 'capturing_camera_frames'
Slack : -5.840
TNS   : -5.840

Type  : Slow 1200mV -40C Model Setup 'clk'
Slack : -5.557
TNS   : -587.283

Type  : Slow 1200mV -40C Model Setup 'S70FL01GS_Flash_Memory_Interface_address_swap:flash_mem|spi_master:MAS|done'
Slack : -4.114
TNS   : -381.673

Type  : Slow 1200mV -40C Model Setup 'S70FL01GS_Flash_Memory_Interface_address_swap:flash_mem|spi_master:MAS|current_state.send'
Slack : -3.781
TNS   : -5.852

Type  : Slow 1200mV -40C Model Setup 'S70FL01GS_Flash_Memory_Interface_address_swap:flash_mem|spi_master:MAS|current_state.idle'
Slack : -3.340
TNS   : -5.906

Type  : Slow 1200mV -40C Model Setup 'hercules_SCK'
Slack : -0.851
TNS   : -7.120

Type  : Slow 1200mV -40C Model Setup 'PP3_wrote_one_line'
Slack : -0.783
TNS   : -3.862

Type  : Slow 1200mV -40C Model Setup 'S70FL01GS_Flash_Memory_Interface_address_swap:flash_mem|flash_mem_interface_done'
Slack : -0.761
TNS   : -2.724

Type  : Slow 1200mV -40C Model Setup 'camera_1_LV'
Slack : -0.497
TNS   : -0.555

Type  : Slow 1200mV -40C Model Setup 'S70FL01GS_Flash_Memory_Interface_address_swap:flash_mem|spi_master:MAS|SCK'
Slack : -0.471
TNS   : -3.360

Type  : Slow 1200mV -40C Model Setup 'PP3'
Slack : -0.052
TNS   : -0.102

Type  : Slow 1200mV -40C Model Setup 'camera_1_FV'
Slack : 0.178
TNS   : 0.000

Type  : Slow 1200mV -40C Model Hold 'S70FL01GS_Flash_Memory_Interface_address_swap:flash_mem|spi_master:MAS|done'
Slack : 0.142
TNS   : 0.000

Type  : Slow 1200mV -40C Model Hold 'S70FL01GS_Flash_Memory_Interface_address_swap:flash_mem|spi_master:MAS|SCK'
Slack : 0.197
TNS   : 0.000

Type  : Slow 1200mV -40C Model Hold 'camera_1_FV'
Slack : 0.230
TNS   : 0.000

Type  : Slow 1200mV -40C Model Hold 'camera_1_pixel_clock'
Slack : 0.301
TNS   : 0.000

Type  : Slow 1200mV -40C Model Hold 'clk'
Slack : 0.316
TNS   : 0.000

Type  : Slow 1200mV -40C Model Hold 'PP3'
Slack : 0.344
TNS   : 0.000

Type  : Slow 1200mV -40C Model Hold 'hercules_SCK'
Slack : 0.344
TNS   : 0.000

Type  : Slow 1200mV -40C Model Hold 'S70FL01GS_Flash_Memory_Interface_address_swap:flash_mem|flash_mem_interface_done'
Slack : 0.345
TNS   : 0.000

Type  : Slow 1200mV -40C Model Hold 'PP3_wrote_one_line'
Slack : 0.359
TNS   : 0.000

Type  : Slow 1200mV -40C Model Hold 'camera_1_LV'
Slack : 0.359
TNS   : 0.000

Type  : Slow 1200mV -40C Model Hold 'S70FL01GS_Flash_Memory_Interface_address_swap:flash_mem|spi_master:MAS|current_state.idle'
Slack : 0.552
TNS   : 0.000

Type  : Slow 1200mV -40C Model Hold 'S70FL01GS_Flash_Memory_Interface_address_swap:flash_mem|spi_master:MAS|current_state.send'
Slack : 0.758
TNS   : 0.000

Type  : Slow 1200mV -40C Model Hold 'capturing_camera_frames'
Slack : 2.130
TNS   : 0.000

Type  : Slow 1200mV -40C Model Recovery 'clk'
Slack : -3.103
TNS   : -42.810

Type  : Slow 1200mV -40C Model Recovery 'S70FL01GS_Flash_Memory_Interface_address_swap:flash_mem|spi_master:MAS|SCK'
Slack : -2.998
TNS   : -16.394

Type  : Slow 1200mV -40C Model Recovery 'capturing_camera_frames'
Slack : -1.976
TNS   : -1.976

Type  : Slow 1200mV -40C Model Recovery 'camera_1_pixel_clock'
Slack : -1.325
TNS   : -15.900

Type  : Slow 1200mV -40C Model Recovery 'camera_1_LV'
Slack : -0.993
TNS   : -2.979

Type  : Slow 1200mV -40C Model Recovery 'hercules_SCK'
Slack : -0.672
TNS   : -11.452

Type  : Slow 1200mV -40C Model Recovery 'S70FL01GS_Flash_Memory_Interface_address_swap:flash_mem|spi_master:MAS|done'
Slack : -0.314
TNS   : -18.267

Type  : Slow 1200mV -40C Model Recovery 'PP3_wrote_one_line'
Slack : -0.087
TNS   : -0.696

Type  : Slow 1200mV -40C Model Recovery 'PP3'
Slack : -0.055
TNS   : -0.220

Type  : Slow 1200mV -40C Model Recovery 'S70FL01GS_Flash_Memory_Interface_address_swap:flash_mem|flash_mem_interface_done'
Slack : -0.044
TNS   : -0.067

Type  : Slow 1200mV -40C Model Recovery 'camera_1_FV'
Slack : 0.232
TNS   : 0.000

Type  : Slow 1200mV -40C Model Removal 'S70FL01GS_Flash_Memory_Interface_address_swap:flash_mem|spi_master:MAS|done'
Slack : -0.034
TNS   : -0.102

Type  : Slow 1200mV -40C Model Removal 'camera_1_FV'
Slack : 0.272
TNS   : 0.000

Type  : Slow 1200mV -40C Model Removal 'S70FL01GS_Flash_Memory_Interface_address_swap:flash_mem|flash_mem_interface_done'
Slack : 0.450
TNS   : 0.000

Type  : Slow 1200mV -40C Model Removal 'PP3'
Slack : 0.523
TNS   : 0.000

Type  : Slow 1200mV -40C Model Removal 'PP3_wrote_one_line'
Slack : 0.597
TNS   : 0.000

Type  : Slow 1200mV -40C Model Removal 'camera_1_LV'
Slack : 0.640
TNS   : 0.000

Type  : Slow 1200mV -40C Model Removal 'S70FL01GS_Flash_Memory_Interface_address_swap:flash_mem|spi_master:MAS|SCK'
Slack : 0.653
TNS   : 0.000

Type  : Slow 1200mV -40C Model Removal 'hercules_SCK'
Slack : 1.004
TNS   : 0.000

Type  : Slow 1200mV -40C Model Removal 'capturing_camera_frames'
Slack : 1.246
TNS   : 0.000

Type  : Slow 1200mV -40C Model Removal 'camera_1_pixel_clock'
Slack : 1.549
TNS   : 0.000

Type  : Slow 1200mV -40C Model Removal 'clk'
Slack : 1.618
TNS   : 0.000

Type  : Slow 1200mV -40C Model Minimum Pulse Width 'capturing_camera_frames'
Slack : -12.445
TNS   : -74.670

Type  : Slow 1200mV -40C Model Minimum Pulse Width 'hercules_SCK'
Slack : -12.445
TNS   : -39.860

Type  : Slow 1200mV -40C Model Minimum Pulse Width 'S70FL01GS_Flash_Memory_Interface_address_swap:flash_mem|spi_master:MAS|SCK'
Slack : -12.445
TNS   : -30.435

Type  : Slow 1200mV -40C Model Minimum Pulse Width 'camera_1_pixel_clock'
Slack : -3.000
TNS   : -487.319

Type  : Slow 1200mV -40C Model Minimum Pulse Width 'clk'
Slack : -3.000
TNS   : -284.415

Type  : Slow 1200mV -40C Model Minimum Pulse Width 'camera_1_LV'
Slack : -3.000
TNS   : -6.855

Type  : Slow 1200mV -40C Model Minimum Pulse Width 'camera_1_FV'
Slack : -3.000
TNS   : -4.285

Type  : Slow 1200mV -40C Model Minimum Pulse Width 'S70FL01GS_Flash_Memory_Interface_address_swap:flash_mem|spi_master:MAS|done'
Slack : -2.649
TNS   : -489.543

Type  : Slow 1200mV -40C Model Minimum Pulse Width 'PP3_wrote_one_line'
Slack : -1.285
TNS   : -10.280

Type  : Slow 1200mV -40C Model Minimum Pulse Width 'S70FL01GS_Flash_Memory_Interface_address_swap:flash_mem|flash_mem_interface_done'
Slack : -1.285
TNS   : -8.995

Type  : Slow 1200mV -40C Model Minimum Pulse Width 'PP3'
Slack : -1.285
TNS   : -5.140

Type  : Slow 1200mV -40C Model Minimum Pulse Width 'S70FL01GS_Flash_Memory_Interface_address_swap:flash_mem|spi_master:MAS|current_state.send'
Slack : 0.420
TNS   : 0.000

Type  : Slow 1200mV -40C Model Minimum Pulse Width 'S70FL01GS_Flash_Memory_Interface_address_swap:flash_mem|spi_master:MAS|current_state.idle'
Slack : 0.423
TNS   : 0.000

Type  : Fast 1200mV -40C Model Setup 'clk'
Slack : -3.297
TNS   : -296.025

Type  : Fast 1200mV -40C Model Setup 'camera_1_pixel_clock'
Slack : -3.282
TNS   : -424.115

Type  : Fast 1200mV -40C Model Setup 'capturing_camera_frames'
Slack : -2.673
TNS   : -2.673

Type  : Fast 1200mV -40C Model Setup 'S70FL01GS_Flash_Memory_Interface_address_swap:flash_mem|spi_master:MAS|current_state.send'
Slack : -1.816
TNS   : -2.135

Type  : Fast 1200mV -40C Model Setup 'S70FL01GS_Flash_Memory_Interface_address_swap:flash_mem|spi_master:MAS|current_state.idle'
Slack : -1.627
TNS   : -3.230

Type  : Fast 1200mV -40C Model Setup 'S70FL01GS_Flash_Memory_Interface_address_swap:flash_mem|spi_master:MAS|done'
Slack : -1.604
TNS   : -150.778

Type  : Fast 1200mV -40C Model Setup 'S70FL01GS_Flash_Memory_Interface_address_swap:flash_mem|flash_mem_interface_done'
Slack : -0.600
TNS   : -2.797

Type  : Fast 1200mV -40C Model Setup 'camera_1_FV'
Slack : -0.300
TNS   : -0.300

Type  : Fast 1200mV -40C Model Setup 'S70FL01GS_Flash_Memory_Interface_address_swap:flash_mem|spi_master:MAS|SCK'
Slack : -0.032
TNS   : -0.100

Type  : Fast 1200mV -40C Model Setup 'PP3_wrote_one_line'
Slack : 0.035
TNS   : 0.000

Type  : Fast 1200mV -40C Model Setup 'hercules_SCK'
Slack : 0.066
TNS   : 0.000

Type  : Fast 1200mV -40C Model Setup 'camera_1_LV'
Slack : 0.234
TNS   : 0.000

Type  : Fast 1200mV -40C Model Setup 'PP3'
Slack : 0.426
TNS   : 0.000

Type  : Fast 1200mV -40C Model Hold 'clk'
Slack : 0.031
TNS   : 0.000

Type  : Fast 1200mV -40C Model Hold 'camera_1_pixel_clock'
Slack : 0.125
TNS   : 0.000

Type  : Fast 1200mV -40C Model Hold 'PP3'
Slack : 0.179
TNS   : 0.000

Type  : Fast 1200mV -40C Model Hold 'S70FL01GS_Flash_Memory_Interface_address_swap:flash_mem|flash_mem_interface_done'
Slack : 0.179
TNS   : 0.000

Type  : Fast 1200mV -40C Model Hold 'S70FL01GS_Flash_Memory_Interface_address_swap:flash_mem|spi_master:MAS|done'
Slack : 0.179
TNS   : 0.000

Type  : Fast 1200mV -40C Model Hold 'hercules_SCK'
Slack : 0.179
TNS   : 0.000

Type  : Fast 1200mV -40C Model Hold 'PP3_wrote_one_line'
Slack : 0.183
TNS   : 0.000

Type  : Fast 1200mV -40C Model Hold 'S70FL01GS_Flash_Memory_Interface_address_swap:flash_mem|spi_master:MAS|SCK'
Slack : 0.183
TNS   : 0.000

Type  : Fast 1200mV -40C Model Hold 'camera_1_LV'
Slack : 0.184
TNS   : 0.000

Type  : Fast 1200mV -40C Model Hold 'camera_1_FV'
Slack : 0.191
TNS   : 0.000

Type  : Fast 1200mV -40C Model Hold 'S70FL01GS_Flash_Memory_Interface_address_swap:flash_mem|spi_master:MAS|current_state.idle'
Slack : 0.241
TNS   : 0.000

Type  : Fast 1200mV -40C Model Hold 'S70FL01GS_Flash_Memory_Interface_address_swap:flash_mem|spi_master:MAS|current_state.send'
Slack : 0.390
TNS   : 0.000

Type  : Fast 1200mV -40C Model Hold 'capturing_camera_frames'
Slack : 1.244
TNS   : 0.000

Type  : Fast 1200mV -40C Model Recovery 'S70FL01GS_Flash_Memory_Interface_address_swap:flash_mem|spi_master:MAS|SCK'
Slack : -1.401
TNS   : -7.482

Type  : Fast 1200mV -40C Model Recovery 'clk'
Slack : -1.136
TNS   : -7.597

Type  : Fast 1200mV -40C Model Recovery 'camera_1_LV'
Slack : -0.861
TNS   : -2.583

Type  : Fast 1200mV -40C Model Recovery 'capturing_camera_frames'
Slack : -0.780
TNS   : -0.780

Type  : Fast 1200mV -40C Model Recovery 'camera_1_pixel_clock'
Slack : -0.078
TNS   : -0.936

Type  : Fast 1200mV -40C Model Recovery 'hercules_SCK'
Slack : 0.055
TNS   : 0.000

Type  : Fast 1200mV -40C Model Recovery 'S70FL01GS_Flash_Memory_Interface_address_swap:flash_mem|spi_master:MAS|done'
Slack : 0.331
TNS   : 0.000

Type  : Fast 1200mV -40C Model Recovery 'camera_1_FV'
Slack : 0.424
TNS   : 0.000

Type  : Fast 1200mV -40C Model Recovery 'PP3'
Slack : 0.459
TNS   : 0.000

Type  : Fast 1200mV -40C Model Recovery 'PP3_wrote_one_line'
Slack : 0.459
TNS   : 0.000

Type  : Fast 1200mV -40C Model Recovery 'S70FL01GS_Flash_Memory_Interface_address_swap:flash_mem|flash_mem_interface_done'
Slack : 0.474
TNS   : 0.000

Type  : Fast 1200mV -40C Model Removal 'S70FL01GS_Flash_Memory_Interface_address_swap:flash_mem|spi_master:MAS|done'
Slack : -0.091
TNS   : -0.273

Type  : Fast 1200mV -40C Model Removal 'S70FL01GS_Flash_Memory_Interface_address_swap:flash_mem|flash_mem_interface_done'
Slack : 0.122
TNS   : 0.000

Type  : Fast 1200mV -40C Model Removal 'PP3'
Slack : 0.151
TNS   : 0.000

Type  : Fast 1200mV -40C Model Removal 'PP3_wrote_one_line'
Slack : 0.194
TNS   : 0.000

Type  : Fast 1200mV -40C Model Removal 'camera_1_FV'
Slack : 0.221
TNS   : 0.000

Type  : Fast 1200mV -40C Model Removal 'S70FL01GS_Flash_Memory_Interface_address_swap:flash_mem|spi_master:MAS|SCK'
Slack : 0.419
TNS   : 0.000

Type  : Fast 1200mV -40C Model Removal 'camera_1_pixel_clock'
Slack : 0.465
TNS   : 0.000

Type  : Fast 1200mV -40C Model Removal 'hercules_SCK'
Slack : 0.515
TNS   : 0.000

Type  : Fast 1200mV -40C Model Removal 'camera_1_LV'
Slack : 0.582
TNS   : 0.000

Type  : Fast 1200mV -40C Model Removal 'clk'
Slack : 0.608
TNS   : 0.000

Type  : Fast 1200mV -40C Model Removal 'capturing_camera_frames'
Slack : 0.902
TNS   : 0.000

Type  : Fast 1200mV -40C Model Minimum Pulse Width 'capturing_camera_frames'
Slack : -9.457
TNS   : -56.742

Type  : Fast 1200mV -40C Model Minimum Pulse Width 'hercules_SCK'
Slack : -9.457
TNS   : -38.286

Type  : Fast 1200mV -40C Model Minimum Pulse Width 'S70FL01GS_Flash_Memory_Interface_address_swap:flash_mem|spi_master:MAS|SCK'
Slack : -9.457
TNS   : -23.457

Type  : Fast 1200mV -40C Model Minimum Pulse Width 'camera_1_pixel_clock'
Slack : -3.000
TNS   : -412.758

Type  : Fast 1200mV -40C Model Minimum Pulse Width 'clk'
Slack : -3.000
TNS   : -293.613

Type  : Fast 1200mV -40C Model Minimum Pulse Width 'camera_1_LV'
Slack : -3.000
TNS   : -9.070

Type  : Fast 1200mV -40C Model Minimum Pulse Width 'camera_1_FV'
Slack : -3.000
TNS   : -4.856

Type  : Fast 1200mV -40C Model Minimum Pulse Width 'S70FL01GS_Flash_Memory_Interface_address_swap:flash_mem|spi_master:MAS|done'
Slack : -1.000
TNS   : -347.000

Type  : Fast 1200mV -40C Model Minimum Pulse Width 'PP3_wrote_one_line'
Slack : -1.000
TNS   : -8.000

Type  : Fast 1200mV -40C Model Minimum Pulse Width 'S70FL01GS_Flash_Memory_Interface_address_swap:flash_mem|flash_mem_interface_done'
Slack : -1.000
TNS   : -7.000

Type  : Fast 1200mV -40C Model Minimum Pulse Width 'PP3'
Slack : -1.000
TNS   : -4.000

Type  : Fast 1200mV -40C Model Minimum Pulse Width 'S70FL01GS_Flash_Memory_Interface_address_swap:flash_mem|spi_master:MAS|current_state.send'
Slack : 0.350
TNS   : 0.000

Type  : Fast 1200mV -40C Model Minimum Pulse Width 'S70FL01GS_Flash_Memory_Interface_address_swap:flash_mem|spi_master:MAS|current_state.idle'
Slack : 0.415
TNS   : 0.000

------------------------------------------------------------
