------------------------------------------------------------
Timing Analyzer Summary
------------------------------------------------------------

Type  : Slow 1200mV 100C Model Setup 'capturing_camera_frames'
Slack : -7.039
TNS   : -7.039

Type  : Slow 1200mV 100C Model Setup 'clk'
Slack : -6.857
TNS   : -693.024

Type  : Slow 1200mV 100C Model Setup 'camera_1_pixel_clock'
Slack : -6.597
TNS   : -292.121

Type  : Slow 1200mV 100C Model Setup 'S70FL01GS_Flash_Memory_Interface_address_swap:flash_mem|spi_master:MAS|current_state.idle'
Slack : -3.284
TNS   : -5.881

Type  : Slow 1200mV 100C Model Setup 'S70FL01GS_Flash_Memory_Interface_address_swap:flash_mem|spi_master:MAS|done'
Slack : -3.235
TNS   : -381.069

Type  : Slow 1200mV 100C Model Setup 'S70FL01GS_Flash_Memory_Interface_address_swap:flash_mem|spi_master:MAS|current_state.send'
Slack : -2.791
TNS   : -4.620

Type  : Slow 1200mV 100C Model Setup 'hercules_SCK'
Slack : -1.112
TNS   : -9.513

Type  : Slow 1200mV 100C Model Setup 'PP3_wrote_one_line'
Slack : -1.098
TNS   : -5.637

Type  : Slow 1200mV 100C Model Setup 'S70FL01GS_Flash_Memory_Interface_address_swap:flash_mem|spi_master:MAS|SCK'
Slack : -0.993
TNS   : -7.822

Type  : Slow 1200mV 100C Model Setup 'camera_1_LV'
Slack : -0.706
TNS   : -0.939

Type  : Slow 1200mV 100C Model Setup 'S70FL01GS_Flash_Memory_Interface_address_swap:flash_mem|flash_mem_interface_done'
Slack : -0.685
TNS   : -1.744

Type  : Slow 1200mV 100C Model Setup 'camera_1_FV'
Slack : -0.421
TNS   : -0.421

Type  : Slow 1200mV 100C Model Setup 'PP3'
Slack : -0.221
TNS   : -0.501

Type  : Slow 1200mV 100C Model Hold 'clk'
Slack : -0.142
TNS   : -0.142

Type  : Slow 1200mV 100C Model Hold 'S70FL01GS_Flash_Memory_Interface_address_swap:flash_mem|spi_master:MAS|current_state.idle'
Slack : 0.342
TNS   : 0.000

Type  : Slow 1200mV 100C Model Hold 'S70FL01GS_Flash_Memory_Interface_address_swap:flash_mem|flash_mem_interface_done'
Slack : 0.347
TNS   : 0.000

Type  : Slow 1200mV 100C Model Hold 'camera_1_pixel_clock'
Slack : 0.355
TNS   : 0.000

Type  : Slow 1200mV 100C Model Hold 'S70FL01GS_Flash_Memory_Interface_address_swap:flash_mem|spi_master:MAS|current_state.send'
Slack : 0.367
TNS   : 0.000

Type  : Slow 1200mV 100C Model Hold 'S70FL01GS_Flash_Memory_Interface_address_swap:flash_mem|spi_master:MAS|done'
Slack : 0.401
TNS   : 0.000

Type  : Slow 1200mV 100C Model Hold 'PP3'
Slack : 0.417
TNS   : 0.000

Type  : Slow 1200mV 100C Model Hold 'hercules_SCK'
Slack : 0.418
TNS   : 0.000

Type  : Slow 1200mV 100C Model Hold 'camera_1_LV'
Slack : 0.421
TNS   : 0.000

Type  : Slow 1200mV 100C Model Hold 'PP3_wrote_one_line'
Slack : 0.422
TNS   : 0.000

Type  : Slow 1200mV 100C Model Hold 'S70FL01GS_Flash_Memory_Interface_address_swap:flash_mem|spi_master:MAS|SCK'
Slack : 0.439
TNS   : 0.000

Type  : Slow 1200mV 100C Model Hold 'camera_1_FV'
Slack : 0.439
TNS   : 0.000

Type  : Slow 1200mV 100C Model Hold 'capturing_camera_frames'
Slack : 2.764
TNS   : 0.000

Type  : Slow 1200mV 100C Model Recovery 'S70FL01GS_Flash_Memory_Interface_address_swap:flash_mem|spi_master:MAS|SCK'
Slack : -5.411
TNS   : -26.704

Type  : Slow 1200mV 100C Model Recovery 'clk'
Slack : -3.878
TNS   : -53.837

Type  : Slow 1200mV 100C Model Recovery 'capturing_camera_frames'
Slack : -2.547
TNS   : -2.547

Type  : Slow 1200mV 100C Model Recovery 'camera_1_pixel_clock'
Slack : -1.733
TNS   : -20.796

Type  : Slow 1200mV 100C Model Recovery 'camera_1_LV'
Slack : -1.436
TNS   : -4.308

Type  : Slow 1200mV 100C Model Recovery 'hercules_SCK'
Slack : -0.960
TNS   : -16.609

Type  : Slow 1200mV 100C Model Recovery 'S70FL01GS_Flash_Memory_Interface_address_swap:flash_mem|spi_master:MAS|done'
Slack : -0.881
TNS   : -60.036

Type  : Slow 1200mV 100C Model Recovery 'PP3_wrote_one_line'
Slack : -0.605
TNS   : -4.840

Type  : Slow 1200mV 100C Model Recovery 'S70FL01GS_Flash_Memory_Interface_address_swap:flash_mem|flash_mem_interface_done'
Slack : -0.372
TNS   : -1.362

Type  : Slow 1200mV 100C Model Recovery 'PP3'
Slack : -0.286
TNS   : -1.144

Type  : Slow 1200mV 100C Model Recovery 'camera_1_FV'
Slack : 0.021
TNS   : 0.000

Type  : Slow 1200mV 100C Model Removal 'S70FL01GS_Flash_Memory_Interface_address_swap:flash_mem|flash_mem_interface_done'
Slack : 0.385
TNS   : 0.000

Type  : Slow 1200mV 100C Model Removal 'camera_1_FV'
Slack : 0.402
TNS   : 0.000

Type  : Slow 1200mV 100C Model Removal 'S70FL01GS_Flash_Memory_Interface_address_swap:flash_mem|spi_master:MAS|done'
Slack : 0.638
TNS   : 0.000

Type  : Slow 1200mV 100C Model Removal 'PP3'
Slack : 0.705
TNS   : 0.000

Type  : Slow 1200mV 100C Model Removal 'camera_1_LV'
Slack : 0.788
TNS   : 0.000

Type  : Slow 1200mV 100C Model Removal 'S70FL01GS_Flash_Memory_Interface_address_swap:flash_mem|spi_master:MAS|SCK'
Slack : 0.882
TNS   : 0.000

Type  : Slow 1200mV 100C Model Removal 'PP3_wrote_one_line'
Slack : 0.956
TNS   : 0.000

Type  : Slow 1200mV 100C Model Removal 'hercules_SCK'
Slack : 1.150
TNS   : 0.000

Type  : Slow 1200mV 100C Model Removal 'clk'
Slack : 1.809
TNS   : 0.000

Type  : Slow 1200mV 100C Model Removal 'capturing_camera_frames'
Slack : 1.812
TNS   : 0.000

Type  : Slow 1200mV 100C Model Removal 'camera_1_pixel_clock'
Slack : 1.914
TNS   : 0.000

Type  : Slow 1200mV 100C Model Minimum Pulse Width 'capturing_camera_frames'
Slack : -12.445
TNS   : -74.670

Type  : Slow 1200mV 100C Model Minimum Pulse Width 'hercules_SCK'
Slack : -12.445
TNS   : -39.860

Type  : Slow 1200mV 100C Model Minimum Pulse Width 'S70FL01GS_Flash_Memory_Interface_address_swap:flash_mem|spi_master:MAS|SCK'
Slack : -12.445
TNS   : -30.435

Type  : Slow 1200mV 100C Model Minimum Pulse Width 'clk'
Slack : -3.000
TNS   : -284.415

Type  : Slow 1200mV 100C Model Minimum Pulse Width 'camera_1_pixel_clock'
Slack : -3.000
TNS   : -140.890

Type  : Slow 1200mV 100C Model Minimum Pulse Width 'camera_1_LV'
Slack : -3.000
TNS   : -6.855

Type  : Slow 1200mV 100C Model Minimum Pulse Width 'camera_1_FV'
Slack : -3.000
TNS   : -4.285

Type  : Slow 1200mV 100C Model Minimum Pulse Width 'S70FL01GS_Flash_Memory_Interface_address_swap:flash_mem|spi_master:MAS|done'
Slack : -2.710
TNS   : -308.795

Type  : Slow 1200mV 100C Model Minimum Pulse Width 'PP3_wrote_one_line'
Slack : -1.285
TNS   : -10.280

Type  : Slow 1200mV 100C Model Minimum Pulse Width 'S70FL01GS_Flash_Memory_Interface_address_swap:flash_mem|flash_mem_interface_done'
Slack : -1.285
TNS   : -8.995

Type  : Slow 1200mV 100C Model Minimum Pulse Width 'PP3'
Slack : -1.285
TNS   : -5.140

Type  : Slow 1200mV 100C Model Minimum Pulse Width 'S70FL01GS_Flash_Memory_Interface_address_swap:flash_mem|spi_master:MAS|current_state.send'
Slack : 0.369
TNS   : 0.000

Type  : Slow 1200mV 100C Model Minimum Pulse Width 'S70FL01GS_Flash_Memory_Interface_address_swap:flash_mem|spi_master:MAS|current_state.idle'
Slack : 0.407
TNS   : 0.000

Type  : Slow 1200mV -40C Model Setup 'capturing_camera_frames'
Slack : -6.271
TNS   : -6.271

Type  : Slow 1200mV -40C Model Setup 'camera_1_pixel_clock'
Slack : -6.057
TNS   : -265.190

Type  : Slow 1200mV -40C Model Setup 'clk'
Slack : -5.806
TNS   : -595.515

Type  : Slow 1200mV -40C Model Setup 'S70FL01GS_Flash_Memory_Interface_address_swap:flash_mem|spi_master:MAS|current_state.idle'
Slack : -2.814
TNS   : -5.037

Type  : Slow 1200mV -40C Model Setup 'S70FL01GS_Flash_Memory_Interface_address_swap:flash_mem|spi_master:MAS|done'
Slack : -2.732
TNS   : -304.472

Type  : Slow 1200mV -40C Model Setup 'S70FL01GS_Flash_Memory_Interface_address_swap:flash_mem|spi_master:MAS|current_state.send'
Slack : -2.409
TNS   : -3.815

Type  : Slow 1200mV -40C Model Setup 'hercules_SCK'
Slack : -0.850
TNS   : -6.958

Type  : Slow 1200mV -40C Model Setup 'S70FL01GS_Flash_Memory_Interface_address_swap:flash_mem|spi_master:MAS|SCK'
Slack : -0.834
TNS   : -6.211

Type  : Slow 1200mV -40C Model Setup 'PP3_wrote_one_line'
Slack : -0.783
TNS   : -3.863

Type  : Slow 1200mV -40C Model Setup 'S70FL01GS_Flash_Memory_Interface_address_swap:flash_mem|flash_mem_interface_done'
Slack : -0.545
TNS   : -1.087

Type  : Slow 1200mV -40C Model Setup 'camera_1_LV'
Slack : -0.487
TNS   : -0.543

Type  : Slow 1200mV -40C Model Setup 'camera_1_FV'
Slack : -0.199
TNS   : -0.199

Type  : Slow 1200mV -40C Model Setup 'PP3'
Slack : -0.050
TNS   : -0.098

Type  : Slow 1200mV -40C Model Hold 'clk'
Slack : -0.102
TNS   : -0.102

Type  : Slow 1200mV -40C Model Hold 'S70FL01GS_Flash_Memory_Interface_address_swap:flash_mem|spi_master:MAS|done'
Slack : 0.330
TNS   : 0.000

Type  : Slow 1200mV -40C Model Hold 'S70FL01GS_Flash_Memory_Interface_address_swap:flash_mem|spi_master:MAS|current_state.idle'
Slack : 0.331
TNS   : 0.000

Type  : Slow 1200mV -40C Model Hold 'PP3'
Slack : 0.344
TNS   : 0.000

Type  : Slow 1200mV -40C Model Hold 'S70FL01GS_Flash_Memory_Interface_address_swap:flash_mem|flash_mem_interface_done'
Slack : 0.345
TNS   : 0.000

Type  : Slow 1200mV -40C Model Hold 'hercules_SCK'
Slack : 0.345
TNS   : 0.000

Type  : Slow 1200mV -40C Model Hold 'camera_1_pixel_clock'
Slack : 0.347
TNS   : 0.000

Type  : Slow 1200mV -40C Model Hold 'camera_1_LV'
Slack : 0.358
TNS   : 0.000

Type  : Slow 1200mV -40C Model Hold 'PP3_wrote_one_line'
Slack : 0.359
TNS   : 0.000

Type  : Slow 1200mV -40C Model Hold 'S70FL01GS_Flash_Memory_Interface_address_swap:flash_mem|spi_master:MAS|SCK'
Slack : 0.365
TNS   : 0.000

Type  : Slow 1200mV -40C Model Hold 'camera_1_FV'
Slack : 0.365
TNS   : 0.000

Type  : Slow 1200mV -40C Model Hold 'S70FL01GS_Flash_Memory_Interface_address_swap:flash_mem|spi_master:MAS|current_state.send'
Slack : 0.372
TNS   : 0.000

Type  : Slow 1200mV -40C Model Hold 'capturing_camera_frames'
Slack : 2.485
TNS   : 0.000

Type  : Slow 1200mV -40C Model Recovery 'S70FL01GS_Flash_Memory_Interface_address_swap:flash_mem|spi_master:MAS|SCK'
Slack : -4.742
TNS   : -23.562

Type  : Slow 1200mV -40C Model Recovery 'clk'
Slack : -3.401
TNS   : -46.595

Type  : Slow 1200mV -40C Model Recovery 'capturing_camera_frames'
Slack : -2.391
TNS   : -2.391

Type  : Slow 1200mV -40C Model Recovery 'camera_1_pixel_clock'
Slack : -1.615
TNS   : -19.380

Type  : Slow 1200mV -40C Model Recovery 'camera_1_LV'
Slack : -1.240
TNS   : -3.720

Type  : Slow 1200mV -40C Model Recovery 'hercules_SCK'
Slack : -0.699
TNS   : -11.699

Type  : Slow 1200mV -40C Model Recovery 'S70FL01GS_Flash_Memory_Interface_address_swap:flash_mem|spi_master:MAS|done'
Slack : -0.643
TNS   : -35.351

Type  : Slow 1200mV -40C Model Recovery 'PP3_wrote_one_line'
Slack : -0.411
TNS   : -3.288

Type  : Slow 1200mV -40C Model Recovery 'S70FL01GS_Flash_Memory_Interface_address_swap:flash_mem|flash_mem_interface_done'
Slack : -0.174
TNS   : -0.361

Type  : Slow 1200mV -40C Model Recovery 'PP3'
Slack : -0.108
TNS   : -0.432

Type  : Slow 1200mV -40C Model Recovery 'camera_1_FV'
Slack : 0.264
TNS   : 0.000

Type  : Slow 1200mV -40C Model Removal 'camera_1_FV'
Slack : 0.255
TNS   : 0.000

Type  : Slow 1200mV -40C Model Removal 'S70FL01GS_Flash_Memory_Interface_address_swap:flash_mem|flash_mem_interface_done'
Slack : 0.334
TNS   : 0.000

Type  : Slow 1200mV -40C Model Removal 'camera_1_LV'
Slack : 0.556
TNS   : 0.000

Type  : Slow 1200mV -40C Model Removal 'S70FL01GS_Flash_Memory_Interface_address_swap:flash_mem|spi_master:MAS|done'
Slack : 0.566
TNS   : 0.000

Type  : Slow 1200mV -40C Model Removal 'PP3'
Slack : 0.614
TNS   : 0.000

Type  : Slow 1200mV -40C Model Removal 'S70FL01GS_Flash_Memory_Interface_address_swap:flash_mem|spi_master:MAS|SCK'
Slack : 0.750
TNS   : 0.000

Type  : Slow 1200mV -40C Model Removal 'PP3_wrote_one_line'
Slack : 0.802
TNS   : 0.000

Type  : Slow 1200mV -40C Model Removal 'hercules_SCK'
Slack : 1.001
TNS   : 0.000

Type  : Slow 1200mV -40C Model Removal 'capturing_camera_frames'
Slack : 1.601
TNS   : 0.000

Type  : Slow 1200mV -40C Model Removal 'clk'
Slack : 1.625
TNS   : 0.000

Type  : Slow 1200mV -40C Model Removal 'camera_1_pixel_clock'
Slack : 1.772
TNS   : 0.000

Type  : Slow 1200mV -40C Model Minimum Pulse Width 'capturing_camera_frames'
Slack : -12.445
TNS   : -74.670

Type  : Slow 1200mV -40C Model Minimum Pulse Width 'hercules_SCK'
Slack : -12.445
TNS   : -39.860

Type  : Slow 1200mV -40C Model Minimum Pulse Width 'S70FL01GS_Flash_Memory_Interface_address_swap:flash_mem|spi_master:MAS|SCK'
Slack : -12.445
TNS   : -30.435

Type  : Slow 1200mV -40C Model Minimum Pulse Width 'clk'
Slack : -3.000
TNS   : -284.415

Type  : Slow 1200mV -40C Model Minimum Pulse Width 'camera_1_pixel_clock'
Slack : -3.000
TNS   : -140.158

Type  : Slow 1200mV -40C Model Minimum Pulse Width 'camera_1_LV'
Slack : -3.000
TNS   : -6.855

Type  : Slow 1200mV -40C Model Minimum Pulse Width 'camera_1_FV'
Slack : -3.000
TNS   : -4.285

Type  : Slow 1200mV -40C Model Minimum Pulse Width 'S70FL01GS_Flash_Memory_Interface_address_swap:flash_mem|spi_master:MAS|done'
Slack : -2.649
TNS   : -308.063

Type  : Slow 1200mV -40C Model Minimum Pulse Width 'PP3_wrote_one_line'
Slack : -1.285
TNS   : -10.280

Type  : Slow 1200mV -40C Model Minimum Pulse Width 'S70FL01GS_Flash_Memory_Interface_address_swap:flash_mem|flash_mem_interface_done'
Slack : -1.285
TNS   : -8.995

Type  : Slow 1200mV -40C Model Minimum Pulse Width 'PP3'
Slack : -1.285
TNS   : -5.140

Type  : Slow 1200mV -40C Model Minimum Pulse Width 'S70FL01GS_Flash_Memory_Interface_address_swap:flash_mem|spi_master:MAS|current_state.idle'
Slack : 0.417
TNS   : 0.000

Type  : Slow 1200mV -40C Model Minimum Pulse Width 'S70FL01GS_Flash_Memory_Interface_address_swap:flash_mem|spi_master:MAS|current_state.send'
Slack : 0.438
TNS   : 0.000

Type  : Fast 1200mV -40C Model Setup 'clk'
Slack : -3.472
TNS   : -299.950

Type  : Fast 1200mV -40C Model Setup 'capturing_camera_frames'
Slack : -2.880
TNS   : -2.880

Type  : Fast 1200mV -40C Model Setup 'camera_1_pixel_clock'
Slack : -2.217
TNS   : -87.971

Type  : Fast 1200mV -40C Model Setup 'S70FL01GS_Flash_Memory_Interface_address_swap:flash_mem|spi_master:MAS|current_state.idle'
Slack : -1.722
TNS   : -2.707

Type  : Fast 1200mV -40C Model Setup 'S70FL01GS_Flash_Memory_Interface_address_swap:flash_mem|spi_master:MAS|current_state.send'
Slack : -1.070
TNS   : -1.070

Type  : Fast 1200mV -40C Model Setup 'S70FL01GS_Flash_Memory_Interface_address_swap:flash_mem|spi_master:MAS|done'
Slack : -1.048
TNS   : -137.266

Type  : Fast 1200mV -40C Model Setup 'S70FL01GS_Flash_Memory_Interface_address_swap:flash_mem|flash_mem_interface_done'
Slack : -0.495
TNS   : -1.919

Type  : Fast 1200mV -40C Model Setup 'camera_1_FV'
Slack : -0.482
TNS   : -0.482

Type  : Fast 1200mV -40C Model Setup 'S70FL01GS_Flash_Memory_Interface_address_swap:flash_mem|spi_master:MAS|SCK'
Slack : -0.181
TNS   : -1.149

Type  : Fast 1200mV -40C Model Setup 'hercules_SCK'
Slack : 0.013
TNS   : 0.000

Type  : Fast 1200mV -40C Model Setup 'PP3_wrote_one_line'
Slack : 0.035
TNS   : 0.000

Type  : Fast 1200mV -40C Model Setup 'camera_1_LV'
Slack : 0.240
TNS   : 0.000

Type  : Fast 1200mV -40C Model Setup 'PP3'
Slack : 0.428
TNS   : 0.000

Type  : Fast 1200mV -40C Model Hold 'clk'
Slack : -0.170
TNS   : -0.170

Type  : Fast 1200mV -40C Model Hold 'S70FL01GS_Flash_Memory_Interface_address_swap:flash_mem|spi_master:MAS|current_state.idle'
Slack : 0.152
TNS   : 0.000

Type  : Fast 1200mV -40C Model Hold 'camera_1_pixel_clock'
Slack : 0.154
TNS   : 0.000

Type  : Fast 1200mV -40C Model Hold 'S70FL01GS_Flash_Memory_Interface_address_swap:flash_mem|spi_master:MAS|done'
Slack : 0.173
TNS   : 0.000

Type  : Fast 1200mV -40C Model Hold 'PP3'
Slack : 0.179
TNS   : 0.000

Type  : Fast 1200mV -40C Model Hold 'S70FL01GS_Flash_Memory_Interface_address_swap:flash_mem|flash_mem_interface_done'
Slack : 0.179
TNS   : 0.000

Type  : Fast 1200mV -40C Model Hold 'hercules_SCK'
Slack : 0.179
TNS   : 0.000

Type  : Fast 1200mV -40C Model Hold 'PP3_wrote_one_line'
Slack : 0.183
TNS   : 0.000

Type  : Fast 1200mV -40C Model Hold 'S70FL01GS_Flash_Memory_Interface_address_swap:flash_mem|spi_master:MAS|SCK'
Slack : 0.183
TNS   : 0.000

Type  : Fast 1200mV -40C Model Hold 'camera_1_LV'
Slack : 0.184
TNS   : 0.000

Type  : Fast 1200mV -40C Model Hold 'camera_1_FV'
Slack : 0.192
TNS   : 0.000

Type  : Fast 1200mV -40C Model Hold 'S70FL01GS_Flash_Memory_Interface_address_swap:flash_mem|spi_master:MAS|current_state.send'
Slack : 0.240
TNS   : 0.000

Type  : Fast 1200mV -40C Model Hold 'capturing_camera_frames'
Slack : 1.422
TNS   : 0.000

Type  : Fast 1200mV -40C Model Recovery 'S70FL01GS_Flash_Memory_Interface_address_swap:flash_mem|spi_master:MAS|SCK'
Slack : -2.435
TNS   : -11.564

Type  : Fast 1200mV -40C Model Recovery 'clk'
Slack : -1.270
TNS   : -9.301

Type  : Fast 1200mV -40C Model Recovery 'capturing_camera_frames'
Slack : -0.994
TNS   : -0.994

Type  : Fast 1200mV -40C Model Recovery 'camera_1_LV'
Slack : -0.925
TNS   : -2.775

Type  : Fast 1200mV -40C Model Recovery 'camera_1_pixel_clock'
Slack : -0.250
TNS   : -3.000

Type  : Fast 1200mV -40C Model Recovery 'hercules_SCK'
Slack : 0.042
TNS   : 0.000

Type  : Fast 1200mV -40C Model Recovery 'S70FL01GS_Flash_Memory_Interface_address_swap:flash_mem|spi_master:MAS|done'
Slack : 0.137
TNS   : 0.000

Type  : Fast 1200mV -40C Model Recovery 'PP3_wrote_one_line'
Slack : 0.200
TNS   : 0.000

Type  : Fast 1200mV -40C Model Recovery 'S70FL01GS_Flash_Memory_Interface_address_swap:flash_mem|flash_mem_interface_done'
Slack : 0.379
TNS   : 0.000

Type  : Fast 1200mV -40C Model Recovery 'PP3'
Slack : 0.426
TNS   : 0.000

Type  : Fast 1200mV -40C Model Recovery 'camera_1_FV'
Slack : 0.483
TNS   : 0.000

Type  : Fast 1200mV -40C Model Removal 'S70FL01GS_Flash_Memory_Interface_address_swap:flash_mem|flash_mem_interface_done'
Slack : 0.064
TNS   : 0.000

Type  : Fast 1200mV -40C Model Removal 'camera_1_FV'
Slack : 0.193
TNS   : 0.000

Type  : Fast 1200mV -40C Model Removal 'S70FL01GS_Flash_Memory_Interface_address_swap:flash_mem|spi_master:MAS|done'
Slack : 0.196
TNS   : 0.000

Type  : Fast 1200mV -40C Model Removal 'PP3'
Slack : 0.225
TNS   : 0.000

Type  : Fast 1200mV -40C Model Removal 'PP3_wrote_one_line'
Slack : 0.348
TNS   : 0.000

Type  : Fast 1200mV -40C Model Removal 'S70FL01GS_Flash_Memory_Interface_address_swap:flash_mem|spi_master:MAS|SCK'
Slack : 0.436
TNS   : 0.000

Type  : Fast 1200mV -40C Model Removal 'hercules_SCK'
Slack : 0.512
TNS   : 0.000

Type  : Fast 1200mV -40C Model Removal 'camera_1_pixel_clock'
Slack : 0.578
TNS   : 0.000

Type  : Fast 1200mV -40C Model Removal 'clk'
Slack : 0.591
TNS   : 0.000

Type  : Fast 1200mV -40C Model Removal 'camera_1_LV'
Slack : 0.594
TNS   : 0.000

Type  : Fast 1200mV -40C Model Removal 'capturing_camera_frames'
Slack : 1.091
TNS   : 0.000

Type  : Fast 1200mV -40C Model Minimum Pulse Width 'capturing_camera_frames'
Slack : -9.457
TNS   : -56.742

Type  : Fast 1200mV -40C Model Minimum Pulse Width 'hercules_SCK'
Slack : -9.457
TNS   : -38.299

Type  : Fast 1200mV -40C Model Minimum Pulse Width 'S70FL01GS_Flash_Memory_Interface_address_swap:flash_mem|spi_master:MAS|SCK'
Slack : -9.457
TNS   : -23.457

Type  : Fast 1200mV -40C Model Minimum Pulse Width 'clk'
Slack : -3.000
TNS   : -293.069

Type  : Fast 1200mV -40C Model Minimum Pulse Width 'camera_1_pixel_clock'
Slack : -3.000
TNS   : -154.591

Type  : Fast 1200mV -40C Model Minimum Pulse Width 'camera_1_LV'
Slack : -3.000
TNS   : -9.042

Type  : Fast 1200mV -40C Model Minimum Pulse Width 'camera_1_FV'
Slack : -3.000
TNS   : -4.922

Type  : Fast 1200mV -40C Model Minimum Pulse Width 'S70FL01GS_Flash_Memory_Interface_address_swap:flash_mem|spi_master:MAS|done'
Slack : -1.000
TNS   : -227.000

Type  : Fast 1200mV -40C Model Minimum Pulse Width 'PP3_wrote_one_line'
Slack : -1.000
TNS   : -8.000

Type  : Fast 1200mV -40C Model Minimum Pulse Width 'S70FL01GS_Flash_Memory_Interface_address_swap:flash_mem|flash_mem_interface_done'
Slack : -1.000
TNS   : -7.000

Type  : Fast 1200mV -40C Model Minimum Pulse Width 'PP3'
Slack : -1.000
TNS   : -4.000

Type  : Fast 1200mV -40C Model Minimum Pulse Width 'S70FL01GS_Flash_Memory_Interface_address_swap:flash_mem|spi_master:MAS|current_state.send'
Slack : 0.346
TNS   : 0.000

Type  : Fast 1200mV -40C Model Minimum Pulse Width 'S70FL01GS_Flash_Memory_Interface_address_swap:flash_mem|spi_master:MAS|current_state.idle'
Slack : 0.432
TNS   : 0.000

------------------------------------------------------------
