------------------------------------------------------------
Timing Analyzer Summary
------------------------------------------------------------

Type  : Slow 1200mV 100C Model Setup 'capturing_camera_frames'
Slack : -6.762
TNS   : -6.762

Type  : Slow 1200mV 100C Model Setup 'camera_1_pixel_clock'
Slack : -6.129
TNS   : -282.091

Type  : Slow 1200mV 100C Model Setup 'clk'
Slack : -5.818
TNS   : -720.609

Type  : Slow 1200mV 100C Model Setup 'S70FL01GS_Flash_Memory_Interface_address_swap:flash_mem|spi_master:MAS|current_state.send'
Slack : -3.833
TNS   : -5.867

Type  : Slow 1200mV 100C Model Setup 'S70FL01GS_Flash_Memory_Interface_address_swap:flash_mem|spi_master:MAS|current_state.idle'
Slack : -3.380
TNS   : -6.711

Type  : Slow 1200mV 100C Model Setup 'S70FL01GS_Flash_Memory_Interface_address_swap:flash_mem|spi_master:MAS|done'
Slack : -3.268
TNS   : -358.432

Type  : Slow 1200mV 100C Model Setup 'PP3_wrote_one_line'
Slack : -1.177
TNS   : -6.611

Type  : Slow 1200mV 100C Model Setup 'hercules_SCK'
Slack : -1.150
TNS   : -10.172

Type  : Slow 1200mV 100C Model Setup 'S70FL01GS_Flash_Memory_Interface_address_swap:flash_mem|spi_master:MAS|SCK'
Slack : -0.966
TNS   : -7.000

Type  : Slow 1200mV 100C Model Setup 'camera_1_LV'
Slack : -0.721
TNS   : -0.965

Type  : Slow 1200mV 100C Model Setup 'PP3'
Slack : -0.367
TNS   : -0.588

Type  : Slow 1200mV 100C Model Setup 'camera_1_FV'
Slack : -0.360
TNS   : -0.360

Type  : Slow 1200mV 100C Model Setup 'S70FL01GS_Flash_Memory_Interface_address_swap:flash_mem|flash_mem_interface_done'
Slack : -0.280
TNS   : -0.879

Type  : Slow 1200mV 100C Model Hold 'S70FL01GS_Flash_Memory_Interface_address_swap:flash_mem|spi_master:MAS|done'
Slack : 0.061
TNS   : 0.000

Type  : Slow 1200mV 100C Model Hold 'S70FL01GS_Flash_Memory_Interface_address_swap:flash_mem|flash_mem_interface_done'
Slack : 0.194
TNS   : 0.000

Type  : Slow 1200mV 100C Model Hold 'clk'
Slack : 0.292
TNS   : 0.000

Type  : Slow 1200mV 100C Model Hold 'camera_1_pixel_clock'
Slack : 0.368
TNS   : 0.000

Type  : Slow 1200mV 100C Model Hold 'PP3'
Slack : 0.418
TNS   : 0.000

Type  : Slow 1200mV 100C Model Hold 'hercules_SCK'
Slack : 0.418
TNS   : 0.000

Type  : Slow 1200mV 100C Model Hold 'PP3_wrote_one_line'
Slack : 0.421
TNS   : 0.000

Type  : Slow 1200mV 100C Model Hold 'camera_1_LV'
Slack : 0.421
TNS   : 0.000

Type  : Slow 1200mV 100C Model Hold 'camera_1_FV'
Slack : 0.437
TNS   : 0.000

Type  : Slow 1200mV 100C Model Hold 'S70FL01GS_Flash_Memory_Interface_address_swap:flash_mem|spi_master:MAS|SCK'
Slack : 0.439
TNS   : 0.000

Type  : Slow 1200mV 100C Model Hold 'S70FL01GS_Flash_Memory_Interface_address_swap:flash_mem|spi_master:MAS|current_state.send'
Slack : 0.694
TNS   : 0.000

Type  : Slow 1200mV 100C Model Hold 'S70FL01GS_Flash_Memory_Interface_address_swap:flash_mem|spi_master:MAS|current_state.idle'
Slack : 0.756
TNS   : 0.000

Type  : Slow 1200mV 100C Model Hold 'capturing_camera_frames'
Slack : 2.710
TNS   : 0.000

Type  : Slow 1200mV 100C Model Recovery 'S70FL01GS_Flash_Memory_Interface_address_swap:flash_mem|spi_master:MAS|SCK'
Slack : -5.373
TNS   : -27.060

Type  : Slow 1200mV 100C Model Recovery 'clk'
Slack : -3.836
TNS   : -49.696

Type  : Slow 1200mV 100C Model Recovery 'capturing_camera_frames'
Slack : -2.027
TNS   : -2.027

Type  : Slow 1200mV 100C Model Recovery 'camera_1_pixel_clock'
Slack : -1.250
TNS   : -15.000

Type  : Slow 1200mV 100C Model Recovery 'hercules_SCK'
Slack : -0.973
TNS   : -16.273

Type  : Slow 1200mV 100C Model Recovery 'camera_1_LV'
Slack : -0.925
TNS   : -2.775

Type  : Slow 1200mV 100C Model Recovery 'PP3_wrote_one_line'
Slack : -0.575
TNS   : -4.600

Type  : Slow 1200mV 100C Model Recovery 'S70FL01GS_Flash_Memory_Interface_address_swap:flash_mem|spi_master:MAS|done'
Slack : -0.517
TNS   : -36.571

Type  : Slow 1200mV 100C Model Recovery 'S70FL01GS_Flash_Memory_Interface_address_swap:flash_mem|flash_mem_interface_done'
Slack : -0.488
TNS   : -1.749

Type  : Slow 1200mV 100C Model Recovery 'camera_1_FV'
Slack : -0.377
TNS   : -0.377

Type  : Slow 1200mV 100C Model Recovery 'PP3'
Slack : -0.267
TNS   : -1.068

Type  : Slow 1200mV 100C Model Removal 'S70FL01GS_Flash_Memory_Interface_address_swap:flash_mem|flash_mem_interface_done'
Slack : 0.498
TNS   : 0.000

Type  : Slow 1200mV 100C Model Removal 'camera_1_LV'
Slack : 0.566
TNS   : 0.000

Type  : Slow 1200mV 100C Model Removal 'S70FL01GS_Flash_Memory_Interface_address_swap:flash_mem|spi_master:MAS|done'
Slack : 0.601
TNS   : 0.000

Type  : Slow 1200mV 100C Model Removal 'PP3'
Slack : 0.652
TNS   : 0.000

Type  : Slow 1200mV 100C Model Removal 'camera_1_FV'
Slack : 0.758
TNS   : 0.000

Type  : Slow 1200mV 100C Model Removal 'S70FL01GS_Flash_Memory_Interface_address_swap:flash_mem|spi_master:MAS|SCK'
Slack : 0.810
TNS   : 0.000

Type  : Slow 1200mV 100C Model Removal 'PP3_wrote_one_line'
Slack : 0.971
TNS   : 0.000

Type  : Slow 1200mV 100C Model Removal 'hercules_SCK'
Slack : 1.149
TNS   : 0.000

Type  : Slow 1200mV 100C Model Removal 'capturing_camera_frames'
Slack : 1.413
TNS   : 0.000

Type  : Slow 1200mV 100C Model Removal 'camera_1_pixel_clock'
Slack : 1.546
TNS   : 0.000

Type  : Slow 1200mV 100C Model Removal 'clk'
Slack : 1.777
TNS   : 0.000

Type  : Slow 1200mV 100C Model Minimum Pulse Width 'capturing_camera_frames'
Slack : -12.445
TNS   : -74.670

Type  : Slow 1200mV 100C Model Minimum Pulse Width 'hercules_SCK'
Slack : -12.445
TNS   : -39.860

Type  : Slow 1200mV 100C Model Minimum Pulse Width 'S70FL01GS_Flash_Memory_Interface_address_swap:flash_mem|spi_master:MAS|SCK'
Slack : -12.445
TNS   : -30.435

Type  : Slow 1200mV 100C Model Minimum Pulse Width 'clk'
Slack : -3.000
TNS   : -284.415

Type  : Slow 1200mV 100C Model Minimum Pulse Width 'camera_1_pixel_clock'
Slack : -3.000
TNS   : -140.890

Type  : Slow 1200mV 100C Model Minimum Pulse Width 'camera_1_LV'
Slack : -3.000
TNS   : -6.855

Type  : Slow 1200mV 100C Model Minimum Pulse Width 'camera_1_FV'
Slack : -3.000
TNS   : -4.285

Type  : Slow 1200mV 100C Model Minimum Pulse Width 'S70FL01GS_Flash_Memory_Interface_address_swap:flash_mem|spi_master:MAS|done'
Slack : -2.710
TNS   : -308.795

Type  : Slow 1200mV 100C Model Minimum Pulse Width 'PP3_wrote_one_line'
Slack : -1.285
TNS   : -10.280

Type  : Slow 1200mV 100C Model Minimum Pulse Width 'S70FL01GS_Flash_Memory_Interface_address_swap:flash_mem|flash_mem_interface_done'
Slack : -1.285
TNS   : -8.995

Type  : Slow 1200mV 100C Model Minimum Pulse Width 'PP3'
Slack : -1.285
TNS   : -5.140

Type  : Slow 1200mV 100C Model Minimum Pulse Width 'S70FL01GS_Flash_Memory_Interface_address_swap:flash_mem|spi_master:MAS|current_state.send'
Slack : 0.352
TNS   : 0.000

Type  : Slow 1200mV 100C Model Minimum Pulse Width 'S70FL01GS_Flash_Memory_Interface_address_swap:flash_mem|spi_master:MAS|current_state.idle'
Slack : 0.387
TNS   : 0.000

Type  : Slow 1200mV -40C Model Setup 'capturing_camera_frames'
Slack : -6.022
TNS   : -6.022

Type  : Slow 1200mV -40C Model Setup 'camera_1_pixel_clock'
Slack : -5.645
TNS   : -257.889

Type  : Slow 1200mV -40C Model Setup 'clk'
Slack : -5.009
TNS   : -617.888

Type  : Slow 1200mV -40C Model Setup 'S70FL01GS_Flash_Memory_Interface_address_swap:flash_mem|spi_master:MAS|current_state.send'
Slack : -3.363
TNS   : -4.917

Type  : Slow 1200mV -40C Model Setup 'S70FL01GS_Flash_Memory_Interface_address_swap:flash_mem|spi_master:MAS|current_state.idle'
Slack : -2.946
TNS   : -5.799

Type  : Slow 1200mV -40C Model Setup 'S70FL01GS_Flash_Memory_Interface_address_swap:flash_mem|spi_master:MAS|done'
Slack : -2.722
TNS   : -281.871

Type  : Slow 1200mV -40C Model Setup 'hercules_SCK'
Slack : -0.931
TNS   : -7.849

Type  : Slow 1200mV -40C Model Setup 'PP3_wrote_one_line'
Slack : -0.882
TNS   : -4.743

Type  : Slow 1200mV -40C Model Setup 'S70FL01GS_Flash_Memory_Interface_address_swap:flash_mem|spi_master:MAS|SCK'
Slack : -0.689
TNS   : -4.900

Type  : Slow 1200mV -40C Model Setup 'camera_1_LV'
Slack : -0.496
TNS   : -0.560

Type  : Slow 1200mV -40C Model Setup 'PP3'
Slack : -0.190
TNS   : -0.239

Type  : Slow 1200mV -40C Model Setup 'S70FL01GS_Flash_Memory_Interface_address_swap:flash_mem|flash_mem_interface_done'
Slack : -0.163
TNS   : -0.321

Type  : Slow 1200mV -40C Model Setup 'camera_1_FV'
Slack : -0.136
TNS   : -0.136

Type  : Slow 1200mV -40C Model Hold 'S70FL01GS_Flash_Memory_Interface_address_swap:flash_mem|spi_master:MAS|done'
Slack : 0.093
TNS   : 0.000

Type  : Slow 1200mV -40C Model Hold 'S70FL01GS_Flash_Memory_Interface_address_swap:flash_mem|flash_mem_interface_done'
Slack : 0.203
TNS   : 0.000

Type  : Slow 1200mV -40C Model Hold 'clk'
Slack : 0.231
TNS   : 0.000

Type  : Slow 1200mV -40C Model Hold 'camera_1_pixel_clock'
Slack : 0.339
TNS   : 0.000

Type  : Slow 1200mV -40C Model Hold 'PP3'
Slack : 0.344
TNS   : 0.000

Type  : Slow 1200mV -40C Model Hold 'hercules_SCK'
Slack : 0.344
TNS   : 0.000

Type  : Slow 1200mV -40C Model Hold 'PP3_wrote_one_line'
Slack : 0.359
TNS   : 0.000

Type  : Slow 1200mV -40C Model Hold 'camera_1_LV'
Slack : 0.359
TNS   : 0.000

Type  : Slow 1200mV -40C Model Hold 'S70FL01GS_Flash_Memory_Interface_address_swap:flash_mem|spi_master:MAS|SCK'
Slack : 0.364
TNS   : 0.000

Type  : Slow 1200mV -40C Model Hold 'camera_1_FV'
Slack : 0.364
TNS   : 0.000

Type  : Slow 1200mV -40C Model Hold 'S70FL01GS_Flash_Memory_Interface_address_swap:flash_mem|spi_master:MAS|current_state.send'
Slack : 0.620
TNS   : 0.000

Type  : Slow 1200mV -40C Model Hold 'S70FL01GS_Flash_Memory_Interface_address_swap:flash_mem|spi_master:MAS|current_state.idle'
Slack : 0.743
TNS   : 0.000

Type  : Slow 1200mV -40C Model Hold 'capturing_camera_frames'
Slack : 2.482
TNS   : 0.000

Type  : Slow 1200mV -40C Model Recovery 'S70FL01GS_Flash_Memory_Interface_address_swap:flash_mem|spi_master:MAS|SCK'
Slack : -4.673
TNS   : -23.710

Type  : Slow 1200mV -40C Model Recovery 'clk'
Slack : -3.329
TNS   : -42.335

Type  : Slow 1200mV -40C Model Recovery 'capturing_camera_frames'
Slack : -1.888
TNS   : -1.888

Type  : Slow 1200mV -40C Model Recovery 'camera_1_pixel_clock'
Slack : -1.204
TNS   : -14.448

Type  : Slow 1200mV -40C Model Recovery 'camera_1_LV'
Slack : -0.794
TNS   : -2.382

Type  : Slow 1200mV -40C Model Recovery 'hercules_SCK'
Slack : -0.714
TNS   : -11.406

Type  : Slow 1200mV -40C Model Recovery 'PP3_wrote_one_line'
Slack : -0.384
TNS   : -3.072

Type  : Slow 1200mV -40C Model Recovery 'S70FL01GS_Flash_Memory_Interface_address_swap:flash_mem|spi_master:MAS|done'
Slack : -0.306
TNS   : -11.811

Type  : Slow 1200mV -40C Model Recovery 'S70FL01GS_Flash_Memory_Interface_address_swap:flash_mem|flash_mem_interface_done'
Slack : -0.289
TNS   : -0.639

Type  : Slow 1200mV -40C Model Recovery 'camera_1_FV'
Slack : -0.135
TNS   : -0.135

Type  : Slow 1200mV -40C Model Recovery 'PP3'
Slack : -0.100
TNS   : -0.400

Type  : Slow 1200mV -40C Model Removal 'camera_1_LV'
Slack : 0.356
TNS   : 0.000

Type  : Slow 1200mV -40C Model Removal 'S70FL01GS_Flash_Memory_Interface_address_swap:flash_mem|flash_mem_interface_done'
Slack : 0.388
TNS   : 0.000

Type  : Slow 1200mV -40C Model Removal 'S70FL01GS_Flash_Memory_Interface_address_swap:flash_mem|spi_master:MAS|done'
Slack : 0.479
TNS   : 0.000

Type  : Slow 1200mV -40C Model Removal 'PP3'
Slack : 0.514
TNS   : 0.000

Type  : Slow 1200mV -40C Model Removal 'camera_1_FV'
Slack : 0.572
TNS   : 0.000

Type  : Slow 1200mV -40C Model Removal 'S70FL01GS_Flash_Memory_Interface_address_swap:flash_mem|spi_master:MAS|SCK'
Slack : 0.699
TNS   : 0.000

Type  : Slow 1200mV -40C Model Removal 'PP3_wrote_one_line'
Slack : 0.788
TNS   : 0.000

Type  : Slow 1200mV -40C Model Removal 'hercules_SCK'
Slack : 1.000
TNS   : 0.000

Type  : Slow 1200mV -40C Model Removal 'capturing_camera_frames'
Slack : 1.255
TNS   : 0.000

Type  : Slow 1200mV -40C Model Removal 'camera_1_pixel_clock'
Slack : 1.400
TNS   : 0.000

Type  : Slow 1200mV -40C Model Removal 'clk'
Slack : 1.500
TNS   : 0.000

Type  : Slow 1200mV -40C Model Minimum Pulse Width 'capturing_camera_frames'
Slack : -12.445
TNS   : -74.670

Type  : Slow 1200mV -40C Model Minimum Pulse Width 'hercules_SCK'
Slack : -12.445
TNS   : -39.860

Type  : Slow 1200mV -40C Model Minimum Pulse Width 'S70FL01GS_Flash_Memory_Interface_address_swap:flash_mem|spi_master:MAS|SCK'
Slack : -12.445
TNS   : -30.435

Type  : Slow 1200mV -40C Model Minimum Pulse Width 'clk'
Slack : -3.000
TNS   : -284.415

Type  : Slow 1200mV -40C Model Minimum Pulse Width 'camera_1_pixel_clock'
Slack : -3.000
TNS   : -140.158

Type  : Slow 1200mV -40C Model Minimum Pulse Width 'camera_1_LV'
Slack : -3.000
TNS   : -6.855

Type  : Slow 1200mV -40C Model Minimum Pulse Width 'camera_1_FV'
Slack : -3.000
TNS   : -4.285

Type  : Slow 1200mV -40C Model Minimum Pulse Width 'S70FL01GS_Flash_Memory_Interface_address_swap:flash_mem|spi_master:MAS|done'
Slack : -2.649
TNS   : -308.063

Type  : Slow 1200mV -40C Model Minimum Pulse Width 'PP3_wrote_one_line'
Slack : -1.285
TNS   : -10.280

Type  : Slow 1200mV -40C Model Minimum Pulse Width 'S70FL01GS_Flash_Memory_Interface_address_swap:flash_mem|flash_mem_interface_done'
Slack : -1.285
TNS   : -8.995

Type  : Slow 1200mV -40C Model Minimum Pulse Width 'PP3'
Slack : -1.285
TNS   : -5.140

Type  : Slow 1200mV -40C Model Minimum Pulse Width 'S70FL01GS_Flash_Memory_Interface_address_swap:flash_mem|spi_master:MAS|current_state.send'
Slack : 0.426
TNS   : 0.000

Type  : Slow 1200mV -40C Model Minimum Pulse Width 'S70FL01GS_Flash_Memory_Interface_address_swap:flash_mem|spi_master:MAS|current_state.idle'
Slack : 0.435
TNS   : 0.000

Type  : Fast 1200mV -40C Model Setup 'clk'
Slack : -2.904
TNS   : -297.449

Type  : Fast 1200mV -40C Model Setup 'capturing_camera_frames'
Slack : -2.765
TNS   : -2.765

Type  : Fast 1200mV -40C Model Setup 'camera_1_pixel_clock'
Slack : -2.012
TNS   : -85.753

Type  : Fast 1200mV -40C Model Setup 'S70FL01GS_Flash_Memory_Interface_address_swap:flash_mem|spi_master:MAS|current_state.idle'
Slack : -1.751
TNS   : -3.177

Type  : Fast 1200mV -40C Model Setup 'S70FL01GS_Flash_Memory_Interface_address_swap:flash_mem|spi_master:MAS|current_state.send'
Slack : -1.619
TNS   : -1.619

Type  : Fast 1200mV -40C Model Setup 'S70FL01GS_Flash_Memory_Interface_address_swap:flash_mem|spi_master:MAS|done'
Slack : -0.996
TNS   : -104.129

Type  : Fast 1200mV -40C Model Setup 'camera_1_FV'
Slack : -0.463
TNS   : -0.463

Type  : Fast 1200mV -40C Model Setup 'S70FL01GS_Flash_Memory_Interface_address_swap:flash_mem|flash_mem_interface_done'
Slack : -0.309
TNS   : -1.593

Type  : Fast 1200mV -40C Model Setup 'PP3_wrote_one_line'
Slack : -0.006
TNS   : -0.006

Type  : Fast 1200mV -40C Model Setup 'hercules_SCK'
Slack : 0.001
TNS   : 0.000

Type  : Fast 1200mV -40C Model Setup 'S70FL01GS_Flash_Memory_Interface_address_swap:flash_mem|spi_master:MAS|SCK'
Slack : 0.008
TNS   : 0.000

Type  : Fast 1200mV -40C Model Setup 'camera_1_LV'
Slack : 0.234
TNS   : 0.000

Type  : Fast 1200mV -40C Model Setup 'PP3'
Slack : 0.357
TNS   : 0.000

Type  : Fast 1200mV -40C Model Hold 'clk'
Slack : 0.031
TNS   : 0.000

Type  : Fast 1200mV -40C Model Hold 'camera_1_pixel_clock'
Slack : 0.155
TNS   : 0.000

Type  : Fast 1200mV -40C Model Hold 'PP3'
Slack : 0.178
TNS   : 0.000

Type  : Fast 1200mV -40C Model Hold 'S70FL01GS_Flash_Memory_Interface_address_swap:flash_mem|flash_mem_interface_done'
Slack : 0.178
TNS   : 0.000

Type  : Fast 1200mV -40C Model Hold 'S70FL01GS_Flash_Memory_Interface_address_swap:flash_mem|spi_master:MAS|done'
Slack : 0.179
TNS   : 0.000

Type  : Fast 1200mV -40C Model Hold 'hercules_SCK'
Slack : 0.180
TNS   : 0.000

Type  : Fast 1200mV -40C Model Hold 'PP3_wrote_one_line'
Slack : 0.183
TNS   : 0.000

Type  : Fast 1200mV -40C Model Hold 'S70FL01GS_Flash_Memory_Interface_address_swap:flash_mem|spi_master:MAS|SCK'
Slack : 0.184
TNS   : 0.000

Type  : Fast 1200mV -40C Model Hold 'camera_1_LV'
Slack : 0.184
TNS   : 0.000

Type  : Fast 1200mV -40C Model Hold 'camera_1_FV'
Slack : 0.190
TNS   : 0.000

Type  : Fast 1200mV -40C Model Hold 'S70FL01GS_Flash_Memory_Interface_address_swap:flash_mem|spi_master:MAS|current_state.send'
Slack : 0.258
TNS   : 0.000

Type  : Fast 1200mV -40C Model Hold 'S70FL01GS_Flash_Memory_Interface_address_swap:flash_mem|spi_master:MAS|current_state.idle'
Slack : 0.364
TNS   : 0.000

Type  : Fast 1200mV -40C Model Hold 'capturing_camera_frames'
Slack : 1.420
TNS   : 0.000

Type  : Fast 1200mV -40C Model Recovery 'S70FL01GS_Flash_Memory_Interface_address_swap:flash_mem|spi_master:MAS|SCK'
Slack : -2.449
TNS   : -12.014

Type  : Fast 1200mV -40C Model Recovery 'clk'
Slack : -1.283
TNS   : -7.524

Type  : Fast 1200mV -40C Model Recovery 'camera_1_LV'
Slack : -0.741
TNS   : -2.223

Type  : Fast 1200mV -40C Model Recovery 'capturing_camera_frames'
Slack : -0.720
TNS   : -0.720

Type  : Fast 1200mV -40C Model Recovery 'camera_1_pixel_clock'
Slack : 0.031
TNS   : 0.000

Type  : Fast 1200mV -40C Model Recovery 'hercules_SCK'
Slack : 0.037
TNS   : 0.000

Type  : Fast 1200mV -40C Model Recovery 'camera_1_FV'
Slack : 0.233
TNS   : 0.000

Type  : Fast 1200mV -40C Model Recovery 'S70FL01GS_Flash_Memory_Interface_address_swap:flash_mem|flash_mem_interface_done'
Slack : 0.266
TNS   : 0.000

Type  : Fast 1200mV -40C Model Recovery 'PP3_wrote_one_line'
Slack : 0.288
TNS   : 0.000

Type  : Fast 1200mV -40C Model Recovery 'S70FL01GS_Flash_Memory_Interface_address_swap:flash_mem|spi_master:MAS|done'
Slack : 0.310
TNS   : 0.000

Type  : Fast 1200mV -40C Model Recovery 'PP3'
Slack : 0.401
TNS   : 0.000

Type  : Fast 1200mV -40C Model Removal 'S70FL01GS_Flash_Memory_Interface_address_swap:flash_mem|flash_mem_interface_done'
Slack : 0.135
TNS   : 0.000

Type  : Fast 1200mV -40C Model Removal 'S70FL01GS_Flash_Memory_Interface_address_swap:flash_mem|spi_master:MAS|done'
Slack : 0.154
TNS   : 0.000

Type  : Fast 1200mV -40C Model Removal 'PP3'
Slack : 0.201
TNS   : 0.000

Type  : Fast 1200mV -40C Model Removal 'PP3_wrote_one_line'
Slack : 0.307
TNS   : 0.000

Type  : Fast 1200mV -40C Model Removal 'camera_1_FV'
Slack : 0.355
TNS   : 0.000

Type  : Fast 1200mV -40C Model Removal 'camera_1_pixel_clock'
Slack : 0.411
TNS   : 0.000

Type  : Fast 1200mV -40C Model Removal 'S70FL01GS_Flash_Memory_Interface_address_swap:flash_mem|spi_master:MAS|SCK'
Slack : 0.421
TNS   : 0.000

Type  : Fast 1200mV -40C Model Removal 'camera_1_LV'
Slack : 0.481
TNS   : 0.000

Type  : Fast 1200mV -40C Model Removal 'hercules_SCK'
Slack : 0.513
TNS   : 0.000

Type  : Fast 1200mV -40C Model Removal 'clk'
Slack : 0.566
TNS   : 0.000

Type  : Fast 1200mV -40C Model Removal 'capturing_camera_frames'
Slack : 0.917
TNS   : 0.000

Type  : Fast 1200mV -40C Model Minimum Pulse Width 'capturing_camera_frames'
Slack : -9.457
TNS   : -56.742

Type  : Fast 1200mV -40C Model Minimum Pulse Width 'hercules_SCK'
Slack : -9.457
TNS   : -38.337

Type  : Fast 1200mV -40C Model Minimum Pulse Width 'S70FL01GS_Flash_Memory_Interface_address_swap:flash_mem|spi_master:MAS|SCK'
Slack : -9.457
TNS   : -23.457

Type  : Fast 1200mV -40C Model Minimum Pulse Width 'clk'
Slack : -3.000
TNS   : -293.064

Type  : Fast 1200mV -40C Model Minimum Pulse Width 'camera_1_pixel_clock'
Slack : -3.000
TNS   : -145.135

Type  : Fast 1200mV -40C Model Minimum Pulse Width 'camera_1_LV'
Slack : -3.000
TNS   : -9.081

Type  : Fast 1200mV -40C Model Minimum Pulse Width 'camera_1_FV'
Slack : -3.000
TNS   : -4.760

Type  : Fast 1200mV -40C Model Minimum Pulse Width 'S70FL01GS_Flash_Memory_Interface_address_swap:flash_mem|spi_master:MAS|done'
Slack : -1.000
TNS   : -227.000

Type  : Fast 1200mV -40C Model Minimum Pulse Width 'PP3_wrote_one_line'
Slack : -1.000
TNS   : -8.000

Type  : Fast 1200mV -40C Model Minimum Pulse Width 'S70FL01GS_Flash_Memory_Interface_address_swap:flash_mem|flash_mem_interface_done'
Slack : -1.000
TNS   : -7.000

Type  : Fast 1200mV -40C Model Minimum Pulse Width 'PP3'
Slack : -1.000
TNS   : -4.000

Type  : Fast 1200mV -40C Model Minimum Pulse Width 'S70FL01GS_Flash_Memory_Interface_address_swap:flash_mem|spi_master:MAS|current_state.send'
Slack : 0.312
TNS   : 0.000

Type  : Fast 1200mV -40C Model Minimum Pulse Width 'S70FL01GS_Flash_Memory_Interface_address_swap:flash_mem|spi_master:MAS|current_state.idle'
Slack : 0.413
TNS   : 0.000

------------------------------------------------------------
