******************************************************************************
                  MSP430 Linker Unix v18.12.2                  
******************************************************************************
>> Linked Tue Apr 11 10:55:07 2023

OUTPUT FILE NAME:   <Watchdog.out>
ENTRY POINT SYMBOL: "_c_int00_noargs_mpu"  address: 000046c0


MEMORY CONFIGURATION

         name            origin    length      used     unused   attr    fill
----------------------  --------  ---------  --------  --------  ----  --------
  TINYRAM               0000000a   00000016  00000000  00000016  RWIX
  BSL                   00001000   00000800  00000000  00000800  RWIX
  INFOD                 00001800   00000080  00000000  00000080  RWIX
  INFOC                 00001880   00000080  00000000  00000080  RWIX
  INFOB                 00001900   00000080  00000000  00000080  RWIX
  INFOA                 00001980   00000080  00000000  00000080  RWIX
  RAM                   00001c00   00002000  00001f66  0000009a  RWIX
  FRAM                  00004000   0000bf80  0000957d  00002a03  RWIX
  JTAGSIGNATURE         0000ff80   00000004  00000004  00000000  RWIX  ffff 
  BSLSIGNATURE          0000ff84   00000004  00000004  00000000  RWIX  ffff 
  IPESIGNATURE          0000ff88   00000008  00000008  00000000  RWIX  ffff 
  INT00                 0000ff90   00000002  00000000  00000002  RWIX
  INT01                 0000ff92   00000002  00000000  00000002  RWIX
  INT02                 0000ff94   00000002  00000000  00000002  RWIX
  INT03                 0000ff96   00000002  00000000  00000002  RWIX
  INT04                 0000ff98   00000002  00000000  00000002  RWIX
  INT05                 0000ff9a   00000002  00000000  00000002  RWIX
  INT06                 0000ff9c   00000002  00000000  00000002  RWIX
  INT07                 0000ff9e   00000002  00000000  00000002  RWIX
  INT08                 0000ffa0   00000002  00000000  00000002  RWIX
  INT09                 0000ffa2   00000002  00000000  00000002  RWIX
  INT10                 0000ffa4   00000002  00000000  00000002  RWIX
  INT11                 0000ffa6   00000002  00000000  00000002  RWIX
  INT12                 0000ffa8   00000002  00000000  00000002  RWIX
  INT13                 0000ffaa   00000002  00000000  00000002  RWIX
  INT14                 0000ffac   00000002  00000000  00000002  RWIX
  INT15                 0000ffae   00000002  00000000  00000002  RWIX
  INT16                 0000ffb0   00000002  00000000  00000002  RWIX
  INT17                 0000ffb2   00000002  00000000  00000002  RWIX
  INT18                 0000ffb4   00000002  00000002  00000000  RWIX
  INT19                 0000ffb6   00000002  00000002  00000000  RWIX
  INT20                 0000ffb8   00000002  00000002  00000000  RWIX
  INT21                 0000ffba   00000002  00000002  00000000  RWIX
  INT22                 0000ffbc   00000002  00000002  00000000  RWIX
  INT23                 0000ffbe   00000002  00000002  00000000  RWIX
  INT24                 0000ffc0   00000002  00000002  00000000  RWIX
  INT25                 0000ffc2   00000002  00000002  00000000  RWIX
  INT26                 0000ffc4   00000002  00000002  00000000  RWIX
  INT27                 0000ffc6   00000002  00000002  00000000  RWIX
  INT28                 0000ffc8   00000002  00000002  00000000  RWIX
  INT29                 0000ffca   00000002  00000002  00000000  RWIX
  INT30                 0000ffcc   00000002  00000002  00000000  RWIX
  INT31                 0000ffce   00000002  00000002  00000000  RWIX
  INT32                 0000ffd0   00000002  00000002  00000000  RWIX
  INT33                 0000ffd2   00000002  00000002  00000000  RWIX
  INT34                 0000ffd4   00000002  00000002  00000000  RWIX
  INT35                 0000ffd6   00000002  00000002  00000000  RWIX
  INT36                 0000ffd8   00000002  00000002  00000000  RWIX
  INT37                 0000ffda   00000002  00000002  00000000  RWIX
  INT38                 0000ffdc   00000002  00000002  00000000  RWIX
  INT39                 0000ffde   00000002  00000002  00000000  RWIX
  INT40                 0000ffe0   00000002  00000002  00000000  RWIX
  INT41                 0000ffe2   00000002  00000002  00000000  RWIX
  INT42                 0000ffe4   00000002  00000002  00000000  RWIX
  INT43                 0000ffe6   00000002  00000002  00000000  RWIX
  INT44                 0000ffe8   00000002  00000002  00000000  RWIX
  INT45                 0000ffea   00000002  00000002  00000000  RWIX
  INT46                 0000ffec   00000002  00000002  00000000  RWIX
  INT47                 0000ffee   00000002  00000002  00000000  RWIX
  INT48                 0000fff0   00000002  00000002  00000000  RWIX
  INT49                 0000fff2   00000002  00000002  00000000  RWIX
  INT50                 0000fff4   00000002  00000002  00000000  RWIX
  INT51                 0000fff6   00000002  00000002  00000000  RWIX
  INT52                 0000fff8   00000002  00000002  00000000  RWIX
  INT53                 0000fffa   00000002  00000002  00000000  RWIX
  INT54                 0000fffc   00000002  00000002  00000000  RWIX
  RESET                 0000fffe   00000002  00000002  00000000  RWIX
  FRAM2                 00010000   00034000  0000b908  000286f8  RWIX


SECTION ALLOCATION MAP

 output                                  attributes/
section   page    origin      length       input sections
--------  ----  ----------  ----------   ----------------
.TI.persistent 
*          0    00004000    00000002     
                  00004000    00000002     RoverStateManager.obj (.TI.persistent)

.binit     0    00004000    00000000     

.cio       0    00004002    00000120     UNINITIALIZED
                  00004002    00000120     rts430x_lc_rd_eabi.lib : trgmsg.c.obj (.cio)

.sysmem    0    00004124    00000008     UNINITIALIZED
                  00004124    00000008     rts430x_lc_rd_eabi.lib : memory.c.obj (.sysmem)

.ipestruct 
*          0    00004400    00000000     UNINITIALIZED

.ipe       0    00004400    00000000     UNINITIALIZED

.ipe_const 
*          0    00004400    00000000     UNINITIALIZED

.ipe:_isr 
*          0    00004400    00000000     UNINITIALIZED

.cinit     0    0000d4ec    00000092     
                  0000d4ec    0000006f     (.cinit..data.load) [load image, compression = lzss]
                  0000d55b    00000001     --HOLE-- [fill = 0]
                  0000d55c    0000000c     (__TI_handler_table)
                  0000d568    00000006     (.cinit..bss.load) [load image, compression = zero_init]
                  0000d56e    00000010     (__TI_cinit_table)

.init_array 
*          0    00004000    00000000     UNINITIALIZED

.text:_isr 
*          0    00004400    000002f8     
                  00004400    000000ca     uart.obj (.text:_isr:USCI_A0_ISR)
                  000044ca    000000ca     uart.obj (.text:_isr:USCI_A1_ISR)
                  00004594    00000098     adc.obj (.text:_isr:ADC12_ISR)
                  0000462c    00000056     watchdog.obj (.text:_isr:port1_isr_handler)
                  00004682    0000003e     watchdog.obj (.text:_isr:Timer0_A1_ISR)
                  000046c0    00000020     rts430x_lc_rd_eabi.lib : boot.c.obj (.text:_isr:_c_int00_noargs_mpu)
                  000046e0    00000010     RoverStateManager.obj (.text:_isr:_Z7WDT_ISRv)
                  000046f0    00000008     rts430x_lc_rd_eabi.lib : isr_trap.asm.obj (.text:_isr:__TI_ISR_TRAP)

.bss       0    00001c00    00000d0e     UNINITIALIZED
                  00001c00    00000400     RoverStateManager.obj (.bss:_ZN43_INTERNAL_21_RoverStateManager_cpp_1f51f65b4iris13uart0RxBufferE)
                  00002000    00000400     RoverStateManager.obj (.bss:_ZN43_INTERNAL_21_RoverStateManager_cpp_1f51f65b4iris13uart1TxBufferE)
                  00002400    00000200     RoverStateManager.obj (.bss:_ZN43_INTERNAL_21_RoverStateManager_cpp_1f51f65b4iris13uart0TxBufferE)
                  00002600    00000200     RoverStateManager.obj (.bss:_ZN43_INTERNAL_21_RoverStateManager_cpp_1f51f65b4iris13uart1RxBufferE)
                  00002800    000000a0     (.common:__TI_tmpnams)
                  000028a0    00000050     ring_buffer.obj (.bss:ALL_RING_BUFFERS)
                  000028f0    00000010     RoverStateBase.obj (.bss:ECHO_BUFFER$9)
                  00002900    00000008     (.common:parmbuf)
                  00002908    00000004     rts430x_lc_rd_eabi.lib : memory.c.obj (.bss)
                  0000290c    00000002     time.obj (.bss)

.data      0    0000290e    00000c84     UNINITIALIZED
                  0000290e    000002cc     hercules_comms.obj (.data:theState)
                  00002bda    000002cc     lander_comms.obj (.data:theState)
                  00002ea6    00000100     debug_comms.obj (.data:PRINT_BUFFER)
                  00002fa6    00000100     lander_comms.obj (.data:uartRxData$1)
                  000030a6    00000100     lander_comms.obj (.data:uartTxSlipData$5)
                  000031a6    000000c8     rts430x_lc_rd_eabi.lib : defs.c.obj (.data:_ftable)
                  0000326e    00000078                            : host_device.c.obj (.data:_device)
                  000032e6    00000040     hercules_comms.obj (.data:uartRxData$1)
                  00003326    00000040     hercules_comms.obj (.data:uartRxData$3)
                  00003366    0000003c     rts430x_lc_rd_eabi.lib : host_device.c.obj (.data:_stream)
                  000033a2    0000002f     RoverStateBase.obj (.data:report$10)
                  000033d1    00000001     ground_msgs.obj (.data)
                  000033d2    0000002f     RoverStateBase.obj (.data:reportBuffer$11)
                  00003401    00000001     lander_comms.obj (.data)
                  00003402    00000022     i2c_sensors.obj (.data:internals)
                  00003424    0000001c     lander_comms.obj (.data:uartHeaderData$4)
                  00003440    0000001a     hercules_mpsm.obj (.data:theStateMachine)
                  0000345a    0000001a     uart.obj (.data:uart0State)
                  00003474    0000001a     uart.obj (.data:uart1State)
                  0000348e    00000018     RoverStateEnteringMission.obj (.data:hb$1)
                  000034a6    00000018     RoverStateMission.obj (.data:hb$1)
                  000034be    00000018     RoverStateService.obj (.data:hb$1)
                  000034d6    00000018     RoverStateBase.obj (.data:wdMessage$1)
                  000034ee    00000014     lander_comms.obj (.data:txDurations$6)
                  00003502    00000010     RoverStateBase.obj (.data:telemetrySerializationBuffer$5)
                  00003512    0000000d     watchdog.obj (.data)
                  0000351f    00000001     --HOLE--
                  00003520    00000009     debug_comms.obj (.data)
                  00003529    00000001     --HOLE--
                  0000352a    00000008     adc.obj (.data)
                  00003532    00000008     i2c_sensors.obj (.data:tStatus$1)
                  0000353a    00000008     i2c_sensors.obj (.data:tStatus$2)
                  00003542    00000008     i2c.obj (.data:theStatus)
                  0000354a    00000006     RoverStateBase.obj (.data:deployNotificationResponse$3)
                  00003550    00000006     RoverStateBase.obj (.data:response$2)
                  00003556    00000006     event_queue.obj (.data:theQueue)
                  0000355c    00000004     rts430x_lc_rd_eabi.lib : exit_gvars.c.obj (.data:__TI_cleanup_ptr)
                  00003560    00000004                            : exit_gvars.c.obj (.data:__TI_dtors_ptr)
                  00003564    00000004                            : _lock.c.obj (.data:_lock)
                  00003568    00000004                            : _lock.c.obj (.data:_unlock)
                  0000356c    00000004     blimp.obj (.data)
                  00003570    00000004     bsp.obj (.data)
                  00003574    00000004     RoverStateBase.obj (.data:hb$12)
                  00003578    00000004     RoverStateEnteringKeepAlive.obj (.data:hb$1)
                  0000357c    00000004     slip_mpsm.obj (.data:theStateMachine)
                  00003580    00000003     RoverStateBase.obj (.data:responseSerializationBuffer$6)
                  00003583    00000001     --HOLE--
                  00003584    00000002     RoverStateBase.obj (.data)
                  00003586    00000002     hercules_comms.obj (.data)
                  00003588    00000002     i2c_sensors.obj (.data)
                  0000358a    00000002     ring_buffer.obj (.data)
                  0000358c    00000002     rts430x_lc_rd_eabi.lib : defs.c.obj (.data)
                  0000358e    00000002                            : exit.c.obj (.data)
                  00003590    00000002                            : memory.c.obj (.data)

.stack     0    0000362c    000005d4     UNINITIALIZED
                  0000362c    00000004     rts430x_lc_rd_eabi.lib : boot.c.obj (.stack)
                  00003630    000005d0     --HOLE--

$fill000   0    0000ff80    00000004     
                  0000ff80    00000004     --HOLE-- [fill = ffff]

$fill001   0    0000ff84    00000004     
                  0000ff84    00000004     --HOLE-- [fill = ffff]

$fill002   0    0000ff88    00000008     
                  0000ff88    00000008     --HOLE-- [fill = ffff]

LEA        0    0000ffb4    00000002     
                  0000ffb4    00000002     rts430x_lc_rd_eabi.lib : int18.asm.obj (.int18)

PORT8      0    0000ffb6    00000002     
                  0000ffb6    00000002     rts430x_lc_rd_eabi.lib : int19.asm.obj (.int19)

PORT7      0    0000ffb8    00000002     
                  0000ffb8    00000002     rts430x_lc_rd_eabi.lib : int20.asm.obj (.int20)

EUSCI_B3   0    0000ffba    00000002     
                  0000ffba    00000002     rts430x_lc_rd_eabi.lib : int21.asm.obj (.int21)

EUSCI_B2   0    0000ffbc    00000002     
                  0000ffbc    00000002     rts430x_lc_rd_eabi.lib : int22.asm.obj (.int22)

EUSCI_B1   0    0000ffbe    00000002     
                  0000ffbe    00000002     rts430x_lc_rd_eabi.lib : int23.asm.obj (.int23)

EUSCI_A3   0    0000ffc0    00000002     
                  0000ffc0    00000002     rts430x_lc_rd_eabi.lib : int24.asm.obj (.int24)

EUSCI_A2   0    0000ffc2    00000002     
                  0000ffc2    00000002     rts430x_lc_rd_eabi.lib : int25.asm.obj (.int25)

PORT6      0    0000ffc4    00000002     
                  0000ffc4    00000002     rts430x_lc_rd_eabi.lib : int26.asm.obj (.int26)

PORT5      0    0000ffc6    00000002     
                  0000ffc6    00000002     rts430x_lc_rd_eabi.lib : int27.asm.obj (.int27)

TIMER4_A1 
*          0    0000ffc8    00000002     
                  0000ffc8    00000002     rts430x_lc_rd_eabi.lib : int28.asm.obj (.int28)

TIMER4_A0 
*          0    0000ffca    00000002     
                  0000ffca    00000002     rts430x_lc_rd_eabi.lib : int29.asm.obj (.int29)

AES256     0    0000ffcc    00000002     
                  0000ffcc    00000002     rts430x_lc_rd_eabi.lib : int30.asm.obj (.int30)

RTC_C      0    0000ffce    00000002     
                  0000ffce    00000002     rts430x_lc_rd_eabi.lib : int31.asm.obj (.int31)

PORT4      0    0000ffd0    00000002     
                  0000ffd0    00000002     rts430x_lc_rd_eabi.lib : int32.asm.obj (.int32)

PORT3      0    0000ffd2    00000002     
                  0000ffd2    00000002     rts430x_lc_rd_eabi.lib : int33.asm.obj (.int33)

TIMER3_A1 
*          0    0000ffd4    00000002     
                  0000ffd4    00000002     rts430x_lc_rd_eabi.lib : int34.asm.obj (.int34)

TIMER3_A0 
*          0    0000ffd6    00000002     
                  0000ffd6    00000002     rts430x_lc_rd_eabi.lib : int35.asm.obj (.int35)

PORT2      0    0000ffd8    00000002     
                  0000ffd8    00000002     rts430x_lc_rd_eabi.lib : int36.asm.obj (.int36)

TIMER2_A1 
*          0    0000ffda    00000002     
                  0000ffda    00000002     rts430x_lc_rd_eabi.lib : int37.asm.obj (.int37)

TIMER2_A0 
*          0    0000ffdc    00000002     
                  0000ffdc    00000002     rts430x_lc_rd_eabi.lib : int38.asm.obj (.int38)

PORT1      0    0000ffde    00000002     
                  0000ffde    00000002     watchdog.obj (.int39)

TIMER1_A1 
*          0    0000ffe0    00000002     
                  0000ffe0    00000002     rts430x_lc_rd_eabi.lib : int40.asm.obj (.int40)

TIMER1_A0 
*          0    0000ffe2    00000002     
                  0000ffe2    00000002     rts430x_lc_rd_eabi.lib : int41.asm.obj (.int41)

DMA        0    0000ffe4    00000002     
                  0000ffe4    00000002     rts430x_lc_rd_eabi.lib : int42.asm.obj (.int42)

EUSCI_A1   0    0000ffe6    00000002     
                  0000ffe6    00000002     uart.obj (.int43)

TIMER0_A1 
*          0    0000ffe8    00000002     
                  0000ffe8    00000002     watchdog.obj (.int44)

TIMER0_A0 
*          0    0000ffea    00000002     
                  0000ffea    00000002     rts430x_lc_rd_eabi.lib : int45.asm.obj (.int45)

ADC12_B    0    0000ffec    00000002     
                  0000ffec    00000002     adc.obj (.int46)

EUSCI_B0   0    0000ffee    00000002     
                  0000ffee    00000002     rts430x_lc_rd_eabi.lib : int47.asm.obj (.int47)

EUSCI_A0   0    0000fff0    00000002     
                  0000fff0    00000002     uart.obj (.int48)

WDT        0    0000fff2    00000002     
                  0000fff2    00000002     RoverStateManager.obj (.int49)

TIMER0_B1 
*          0    0000fff4    00000002     
                  0000fff4    00000002     rts430x_lc_rd_eabi.lib : int50.asm.obj (.int50)

TIMER0_B0 
*          0    0000fff6    00000002     
                  0000fff6    00000002     rts430x_lc_rd_eabi.lib : int51.asm.obj (.int51)

COMP_E     0    0000fff8    00000002     
                  0000fff8    00000002     rts430x_lc_rd_eabi.lib : int52.asm.obj (.int52)

UNMI       0    0000fffa    00000002     
                  0000fffa    00000002     rts430x_lc_rd_eabi.lib : int53.asm.obj (.int53)

SYSNMI     0    0000fffc    00000002     
                  0000fffc    00000002     rts430x_lc_rd_eabi.lib : int54.asm.obj (.int54)

.reset     0    0000fffe    00000002     
                  0000fffe    00000002     rts430x_lc_rd_eabi.lib : boot.c.obj (.reset)

.const     0    000046f8    00008df3     
                  000046f8    000026f2     RoverStateBase.obj (.const:.string)
                  00006dea    00000c46     RoverStateEnteringMission.obj (.const:.string)
                  00007a30    0000098e     RoverStateInit.obj (.const:.string)
                  000083be    00000970     RoverStateEnteringKeepAlive.obj (.const:.string)
                  00008d2e    000007f2     i2c_sensors.obj (.const:.string)
                  00009520    00000680     RoverStateMission.obj (.const:.string)
                  00009ba0    00000590     RoverStateService.obj (.const:.string)
                  0000a130    00000478     watchdog_cmd_msgs.obj (.const:.string)
                  0000a5a8    000003f4     hercules_comms.obj (.const:.string)
                  0000a99c    000003f2     bsp.obj (.const:.string)
                  0000ad8e    000003d0     RoverStateKeepAlive.obj (.const:.string)
                  0000b15e    0000037c     RoverStateEnteringService.obj (.const:.string)
                  0000b4da    00000364     RoverStateManager.obj (.const:.string)
                  0000b83e    000002e8     blimp.obj (.const:.string)
                  0000bb26    000002a4     watchdog.obj (.const:.string)
                  0000bdca    0000024e     lander_comms.obj (.const:.string)
                  0000c018    00000222     hercules_mpsm.obj (.const:.string)
                  0000c23a    0000021a     uart.obj (.const:.string)
                  0000c454    00000140     debug_comms.obj (.const:.string)
                  0000c594    00000108     serialization.obj (.const:.string)
                  0000c69c    000000fa     i2c.obj (.const:.string)
                  0000c796    000000e8     RoverStateService.obj (.const:_ZTVN4iris17RoverStateServiceE)
                  0000c87e    000000e8     RoverStateKeepAlive.obj (.const:_ZTVN4iris19RoverStateKeepAliveE)
                  0000c966    000000e8     RoverStateEnteringService.obj (.const:_ZTVN4iris25RoverStateEnteringServiceE)
                  0000ca4e    000000e8     RoverStateEnteringKeepAlive.obj (.const:_ZTVN4iris27RoverStateEnteringKeepAliveE)
                  0000cb36    000000e4     RoverStateBase.obj (.const:_ZTVN4iris14RoverStateBaseE)
                  0000cc1a    000000e4     RoverStateInit.obj (.const:_ZTVN4iris14RoverStateInitE)
                  0000ccfe    000000e4     RoverStateMission.obj (.const:_ZTVN4iris17RoverStateMissionE)
                  0000cde2    000000e4     RoverStateEnteringMission.obj (.const:_ZTVN4iris25RoverStateEnteringMissionE)
                  0000cec6    000000dc     ring_buffer.obj (.const:.string)
                  0000cfa2    000000a6     RoverState.obj (.const:.string)
                  0000d048    00000076     ground_msgs.obj (.const:.string)
                  0000d0be    0000006a     ip_udp.obj (.const:.string)
                  0000d128    00000052     time.obj (.const:.string)
                  0000d17a    0000004a     event_queue.obj (.const:.string)
                  0000d1c4    0000003a     adc.obj (.const:.string)
                  0000d1fe    0000003a     slip_mpsm.obj (.const:.string)
                  0000d238    00000028     RoverState.obj (.const)
                  0000d260    00000025     rts430x_lc_rd_eabi.lib : typeinfo.c.obj (.const:.typeinfo:_ZTSN10__cxxabiv120__si_class_type_infoE)
                  0000d285    00000001     lander_comms.obj (.const)
                  0000d286    00000025     RoverStateEnteringKeepAlive.obj (.const:.typeinfo:_ZTSN4iris27RoverStateEnteringKeepAliveE)
                  0000d2ab    00000001     --HOLE-- [fill = 0]
                  0000d2ac    00000023     RoverStateEnteringMission.obj (.const:.typeinfo:_ZTSN4iris25RoverStateEnteringMissionE)
                  0000d2cf    00000001     --HOLE-- [fill = 0]
                  0000d2d0    00000023     RoverStateEnteringService.obj (.const:.typeinfo:_ZTSN4iris25RoverStateEnteringServiceE)
                  0000d2f3    00000001     --HOLE-- [fill = 0]
                  0000d2f4    00000022     rts430x_lc_rd_eabi.lib : typeinfo.c.obj (.const:.typeinfo:_ZTSN10__cxxabiv117__class_type_infoE)
                  0000d316    0000001d     RoverStateKeepAlive.obj (.const:.typeinfo:_ZTSN4iris19RoverStateKeepAliveE)
                  0000d333    00000001     --HOLE-- [fill = 0]
                  0000d334    0000001c     cmd_msgs.obj (.const:.string)
                  0000d350    0000001b     RoverStateMission.obj (.const:.typeinfo:_ZTSN4iris17RoverStateMissionE)
                  0000d36b    00000001     --HOLE-- [fill = 0]
                  0000d36c    0000001b     RoverStateService.obj (.const:.typeinfo:_ZTSN4iris17RoverStateServiceE)
                  0000d387    00000001     --HOLE-- [fill = 0]
                  0000d388    0000001a     hercules_msgs.obj (.const:.string)
                  0000d3a2    00000018     wd_int_mpsm.obj (.const:.string)
                  0000d3ba    00000018     RoverStateBase.obj (.const:.typeinfo:_ZTSN4iris14RoverStateBaseE)
                  0000d3d2    00000018     RoverStateInit.obj (.const:.typeinfo:_ZTSN4iris14RoverStateInitE)
                  0000d3ea    00000014     rts430x_lc_rd_eabi.lib : _printfi_min.c.obj (.const:.string)
                  0000d3fe    00000014     slip_encode.obj (.const:.string)
                  0000d412    00000014     uart.obj (.const:uart0Registers)
                  0000d426    00000014     uart.obj (.const:uart1Registers)
                  0000d43a    00000010     rts430x_lc_rd_eabi.lib : typeinfo.c.obj (.const:_ZTVN10__cxxabiv117__class_type_infoE)
                  0000d44a    00000010                            : typeinfo.c.obj (.const:_ZTVN10__cxxabiv120__si_class_type_infoE)
                  0000d45a    0000000d                            : stdlib_typeinfo.cpp.obj (.const:.typeinfo:_ZTSSt9type_info)
                  0000d467    00000001     --HOLE-- [fill = 0]
                  0000d468    0000000c                            : typeinfo.c.obj (.const:.typeinfo:_ZTIN10__cxxabiv117__class_type_infoE)
                  0000d474    0000000c                            : typeinfo.c.obj (.const:.typeinfo:_ZTIN10__cxxabiv120__si_class_type_infoE)
                  0000d480    0000000c     RoverStateInit.obj (.const:.typeinfo:_ZTIN4iris14RoverStateInitE)
                  0000d48c    0000000c     RoverStateMission.obj (.const:.typeinfo:_ZTIN4iris17RoverStateMissionE)
                  0000d498    0000000c     RoverStateService.obj (.const:.typeinfo:_ZTIN4iris17RoverStateServiceE)
                  0000d4a4    0000000c     RoverStateKeepAlive.obj (.const:.typeinfo:_ZTIN4iris19RoverStateKeepAliveE)
                  0000d4b0    0000000c     RoverStateEnteringMission.obj (.const:.typeinfo:_ZTIN4iris25RoverStateEnteringMissionE)
                  0000d4bc    0000000c     RoverStateEnteringService.obj (.const:.typeinfo:_ZTIN4iris25RoverStateEnteringServiceE)
                  0000d4c8    0000000c     RoverStateEnteringKeepAlive.obj (.const:.typeinfo:_ZTIN4iris27RoverStateEnteringKeepAliveE)
                  0000d4d4    00000008     RoverStateBase.obj (.const:.typeinfo:_ZTIN4iris14RoverStateBaseE)
                  0000d4dc    00000008     rts430x_lc_rd_eabi.lib : stdlib_typeinfo.cpp.obj (.const:.typeinfo:_ZTISt9type_info)
                  0000d4e4    00000007     RoverStateBase.obj (.const:.string:ECHO_HEADER$7)

.text      0    00010000    0000b908     
                  00010000    00000908     ground_msgs.obj (.text:GroundMsgs__generateDetailedReport)
                  00010908    000007bc     RoverStateBase.obj (.text:_ZN4iris14RoverStateBase26doConditionalResetSpecificERNS_12RoverContextE26WdCmdMsgs__ResetSpecificIdP19WdCmdMsgs__ResponsebbbbRb)
                  000110c4    00000494     RoverStateEnteringMission.obj (.text:_ZN4iris25RoverStateEnteringMission8spinOnceERNS_12RoverContextE)
                  00011558    000003ee     RoverStateBase.obj (.text:_ZN4iris14RoverStateBase22performWatchdogCommandERNS_12RoverContextERK18WdCmdMsgs__MessageR19WdCmdMsgs__ResponseS7_Rb)
                  00011946    00000350     RoverStateBase.obj (.text:_ZN4iris14RoverStateBase21initiateNextI2cActionERNS_12RoverContextE)
                  00011c96    00000338     watchdog.obj (.text:watchdog_monitor)
                  00011fce    000002ee     bsp.obj (.text:initializeGpios)
                  000122bc    00000288     hercules_mpsm.obj (.text:HerculesMpsm__checkForValidHeader)
                  00012544    0000027c     RoverStateMission.obj (.text:_ZN4iris17RoverStateMission15handleTimerTickERNS_12RoverContextE)
                  000127c0    00000204     i2c_sensors.obj (.text:I2C_Sensors__getActionStatus)
                  000129c4    000001fa     ip_udp.obj (.text:IpUdp__generateAndSerializeIpUdpHeadersForData)
                  00012bbe    000001f4     RoverStateService.obj (.text:_ZN4iris17RoverStateService15handleTimerTickERNS_12RoverContextE)
                  00012db2    000001da     RoverStateInit.obj (.text:_ZN4iris14RoverStateInit12transitionToERNS_12RoverContextE)
                  00012f8c    000001d8     i2c_sensors.obj (.text:I2C_Sensors__spinOnce)
                  00013164    000001ce     watchdog_cmd_msgs.obj (.text:WdCmdMsgs__deserializeBody)
                  00013332    0000019c     RoverStateBase.obj (.text:_ZN4iris14RoverStateBase17landerMsgCallbackEPhjPv)
                  000134ce    00000186     RoverStateEnteringMission.obj (.text:_ZN4iris25RoverStateEnteringMission15handleTimerTickERNS_12RoverContextE)
                  00013654    0000017a     hercules_comms.obj (.text:HerculesComms__tryGetMessage)
                  000137ce    00000162     lander_comms.obj (.text:LanderComms__txData)
                  00013930    00000160     uart.obj (.text:UART__initState)
                  00013a90    0000015e     RoverStateBase.obj (.text:_ZN4iris14RoverStateBase26handleDownlinkFromHerculesERNS_12RoverContextEP16HercMsgs__HeaderPhj)
                  00013bee    00000144     hercules_msgs.obj (.text:HercMsgs__serializeHeader)
                  00013d32    00000144     watchdog.obj (.text:watchdog_build_hercules_telem)
                  00013e76    00000140     RoverStateManager.obj (.text:_ZN4iris17RoverStateManager4initEv)
                  00013fb6    0000013e     RoverStateBase.obj (.text:_ZN4iris14RoverStateBase19enableHerculesCommsERNS_12RoverContextE)
                  000140f4    0000013a     RoverStateManager.obj (.text:_ZN4iris17RoverStateManager11handleEventE11Event__Type)
                  0001422e    00000132     RoverStateBase.obj (.text:_ZN4iris14RoverStateBase26sendDetailedReportToLanderERNS_12RoverContextEb)
                  00014360    00000132     rts430x_lc_rd_eabi.lib : _printfi_min.c.obj (.text:_setfield)
                  00014492    00000120     lander_comms.obj (.text:LanderComms__tryGetMessage)
                  000145b2    00000120     RoverStateEnteringKeepAlive.obj (.text:_ZN4iris27RoverStateEnteringKeepAlive15handleTimerTickERNS_12RoverContextE)
                  000146d2    0000011c     watchdog.obj (.text:watchdog_init)
                  000147ee    0000010c     bsp.obj (.text:getResetReasonString)
                  000148fa    0000010a     RoverStateKeepAlive.obj (.text:_ZN4iris19RoverStateKeepAlive8spinOnceERNS_12RoverContextE)
                  00014a04    00000108     rts430x_lc_rd_eabi.lib : memory.c.obj (.text:aligned_alloc)
                  00014b0c    00000100     RoverStateBase.obj (.text:_ZN4iris14RoverStateBase23handleDebugFromHerculesERNS_12RoverContextEP16HercMsgs__HeaderPhj)
                  00014c0c    000000fc     i2c_sensors.obj (.text:I2C_Sensors__writeIoExpanderPortDirectionsBlocking)
                  00014d08    000000fc     lander_comms.obj (.text:LanderComms__txDataUntilSendOrTimeout)
                  00014e04    000000fa     i2c_sensors.obj (.text:I2C_Sensors__readRegNonBlocking)
                  00014efe    000000f0     i2c_sensors.obj (.text:I2C_Sensors__writeIoExpanderBlocking)
                  00014fee    000000f0     rts430x_lc_rd_eabi.lib : fputs.c.obj (.text:fputs)
                  000150de    000000e8     RoverStateMission.obj (.text:_ZN4iris17RoverStateMission8spinOnceERNS_12RoverContextE)
                  000151c6    000000e8     RoverStateService.obj (.text:_ZN4iris17RoverStateService8spinOnceERNS_12RoverContextE)
                  000152ae    000000e8     RoverStateEnteringKeepAlive.obj (.text:_ZN4iris27RoverStateEnteringKeepAlive37transitionToWaitingForIoExpanderWriteERNS_12RoverContextE)
                  00015396    000000e6     ground_msgs.obj (.text:GroundMsgs__generateFullEarthHeartbeat)
                  0001547c    000000e4     uart.obj (.text:UART__flushTx)
                  00015560    000000de     rts430x_lc_rd_eabi.lib : setvbuf.c.obj (.text:setvbuf)
                  0001563e    000000dc                            : _printfi_min.c.obj (.text:__TI_printfi_minimal)
                  0001571a    000000da                            : _printfi_min.c.obj (.text:_pproc_diouxp)
                  000157f4    000000da                            : memory.c.obj (.text:free)
                  000158ce    000000d4     hercules_comms.obj (.text:HerculesComms__txHerculesMsg)
                  000159a2    000000ca     RoverStateManager.obj (.text:_ZN4iris17RoverStateManager11spinForeverEv)
                  00015a6c    000000c8     lander_comms.obj (.text:LanderComms__slipEncodeAndTransmitBuffer)
                  00015b34    000000c8     slip_encode.obj (.text:SlipEncode__encode)
                  00015bfc    000000c2     RoverStateBase.obj (.text:_ZN4iris14RoverStateBase13heaterControlERNS_12RoverContextE)
                  00015cbe    000000bc     bsp.obj (.text:readOnChipInputs)
                  00015d7a    000000ba     RoverStateEnteringKeepAlive.obj (.text:_ZN4iris27RoverStateEnteringKeepAlive8spinOnceERNS_12RoverContextE)
                  00015e34    000000b6     RoverStateBase.obj (.text:_ZN4iris14RoverStateBase12echoToLanderERNS_12RoverContextEhPKh)
                  00015eea    000000b6     RoverStateBase.obj (.text:_ZN4iris14RoverStateBase24handleStrokeFromHerculesERNS_12RoverContextEP16HercMsgs__Header)
                  00015fa0    000000b4     i2c.obj (.text:I2C__spinOnce)
                  00016054    000000b0     i2c_sensors.obj (.text:I2C_Sensors__writeRegNonBlocking)
                  00016104    000000b0     ip_udp.obj (.text:udp_checksum)
                  000161b4    000000a8     ground_msgs.obj (.text:GroundMsgs__generateFlightEarthHeartbeat)
                  0001625c    000000a4     cmd_msgs.obj (.text:CmdMsgs__deserializeHeader)
                  00016300    000000a4     uart.obj (.text:UART__transmit)
                  000163a4    000000a0     RoverStateBase.obj (.text:_ZN4iris14RoverStateBase19herculesMsgCallbackEP16HercMsgs__HeaderPhjPv)
                  00016444    0000009a     rts430x_lc_rd_eabi.lib : hostlseek.c.obj (.text:HOSTlseek)
                  000164de    0000009a     slip_mpsm.obj (.text:SlipMpsm__process)
                  00016578    0000009a     RoverStateBase.obj (.text:_ZN4iris14RoverStateBase23handleResetFromHerculesERNS_12RoverContextEP16HercMsgs__Header)
                  00016612    00000094     RoverStateMission.obj (.text:_ZN4iris17RoverStateMission19performResetCommandERNS_12RoverContextE26WdCmdMsgs__ResetSpecificIdP19WdCmdMsgs__Response)
                  000166a6    00000090     hercules_comms.obj (.text:HerculesComms__resetState)
                  00016736    00000090     RoverStateEnteringMission.obj (.text:_ZN4iris25RoverStateEnteringMission38transitionToWaitingForIoExpanderWrite1ERNS_12RoverContextE)
                  000167c6    0000008c     serialization.obj (.text:Serialization__deserializeAs32Bit)
                  00016852    0000008c     serialization.obj (.text:Serialization__serializeAs64Bit)
                  000168de    0000008a     slip_mpsm.obj (.text:SlipMpsm__appendData)
                  00016968    0000008a     RoverStateBase.obj (.text:_ZN4iris14RoverStateBase18pumpMsgsFromLanderERNS_12RoverContextE)
                  000169f2    0000008a     RoverStateBase.obj (.text:_ZN4iris14RoverStateBase18sendLanderResponseERNS_12RoverContextER19WdCmdMsgs__Response)
                  00016a7c    00000088     i2c_sensors.obj (.text:I2C_Sensors__currentMsb)
                  00016b04    00000088     RoverStateManager.obj (.text:_ZN4iris17RoverStateManager26getStateObjectForStateEnumENS_10RoverStateE)
                  00016b8c    00000086     watchdog_cmd_msgs.obj (.text:WdCmdMsgs__serializeGroundResponse)
                  00016c12    00000084     watchdog_cmd_msgs.obj (.text:WdCmdMsgs__deserializeDangForceBattStateBody)
                  00016c96    00000084     RoverStateManager.obj (.text:_ZN4iris17RoverStateManagerC1EPKc)
                  00016d1a    00000084     RoverStateEnteringMission.obj (.text:_ZN4iris25RoverStateEnteringMission38transitionToWaitingForIoExpanderWrite2ERNS_12RoverContextE)
                  00016d9e    00000082     watchdog_cmd_msgs.obj (.text:WdCmdMsgs__deserializeMessage)
                  00016e20    00000082     RoverStateBase.obj (.text:_ZN4iris14RoverStateBase15handleWdIntEdgeEbRNS_12RoverContextE)
                  00016ea2    00000082     RoverStateEnteringMission.obj (.text:_ZN4iris25RoverStateEnteringMission38transitionToWaitingForIoExpanderWrite3ERNS_12RoverContextE)
                  00016f24    00000080     RoverState.obj (.text:_ZN4iris13stateToStringENS_10RoverStateE)
                  00016fa4    00000080     RoverStateManager.obj (.text:_ZN4iris17RoverStateManager22transitionUntilSettledENS_10RoverStateE)
                  00017024    0000007e     rts430x_lc_rd_eabi.lib : _io_perm.c.obj (.text:__TI_wrt_ok)
                  000170a2    0000007c     serialization.obj (.text:Serialization__serializeAs32Bit)
                  0001711e    0000007a     i2c_sensors.obj (.text:I2C_Sensors__chargeMsb)
                  00017198    00000078     RoverStateEnteringMission.obj (.text:_ZN4iris25RoverStateEnteringMission40transitionToWaitingForFuelGaugeOrTimeoutERNS_12RoverContextE)
                  00017210    00000076     debug_comms.obj (.text:DebugComms__tryPrintfToLanderNonblocking)
                  00017286    00000076     serialization.obj (.text:Serialization__deserializeAs16Bit)
                  000172fc    00000076     RoverStateEnteringMission.obj (.text:_ZN4iris25RoverStateEnteringMission19performResetCommandERNS_12RoverContextE26WdCmdMsgs__ResetSpecificIdP19WdCmdMsgs__Response)
                  00017372    00000076     RoverStateEnteringService.obj (.text:_ZN4iris25RoverStateEnteringService19performResetCommandERNS_12RoverContextE26WdCmdMsgs__ResetSpecificIdP19WdCmdMsgs__Response)
                  000173e8    00000076     RoverStateEnteringKeepAlive.obj (.text:_ZN4iris27RoverStateEnteringKeepAlive19performResetCommandERNS_12RoverContextE26WdCmdMsgs__ResetSpecificIdP19WdCmdMsgs__Response)
                  0001745e    00000076     rts430x_lc_rd_eabi.lib : copy_decompress_lzss.c.obj (.text:decompress:lzss:__TI_decompress_lzss)
                  000174d4    00000074                            : hostrename.c.obj (.text:HOSTrename)
                  00017548    00000074     lander_comms.obj (.text:LanderComms__determineSlipEncodedSize)
                  000175bc    00000074     ring_buffer.obj (.text:RingBuffer__init)
                  00017630    00000074     rts430x_lc_rd_eabi.lib : fclose.c.obj (.text:__TI_closefile)
                  000176a4    00000072     i2c_sensors.obj (.text:I2C_Sensors__ioExpanderWritePort0)
                  00017716    00000072     serialization.obj (.text:Serialization__serializeAs16Bit)
                  00017788    00000070     rts430x_lc_rd_eabi.lib : hostopen.c.obj (.text:HOSTopen)
                  000177f8    00000070     i2c_sensors.obj (.text:I2C_Sensors__ioExpanderInitPort0)
                  00017868    00000070     rts430x_lc_rd_eabi.lib : memory.c.obj (.text:split)
                  000178d8    0000006e     serialization.obj (.text:Serialization__deserializeAs8Bit)
                  00017946    0000006e     watchdog_cmd_msgs.obj (.text:WdCmdMsgs__deserializeEchoBody)
                  000179b4    0000006c     rts430x_lc_rd_eabi.lib : hostwrite.c.obj (.text:HOSTwrite)
                  00017a20    0000006c     hercules_mpsm.obj (.text:HerculesMpsm__process)
                  00017a8c    0000006c     adc.obj (.text:adc_init)
                  00017af8    0000006a     rts430x_lc_rd_eabi.lib : hostread.c.obj (.text:HOSTread)
                  00017b62    0000006a     i2c_sensors.obj (.text:I2C_Sensors__ioExpanderReadPort1)
                  00017bcc    0000006a     i2c_sensors.obj (.text:I2C_Sensors__readControl)
                  00017c36    0000006a     serialization.obj (.text:Serialization__serializeAs8Bit)
                  00017ca0    0000006a     blimp.obj (.text:blimp_latchResetHigh)
                  00017d0a    0000006a     blimp.obj (.text:blimp_latchResetLow)
                  00017d74    0000006a     rts430x_lc_rd_eabi.lib : fseek.c.obj (.text:fseek)
                  00017dde    0000006a     ip_udp.obj (.text:ip_checksum)
                  00017e48    00000066     hercules_comms.obj (.text:HerculesComms__uninitialize)
                  00017eae    00000066     hercules_mpsm.obj (.text:HerculesMpsm__initMsg)
                  00017f14    00000066     i2c_sensors.obj (.text:I2C_Sensors__ioExpanderInitPort1)
                  00017f7a    00000066     i2c_sensors.obj (.text:I2C_Sensors__ioExpanderWritePort1)
                  00017fe0    00000066     uart.obj (.text:UART__receive)
                  00018046    00000066     watchdog_cmd_msgs.obj (.text:WdCmdMsgs__deserializeSetDebugCommsStateBody)
                  000180ac    00000066     watchdog_cmd_msgs.obj (.text:WdCmdMsgs__deserializeSetVSAEStateBody)
                  00018112    00000066     RoverStateBase.obj (.text:_ZN4iris14RoverStateBase26doGndCmdSetDebugCommsStateERNS_12RoverContextERK18WdCmdMsgs__MessageR19WdCmdMsgs__ResponseS7_Rb)
                  00018178    00000064     hercules_mpsm.obj (.text:HerculesMpsm__appendData)
                  000181dc    00000064     rts430x_lc_rd_eabi.lib : fflush.c.obj (.text:__TI_doflush)
                  00018240    00000064     blimp.obj (.text:blimp_initialize)
                  000182a4    00000064     blimp.obj (.text:blimp_latchSetHigh)
                  00018308    00000064     blimp.obj (.text:blimp_latchSetLow)
                  0001836c    00000062     i2c_sensors.obj (.text:I2C_Sensors__lowPower)
                  000183ce    00000062     RoverStateBase.obj (.text:_ZN4iris14RoverStateBase24doGndCmdLatchSetPulseLowERNS_12RoverContextERK18WdCmdMsgs__MessageR19WdCmdMsgs__ResponseS7_Rb)
                  00018430    00000062     RoverStateBase.obj (.text:_ZN4iris14RoverStateBase26doGndCmdLatchResetPulseLowERNS_12RoverContextERK18WdCmdMsgs__MessageR19WdCmdMsgs__ResponseS7_Rb)
                  00018492    00000062     RoverStateMission.obj (.text:_ZN4iris17RoverStateMission14doGndCmdDeployERNS_12RoverContextERK18WdCmdMsgs__MessageR19WdCmdMsgs__ResponseS7_Rb)
                  000184f4    0000005c     hercules_comms.obj (.text:HerculesComms__init)
                  00018550    0000005c     i2c_sensors.obj (.text:I2C_Sensors__accumulatedChargeLsb)
                  000185ac    0000005c     lander_comms.obj (.text:LanderComms__init)
                  00018608    0000005c     watchdog_cmd_msgs.obj (.text:WdCmdMsgs__deserializeClearResetMemoryBody)
                  00018664    0000005a     blimp.obj (.text:blimp_latchResetOff)
                  000186be    0000005a     rts430x_lc_rd_eabi.lib : close.c.obj (.text:close)
                  00018718    0000005a                            : getdevice.c.obj (.text:getdevice)
                  00018772    00000058     i2c_sensors.obj (.text:I2C_Sensors__accumulatedChargeMsb)
                  000187ca    00000058     rts430x_lc_rd_eabi.lib : fflush.c.obj (.text:fflush)
                  00018822    00000056     RoverStateBase.obj (.text:_ZN4iris14RoverStateBase20pumpMsgsFromHerculesERNS_12RoverContextE)
                  00018878    00000056     blimp.obj (.text:blimp_latchSetOff)
                  000188ce    00000054     rts430x_lc_rd_eabi.lib : autoinit.c.obj (.text:__TI_auto_init_nobinit_nopinit_hold_wdt:__TI_auto_init_nobinit_nopinit_hold_wdt)
                  00018922    00000052     i2c_sensors.obj (.text:I2C_Sensors__currentLsb)
                  00018974    00000052     i2c_sensors.obj (.text:I2C_Sensors__gaugeTempMsb)
                  000189c6    00000052     RoverStateBase.obj (.text:_ZN4iris14RoverStateBase20doGndCmdSetVSAEStateERNS_12RoverContextERK18WdCmdMsgs__MessageR19WdCmdMsgs__ResponseS7_Rb)
                  00018a18    00000052     RoverStateBase.obj (.text:_ZN4iris14RoverStateBase24doGndCmdSetChargeEnStateERNS_12RoverContextERK18WdCmdMsgs__MessageR19WdCmdMsgs__ResponseS7_Rb)
                  00018a6a    00000052     RoverStateBase.obj (.text:_ZN4iris14RoverStateBase25doGndCmdSetLatchBattStateERNS_12RoverContextERK18WdCmdMsgs__MessageR19WdCmdMsgs__ResponseS7_Rb)
                  00018abc    00000052     RoverStateBase.obj (.text:_ZN4iris14RoverStateBase26doGndCmdDangForceBattStateERNS_12RoverContextERK18WdCmdMsgs__MessageR19WdCmdMsgs__ResponseS7_Rb)
                  00018b0e    00000050     i2c_sensors.obj (.text:I2C_Sensors__chargeLsb)
                  00018b5e    00000050     i2c_sensors.obj (.text:I2C_Sensors__gaugeTempLsb)
                  00018bae    00000050     i2c_sensors.obj (.text:I2C_Sensors__voltageLsb)
                  00018bfe    00000050     i2c_sensors.obj (.text:I2C_Sensors__voltageMsb)
                  00018c4e    00000050     i2c.obj (.text:I2C__txRegAddress)
                  00018c9e    00000050     watchdog_cmd_msgs.obj (.text:WdCmdMsgs__deserializeSwitchConnModeBody)
                  00018cee    00000050     RoverStateBase.obj (.text:_ZN4iris14RoverStateBase14txDownlinkDataERNS_12RoverContextEPvjb)
                  00018d3e    0000004e     rts430x_lc_rd_eabi.lib : hostclose.c.obj (.text:HOSTclose)
                  00018d8c    0000004e     ring_buffer.obj (.text:RingBuffer__peekAt)
                  00018dda    0000004e     uart.obj (.text:UART__init1)
                  00018e28    0000004e     watchdog_cmd_msgs.obj (.text:WdCmdMsgs__deserializeLatchResetPulseLowBody)
                  00018e76    0000004e     watchdog_cmd_msgs.obj (.text:WdCmdMsgs__deserializeLatchSetPulseLowBody)
                  00018ec4    0000004e     watchdog_cmd_msgs.obj (.text:WdCmdMsgs__deserializeResetSpecificBody)
                  00018f12    0000004e     watchdog_cmd_msgs.obj (.text:WdCmdMsgs__deserializeSetBattCtrlEnStateBody)
                  00018f60    0000004e     watchdog_cmd_msgs.obj (.text:WdCmdMsgs__deserializeSetBattEnStateBody)
                  00018fae    0000004e     watchdog_cmd_msgs.obj (.text:WdCmdMsgs__deserializeSetChargeEnStateBody)
                  00018ffc    0000004e     watchdog_cmd_msgs.obj (.text:WdCmdMsgs__deserializeSetChargeRegEnStateBody)
                  0001904a    0000004e     watchdog_cmd_msgs.obj (.text:WdCmdMsgs__deserializeSetLatchBattStateBody)
                  00019098    0000004e     RoverStateMission.obj (.text:_ZN4iris17RoverStateMission12transitionToERNS_12RoverContextE)
                  000190e6    0000004c     hercules_mpsm.obj (.text:HerculesMpsm__reset)
                  00019132    0000004c     ring_buffer.obj (.text:RingBuffer__get)
                  0001917e    0000004c     ring_buffer.obj (.text:RingBuffer__put)
                  000191ca    0000004c     RoverStateMission.obj (.text:_ZN4iris17RoverStateMission22performWatchdogCommandERNS_12RoverContextERK18WdCmdMsgs__MessageR19WdCmdMsgs__ResponseS7_Rb)
                  00019216    0000004c     RoverStateService.obj (.text:_ZN4iris17RoverStateService22performWatchdogCommandERNS_12RoverContextERK18WdCmdMsgs__MessageR19WdCmdMsgs__ResponseS7_Rb)
                  00019262    0000004a     i2c_sensors.obj (.text:I2C_Sensors__writeControl)
                  000192ac    0000004a     ring_buffer.obj (.text:RingBuffer__putOverwrite)
                  000192f6    0000004a     uart.obj (.text:UART__init0)
                  00019340    0000004a     rts430x_lc_rd_eabi.lib : exit.c.obj (.text:exit)
                  0001938a    00000048     uart.obj (.text:UART__checkIfSendable)
                  000193d2    00000048     RoverStateKeepAlive.obj (.text:_ZN4iris19RoverStateKeepAlive12transitionToERNS_12RoverContextE)
                  0001941a    00000048     rts430x_lc_rd_eabi.lib : _printfi_min.c.obj (.text:_pproc_str)
                  00019462    00000046                            : hostunlink.c.obj (.text:HOSTunlink)
                  000194a8    00000046     hercules_comms.obj (.text:HerculesComms__txDownlinkData)
                  000194ee    00000046     hercules_comms.obj (.text:HerculesComms__txUplinkMsg)
                  00019534    00000044     debug_comms.obj (.text:DebugComms__tryStringBufferToLanderNonblocking)
                  00019578    00000044     ip_udp.obj (.text:IpUdp__identifyDataInUdpPacket)
                  000195bc    00000044     rts430x_lc_rd_eabi.lib : sprintf.c.obj (.text:sprintf)
                  00019600    00000042     RoverStateBase.obj (.text:_ZN4iris14RoverStateBase22doGndCmdSetBattEnStateERNS_12RoverContextERK18WdCmdMsgs__MessageR19WdCmdMsgs__ResponseS7_Rb)
                  00019642    00000042     RoverStateBase.obj (.text:_ZN4iris14RoverStateBase27doGndCmdSetChargeRegEnStateERNS_12RoverContextERK18WdCmdMsgs__MessageR19WdCmdMsgs__ResponseS7_Rb)
                  00019684    00000042     bsp.obj (.text:clockInit)
                  000196c6    00000040     event_queue.obj (.text:EventQueue__get)
                  00019706    00000040     hercules_comms.obj (.text:HerculesComms__txResponseMsg)
                  00019746    00000040     i2c.obj (.text:I2C__write)
                  00019786    00000040     watchdog_cmd_msgs.obj (.text:WdCmdMsgs__deserializeDeployBody)
                  000197c6    00000040     watchdog_cmd_msgs.obj (.text:WdCmdMsgs__deserializeEnterKeepAliveModeBody)
                  00019806    00000040     watchdog_cmd_msgs.obj (.text:WdCmdMsgs__deserializeEnterServiceModeBody)
                  00019846    00000040     watchdog_cmd_msgs.obj (.text:WdCmdMsgs__deserializeEnterSleepModeBody)
                  00019886    00000040     watchdog_cmd_msgs.obj (.text:WdCmdMsgs__deserializePrepForDeployBody)
                  000198c6    00000040     watchdog_cmd_msgs.obj (.text:WdCmdMsgs__deserializeRequestDetailedReportBody)
                  00019906    00000040     watchdog_cmd_msgs.obj (.text:WdCmdMsgs__deserializeSetAutoHeaterOffValueBody)
                  00019946    00000040     watchdog_cmd_msgs.obj (.text:WdCmdMsgs__deserializeSetAutoHeaterOnValueBody)
                  00019986    00000040     watchdog_cmd_msgs.obj (.text:WdCmdMsgs__deserializeSetHeaterDutyCycleBody)
                  000199c6    00000040     watchdog_cmd_msgs.obj (.text:WdCmdMsgs__deserializeSetHeaterDutyCyclePeriodBody)
                  00019a06    0000003e     i2c.obj (.text:I2C__read)
                  00019a44    0000003e     uart.obj (.text:UART__checkRxRbErrors)
                  00019a82    0000003e     RoverStateBase.obj (.text:_ZN4iris14RoverStateBase33handleRadioPowerCycleRadioCommandERNS_12RoverContextE)
                  00019ac0    0000003e     RoverStateBase.obj (.text:_ZN4iris14RoverStateBase36handleRadioPowerCycleHerculesCommandERNS_12RoverContextE)
                  00019afe    0000003e     bsp.obj (.text:enableHeater)
                  00019b3c    0000003e     rts430x_lc_rd_eabi.lib : lsl32.asm.obj (.text:l_lsl_const)
                  00019b7a    0000003e                            : lseek.c.obj (.text:lseek)
                  00019bb8    0000003c     event_queue.obj (.text:EventQueue__initialize)
                  00019bf4    0000003c     RoverStateBase.obj (.text:_ZN4iris14RoverStateBase26doGndCmdSetHeaterDutyCycleERNS_12RoverContextERK18WdCmdMsgs__MessageR19WdCmdMsgs__ResponseS7_Rb)
                  00019c30    0000003c     rts430x_lc_rd_eabi.lib : write.c.obj (.text:write)
                  00019c6c    0000003a     RoverStateService.obj (.text:_ZN4iris17RoverStateService24doGndCmdEnterServiceModeERNS_12RoverContextERK18WdCmdMsgs__MessageR19WdCmdMsgs__ResponseS7_Rb)
                  00019ca6    0000003a     RoverStateEnteringService.obj (.text:_ZN4iris25RoverStateEnteringService26doGndCmdEnterKeepAliveModeERNS_12RoverContextERK18WdCmdMsgs__MessageR19WdCmdMsgs__ResponseS7_Rb)
                  00019ce0    0000003a     rts430x_lc_rd_eabi.lib : lsr64.c.obj (.text:__mspabi_srlll)
                  00019d1a    0000003a                            : vsprintf.c.obj (.text:vsprintf)
                  00019d54    00000038     hercules_comms.obj (.text:HerculesComms__transmitBuffer)
                  00019d8c    00000038     hercules_mpsm.obj (.text:HerculesMpsm__checkRb)
                  00019dc4    00000038     lander_comms.obj (.text:LanderComms__transmitBuffer)
                  00019dfc    00000038     uart.obj (.text:UART__uninit0)
                  00019e34    00000038     RoverStateEnteringKeepAlive.obj (.text:_ZN4iris27RoverStateEnteringKeepAlive25transitionToFinishUpSetupERNS_12RoverContextE)
                  00019e6c    00000036     slip_mpsm.obj (.text:SlipMpsm__initMsg)
                  00019ea2    00000036     uart.obj (.text:UART__checkRxZerosMaxCountSinceLastCheck)
                  00019ed8    00000036     uart.obj (.text:UART__uart1Init)
                  00019f0e    00000036     RoverStateBase.obj (.text:_ZN4iris14RoverStateBase12doGndCmdEchoERNS_12RoverContextERK18WdCmdMsgs__MessageR19WdCmdMsgs__ResponseS7_Rb)
                  00019f44    00000036     RoverStateEnteringService.obj (.text:_ZN4iris25RoverStateEnteringService12transitionToERNS_12RoverContextE)
                  00019f7a    00000036     rts430x_lc_rd_eabi.lib : fopen.c.obj (.text:__TI_cleanup)
                  00019fb0    00000036                            : trgmsg.c.obj (.text:__TI_writemsg)
                  00019fe6    00000034     uart.obj (.text:UART__uart0Init)
                  0001a01a    00000034     adc.obj (.text:adcCheckVoltageLevels)
                  0001a04e    00000034     blimp.obj (.text:blimp_latchBattUpdate)
                  0001a082    00000034     blimp.obj (.text:blimp_normalBoot)
                  0001a0b6    00000032     i2c_sensors.obj (.text:I2C_Sensors__initiateWriteIoExpander)
                  0001a0e8    00000032     i2c.obj (.text:I2C__getTransactionStatus)
                  0001a11a    00000032     RoverStateKeepAlive.obj (.text:_ZN4iris19RoverStateKeepAlive15handleTimerTickERNS_12RoverContextE)
                  0001a14c    00000032     RoverStateEnteringKeepAlive.obj (.text:_ZN4iris27RoverStateEnteringKeepAlive18handleHerculesDataERNS_12RoverContextE)
                  0001a17e    00000032     rts430x_lc_rd_eabi.lib : trgmsg.c.obj (.text:__TI_readmsg)
                  0001a1b0    00000032     blimp.obj (.text:blimp_bstat_dangerous_forceHigh)
                  0001a1e2    00000032     blimp.obj (.text:blimp_bstat_dangerous_forceLow)
                  0001a214    00000032     blimp.obj (.text:blimp_bstat_safe_restoreInput)
                  0001a246    00000032     blimp.obj (.text:blimp_vSysAllEnOff)
                  0001a278    00000032     rts430x_lc_rd_eabi.lib : strncpy.c.obj (.text:strncpy)
                  0001a2aa    00000030     debug_comms.obj (.text:DebugComms__flush)
                  0001a2da    00000030     i2c.obj (.text:I2C__rxStart)
                  0001a30a    00000030     RoverStateBase.obj (.text:_ZN4iris14RoverStateBase25handleRadioGotWifiCommandERNS_12RoverContextE)
                  0001a33a    00000030     RoverStateMission.obj (.text:_ZN4iris17RoverStateMission24doGndCmdEnterServiceModeERNS_12RoverContextERK18WdCmdMsgs__MessageR19WdCmdMsgs__ResponseS7_Rb)
                  0001a36a    00000030     RoverStateService.obj (.text:_ZN4iris17RoverStateService26doGndCmdEnterKeepAliveModeERNS_12RoverContextERK18WdCmdMsgs__MessageR19WdCmdMsgs__ResponseS7_Rb)
                  0001a39a    00000030     blimp.obj (.text:blimp_bstat)
                  0001a3ca    00000030     rts430x_lc_rd_eabi.lib : unlink.c.obj (.text:unlink)
                  0001a3fa    0000002e     hercules_comms.obj (.text:HerculesComms__flushTx)
                  0001a428    0000002e     hercules_mpsm.obj (.text:HerculesMpsm__peekRb)
                  0001a456    0000002e     i2c_sensors.obj (.text:I2C_Sensors__initiateIoExpanderInitialization)
                  0001a484    0000002e     i2c.obj (.text:I2C__init)
                  0001a4b2    0000002e     lander_comms.obj (.text:LanderComms__flushTx)
                  0001a4e0    0000002e     RoverStateBase.obj (.text:_ZN4iris14RoverStateBase24doGndCmdClearResetMemoryERNS_12RoverContextERK18WdCmdMsgs__MessageR19WdCmdMsgs__ResponseS7_Rb)
                  0001a50e    0000002e     RoverStateInit.obj (.text:_ZN4iris14RoverStateInitC1ENS_10RoverStateEPKc)
                  0001a53c    0000002e     blimp.obj (.text:blimp_chargerEnOff)
                  0001a56a    0000002e     blimp.obj (.text:blimp_latchResetPulseLow)
                  0001a598    0000002e     blimp.obj (.text:blimp_latchSetPulseLow)
                  0001a5c6    0000002e     blimp.obj (.text:blimp_vSysAllEnForceLow)
                  0001a5f4    0000002e     blimp.obj (.text:blimp_vSysAllEnOn)
                  0001a622    0000002e     rts430x_lc_rd_eabi.lib : getdevice.c.obj (.text:finddevice)
                  0001a650    0000002e     main.obj (.text:main)
                  0001a67e    0000002c     i2c_sensors.obj (.text:I2C_Sensors__getIoExpanderPortDirections)
                  0001a6aa    0000002c     i2c.obj (.text:I2C__waitForStop)
                  0001a6d6    0000002c     RoverStateBase.obj (.text:_ZN4iris14RoverStateBase32doGndCmdSetHeaterDutyCyclePeriodERNS_12RoverContextERK18WdCmdMsgs__MessageR19WdCmdMsgs__ResponseS7_Rb)
                  0001a702    0000002c     RoverStateMission.obj (.text:_ZN4iris17RoverStateMissionC1Ev)
                  0001a72e    0000002c     RoverStateEnteringMission.obj (.text:_ZN4iris25RoverStateEnteringMission29transitionToWaitingForI2cDoneERNS_12RoverContextE)
                  0001a75a    0000002c     MSPMPU_INIT_LIB_CCS_msp430_large_code_restricted_data.lib : mpu_init.o (.text:__mpu_init)
                  0001a786    0000002c     rts430x_lc_rd_eabi.lib : memory.c.obj (.text:free_list_insert)
                  0001a7b2    0000002a     i2c.obj (.text:I2C__txData)
                  0001a7dc    0000002a     ring_buffer.obj (.text:RingBuffer__full)
                  0001a806    0000002a     RoverStateBase.obj (.text:_ZN4iris14RoverStateBase28doGndCmdSetAutoHeaterOnValueERNS_12RoverContextERK18WdCmdMsgs__MessageR19WdCmdMsgs__ResponseS7_Rb)
                  0001a830    0000002a     RoverStateBase.obj (.text:_ZN4iris14RoverStateBase29doGndCmdSetAutoHeaterOffValueERNS_12RoverContextERK18WdCmdMsgs__MessageR19WdCmdMsgs__ResponseS7_Rb)
                  0001a85a    0000002a     RoverStateEnteringKeepAlive.obj (.text:_ZN4iris27RoverStateEnteringKeepAlive12transitionToERNS_12RoverContextE)
                  0001a884    0000002a     blimp.obj (.text:blimp_chargerEnForceHigh)
                  0001a8ae    0000002a     blimp.obj (.text:blimp_chargerEnOn)
                  0001a8d8    0000002a     rts430x_lc_rd_eabi.lib : memory.c.obj (.text:free_list_remove)
                  0001a902    00000028     RoverStateBase.obj (.text:_ZN4iris14RoverStateBase21doGndCmdResetSpecificERNS_12RoverContextERK18WdCmdMsgs__MessageR19WdCmdMsgs__ResponseS7_Rb)
                  0001a92a    00000028     RoverStateBase.obj (.text:_ZN4iris14RoverStateBase22handleUplinkFromLanderERNS_12RoverContextEPhj)
                  0001a952    00000026     event_queue.obj (.text:EventQueue__put)
                  0001a978    00000026     i2c.obj (.text:I2C__checkAck)
                  0001a99e    00000026     i2c.obj (.text:I2C__confirmStart)
                  0001a9c4    00000026     i2c.obj (.text:I2C__rxDataAndStop)
                  0001a9ea    00000026     i2c.obj (.text:I2C__txStart)
                  0001aa10    00000026     RoverStateMission.obj (.text:_ZN4iris17RoverStateMission13heaterControlERNS_12RoverContextE)
                  0001aa36    00000026     bsp.obj (.text:setHerculesReset)
                  0001aa5c    00000024     i2c_sensors.obj (.text:I2C_Sensors__initiateGaugeReadings)
                  0001aa80    00000024     i2c_sensors.obj (.text:I2C_Sensors__initiateReadControl)
                  0001aaa4    00000024     ring_buffer.obj (.text:RingBuffer__empty)
                  0001aac8    00000024     ring_buffer.obj (.text:RingBuffer__freeCount)
                  0001aaec    00000024     RoverStateEnteringMission.obj (.text:_ZN4iris25RoverStateEnteringMissionC1Ev)
                  0001ab10    00000024     RoverStateEnteringService.obj (.text:_ZN4iris25RoverStateEnteringService24doGndCmdEnterServiceModeERNS_12RoverContextERK18WdCmdMsgs__MessageR19WdCmdMsgs__ResponseS7_Rb)
                  0001ab34    00000024     RoverStateEnteringService.obj (.text:_ZN4iris25RoverStateEnteringServiceC1ENS_10RoverStateE)
                  0001ab58    00000024     RoverStateEnteringService.obj (.text:_ZN4iris25RoverStateEnteringServiceC1Ev)
                  0001ab7c    00000024     RoverStateEnteringKeepAlive.obj (.text:_ZN4iris27RoverStateEnteringKeepAlive26doGndCmdEnterKeepAliveModeERNS_12RoverContextERK18WdCmdMsgs__MessageR19WdCmdMsgs__ResponseS7_Rb)
                  0001aba0    00000024     RoverStateEnteringKeepAlive.obj (.text:_ZN4iris27RoverStateEnteringKeepAliveC1ENS_10RoverStateE)
                  0001abc4    00000024     RoverStateEnteringKeepAlive.obj (.text:_ZN4iris27RoverStateEnteringKeepAliveC1Ev)
                  0001abe8    00000024     rts430x_lc_rd_eabi.lib : copy_zero_init.c.obj (.text:decompress:ZI:__TI_zero_init)
                  0001ac0c    00000024     bsp.obj (.text:disableHeater)
                  0001ac30    00000024     bsp.obj (.text:disableUart0Pins)
                  0001ac54    00000022     i2c_sensors.obj (.text:I2C_Sensors__initiateReadIoExpander)
                  0001ac76    00000022     i2c_sensors.obj (.text:I2C_Sensors__initiateWriteLowPower)
                  0001ac98    00000022     i2c.obj (.text:I2C__stop)
                  0001acba    00000022     ring_buffer.obj (.text:RingBuffer__clear)
                  0001acdc    00000022     RoverStateBase.obj (.text:_ZN4iris14RoverStateBase29doGndCmdRequestDetailedReportERNS_12RoverContextERK18WdCmdMsgs__MessageR19WdCmdMsgs__ResponseS7_Rb)
                  0001acfe    00000022     RoverStateService.obj (.text:_ZN4iris17RoverStateServiceC1Ev)
                  0001ad20    00000022     RoverStateKeepAlive.obj (.text:_ZN4iris19RoverStateKeepAliveC1Ev)
                  0001ad42    00000022     RoverStateEnteringMission.obj (.text:_ZN4iris25RoverStateEnteringMission41transitionToWatitingForWifiReadyOrTimeoutERNS_12RoverContextE)
                  0001ad64    00000020     i2c_sensors.obj (.text:I2C_Sensors__initiateFuelGaugeInitialization)
                  0001ad84    00000020     ring_buffer.obj (.text:RingBuffer__usedCount)
                  0001ada4    00000020     RoverStateBase.obj (.text:_ZN4iris14RoverStateBase21handleWdIntRisingEdgeERNS_12RoverContextE)
                  0001adc4    00000020     RoverStateBase.obj (.text:_ZN4iris14RoverStateBase22handleWdIntFallingEdgeERNS_12RoverContextE)
                  0001ade4    00000020     RoverStateBase.obj (.text:_ZN4iris14RoverStateBaseC1ENS_10RoverStateE)
                  0001ae04    00000020     rts430x_lc_rd_eabi.lib : sprintf.c.obj (.text:_outs)
                  0001ae24    00000020                            : vsprintf.c.obj (.text:_outs)
                  0001ae44    0000001e     i2c_sensors.obj (.text:I2C_Sensors__clearLastAction)
                  0001ae62    0000001e     i2c_sensors.obj (.text:I2C_Sensors__writeIoExpanderCurrentValuesBlocking)
                  0001ae80    0000001e     RoverStateBase.obj (.text:_ZN4iris14RoverStateBase14doGndCmdDeployERNS_12RoverContextERK18WdCmdMsgs__MessageR19WdCmdMsgs__ResponseS7_Rb)
                  0001ae9e    0000001e     RoverStateBase.obj (.text:_ZN4iris14RoverStateBase16handleLanderDataERNS_12RoverContextE)
                  0001aebc    0000001e     RoverStateBase.obj (.text:_ZN4iris14RoverStateBase18handleHerculesDataERNS_12RoverContextE)
                  0001aeda    0000001e     RoverStateBase.obj (.text:_ZN4iris14RoverStateBase21doGndCmdPrepForDeployERNS_12RoverContextERK18WdCmdMsgs__MessageR19WdCmdMsgs__ResponseS7_Rb)
                  0001aef8    0000001e     RoverStateBase.obj (.text:_ZN4iris14RoverStateBase22doGndCmdEnterSleepModeERNS_12RoverContextERK18WdCmdMsgs__MessageR19WdCmdMsgs__ResponseS7_Rb)
                  0001af16    0000001e     RoverStateBase.obj (.text:_ZN4iris14RoverStateBase24doGndCmdEnterServiceModeERNS_12RoverContextERK18WdCmdMsgs__MessageR19WdCmdMsgs__ResponseS7_Rb)
                  0001af34    0000001e     RoverStateBase.obj (.text:_ZN4iris14RoverStateBase26doGndCmdEnterKeepAliveModeERNS_12RoverContextERK18WdCmdMsgs__MessageR19WdCmdMsgs__ResponseS7_Rb)
                  0001af52    0000001e     RoverStateBase.obj (.text:_ZN4iris14RoverStateBase26doGndCmdSetBattCtrlEnStateERNS_12RoverContextERK18WdCmdMsgs__MessageR19WdCmdMsgs__ResponseS7_Rb)
                  0001af70    0000001e     RoverStateInit.obj (.text:_ZN4iris14RoverStateInit14handleHighTempERNS_12RoverContextE)
                  0001af8e    0000001e     RoverStateInit.obj (.text:_ZN4iris14RoverStateInit15handleTimerTickERNS_12RoverContextE)
                  0001afac    0000001e     RoverStateInit.obj (.text:_ZN4iris14RoverStateInit16handleLanderDataERNS_12RoverContextE)
                  0001afca    0000001e     RoverStateInit.obj (.text:_ZN4iris14RoverStateInit16handlePowerIssueERNS_12RoverContextE)
                  0001afe8    0000001e     RoverStateInit.obj (.text:_ZN4iris14RoverStateInit18handleHerculesDataERNS_12RoverContextE)
                  0001b006    0000001e     RoverStateInit.obj (.text:_ZN4iris14RoverStateInit19performResetCommandERNS_12RoverContextE26WdCmdMsgs__ResetSpecificIdP19WdCmdMsgs__Response)
                  0001b024    0000001e     RoverStateInit.obj (.text:_ZN4iris14RoverStateInit8spinOnceERNS_12RoverContextE)
                  0001b042    0000001e     RoverStateKeepAlive.obj (.text:_ZN4iris19RoverStateKeepAlive18handleHerculesDataERNS_12RoverContextE)
                  0001b060    0000001e     RoverStateEnteringMission.obj (.text:_ZN4iris25RoverStateEnteringMission12transitionToERNS_12RoverContextE)
                  0001b07e    0000001e     blimp.obj (.text:blimp_battEnOff)
                  0001b09c    0000001e     blimp.obj (.text:blimp_latchBattOff)
                  0001b0ba    0000001e     blimp.obj (.text:blimp_regEnOff)
                  0001b0d8    0000001e     bsp.obj (.text:enableUart1Pins)
                  0001b0f6    0000001e     rts430x_lc_rd_eabi.lib : memccpy.c.obj (.text:memccpy)
                  0001b114    0000001e     bsp.obj (.text:releaseHerculesReset)
                  0001b132    0000001c     RoverStateBase.obj (.text:_ZN4iris14RoverStateBase22doGndCmdSwitchConnModeERNS_12RoverContextERK18WdCmdMsgs__MessageR19WdCmdMsgs__ResponseS7_Rb)
                  0001b14e    0000001c     rts430x_lc_rd_eabi.lib : strchr.c.obj (.text:strchr)
                  0001b16a    0000001c                            : strcmp.c.obj (.text:strcmp)
                  0001b186    0000001a     hercules_comms.obj (.text:HerculesComms__isInitialized)
                  0001b1a0    0000001a     ring_buffer.obj (.text:RingBuffer__getOverwrite)
                  0001b1ba    0000001a     uart.obj (.text:UART__isInitialized)
                  0001b1d4    0000001a     wd_int_mpsm.obj (.text:WdIntMpsm__processEdge)
                  0001b1ee    0000001a     RoverStateMission.obj (.text:_ZN4iris17RoverStateMission20canEnterLowPowerModeERNS_12RoverContextE)
                  0001b208    0000001a     RoverStateService.obj (.text:_ZN4iris17RoverStateService12transitionToERNS_12RoverContextE)
                  0001b222    0000001a     RoverStateService.obj (.text:_ZN4iris17RoverStateService20canEnterLowPowerModeERNS_12RoverContextE)
                  0001b23c    0000001a     RoverStateKeepAlive.obj (.text:_ZN4iris19RoverStateKeepAlive20canEnterLowPowerModeERNS_12RoverContextE)
                  0001b256    0000001a     RoverStateEnteringService.obj (.text:_ZN4iris25RoverStateEnteringService18handleHerculesDataERNS_12RoverContextE)
                  0001b270    0000001a     rts430x_lc_rd_eabi.lib : assert.c.obj (.text:_abort_msg)
                  0001b28a    0000001a     blimp.obj (.text:blimp_battEnOn)
                  0001b2a4    0000001a     blimp.obj (.text:blimp_latchBattOn)
                  0001b2be    0000001a     bsp.obj (.text:enableUart0Pins)
                  0001b2d8    00000018     RoverStateService.obj (.text:_ZN4iris17RoverStateService21doGndCmdPrepForDeployERNS_12RoverContextERK18WdCmdMsgs__MessageR19WdCmdMsgs__ResponseS7_Rb)
                  0001b2f0    00000018     RoverStateKeepAlive.obj (.text:_ZN4iris19RoverStateKeepAlive24doGndCmdEnterServiceModeERNS_12RoverContextERK18WdCmdMsgs__MessageR19WdCmdMsgs__ResponseS7_Rb)
                  0001b308    00000018     RoverStateKeepAlive.obj (.text:_ZN4iris19RoverStateKeepAlive26doGndCmdEnterKeepAliveModeERNS_12RoverContextERK18WdCmdMsgs__MessageR19WdCmdMsgs__ResponseS7_Rb)
                  0001b320    00000018     blimp.obj (.text:blimp_regEnOn)
                  0001b338    00000018     bsp.obj (.text:powerOffRadio)
                  0001b350    00000018     rts430x_lc_rd_eabi.lib : mult16_f5hw.asm.obj (.text)
                  0001b368    00000018     bsp.obj (.text:setFPGAReset)
                  0001b380    00000016     i2c_sensors.obj (.text:I2C_Sensors__initiateWriteIoExpanderCurrentValues)
                  0001b396    00000016     rts430x_lc_rd_eabi.lib : typeinfo.c.obj (.text:_ZN10__cxxabiv120__si_class_type_infoD0Ev)
                  0001b3ac    00000016     RoverStateBase.obj (.text:_ZN4iris14RoverStateBase14handleHighTempERNS_12RoverContextE)
                  0001b3c2    00000016     RoverStateBase.obj (.text:_ZN4iris14RoverStateBase28handleRadioExitStasisCommandERNS_12RoverContextE)
                  0001b3d8    00000016     RoverStateMission.obj (.text:_ZN4iris17RoverStateMission16handlePowerIssueERNS_12RoverContextE)
                  0001b3ee    00000016     RoverStateService.obj (.text:_ZN4iris17RoverStateService16handlePowerIssueERNS_12RoverContextE)
                  0001b404    00000016     RoverStateKeepAlive.obj (.text:_ZN4iris19RoverStateKeepAlive16handlePowerIssueERNS_12RoverContextE)
                  0001b41a    00000016     RoverStateEnteringMission.obj (.text:_ZN4iris25RoverStateEnteringMission16handlePowerIssueERNS_12RoverContextE)
                  0001b430    00000016     RoverStateEnteringService.obj (.text:_ZN4iris25RoverStateEnteringService16handlePowerIssueERNS_12RoverContextE)
                  0001b446    00000016     RoverStateEnteringKeepAlive.obj (.text:_ZN4iris27RoverStateEnteringKeepAlive16handlePowerIssueERNS_12RoverContextE)
                  0001b45c    00000016     RoverStateEnteringKeepAlive.obj (.text:_ZN4iris27RoverStateEnteringKeepAlive22handleUplinkFromLanderERNS_12RoverContextEPhj)
                  0001b472    00000016     bsp.obj (.text:disable3V3PowerRail)
                  0001b488    00000016     bsp.obj (.text:enableWdIntFallingEdgeInterrupt)
                  0001b49e    00000016     bsp.obj (.text:enableWdIntRisingEdgeInterrupt)
                  0001b4b4    00000016     bsp.obj (.text:fpgaCameraSelectLo)
                  0001b4ca    00000016     rts430x_lc_rd_eabi.lib : memory.c.obj (.text:heap_start)
                  0001b4e0    00000016                            : memchr.c.obj (.text:memchr)
                  0001b4f6    00000016                            : memset.c.obj (.text:memset)
                  0001b50c    00000016     bsp.obj (.text:powerOnRadio)
                  0001b522    00000016     bsp.obj (.text:releaseFPGAReset)
                  0001b538    00000016     rts430x_lc_rd_eabi.lib : div16u.asm.obj (.text)
                  0001b54e    00000016     bsp.obj (.text:setRadioReset)
                  0001b564    00000016     bsp.obj (.text:startChargingBatteries)
                  0001b57a    00000016     bsp.obj (.text:unsetDeploy)
                  0001b590    00000014     debug_comms.obj (.text:DebugComms__registerHerculesComms)
                  0001b5a4    00000014     debug_comms.obj (.text:DebugComms__registerLanderComms)
                  0001b5b8    00000014     debug_comms.obj (.text:DebugComms__setEnabled)
                  0001b5cc    00000014     rts430x_lc_rd_eabi.lib : typeinfo.c.obj (.text:_ZN10__cxxabiv117__class_type_infoD0Ev)
                  0001b5e0    00000014     RoverStateBase.obj (.text:_ZN4iris14RoverStateBase8getStateEv)
                  0001b5f4    00000014     rts430x_lc_rd_eabi.lib : sprintf.c.obj (.text:_outc)
                  0001b608    00000014                            : vsprintf.c.obj (.text:_outc)
                  0001b61c    00000014                            : memcpy.c.obj (.text:memcpy)
                  0001b630    00000014     bsp.obj (.text:powerOffFpga)
                  0001b644    00000014     bsp.obj (.text:powerOffHercules)
                  0001b658    00000014     bsp.obj (.text:powerOffMotors)
                  0001b66c    00000014     bsp.obj (.text:releaseRadioReset)
                  0001b680    00000012     i2c_sensors.obj (.text:I2C_Sensors__stop)
                  0001b692    00000012     rts430x_lc_rd_eabi.lib : copy_decompress_none.c.obj (.text:decompress:none:__TI_decompress_none)
                  0001b6a4    00000012     bsp.obj (.text:enable3V3PowerRail)
                  0001b6b6    00000012     adc.obj (.text:isAdcSampleDone)
                  0001b6c8    00000012     rts430x_lc_rd_eabi.lib : strcpy.c.obj (.text:strcpy)
                  0001b6da    00000010     bsp.obj (.text:fpgaCameraSelectHi)
                  0001b6ea    00000010     bsp.obj (.text:getWdIntState)
                  0001b6fa    00000010     main.obj (.text:hook_sp_check)
                  0001b70a    00000010     rts430x_lc_rd_eabi.lib : lsr32.asm.obj (.text:l_lsr)
                  0001b71a    00000010     bsp.obj (.text:powerOnFpga)
                  0001b72a    00000010     bsp.obj (.text:powerOnHercules)
                  0001b73a    00000010     bsp.obj (.text:powerOnMotors)
                  0001b74a    00000010     bsp.obj (.text:setDeploy)
                  0001b75a    0000000e     i2c_sensors.obj (.text:I2C_Sensors__init)
                  0001b768    0000000e     time.obj (.text:Time__getPointerToCentisecondCount)
                  0001b776    0000000e     time.obj (.text:Time__getTimeInCentiseconds)
                  0001b784    0000000e     rts430x_lc_rd_eabi.lib : typeinfo.c.obj (.text:_ZN10__cxxabiv117__class_type_infoD1Ev)
                  0001b792    0000000e                            : typeinfo.c.obj (.text:_ZN10__cxxabiv120__si_class_type_infoD1Ev)
                  0001b7a0    0000000e     RoverStateBase.obj (.text:_ZN4iris14RoverStateBase29handleRadioEnterStasisCommandERNS_12RoverContextE)
                  0001b7ae    0000000e     blimp.obj (.text:blimp_batteryState)
                  0001b7bc    0000000e     rts430x_lc_rd_eabi.lib : strlen.c.obj (.text:strlen)
                  0001b7ca    0000000e     watchdog.obj (.text:watchdog_get_wd_int_flat_duration)
                  0001b7d8    0000000c     RoverStateBase.obj (.text:_ZN4iris14RoverStateBase20canEnterLowPowerModeERNS_12RoverContextE)
                  0001b7e4    0000000c     RoverStateInit.obj (.text:_ZN4iris14RoverStateInit20canEnterLowPowerModeERNS_12RoverContextE)
                  0001b7f0    0000000c     RoverStateEnteringMission.obj (.text:_ZN4iris25RoverStateEnteringMission20canEnterLowPowerModeERNS_12RoverContextE)
                  0001b7fc    0000000c     RoverStateEnteringService.obj (.text:_ZN4iris25RoverStateEnteringService28nextStateAfterSetupCompletesEv)
                  0001b808    0000000c     RoverStateEnteringService.obj (.text:_ZN4iris25RoverStateEnteringService8spinOnceERNS_12RoverContextE)
                  0001b814    0000000c     RoverStateEnteringKeepAlive.obj (.text:_ZN4iris27RoverStateEnteringKeepAlive20canEnterLowPowerModeERNS_12RoverContextE)
                  0001b820    0000000c     RoverStateEnteringKeepAlive.obj (.text:_ZN4iris27RoverStateEnteringKeepAlive28nextStateAfterSetupCompletesEv)
                  0001b82c    0000000a     rts430x_lc_rd_eabi.lib : new.cpp.obj (.text:_ZdlPv)
                  0001b836    0000000a     bsp.obj (.text:disableBatteries)
                  0001b840    0000000a     bsp.obj (.text:enableBatteries)
                  0001b84a    0000000a     bsp.obj (.text:releaseMotorsReset)
                  0001b854    0000000a     rts430x_lc_rd_eabi.lib : lsl16.asm.obj (.text)
                  0001b85e    0000000a                            : lsr16.asm.obj (.text)
                  0001b868    0000000a     bsp.obj (.text:setMotorsReset)
                  0001b872    0000000a     bsp.obj (.text:stopChargingBatteries)
                  0001b87c    00000008     rts430x_lc_rd_eabi.lib : pure_virt.c.obj (.text:__cxa_pure_virtual)
                  0001b884    00000008                            : memory.c.obj (.text:malloc)
                  0001b88c    00000008     bsp.obj (.text:releaseMotor1Reset)
                  0001b894    00000008     bsp.obj (.text:releaseMotor2Reset)
                  0001b89c    00000008     bsp.obj (.text:releaseMotor3Reset)
                  0001b8a4    00000008     bsp.obj (.text:releaseMotor4Reset)
                  0001b8ac    00000008     bsp.obj (.text:setMotor1Reset)
                  0001b8b4    00000008     bsp.obj (.text:setMotor2Reset)
                  0001b8bc    00000008     bsp.obj (.text:setMotor3Reset)
                  0001b8c4    00000008     bsp.obj (.text:setMotor4Reset)
                  0001b8cc    00000006     i2c_sensors.obj (.text:I2C_Sensors__clearIoExpanderPort0OutputBits)
                  0001b8d2    00000006     i2c_sensors.obj (.text:I2C_Sensors__clearIoExpanderPort1OutputBits)
                  0001b8d8    00000006     i2c_sensors.obj (.text:I2C_Sensors__setIoExpanderPort0OutputBits)
                  0001b8de    00000006     i2c_sensors.obj (.text:I2C_Sensors__setIoExpanderPort1OutputBits)
                  0001b8e4    00000006     rts430x_lc_rd_eabi.lib : exit.c.obj (.text:abort)
                  0001b8ea    00000006     bsp.obj (.text:disableVSysAllPowerRail)
                  0001b8f0    00000006     bsp.obj (.text:enableVSysAllPowerRail)
                  0001b8f6    00000004     rts430x_lc_rd_eabi.lib : new.cpp.obj (.text:_ZdlPvj)
                  0001b8fa    00000004                            : error.c.obj (.text:__abort_execution)
                  0001b8fe    00000004                            : pre_init.c.obj (.text:_system_pre_init)
                  0001b902    00000002                            : stdlib_typeinfo.cpp.obj (.text:_ZNSt9type_infoD1Ev)
                  0001b904    00000002                            : _lock.c.obj (.text:_nop)
                  0001b906    00000002                            : startup.c.obj (.text:_system_post_cinit)

MODULE SUMMARY

       Module                            code    ro data   rw data
       ------                            ----    -------   -------
    ./src/
       watchdog.obj                      1594    680       13     
       main.obj                          62      0         0      
    +--+---------------------------------+-------+---------+---------+
       Total:                            1656    680       13     
                                                                  
    ./src/comms/
       i2c_sensors.obj                   4092    2034      52     
       watchdog_cmd_msgs.obj             2608    1144      0      
       lander_comms.obj                  1404    591       1277   
       hercules_comms.obj                1260    1012      846    
       ground_msgs.obj                   2710    118       1      
       hercules_mpsm.obj                 1136    546       26     
       ip_udp.obj                        856     106       0      
       debug_comms.obj                   294     320       265    
       slip_mpsm.obj                     346     58        4      
       hercules_msgs.obj                 324     26        0      
       slip_encode.obj                   200     20        0      
       cmd_msgs.obj                      164     28        0      
       wd_int_mpsm.obj                   26      24        0      
    +--+---------------------------------+-------+---------+---------+
       Total:                            15420   6027      2471   
                                                                  
    ./src/drivers/
       bsp.obj                           2096    1010      4      
[...]
0001afe8  _ZN4iris14RoverStateInit18handleHerculesDataERNS_12RoverContextE                                                                      
0001b006  _ZN4iris14RoverStateInit19performResetCommandERNS_12RoverContextE26WdCmdMsgs__ResetSpecificIdP19WdCmdMsgs__Response                   
0001b024  _ZN4iris14RoverStateInit8spinOnceERNS_12RoverContextE                                                                                 
0001b042  _ZN4iris19RoverStateKeepAlive18handleHerculesDataERNS_12RoverContextE                                                                 
0001b060  _ZN4iris25RoverStateEnteringMission12transitionToERNS_12RoverContextE                                                                 
0001b07e  blimp_battEnOff                                                                                                                       
0001b09c  blimp_latchBattOff                                                                                                                    
0001b0ba  blimp_regEnOff                                                                                                                        
0001b0d8  enableUart1Pins                                                                                                                       
0001b0f6  memccpy                                                                                                                               
0001b114  releaseHerculesReset                                                                                                                  
0001b132  _ZN4iris14RoverStateBase22doGndCmdSwitchConnModeERNS_12RoverContextERK18WdCmdMsgs__MessageR19WdCmdMsgs__ResponseS7_Rb                 
0001b14e  strchr                                                                                                                                
0001b16a  strcmp                                                                                                                                
0001b186  HerculesComms__isInitialized                                                                                                          
0001b1a0  RingBuffer__getOverwrite                                                                                                              
0001b1ba  UART__isInitialized                                                                                                                   
0001b1d4  WdIntMpsm__processEdge                                                                                                                
0001b1ee  _ZN4iris17RoverStateMission20canEnterLowPowerModeERNS_12RoverContextE                                                                 
0001b208  _ZN4iris17RoverStateService12transitionToERNS_12RoverContextE                                                                         
0001b222  _ZN4iris17RoverStateService20canEnterLowPowerModeERNS_12RoverContextE                                                                 
0001b23c  _ZN4iris19RoverStateKeepAlive20canEnterLowPowerModeERNS_12RoverContextE                                                               
0001b256  _ZN4iris25RoverStateEnteringService18handleHerculesDataERNS_12RoverContextE                                                           
0001b270  _abort_msg                                                                                                                            
0001b28a  blimp_battEnOn                                                                                                                        
0001b2a4  blimp_latchBattOn                                                                                                                     
0001b2be  enableUart0Pins                                                                                                                       
0001b2d8  _ZN4iris17RoverStateService21doGndCmdPrepForDeployERNS_12RoverContextERK18WdCmdMsgs__MessageR19WdCmdMsgs__ResponseS7_Rb               
0001b2f0  _ZN4iris19RoverStateKeepAlive24doGndCmdEnterServiceModeERNS_12RoverContextERK18WdCmdMsgs__MessageR19WdCmdMsgs__ResponseS7_Rb          
0001b308  _ZN4iris19RoverStateKeepAlive26doGndCmdEnterKeepAliveModeERNS_12RoverContextERK18WdCmdMsgs__MessageR19WdCmdMsgs__ResponseS7_Rb        
0001b320  blimp_regEnOn                                                                                                                         
0001b338  powerOffRadio                                                                                                                         
0001b350  __mspabi_mpyi_f5hw                                                                                                                    
0001b368  setFPGAReset                                                                                                                          
0001b380  I2C_Sensors__initiateWriteIoExpanderCurrentValues                                                                                     
0001b396  _ZN10__cxxabiv120__si_class_type_infoD0Ev                                                                                             
0001b3ac  _ZN4iris14RoverStateBase14handleHighTempERNS_12RoverContextE                                                                          
0001b3c2  _ZN4iris14RoverStateBase28handleRadioExitStasisCommandERNS_12RoverContextE                                                            
0001b3d8  _ZN4iris17RoverStateMission16handlePowerIssueERNS_12RoverContextE                                                                     
0001b3ee  _ZN4iris17RoverStateService16handlePowerIssueERNS_12RoverContextE                                                                     
0001b404  _ZN4iris19RoverStateKeepAlive16handlePowerIssueERNS_12RoverContextE                                                                   
0001b41a  _ZN4iris25RoverStateEnteringMission16handlePowerIssueERNS_12RoverContextE                                                             
0001b430  _ZN4iris25RoverStateEnteringService16handlePowerIssueERNS_12RoverContextE                                                             
0001b446  _ZN4iris27RoverStateEnteringKeepAlive16handlePowerIssueERNS_12RoverContextE                                                           
0001b45c  _ZN4iris27RoverStateEnteringKeepAlive22handleUplinkFromLanderERNS_12RoverContextEPhj                                                  
0001b472  disable3V3PowerRail                                                                                                                   
0001b488  enableWdIntFallingEdgeInterrupt                                                                                                       
0001b49e  enableWdIntRisingEdgeInterrupt                                                                                                        
0001b4b4  fpgaCameraSelectLo                                                                                                                    
0001b4e0  memchr                                                                                                                                
0001b4f6  memset                                                                                                                                
0001b50c  powerOnRadio                                                                                                                          
0001b522  releaseFPGAReset                                                                                                                      
0001b538  __mspabi_divu                                                                                                                         
0001b538  __mspabi_remu                                                                                                                         
0001b54e  setRadioReset                                                                                                                         
0001b564  startChargingBatteries                                                                                                                
0001b57a  unsetDeploy                                                                                                                           
0001b590  DebugComms__registerHerculesComms                                                                                                     
0001b5a4  DebugComms__registerLanderComms                                                                                                       
0001b5b8  DebugComms__setEnabled                                                                                                                
0001b5cc  _ZN10__cxxabiv117__class_type_infoD0Ev                                                                                                
0001b5e0  _ZN4iris14RoverStateBase8getStateEv                                                                                                   
0001b61c  memcpy                                                                                                                                
0001b630  powerOffFpga                                                                                                                          
0001b644  powerOffHercules                                                                                                                      
0001b658  powerOffMotors                                                                                                                        
0001b66c  releaseRadioReset                                                                                                                     
0001b680  I2C_Sensors__stop                                                                                                                     
0001b692  __TI_decompress_none                                                                                                                  
0001b6a4  enable3V3PowerRail                                                                                                                    
0001b6b6  isAdcSampleDone                                                                                                                       
0001b6c8  strcpy                                                                                                                                
0001b6da  fpgaCameraSelectHi                                                                                                                    
0001b6ea  getWdIntState                                                                                                                         
0001b6fa  hook_sp_check                                                                                                                         
0001b70a  __mspabi_srll                                                                                                                         
0001b71a  powerOnFpga                                                                                                                           
0001b72a  powerOnHercules                                                                                                                       
0001b73a  powerOnMotors                                                                                                                         
0001b74a  setDeploy                                                                                                                             
0001b75a  I2C_Sensors__init                                                                                                                     
0001b768  Time__getPointerToCentisecondCount                                                                                                    
0001b776  Time__getTimeInCentiseconds                                                                                                           
0001b784  _ZN10__cxxabiv117__class_type_infoD1Ev                                                                                                
0001b784  _ZN10__cxxabiv117__class_type_infoD2Ev                                                                                                
0001b792  _ZN10__cxxabiv120__si_class_type_infoD1Ev                                                                                             
0001b792  _ZN10__cxxabiv120__si_class_type_infoD2Ev                                                                                             
0001b7a0  _ZN4iris14RoverStateBase29handleRadioEnterStasisCommandERNS_12RoverContextE                                                           
0001b7ae  blimp_batteryState                                                                                                                    
0001b7bc  strlen                                                                                                                                
0001b7ca  watchdog_get_wd_int_flat_duration                                                                                                     
0001b7d8  _ZN4iris14RoverStateBase20canEnterLowPowerModeERNS_12RoverContextE                                                                    
0001b7e4  _ZN4iris14RoverStateInit20canEnterLowPowerModeERNS_12RoverContextE                                                                    
0001b7f0  _ZN4iris25RoverStateEnteringMission20canEnterLowPowerModeERNS_12RoverContextE                                                         
0001b7fc  _ZN4iris25RoverStateEnteringService28nextStateAfterSetupCompletesEv                                                                   
0001b808  _ZN4iris25RoverStateEnteringService8spinOnceERNS_12RoverContextE                                                                      
0001b814  _ZN4iris27RoverStateEnteringKeepAlive20canEnterLowPowerModeERNS_12RoverContextE                                                       
0001b820  _ZN4iris27RoverStateEnteringKeepAlive28nextStateAfterSetupCompletesEv                                                                 
0001b82c  _ZdlPv                                                                                                                                
0001b836  disableBatteries                                                                                                                      
0001b840  enableBatteries                                                                                                                       
0001b84a  releaseMotorsReset                                                                                                                    
0001b854  __mspabi_slli                                                                                                                         
0001b85e  __mspabi_srli                                                                                                                         
0001b868  setMotorsReset                                                                                                                        
0001b872  stopChargingBatteries                                                                                                                 
0001b87c  __cxa_pure_virtual                                                                                                                    
0001b884  malloc                                                                                                                                
0001b88c  releaseMotor1Reset                                                                                                                    
0001b894  releaseMotor2Reset                                                                                                                    
0001b89c  releaseMotor3Reset                                                                                                                    
0001b8a4  releaseMotor4Reset                                                                                                                    
0001b8ac  setMotor1Reset                                                                                                                        
0001b8b4  setMotor2Reset                                                                                                                        
0001b8bc  setMotor3Reset                                                                                                                        
0001b8c4  setMotor4Reset                                                                                                                        
0001b8cc  I2C_Sensors__clearIoExpanderPort0OutputBits                                                                                           
0001b8d2  I2C_Sensors__clearIoExpanderPort1OutputBits                                                                                           
0001b8d8  I2C_Sensors__setIoExpanderPort0OutputBits                                                                                             
0001b8de  I2C_Sensors__setIoExpanderPort1OutputBits                                                                                             
0001b8e4  C$$EXIT                                                                                                                               
0001b8e4  _ZSt17__throw_bad_allocv                                                                                                              
0001b8e4  abort                                                                                                                                 
0001b8ea  disableVSysAllPowerRail                                                                                                               
0001b8f0  enableVSysAllPowerRail                                                                                                                
0001b8f6  _ZdlPvj                                                                                                                               
0001b8fa  __abort_execution                                                                                                                     
0001b8fe  _system_pre_init                                                                                                                      
0001b902  _ZNSt9type_infoD1Ev                                                                                                                   
0001b902  _ZNSt9type_infoD2Ev                                                                                                                   
0001b904  _nop                                                                                                                                  
0001b906  _system_post_cinit                                                                                                                    
ffffffff  __TI_pprof_out_hndl                                                                                                                   
ffffffff  __TI_prof_data_size                                                                                                                   
ffffffff  __TI_prof_data_start                                                                                                                  
ffffffff  __c_args__                                                                                                                            

[2033 symbols]
