******************************************************************************
                  MSP430 Linker Unix v18.12.2                  
******************************************************************************
>> Linked Mon Nov 14 03:37:18 2022

OUTPUT FILE NAME:   <Watchdog.out>
ENTRY POINT SYMBOL: "_c_int00_noargs_mpu"  address: 000046c0


MEMORY CONFIGURATION

         name            origin    length      used     unused   attr    fill
----------------------  --------  ---------  --------  --------  ----  --------
  TINYRAM               0000000a   00000016  00000000  00000016  RWIX
  BSL                   00001000   00000800  00000000  00000800  RWIX
  INFOD                 00001800   00000080  00000000  00000080  RWIX
  INFOC                 00001880   00000080  00000000  00000080  RWIX
  INFOB                 00001900   00000080  00000000  00000080  RWIX
  INFOA                 00001980   00000080  00000000  00000080  RWIX
  RAM                   00001c00   00002000  00001f60  000000a0  RWIX
  FRAM                  00004000   0000bf80  000091d1  00002daf  RWIX
  JTAGSIGNATURE         0000ff80   00000004  00000004  00000000  RWIX  ffff 
  BSLSIGNATURE          0000ff84   00000004  00000004  00000000  RWIX  ffff 
  IPESIGNATURE          0000ff88   00000008  00000008  00000000  RWIX  ffff 
  INT00                 0000ff90   00000002  00000000  00000002  RWIX
  INT01                 0000ff92   00000002  00000000  00000002  RWIX
  INT02                 0000ff94   00000002  00000000  00000002  RWIX
  INT03                 0000ff96   00000002  00000000  00000002  RWIX
  INT04                 0000ff98   00000002  00000000  00000002  RWIX
  INT05                 0000ff9a   00000002  00000000  00000002  RWIX
  INT06                 0000ff9c   00000002  00000000  00000002  RWIX
  INT07                 0000ff9e   00000002  00000000  00000002  RWIX
  INT08                 0000ffa0   00000002  00000000  00000002  RWIX
  INT09                 0000ffa2   00000002  00000000  00000002  RWIX
  INT10                 0000ffa4   00000002  00000000  00000002  RWIX
  INT11                 0000ffa6   00000002  00000000  00000002  RWIX
  INT12                 0000ffa8   00000002  00000000  00000002  RWIX
  INT13                 0000ffaa   00000002  00000000  00000002  RWIX
  INT14                 0000ffac   00000002  00000000  00000002  RWIX
  INT15                 0000ffae   00000002  00000000  00000002  RWIX
  INT16                 0000ffb0   00000002  00000000  00000002  RWIX
  INT17                 0000ffb2   00000002  00000000  00000002  RWIX
  INT18                 0000ffb4   00000002  00000002  00000000  RWIX
  INT19                 0000ffb6   00000002  00000002  00000000  RWIX
  INT20                 0000ffb8   00000002  00000002  00000000  RWIX
  INT21                 0000ffba   00000002  00000002  00000000  RWIX
  INT22                 0000ffbc   00000002  00000002  00000000  RWIX
  INT23                 0000ffbe   00000002  00000002  00000000  RWIX
  INT24                 0000ffc0   00000002  00000002  00000000  RWIX
  INT25                 0000ffc2   00000002  00000002  00000000  RWIX
  INT26                 0000ffc4   00000002  00000002  00000000  RWIX
  INT27                 0000ffc6   00000002  00000002  00000000  RWIX
  INT28                 0000ffc8   00000002  00000002  00000000  RWIX
  INT29                 0000ffca   00000002  00000002  00000000  RWIX
  INT30                 0000ffcc   00000002  00000002  00000000  RWIX
  INT31                 0000ffce   00000002  00000002  00000000  RWIX
  INT32                 0000ffd0   00000002  00000002  00000000  RWIX
  INT33                 0000ffd2   00000002  00000002  00000000  RWIX
  INT34                 0000ffd4   00000002  00000002  00000000  RWIX
  INT35                 0000ffd6   00000002  00000002  00000000  RWIX
  INT36                 0000ffd8   00000002  00000002  00000000  RWIX
  INT37                 0000ffda   00000002  00000002  00000000  RWIX
  INT38                 0000ffdc   00000002  00000002  00000000  RWIX
  INT39                 0000ffde   00000002  00000002  00000000  RWIX
  INT40                 0000ffe0   00000002  00000002  00000000  RWIX
  INT41                 0000ffe2   00000002  00000002  00000000  RWIX
  INT42                 0000ffe4   00000002  00000002  00000000  RWIX
  INT43                 0000ffe6   00000002  00000002  00000000  RWIX
  INT44                 0000ffe8   00000002  00000002  00000000  RWIX
  INT45                 0000ffea   00000002  00000002  00000000  RWIX
  INT46                 0000ffec   00000002  00000002  00000000  RWIX
  INT47                 0000ffee   00000002  00000002  00000000  RWIX
  INT48                 0000fff0   00000002  00000002  00000000  RWIX
  INT49                 0000fff2   00000002  00000002  00000000  RWIX
  INT50                 0000fff4   00000002  00000002  00000000  RWIX
  INT51                 0000fff6   00000002  00000002  00000000  RWIX
  INT52                 0000fff8   00000002  00000002  00000000  RWIX
  INT53                 0000fffa   00000002  00000002  00000000  RWIX
  INT54                 0000fffc   00000002  00000002  00000000  RWIX
  RESET                 0000fffe   00000002  00000002  00000000  RWIX
  FRAM2                 00010000   00034000  0000b3ee  00028c12  RWIX


SECTION ALLOCATION MAP

 output                                  attributes/
section   page    origin      length       input sections
--------  ----  ----------  ----------   ----------------
.TI.persistent 
*          0    00004000    00000002     
                  00004000    00000002     RoverStateManager.obj (.TI.persistent)

.binit     0    00004000    00000000     

.cio       0    00004002    00000120     UNINITIALIZED
                  00004002    00000120     rts430x_lc_rd_eabi.lib : trgmsg.c.obj (.cio)

.sysmem    0    00004124    00000008     UNINITIALIZED
                  00004124    00000008     rts430x_lc_rd_eabi.lib : memory.c.obj (.sysmem)

.ipestruct 
*          0    00004400    00000000     UNINITIALIZED

.ipe       0    00004400    00000000     UNINITIALIZED

.ipe_const 
*          0    00004400    00000000     UNINITIALIZED

.ipe:_isr 
*          0    00004400    00000000     UNINITIALIZED

.cinit     0    0000d140    00000092     
                  0000d140    0000006f     (.cinit..data.load) [load image, compression = lzss]
                  0000d1af    00000001     --HOLE-- [fill = 0]
                  0000d1b0    0000000c     (__TI_handler_table)
                  0000d1bc    00000006     (.cinit..bss.load) [load image, compression = zero_init]
                  0000d1c2    00000010     (__TI_cinit_table)

.init_array 
*          0    00004000    00000000     UNINITIALIZED

.text:_isr 
*          0    00004400    000002f8     
                  00004400    000000ca     uart.obj (.text:_isr:USCI_A0_ISR)
                  000044ca    000000ca     uart.obj (.text:_isr:USCI_A1_ISR)
                  00004594    00000098     adc.obj (.text:_isr:ADC12_ISR)
                  0000462c    00000056     watchdog.obj (.text:_isr:port1_isr_handler)
                  00004682    0000003e     watchdog.obj (.text:_isr:Timer0_A1_ISR)
                  000046c0    00000020     rts430x_lc_rd_eabi.lib : boot.c.obj (.text:_isr:_c_int00_noargs_mpu)
                  000046e0    00000010     RoverStateManager.obj (.text:_isr:_Z7WDT_ISRv)
                  000046f0    00000008     rts430x_lc_rd_eabi.lib : isr_trap.asm.obj (.text:_isr:__TI_ISR_TRAP)

.bss       0    00001c00    00000d0e     UNINITIALIZED
                  00001c00    00000400     RoverStateManager.obj (.bss:_ZN43_INTERNAL_21_RoverStateManager_cpp_1f51f65b4iris13uart0RxBufferE)
                  00002000    00000400     RoverStateManager.obj (.bss:_ZN43_INTERNAL_21_RoverStateManager_cpp_1f51f65b4iris13uart1TxBufferE)
                  00002400    00000200     RoverStateManager.obj (.bss:_ZN43_INTERNAL_21_RoverStateManager_cpp_1f51f65b4iris13uart0TxBufferE)
                  00002600    00000200     RoverStateManager.obj (.bss:_ZN43_INTERNAL_21_RoverStateManager_cpp_1f51f65b4iris13uart1RxBufferE)
                  00002800    000000a0     (.common:__TI_tmpnams)
                  000028a0    00000050     ring_buffer.obj (.bss:ALL_RING_BUFFERS)
                  000028f0    00000010     RoverStateBase.obj (.bss:ECHO_BUFFER$9)
                  00002900    00000008     (.common:parmbuf)
                  00002908    00000004     rts430x_lc_rd_eabi.lib : memory.c.obj (.bss)
                  0000290c    00000002     time.obj (.bss)

.data      0    0000290e    00000c7e     UNINITIALIZED
                  0000290e    000002cc     hercules_comms.obj (.data:theState)
                  00002bda    000002cc     lander_comms.obj (.data:theState)
                  00002ea6    00000100     debug_comms.obj (.data:PRINT_BUFFER)
                  00002fa6    00000100     lander_comms.obj (.data:uartRxData$1)
                  000030a6    00000100     lander_comms.obj (.data:uartTxSlipData$5)
                  000031a6    000000c8     rts430x_lc_rd_eabi.lib : defs.c.obj (.data:_ftable)
                  0000326e    00000078                            : host_device.c.obj (.data:_device)
                  000032e6    00000040     hercules_comms.obj (.data:uartRxData$1)
                  00003326    00000040     hercules_comms.obj (.data:uartRxData$3)
                  00003366    0000003c     rts430x_lc_rd_eabi.lib : host_device.c.obj (.data:_stream)
                  000033a2    0000002f     RoverStateBase.obj (.data:report$10)
                  000033d1    00000001     ground_msgs.obj (.data)
                  000033d2    0000002f     RoverStateBase.obj (.data:reportBuffer$11)
                  00003401    00000001     lander_comms.obj (.data)
                  00003402    00000022     i2c_sensors.obj (.data:internals)
                  00003424    0000001c     lander_comms.obj (.data:uartHeaderData$4)
                  00003440    0000001a     hercules_mpsm.obj (.data:theStateMachine)
                  0000345a    0000001a     uart.obj (.data:uart0State)
                  00003474    0000001a     uart.obj (.data:uart1State)
                  0000348e    00000018     RoverStateEnteringMission.obj (.data:hb$1)
                  000034a6    00000018     RoverStateMission.obj (.data:hb$1)
                  000034be    00000018     RoverStateService.obj (.data:hb$1)
                  000034d6    00000018     RoverStateBase.obj (.data:wdMessage$1)
                  000034ee    00000014     lander_comms.obj (.data:txDurations$6)
                  00003502    00000010     RoverStateBase.obj (.data:telemetrySerializationBuffer$5)
                  00003512    0000000c     watchdog.obj (.data)
                  0000351e    00000009     debug_comms.obj (.data)
                  00003527    00000001     --HOLE--
                  00003528    00000008     adc.obj (.data)
                  00003530    00000008     i2c_sensors.obj (.data:tStatus$1)
                  00003538    00000008     i2c_sensors.obj (.data:tStatus$2)
                  00003540    00000008     i2c.obj (.data:theStatus)
                  00003548    00000006     RoverStateBase.obj (.data:deployNotificationResponse$3)
                  0000354e    00000006     RoverStateBase.obj (.data:response$2)
                  00003554    00000006     event_queue.obj (.data:theQueue)
                  0000355a    00000004     rts430x_lc_rd_eabi.lib : exit_gvars.c.obj (.data:__TI_cleanup_ptr)
                  0000355e    00000004                            : exit_gvars.c.obj (.data:__TI_dtors_ptr)
                  00003562    00000004                            : _lock.c.obj (.data:_lock)
                  00003566    00000004                            : _lock.c.obj (.data:_unlock)
                  0000356a    00000004     blimp.obj (.data)
                  0000356e    00000004     bsp.obj (.data)
                  00003572    00000004     RoverStateEnteringKeepAlive.obj (.data:hb$1)
                  00003576    00000004     slip_mpsm.obj (.data:theStateMachine)
                  0000357a    00000003     RoverStateBase.obj (.data:responseSerializationBuffer$6)
                  0000357d    00000001     --HOLE--
                  0000357e    00000002     RoverStateBase.obj (.data)
                  00003580    00000002     hercules_comms.obj (.data)
                  00003582    00000002     i2c_sensors.obj (.data)
                  00003584    00000002     ring_buffer.obj (.data)
                  00003586    00000002     rts430x_lc_rd_eabi.lib : defs.c.obj (.data)
                  00003588    00000002                            : exit.c.obj (.data)
                  0000358a    00000002                            : memory.c.obj (.data)

.stack     0    0000362c    000005d4     UNINITIALIZED
                  0000362c    00000004     rts430x_lc_rd_eabi.lib : boot.c.obj (.stack)
                  00003630    000005d0     --HOLE--

$fill000   0    0000ff80    00000004     
                  0000ff80    00000004     --HOLE-- [fill = ffff]

$fill001   0    0000ff84    00000004     
                  0000ff84    00000004     --HOLE-- [fill = ffff]

$fill002   0    0000ff88    00000008     
                  0000ff88    00000008     --HOLE-- [fill = ffff]

LEA        0    0000ffb4    00000002     
                  0000ffb4    00000002     rts430x_lc_rd_eabi.lib : int18.asm.obj (.int18)

PORT8      0    0000ffb6    00000002     
                  0000ffb6    00000002     rts430x_lc_rd_eabi.lib : int19.asm.obj (.int19)

PORT7      0    0000ffb8    00000002     
                  0000ffb8    00000002     rts430x_lc_rd_eabi.lib : int20.asm.obj (.int20)

EUSCI_B3   0    0000ffba    00000002     
                  0000ffba    00000002     rts430x_lc_rd_eabi.lib : int21.asm.obj (.int21)

EUSCI_B2   0    0000ffbc    00000002     
                  0000ffbc    00000002     rts430x_lc_rd_eabi.lib : int22.asm.obj (.int22)

EUSCI_B1   0    0000ffbe    00000002     
                  0000ffbe    00000002     rts430x_lc_rd_eabi.lib : int23.asm.obj (.int23)

EUSCI_A3   0    0000ffc0    00000002     
                  0000ffc0    00000002     rts430x_lc_rd_eabi.lib : int24.asm.obj (.int24)

EUSCI_A2   0    0000ffc2    00000002     
                  0000ffc2    00000002     rts430x_lc_rd_eabi.lib : int25.asm.obj (.int25)

PORT6      0    0000ffc4    00000002     
                  0000ffc4    00000002     rts430x_lc_rd_eabi.lib : int26.asm.obj (.int26)

PORT5      0    0000ffc6    00000002     
                  0000ffc6    00000002     rts430x_lc_rd_eabi.lib : int27.asm.obj (.int27)

TIMER4_A1 
*          0    0000ffc8    00000002     
                  0000ffc8    00000002     rts430x_lc_rd_eabi.lib : int28.asm.obj (.int28)

TIMER4_A0 
*          0    0000ffca    00000002     
                  0000ffca    00000002     rts430x_lc_rd_eabi.lib : int29.asm.obj (.int29)

AES256     0    0000ffcc    00000002     
                  0000ffcc    00000002     rts430x_lc_rd_eabi.lib : int30.asm.obj (.int30)

RTC_C      0    0000ffce    00000002     
                  0000ffce    00000002     rts430x_lc_rd_eabi.lib : int31.asm.obj (.int31)

PORT4      0    0000ffd0    00000002     
                  0000ffd0    00000002     rts430x_lc_rd_eabi.lib : int32.asm.obj (.int32)

PORT3      0    0000ffd2    00000002     
                  0000ffd2    00000002     rts430x_lc_rd_eabi.lib : int33.asm.obj (.int33)

TIMER3_A1 
*          0    0000ffd4    00000002     
                  0000ffd4    00000002     rts430x_lc_rd_eabi.lib : int34.asm.obj (.int34)

TIMER3_A0 
*          0    0000ffd6    00000002     
                  0000ffd6    00000002     rts430x_lc_rd_eabi.lib : int35.asm.obj (.int35)

PORT2      0    0000ffd8    00000002     
                  0000ffd8    00000002     rts430x_lc_rd_eabi.lib : int36.asm.obj (.int36)

TIMER2_A1 
*          0    0000ffda    00000002     
                  0000ffda    00000002     rts430x_lc_rd_eabi.lib : int37.asm.obj (.int37)

TIMER2_A0 
*          0    0000ffdc    00000002     
                  0000ffdc    00000002     rts430x_lc_rd_eabi.lib : int38.asm.obj (.int38)

PORT1      0    0000ffde    00000002     
                  0000ffde    00000002     watchdog.obj (.int39)

TIMER1_A1 
*          0    0000ffe0    00000002     
                  0000ffe0    00000002     rts430x_lc_rd_eabi.lib : int40.asm.obj (.int40)

TIMER1_A0 
*          0    0000ffe2    00000002     
                  0000ffe2    00000002     rts430x_lc_rd_eabi.lib : int41.asm.obj (.int41)

DMA        0    0000ffe4    00000002     
                  0000ffe4    00000002     rts430x_lc_rd_eabi.lib : int42.asm.obj (.int42)

EUSCI_A1   0    0000ffe6    00000002     
                  0000ffe6    00000002     uart.obj (.int43)

TIMER0_A1 
*          0    0000ffe8    00000002     
                  0000ffe8    00000002     watchdog.obj (.int44)

TIMER0_A0 
*          0    0000ffea    00000002     
                  0000ffea    00000002     rts430x_lc_rd_eabi.lib : int45.asm.obj (.int45)

ADC12_B    0    0000ffec    00000002     
                  0000ffec    00000002     adc.obj (.int46)

EUSCI_B0   0    0000ffee    00000002     
                  0000ffee    00000002     rts430x_lc_rd_eabi.lib : int47.asm.obj (.int47)

EUSCI_A0   0    0000fff0    00000002     
                  0000fff0    00000002     uart.obj (.int48)

WDT        0    0000fff2    00000002     
                  0000fff2    00000002     RoverStateManager.obj (.int49)

TIMER0_B1 
*          0    0000fff4    00000002     
                  0000fff4    00000002     rts430x_lc_rd_eabi.lib : int50.asm.obj (.int50)

TIMER0_B0 
*          0    0000fff6    00000002     
                  0000fff6    00000002     rts430x_lc_rd_eabi.lib : int51.asm.obj (.int51)

COMP_E     0    0000fff8    00000002     
                  0000fff8    00000002     rts430x_lc_rd_eabi.lib : int52.asm.obj (.int52)

UNMI       0    0000fffa    00000002     
                  0000fffa    00000002     rts430x_lc_rd_eabi.lib : int53.asm.obj (.int53)

SYSNMI     0    0000fffc    00000002     
                  0000fffc    00000002     rts430x_lc_rd_eabi.lib : int54.asm.obj (.int54)

.reset     0    0000fffe    00000002     
                  0000fffe    00000002     rts430x_lc_rd_eabi.lib : boot.c.obj (.reset)

.const     0    000046f8    00008a47     
                  000046f8    000023c4     RoverStateBase.obj (.const:.string)
                  00006abc    00000dfe     RoverStateEnteringMission.obj (.const:.string)
                  000078ba    00000970     RoverStateEnteringKeepAlive.obj (.const:.string)
                  0000822a    00000936     RoverStateInit.obj (.const:.string)
                  00008b60    000007f2     i2c_sensors.obj (.const:.string)
                  00009352    0000060e     RoverStateMission.obj (.const:.string)
                  00009960    000004fc     RoverStateService.obj (.const:.string)
                  00009e5c    00000478     watchdog_cmd_msgs.obj (.const:.string)
                  0000a2d4    000003f4     hercules_comms.obj (.const:.string)
                  0000a6c8    000003f2     bsp.obj (.const:.string)
                  0000aaba    000003d0     RoverStateKeepAlive.obj (.const:.string)
                  0000ae8a    00000364     RoverStateManager.obj (.const:.string)
                  0000b1ee    0000034c     RoverStateEnteringService.obj (.const:.string)
                  0000b53a    000002e8     blimp.obj (.const:.string)
                  0000b822    0000024e     lander_comms.obj (.const:.string)
                  0000ba70    00000222     hercules_mpsm.obj (.const:.string)
                  0000bc92    0000021c     watchdog.obj (.const:.string)
                  0000beae    0000021a     uart.obj (.const:.string)
                  0000c0c8    00000140     debug_comms.obj (.const:.string)
                  0000c208    00000108     serialization.obj (.const:.string)
                  0000c310    000000fa     i2c.obj (.const:.string)
                  0000c40a    000000e4     RoverStateService.obj (.const:_ZTVN4iris17RoverStateServiceE)
                  0000c4ee    000000e4     RoverStateKeepAlive.obj (.const:_ZTVN4iris19RoverStateKeepAliveE)
                  0000c5d2    000000e4     RoverStateEnteringService.obj (.const:_ZTVN4iris25RoverStateEnteringServiceE)
                  0000c6b6    000000e4     RoverStateEnteringKeepAlive.obj (.const:_ZTVN4iris27RoverStateEnteringKeepAliveE)
                  0000c79a    000000e0     RoverStateBase.obj (.const:_ZTVN4iris14RoverStateBaseE)
                  0000c87a    000000e0     RoverStateInit.obj (.const:_ZTVN4iris14RoverStateInitE)
                  0000c95a    000000e0     RoverStateMission.obj (.const:_ZTVN4iris17RoverStateMissionE)
                  0000ca3a    000000e0     RoverStateEnteringMission.obj (.const:_ZTVN4iris25RoverStateEnteringMissionE)
                  0000cb1a    000000dc     ring_buffer.obj (.const:.string)
                  0000cbf6    000000a6     RoverState.obj (.const:.string)
                  0000cc9c    00000076     ground_msgs.obj (.const:.string)
                  0000cd12    0000006a     ip_udp.obj (.const:.string)
                  0000cd7c    00000052     time.obj (.const:.string)
                  0000cdce    0000004a     event_queue.obj (.const:.string)
                  0000ce18    0000003a     adc.obj (.const:.string)
                  0000ce52    0000003a     slip_mpsm.obj (.const:.string)
                  0000ce8c    00000028     RoverState.obj (.const)
                  0000ceb4    00000025     rts430x_lc_rd_eabi.lib : typeinfo.c.obj (.const:.typeinfo:_ZTSN10__cxxabiv120__si_class_type_infoE)
                  0000ced9    00000001     lander_comms.obj (.const)
                  0000ceda    00000025     RoverStateEnteringKeepAlive.obj (.const:.typeinfo:_ZTSN4iris27RoverStateEnteringKeepAliveE)
                  0000ceff    00000001     --HOLE-- [fill = 0]
                  0000cf00    00000023     RoverStateEnteringMission.obj (.const:.typeinfo:_ZTSN4iris25RoverStateEnteringMissionE)
                  0000cf23    00000001     --HOLE-- [fill = 0]
                  0000cf24    00000023     RoverStateEnteringService.obj (.const:.typeinfo:_ZTSN4iris25RoverStateEnteringServiceE)
                  0000cf47    00000001     --HOLE-- [fill = 0]
                  0000cf48    00000022     rts430x_lc_rd_eabi.lib : typeinfo.c.obj (.const:.typeinfo:_ZTSN10__cxxabiv117__class_type_infoE)
                  0000cf6a    0000001d     RoverStateKeepAlive.obj (.const:.typeinfo:_ZTSN4iris19RoverStateKeepAliveE)
                  0000cf87    00000001     --HOLE-- [fill = 0]
                  0000cf88    0000001c     cmd_msgs.obj (.const:.string)
                  0000cfa4    0000001b     RoverStateMission.obj (.const:.typeinfo:_ZTSN4iris17RoverStateMissionE)
                  0000cfbf    00000001     --HOLE-- [fill = 0]
                  0000cfc0    0000001b     RoverStateService.obj (.const:.typeinfo:_ZTSN4iris17RoverStateServiceE)
                  0000cfdb    00000001     --HOLE-- [fill = 0]
                  0000cfdc    0000001a     hercules_msgs.obj (.const:.string)
                  0000cff6    00000018     wd_int_mpsm.obj (.const:.string)
                  0000d00e    00000018     RoverStateBase.obj (.const:.typeinfo:_ZTSN4iris14RoverStateBaseE)
                  0000d026    00000018     RoverStateInit.obj (.const:.typeinfo:_ZTSN4iris14RoverStateInitE)
                  0000d03e    00000014     rts430x_lc_rd_eabi.lib : _printfi_min.c.obj (.const:.string)
                  0000d052    00000014     slip_encode.obj (.const:.string)
                  0000d066    00000014     uart.obj (.const:uart0Registers)
                  0000d07a    00000014     uart.obj (.const:uart1Registers)
                  0000d08e    00000010     rts430x_lc_rd_eabi.lib : typeinfo.c.obj (.const:_ZTVN10__cxxabiv117__class_type_infoE)
                  0000d09e    00000010                            : typeinfo.c.obj (.const:_ZTVN10__cxxabiv120__si_class_type_infoE)
                  0000d0ae    0000000d                            : stdlib_typeinfo.cpp.obj (.const:.typeinfo:_ZTSSt9type_info)
                  0000d0bb    00000001     --HOLE-- [fill = 0]
                  0000d0bc    0000000c                            : typeinfo.c.obj (.const:.typeinfo:_ZTIN10__cxxabiv117__class_type_infoE)
                  0000d0c8    0000000c                            : typeinfo.c.obj (.const:.typeinfo:_ZTIN10__cxxabiv120__si_class_type_infoE)
                  0000d0d4    0000000c     RoverStateInit.obj (.const:.typeinfo:_ZTIN4iris14RoverStateInitE)
                  0000d0e0    0000000c     RoverStateMission.obj (.const:.typeinfo:_ZTIN4iris17RoverStateMissionE)
                  0000d0ec    0000000c     RoverStateService.obj (.const:.typeinfo:_ZTIN4iris17RoverStateServiceE)
                  0000d0f8    0000000c     RoverStateKeepAlive.obj (.const:.typeinfo:_ZTIN4iris19RoverStateKeepAliveE)
                  0000d104    0000000c     RoverStateEnteringMission.obj (.const:.typeinfo:_ZTIN4iris25RoverStateEnteringMissionE)
                  0000d110    0000000c     RoverStateEnteringService.obj (.const:.typeinfo:_ZTIN4iris25RoverStateEnteringServiceE)
                  0000d11c    0000000c     RoverStateEnteringKeepAlive.obj (.const:.typeinfo:_ZTIN4iris27RoverStateEnteringKeepAliveE)
                  0000d128    00000008     RoverStateBase.obj (.const:.typeinfo:_ZTIN4iris14RoverStateBaseE)
                  0000d130    00000008     rts430x_lc_rd_eabi.lib : stdlib_typeinfo.cpp.obj (.const:.typeinfo:_ZTISt9type_info)
                  0000d138    00000007     RoverStateBase.obj (.const:.string:ECHO_HEADER$7)

.text      0    00010000    0000b3ee     
                  00010000    00000908     ground_msgs.obj (.text:GroundMsgs__generateDetailedReport)
                  00010908    00000546     RoverStateBase.obj (.text:_ZN4iris14RoverStateBase26doConditionalResetSpecificERNS_12RoverContextE26WdCmdMsgs__ResetSpecificIdP19WdCmdMsgs__ResponsebbbbRb)
                  00010e4e    0000048e     RoverStateEnteringMission.obj (.text:_ZN4iris25RoverStateEnteringMission8spinOnceERNS_12RoverContextE)
                  000112dc    000003ee     RoverStateBase.obj (.text:_ZN4iris14RoverStateBase22performWatchdogCommandERNS_12RoverContextERK18WdCmdMsgs__MessageR19WdCmdMsgs__ResponseS7_Rb)
                  000116ca    00000350     RoverStateBase.obj (.text:_ZN4iris14RoverStateBase21initiateNextI2cActionERNS_12RoverContextE)
                  00011a1a    000002ee     bsp.obj (.text:initializeGpios)
                  00011d08    000002e8     watchdog.obj (.text:watchdog_monitor)
                  00011ff0    00000288     hercules_mpsm.obj (.text:HerculesMpsm__checkForValidHeader)
                  00012278    00000250     RoverStateMission.obj (.text:_ZN4iris17RoverStateMission15handleTimerTickERNS_12RoverContextE)
                  000124c8    00000204     i2c_sensors.obj (.text:I2C_Sensors__getActionStatus)
                  000126cc    000001fa     ip_udp.obj (.text:IpUdp__generateAndSerializeIpUdpHeadersForData)
                  000128c6    000001d8     i2c_sensors.obj (.text:I2C_Sensors__spinOnce)
                  00012a9e    000001ce     watchdog_cmd_msgs.obj (.text:WdCmdMsgs__deserializeBody)
                  00012c6c    000001ce     RoverStateInit.obj (.text:_ZN4iris14RoverStateInit12transitionToERNS_12RoverContextE)
                  00012e3a    0000019c     RoverStateBase.obj (.text:_ZN4iris14RoverStateBase17landerMsgCallbackEPhjPv)
                  00012fd6    00000186     RoverStateEnteringMission.obj (.text:_ZN4iris25RoverStateEnteringMission15handleTimerTickERNS_12RoverContextE)
                  0001315c    0000017a     hercules_comms.obj (.text:HerculesComms__tryGetMessage)
                  000132d6    00000164     RoverStateService.obj (.text:_ZN4iris17RoverStateService15handleTimerTickERNS_12RoverContextE)
                  0001343a    00000162     lander_comms.obj (.text:LanderComms__txData)
                  0001359c    00000160     uart.obj (.text:UART__initState)
                  000136fc    0000015e     RoverStateBase.obj (.text:_ZN4iris14RoverStateBase26handleDownlinkFromHerculesERNS_12RoverContextEP16HercMsgs__HeaderPhj)
                  0001385a    00000144     hercules_msgs.obj (.text:HercMsgs__serializeHeader)
                  0001399e    00000144     watchdog.obj (.text:watchdog_build_hercules_telem)
                  00013ae2    0000013a     RoverStateManager.obj (.text:_ZN4iris17RoverStateManager11handleEventE11Event__Type)
                  00013c1c    00000132     rts430x_lc_rd_eabi.lib : _printfi_min.c.obj (.text:_setfield)
                  00013d4e    0000012e     RoverStateManager.obj (.text:_ZN4iris17RoverStateManager4initEv)
                  00013e7c    00000120     lander_comms.obj (.text:LanderComms__tryGetMessage)
                  00013f9c    0000011e     RoverStateEnteringKeepAlive.obj (.text:_ZN4iris27RoverStateEnteringKeepAlive15handleTimerTickERNS_12RoverContextE)
                  000140ba    0000011c     watchdog.obj (.text:watchdog_init)
                  000141d6    00000110     RoverStateEnteringMission.obj (.text:_ZN4iris25RoverStateEnteringMission19enableHerculesCommsERNS_12RoverContextE)
                  000142e6    0000010c     bsp.obj (.text:getResetReasonString)
                  000143f2    00000108     rts430x_lc_rd_eabi.lib : memory.c.obj (.text:aligned_alloc)
                  000144fa    00000106     RoverStateKeepAlive.obj (.text:_ZN4iris19RoverStateKeepAlive8spinOnceERNS_12RoverContextE)
                  00014600    00000100     RoverStateBase.obj (.text:_ZN4iris14RoverStateBase23handleDebugFromHerculesERNS_12RoverContextEP16HercMsgs__HeaderPhj)
                  00014700    000000fc     i2c_sensors.obj (.text:I2C_Sensors__writeIoExpanderPortDirectionsBlocking)
                  000147fc    000000fc     lander_comms.obj (.text:LanderComms__txDataUntilSendOrTimeout)
                  000148f8    000000fa     i2c_sensors.obj (.text:I2C_Sensors__readRegNonBlocking)
                  000149f2    000000f0     i2c_sensors.obj (.text:I2C_Sensors__writeIoExpanderBlocking)
                  00014ae2    000000f0     rts430x_lc_rd_eabi.lib : fputs.c.obj (.text:fputs)
                  00014bd2    000000e8     RoverStateEnteringKeepAlive.obj (.text:_ZN4iris27RoverStateEnteringKeepAlive37transitionToWaitingForIoExpanderWriteERNS_12RoverContextE)
                  00014cba    000000e6     ground_msgs.obj (.text:GroundMsgs__generateFullEarthHeartbeat)
                  00014da0    000000e6     RoverStateMission.obj (.text:_ZN4iris17RoverStateMission8spinOnceERNS_12RoverContextE)
                  00014e86    000000e6     RoverStateService.obj (.text:_ZN4iris17RoverStateService8spinOnceERNS_12RoverContextE)
                  00014f6c    000000e4     uart.obj (.text:UART__flushTx)
                  00015050    000000e4     RoverStateBase.obj (.text:_ZN4iris14RoverStateBase26sendDetailedReportToLanderERNS_12RoverContextE)
                  00015134    000000de     rts430x_lc_rd_eabi.lib : setvbuf.c.obj (.text:setvbuf)
                  00015212    000000dc                            : _printfi_min.c.obj (.text:__TI_printfi_minimal)
                  000152ee    000000da                            : _printfi_min.c.obj (.text:_pproc_diouxp)
                  000153c8    000000da                            : memory.c.obj (.text:free)
                  000154a2    000000d4     hercules_comms.obj (.text:HerculesComms__txHerculesMsg)
                  00015576    000000ca     RoverStateManager.obj (.text:_ZN4iris17RoverStateManager11spinForeverEv)
                  00015640    000000c8     lander_comms.obj (.text:LanderComms__slipEncodeAndTransmitBuffer)
                  00015708    000000c8     slip_encode.obj (.text:SlipEncode__encode)
                  000157d0    000000bc     bsp.obj (.text:readOnChipInputs)
                  0001588c    000000ba     RoverStateEnteringKeepAlive.obj (.text:_ZN4iris27RoverStateEnteringKeepAlive8spinOnceERNS_12RoverContextE)
                  00015946    000000b6     RoverStateBase.obj (.text:_ZN4iris14RoverStateBase12echoToLanderERNS_12RoverContextEhPKh)
                  000159fc    000000b6     RoverStateBase.obj (.text:_ZN4iris14RoverStateBase24handleStrokeFromHerculesERNS_12RoverContextEP16HercMsgs__Header)
                  00015ab2    000000b4     i2c.obj (.text:I2C__spinOnce)
                  00015b66    000000b0     i2c_sensors.obj (.text:I2C_Sensors__writeRegNonBlocking)
                  00015c16    000000b0     ip_udp.obj (.text:udp_checksum)
                  00015cc6    000000a8     ground_msgs.obj (.text:GroundMsgs__generateFlightEarthHeartbeat)
                  00015d6e    000000a4     cmd_msgs.obj (.text:CmdMsgs__deserializeHeader)
                  00015e12    000000a4     uart.obj (.text:UART__transmit)
                  00015eb6    000000a0     RoverStateBase.obj (.text:_ZN4iris14RoverStateBase19herculesMsgCallbackEP16HercMsgs__HeaderPhjPv)
                  00015f56    0000009a     rts430x_lc_rd_eabi.lib : hostlseek.c.obj (.text:HOSTlseek)
                  00015ff0    0000009a     slip_mpsm.obj (.text:SlipMpsm__process)
                  0001608a    0000009a     RoverStateBase.obj (.text:_ZN4iris14RoverStateBase23handleResetFromHerculesERNS_12RoverContextEP16HercMsgs__Header)
                  00016124    00000094     RoverStateMission.obj (.text:_ZN4iris17RoverStateMission19performResetCommandERNS_12RoverContextE26WdCmdMsgs__ResetSpecificIdP19WdCmdMsgs__Response)
                  000161b8    00000090     hercules_comms.obj (.text:HerculesComms__resetState)
                  00016248    00000090     RoverStateEnteringMission.obj (.text:_ZN4iris25RoverStateEnteringMission38transitionToWaitingForIoExpanderWrite1ERNS_12RoverContextE)
                  000162d8    0000008c     serialization.obj (.text:Serialization__deserializeAs32Bit)
                  00016364    0000008c     serialization.obj (.text:Serialization__serializeAs64Bit)
                  000163f0    0000008a     slip_mpsm.obj (.text:SlipMpsm__appendData)
                  0001647a    0000008a     RoverStateBase.obj (.text:_ZN4iris14RoverStateBase18pumpMsgsFromLanderERNS_12RoverContextE)
                  00016504    0000008a     RoverStateBase.obj (.text:_ZN4iris14RoverStateBase18sendLanderResponseERNS_12RoverContextER19WdCmdMsgs__Response)
                  0001658e    00000088     i2c_sensors.obj (.text:I2C_Sensors__currentMsb)
                  00016616    00000088     RoverStateManager.obj (.text:_ZN4iris17RoverStateManager26getStateObjectForStateEnumENS_10RoverStateE)
                  0001669e    00000086     watchdog_cmd_msgs.obj (.text:WdCmdMsgs__serializeGroundResponse)
                  00016724    00000084     watchdog_cmd_msgs.obj (.text:WdCmdMsgs__deserializeDangForceBattStateBody)
                  000167a8    00000084     RoverStateManager.obj (.text:_ZN4iris17RoverStateManagerC1EPKc)
                  0001682c    00000084     RoverStateEnteringMission.obj (.text:_ZN4iris25RoverStateEnteringMission38transitionToWaitingForIoExpanderWrite2ERNS_12RoverContextE)
                  000168b0    00000082     watchdog_cmd_msgs.obj (.text:WdCmdMsgs__deserializeMessage)
                  00016932    00000082     RoverStateBase.obj (.text:_ZN4iris14RoverStateBase15handleWdIntEdgeEbRNS_12RoverContextE)
                  000169b4    00000082     RoverStateEnteringMission.obj (.text:_ZN4iris25RoverStateEnteringMission38transitionToWaitingForIoExpanderWrite3ERNS_12RoverContextE)
                  00016a36    00000080     RoverState.obj (.text:_ZN4iris13stateToStringENS_10RoverStateE)
                  00016ab6    00000080     RoverStateManager.obj (.text:_ZN4iris17RoverStateManager22transitionUntilSettledENS_10RoverStateE)
                  00016b36    0000007e     rts430x_lc_rd_eabi.lib : _io_perm.c.obj (.text:__TI_wrt_ok)
                  00016bb4    0000007c     serialization.obj (.text:Serialization__serializeAs32Bit)
                  00016c30    0000007a     i2c_sensors.obj (.text:I2C_Sensors__chargeMsb)
                  00016caa    00000078     RoverStateEnteringMission.obj (.text:_ZN4iris25RoverStateEnteringMission40transitionToWaitingForFuelGaugeOrTimeoutERNS_12RoverContextE)
                  00016d22    00000076     debug_comms.obj (.text:DebugComms__tryPrintfToLanderNonblocking)
                  00016d98    00000076     serialization.obj (.text:Serialization__deserializeAs16Bit)
                  00016e0e    00000076     RoverStateEnteringMission.obj (.text:_ZN4iris25RoverStateEnteringMission19performResetCommandERNS_12RoverContextE26WdCmdMsgs__ResetSpecificIdP19WdCmdMsgs__Response)
                  00016e84    00000076     RoverStateEnteringService.obj (.text:_ZN4iris25RoverStateEnteringService19performResetCommandERNS_12RoverContextE26WdCmdMsgs__ResetSpecificIdP19WdCmdMsgs__Response)
                  00016efa    00000076     RoverStateEnteringKeepAlive.obj (.text:_ZN4iris27RoverStateEnteringKeepAlive19performResetCommandERNS_12RoverContextE26WdCmdMsgs__ResetSpecificIdP19WdCmdMsgs__Response)
                  00016f70    00000076     rts430x_lc_rd_eabi.lib : copy_decompress_lzss.c.obj (.text:decompress:lzss:__TI_decompress_lzss)
                  00016fe6    00000074                            : hostrename.c.obj (.text:HOSTrename)
                  0001705a    00000074     lander_comms.obj (.text:LanderComms__determineSlipEncodedSize)
                  000170ce    00000074     ring_buffer.obj (.text:RingBuffer__init)
                  00017142    00000074     rts430x_lc_rd_eabi.lib : fclose.c.obj (.text:__TI_closefile)
                  000171b6    00000072     i2c_sensors.obj (.text:I2C_Sensors__ioExpanderWritePort0)
                  00017228    00000072     serialization.obj (.text:Serialization__serializeAs16Bit)
                  0001729a    00000070     rts430x_lc_rd_eabi.lib : hostopen.c.obj (.text:HOSTopen)
                  0001730a    00000070     i2c_sensors.obj (.text:I2C_Sensors__ioExpanderInitPort0)
                  0001737a    00000070     rts430x_lc_rd_eabi.lib : memory.c.obj (.text:split)
                  000173ea    0000006e     serialization.obj (.text:Serialization__deserializeAs8Bit)
                  00017458    0000006e     watchdog_cmd_msgs.obj (.text:WdCmdMsgs__deserializeEchoBody)
                  000174c6    0000006c     rts430x_lc_rd_eabi.lib : hostwrite.c.obj (.text:HOSTwrite)
                  00017532    0000006c     hercules_mpsm.obj (.text:HerculesMpsm__process)
                  0001759e    0000006c     adc.obj (.text:adc_init)
                  0001760a    0000006a     rts430x_lc_rd_eabi.lib : hostread.c.obj (.text:HOSTread)
                  00017674    0000006a     i2c_sensors.obj (.text:I2C_Sensors__ioExpanderReadPort1)
                  000176de    0000006a     i2c_sensors.obj (.text:I2C_Sensors__readControl)
                  00017748    0000006a     serialization.obj (.text:Serialization__serializeAs8Bit)
                  000177b2    0000006a     blimp.obj (.text:blimp_latchResetHigh)
                  0001781c    0000006a     blimp.obj (.text:blimp_latchResetLow)
                  00017886    0000006a     rts430x_lc_rd_eabi.lib : fseek.c.obj (.text:fseek)
                  000178f0    0000006a     ip_udp.obj (.text:ip_checksum)
                  0001795a    00000066     hercules_comms.obj (.text:HerculesComms__uninitialize)
                  000179c0    00000066     hercules_mpsm.obj (.text:HerculesMpsm__initMsg)
                  00017a26    00000066     i2c_sensors.obj (.text:I2C_Sensors__ioExpanderInitPort1)
                  00017a8c    00000066     i2c_sensors.obj (.text:I2C_Sensors__ioExpanderWritePort1)
                  00017af2    00000066     uart.obj (.text:UART__receive)
                  00017b58    00000066     watchdog_cmd_msgs.obj (.text:WdCmdMsgs__deserializeSetDebugCommsStateBody)
                  00017bbe    00000066     watchdog_cmd_msgs.obj (.text:WdCmdMsgs__deserializeSetVSAEStateBody)
                  00017c24    00000066     RoverStateBase.obj (.text:_ZN4iris14RoverStateBase26doGndCmdSetDebugCommsStateERNS_12RoverContextERK18WdCmdMsgs__MessageR19WdCmdMsgs__ResponseS7_Rb)
                  00017c8a    00000064     hercules_mpsm.obj (.text:HerculesMpsm__appendData)
                  00017cee    00000064     rts430x_lc_rd_eabi.lib : fflush.c.obj (.text:__TI_doflush)
                  00017d52    00000064     blimp.obj (.text:blimp_initialize)
                  00017db6    00000064     blimp.obj (.text:blimp_latchSetHigh)
                  00017e1a    00000064     blimp.obj (.text:blimp_latchSetLow)
                  00017e7e    00000062     i2c_sensors.obj (.text:I2C_Sensors__lowPower)
                  00017ee0    00000062     RoverStateBase.obj (.text:_ZN4iris14RoverStateBase24doGndCmdLatchSetPulseLowERNS_12RoverContextERK18WdCmdMsgs__MessageR19WdCmdMsgs__ResponseS7_Rb)
                  00017f42    00000062     RoverStateBase.obj (.text:_ZN4iris14RoverStateBase26doGndCmdLatchResetPulseLowERNS_12RoverContextERK18WdCmdMsgs__MessageR19WdCmdMsgs__ResponseS7_Rb)
                  00017fa4    00000062     RoverStateMission.obj (.text:_ZN4iris17RoverStateMission14doGndCmdDeployERNS_12RoverContextERK18WdCmdMsgs__MessageR19WdCmdMsgs__ResponseS7_Rb)
                  00018006    0000005c     hercules_comms.obj (.text:HerculesComms__init)
                  00018062    0000005c     i2c_sensors.obj (.text:I2C_Sensors__accumulatedChargeLsb)
                  000180be    0000005c     lander_comms.obj (.text:LanderComms__init)
                  0001811a    0000005c     watchdog_cmd_msgs.obj (.text:WdCmdMsgs__deserializeClearResetMemoryBody)
                  00018176    0000005a     blimp.obj (.text:blimp_latchResetOff)
                  000181d0    0000005a     rts430x_lc_rd_eabi.lib : close.c.obj (.text:close)
                  0001822a    0000005a                            : getdevice.c.obj (.text:getdevice)
                  00018284    00000058     i2c_sensors.obj (.text:I2C_Sensors__accumulatedChargeMsb)
                  000182dc    00000058     rts430x_lc_rd_eabi.lib : fflush.c.obj (.text:fflush)
                  00018334    00000056     RoverStateBase.obj (.text:_ZN4iris14RoverStateBase20pumpMsgsFromHerculesERNS_12RoverContextE)
                  0001838a    00000056     blimp.obj (.text:blimp_latchSetOff)
                  000183e0    00000054     rts430x_lc_rd_eabi.lib : autoinit.c.obj (.text:__TI_auto_init_nobinit_nopinit_hold_wdt:__TI_auto_init_nobinit_nopinit_hold_wdt)
                  00018434    00000052     i2c_sensors.obj (.text:I2C_Sensors__currentLsb)
                  00018486    00000052     i2c_sensors.obj (.text:I2C_Sensors__gaugeTempMsb)
                  000184d8    00000052     RoverStateBase.obj (.text:_ZN4iris14RoverStateBase20doGndCmdSetVSAEStateERNS_12RoverContextERK18WdCmdMsgs__MessageR19WdCmdMsgs__ResponseS7_Rb)
                  0001852a    00000052     RoverStateBase.obj (.text:_ZN4iris14RoverStateBase24doGndCmdSetChargeEnStateERNS_12RoverContextERK18WdCmdMsgs__MessageR19WdCmdMsgs__ResponseS7_Rb)
                  0001857c    00000052     RoverStateBase.obj (.text:_ZN4iris14RoverStateBase25doGndCmdSetLatchBattStateERNS_12RoverContextERK18WdCmdMsgs__MessageR19WdCmdMsgs__ResponseS7_Rb)
                  000185ce    00000052     RoverStateBase.obj (.text:_ZN4iris14RoverStateBase26doGndCmdDangForceBattStateERNS_12RoverContextERK18WdCmdMsgs__MessageR19WdCmdMsgs__ResponseS7_Rb)
                  00018620    00000050     i2c_sensors.obj (.text:I2C_Sensors__chargeLsb)
                  00018670    00000050     i2c_sensors.obj (.text:I2C_Sensors__gaugeTempLsb)
                  000186c0    00000050     i2c_sensors.obj (.text:I2C_Sensors__voltageLsb)
                  00018710    00000050     i2c_sensors.obj (.text:I2C_Sensors__voltageMsb)
                  00018760    00000050     i2c.obj (.text:I2C__txRegAddress)
                  000187b0    00000050     watchdog_cmd_msgs.obj (.text:WdCmdMsgs__deserializeSwitchConnModeBody)
                  00018800    00000050     RoverStateBase.obj (.text:_ZN4iris14RoverStateBase14txDownlinkDataERNS_12RoverContextEPvjb)
                  00018850    0000004e     rts430x_lc_rd_eabi.lib : hostclose.c.obj (.text:HOSTclose)
                  0001889e    0000004e     ring_buffer.obj (.text:RingBuffer__peekAt)
                  000188ec    0000004e     uart.obj (.text:UART__init1)
                  0001893a    0000004e     watchdog_cmd_msgs.obj (.text:WdCmdMsgs__deserializeLatchResetPulseLowBody)
                  00018988    0000004e     watchdog_cmd_msgs.obj (.text:WdCmdMsgs__deserializeLatchSetPulseLowBody)
                  000189d6    0000004e     watchdog_cmd_msgs.obj (.text:WdCmdMsgs__deserializeResetSpecificBody)
                  00018a24    0000004e     watchdog_cmd_msgs.obj (.text:WdCmdMsgs__deserializeSetBattCtrlEnStateBody)
                  00018a72    0000004e     watchdog_cmd_msgs.obj (.text:WdCmdMsgs__deserializeSetBattEnStateBody)
                  00018ac0    0000004e     watchdog_cmd_msgs.obj (.text:WdCmdMsgs__deserializeSetChargeEnStateBody)
                  00018b0e    0000004e     watchdog_cmd_msgs.obj (.text:WdCmdMsgs__deserializeSetChargeRegEnStateBody)
                  00018b5c    0000004e     watchdog_cmd_msgs.obj (.text:WdCmdMsgs__deserializeSetLatchBattStateBody)
                  00018baa    0000004c     hercules_mpsm.obj (.text:HerculesMpsm__reset)
                  00018bf6    0000004c     ring_buffer.obj (.text:RingBuffer__get)
                  00018c42    0000004c     ring_buffer.obj (.text:RingBuffer__put)
                  00018c8e    0000004c     RoverStateMission.obj (.text:_ZN4iris17RoverStateMission22performWatchdogCommandERNS_12RoverContextERK18WdCmdMsgs__MessageR19WdCmdMsgs__ResponseS7_Rb)
                  00018cda    0000004c     RoverStateService.obj (.text:_ZN4iris17RoverStateService22performWatchdogCommandERNS_12RoverContextERK18WdCmdMsgs__MessageR19WdCmdMsgs__ResponseS7_Rb)
                  00018d26    0000004a     i2c_sensors.obj (.text:I2C_Sensors__writeControl)
                  00018d70    0000004a     ring_buffer.obj (.text:RingBuffer__putOverwrite)
                  00018dba    0000004a     uart.obj (.text:UART__init0)
                  00018e04    0000004a     rts430x_lc_rd_eabi.lib : exit.c.obj (.text:exit)
                  00018e4e    00000048     uart.obj (.text:UART__checkIfSendable)
                  00018e96    00000048     RoverStateKeepAlive.obj (.text:_ZN4iris19RoverStateKeepAlive12transitionToERNS_12RoverContextE)
                  00018ede    00000048     rts430x_lc_rd_eabi.lib : _printfi_min.c.obj (.text:_pproc_str)
                  00018f26    00000046                            : hostunlink.c.obj (.text:HOSTunlink)
                  00018f6c    00000046     hercules_comms.obj (.text:HerculesComms__txDownlinkData)
                  00018fb2    00000046     hercules_comms.obj (.text:HerculesComms__txUplinkMsg)
                  00018ff8    00000044     debug_comms.obj (.text:DebugComms__tryStringBufferToLanderNonblocking)
                  0001903c    00000044     ip_udp.obj (.text:IpUdp__identifyDataInUdpPacket)
                  00019080    00000044     rts430x_lc_rd_eabi.lib : sprintf.c.obj (.text:sprintf)
                  000190c4    00000042     RoverStateBase.obj (.text:_ZN4iris14RoverStateBase22doGndCmdSetBattEnStateERNS_12RoverContextERK18WdCmdMsgs__MessageR19WdCmdMsgs__ResponseS7_Rb)
                  00019106    00000042     RoverStateBase.obj (.text:_ZN4iris14RoverStateBase27doGndCmdSetChargeRegEnStateERNS_12RoverContextERK18WdCmdMsgs__MessageR19WdCmdMsgs__ResponseS7_Rb)
                  00019148    00000042     bsp.obj (.text:clockInit)
                  0001918a    00000040     event_queue.obj (.text:EventQueue__get)
                  000191ca    00000040     hercules_comms.obj (.text:HerculesComms__txResponseMsg)
                  0001920a    00000040     i2c.obj (.text:I2C__write)
                  0001924a    00000040     watchdog_cmd_msgs.obj (.text:WdCmdMsgs__deserializeDeployBody)
                  0001928a    00000040     watchdog_cmd_msgs.obj (.text:WdCmdMsgs__deserializeEnterKeepAliveModeBody)
                  000192ca    00000040     watchdog_cmd_msgs.obj (.text:WdCmdMsgs__deserializeEnterServiceModeBody)
                  0001930a    00000040     watchdog_cmd_msgs.obj (.text:WdCmdMsgs__deserializeEnterSleepModeBody)
                  0001934a    00000040     watchdog_cmd_msgs.obj (.text:WdCmdMsgs__deserializePrepForDeployBody)
                  0001938a    00000040     watchdog_cmd_msgs.obj (.text:WdCmdMsgs__deserializeRequestDetailedReportBody)
                  000193ca    00000040     watchdog_cmd_msgs.obj (.text:WdCmdMsgs__deserializeSetAutoHeaterOffValueBody)
                  0001940a    00000040     watchdog_cmd_msgs.obj (.text:WdCmdMsgs__deserializeSetAutoHeaterOnValueBody)
                  0001944a    00000040     watchdog_cmd_msgs.obj (.text:WdCmdMsgs__deserializeSetHeaterDutyCycleBody)
                  0001948a    00000040     watchdog_cmd_msgs.obj (.text:WdCmdMsgs__deserializeSetHeaterDutyCyclePeriodBody)
                  000194ca    0000003e     i2c.obj (.text:I2C__read)
                  00019508    0000003e     uart.obj (.text:UART__checkRxRbErrors)
                  00019546    0000003e     RoverStateBase.obj (.text:_ZN4iris14RoverStateBase33handleRadioPowerCycleRadioCommandERNS_12RoverContextE)
                  00019584    0000003e     RoverStateBase.obj (.text:_ZN4iris14RoverStateBase36handleRadioPowerCycleHerculesCommandERNS_12RoverContextE)
                  000195c2    0000003e     rts430x_lc_rd_eabi.lib : lsl32.asm.obj (.text:l_lsl_const)
                  00019600    0000003e                            : lseek.c.obj (.text:lseek)
                  0001963e    0000003c     event_queue.obj (.text:EventQueue__initialize)
                  0001967a    0000003c     rts430x_lc_rd_eabi.lib : write.c.obj (.text:write)
                  000196b6    0000003a     RoverStateBase.obj (.text:_ZN4iris14RoverStateBase26doGndCmdSetHeaterDutyCycleERNS_12RoverContextERK18WdCmdMsgs__MessageR19WdCmdMsgs__ResponseS7_Rb)
                  000196f0    0000003a     RoverStateService.obj (.text:_ZN4iris17RoverStateService24doGndCmdEnterServiceModeERNS_12RoverContextERK18WdCmdMsgs__MessageR19WdCmdMsgs__ResponseS7_Rb)
                  0001972a    0000003a     RoverStateEnteringService.obj (.text:_ZN4iris25RoverStateEnteringService26doGndCmdEnterKeepAliveModeERNS_12RoverContextERK18WdCmdMsgs__MessageR19WdCmdMsgs__ResponseS7_Rb)
                  00019764    0000003a     rts430x_lc_rd_eabi.lib : lsr64.c.obj (.text:__mspabi_srlll)
                  0001979e    0000003a                            : vsprintf.c.obj (.text:vsprintf)
                  000197d8    00000038     hercules_comms.obj (.text:HerculesComms__transmitBuffer)
                  00019810    00000038     hercules_mpsm.obj (.text:HerculesMpsm__checkRb)
                  00019848    00000038     lander_comms.obj (.text:LanderComms__transmitBuffer)
                  00019880    00000038     uart.obj (.text:UART__uninit0)
                  000198b8    00000038     RoverStateEnteringKeepAlive.obj (.text:_ZN4iris27RoverStateEnteringKeepAlive25transitionToFinishUpSetupERNS_12RoverContextE)
                  000198f0    00000036     slip_mpsm.obj (.text:SlipMpsm__initMsg)
                  00019926    00000036     uart.obj (.text:UART__checkRxZerosMaxCountSinceLastCheck)
                  0001995c    00000036     uart.obj (.text:UART__uart1Init)
                  00019992    00000036     RoverStateBase.obj (.text:_ZN4iris14RoverStateBase12doGndCmdEchoERNS_12RoverContextERK18WdCmdMsgs__MessageR19WdCmdMsgs__ResponseS7_Rb)
                  000199c8    00000036     RoverStateMission.obj (.text:_ZN4iris17RoverStateMission12transitionToERNS_12RoverContextE)
                  000199fe    00000036     rts430x_lc_rd_eabi.lib : fopen.c.obj (.text:__TI_cleanup)
                  00019a34    00000036                            : trgmsg.c.obj (.text:__TI_writemsg)
                  00019a6a    00000034     uart.obj (.text:UART__uart0Init)
                  00019a9e    00000034     adc.obj (.text:adcCheckVoltageLevels)
                  00019ad2    00000034     blimp.obj (.text:blimp_latchBattUpdate)
                  00019b06    00000034     blimp.obj (.text:blimp_normalBoot)
                  00019b3a    00000032     i2c_sensors.obj (.text:I2C_Sensors__initiateWriteIoExpander)
                  00019b6c    00000032     i2c.obj (.text:I2C__getTransactionStatus)
                  00019b9e    00000032     RoverStateKeepAlive.obj (.text:_ZN4iris19RoverStateKeepAlive15handleTimerTickERNS_12RoverContextE)
                  00019bd0    00000032     RoverStateEnteringKeepAlive.obj (.text:_ZN4iris27RoverStateEnteringKeepAlive18handleHerculesDataERNS_12RoverContextE)
                  00019c02    00000032     rts430x_lc_rd_eabi.lib : trgmsg.c.obj (.text:__TI_readmsg)
                  00019c34    00000032     blimp.obj (.text:blimp_bstat_dangerous_forceHigh)
                  00019c66    00000032     blimp.obj (.text:blimp_bstat_dangerous_forceLow)
                  00019c98    00000032     blimp.obj (.text:blimp_bstat_safe_restoreInput)
                  00019cca    00000032     blimp.obj (.text:blimp_vSysAllEnOff)
                  00019cfc    00000032     rts430x_lc_rd_eabi.lib : strncpy.c.obj (.text:strncpy)
                  00019d2e    00000030     debug_comms.obj (.text:DebugComms__flush)
                  00019d5e    00000030     i2c.obj (.text:I2C__rxStart)
                  00019d8e    00000030     RoverStateBase.obj (.text:_ZN4iris14RoverStateBase25handleRadioGotWifiCommandERNS_12RoverContextE)
                  00019dbe    00000030     RoverStateMission.obj (.text:_ZN4iris17RoverStateMission24doGndCmdEnterServiceModeERNS_12RoverContextERK18WdCmdMsgs__MessageR19WdCmdMsgs__ResponseS7_Rb)
                  00019dee    00000030     RoverStateService.obj (.text:_ZN4iris17RoverStateService26doGndCmdEnterKeepAliveModeERNS_12RoverContextERK18WdCmdMsgs__MessageR19WdCmdMsgs__ResponseS7_Rb)
                  00019e1e    00000030     blimp.obj (.text:blimp_bstat)
                  00019e4e    00000030     rts430x_lc_rd_eabi.lib : unlink.c.obj (.text:unlink)
                  00019e7e    0000002e     hercules_comms.obj (.text:HerculesComms__flushTx)
                  00019eac    0000002e     hercules_mpsm.obj (.text:HerculesMpsm__peekRb)
                  00019eda    0000002e     i2c_sensors.obj (.text:I2C_Sensors__initiateIoExpanderInitialization)
                  00019f08    0000002e     i2c.obj (.text:I2C__init)
                  00019f36    0000002e     lander_comms.obj (.text:LanderComms__flushTx)
                  00019f64    0000002e     RoverStateBase.obj (.text:_ZN4iris14RoverStateBase13heaterControlERNS_12RoverContextE)
                  00019f92    0000002e     RoverStateBase.obj (.text:_ZN4iris14RoverStateBase24doGndCmdClearResetMemoryERNS_12RoverContextERK18WdCmdMsgs__MessageR19WdCmdMsgs__ResponseS7_Rb)
                  00019fc0    0000002e     RoverStateInit.obj (.text:_ZN4iris14RoverStateInitC1ENS_10RoverStateEPKc)
                  00019fee    0000002e     blimp.obj (.text:blimp_chargerEnOff)
                  0001a01c    0000002e     blimp.obj (.text:blimp_latchResetPulseLow)
                  0001a04a    0000002e     blimp.obj (.text:blimp_latchSetPulseLow)
                  0001a078    0000002e     blimp.obj (.text:blimp_vSysAllEnForceLow)
                  0001a0a6    0000002e     blimp.obj (.text:blimp_vSysAllEnOn)
                  0001a0d4    0000002e     rts430x_lc_rd_eabi.lib : getdevice.c.obj (.text:finddevice)
                  0001a102    0000002e     main.obj (.text:main)
                  0001a130    0000002c     i2c_sensors.obj (.text:I2C_Sensors__getIoExpanderPortDirections)
                  0001a15c    0000002c     i2c.obj (.text:I2C__waitForStop)
                  0001a188    0000002c     RoverStateBase.obj (.text:_ZN4iris14RoverStateBase32doGndCmdSetHeaterDutyCyclePeriodERNS_12RoverContextERK18WdCmdMsgs__MessageR19WdCmdMsgs__ResponseS7_Rb)
                  0001a1b4    0000002c     RoverStateMission.obj (.text:_ZN4iris17RoverStateMissionC1Ev)
                  0001a1e0    0000002c     RoverStateEnteringMission.obj (.text:_ZN4iris25RoverStateEnteringMission29transitionToWaitingForI2cDoneERNS_12RoverContextE)
                  0001a20c    0000002c     MSPMPU_INIT_LIB_CCS_msp430_large_code_restricted_data.lib : mpu_init.o (.text:__mpu_init)
                  0001a238    0000002c     rts430x_lc_rd_eabi.lib : memory.c.obj (.text:free_list_insert)
                  0001a264    0000002a     i2c.obj (.text:I2C__txData)
                  0001a28e    0000002a     ring_buffer.obj (.text:RingBuffer__full)
                  0001a2b8    0000002a     RoverStateEnteringKeepAlive.obj (.text:_ZN4iris27RoverStateEnteringKeepAlive12transitionToERNS_12RoverContextE)
                  0001a2e2    0000002a     blimp.obj (.text:blimp_chargerEnForceHigh)
                  0001a30c    0000002a     blimp.obj (.text:blimp_chargerEnOn)
                  0001a336    0000002a     rts430x_lc_rd_eabi.lib : memory.c.obj (.text:free_list_remove)
                  0001a360    00000028     RoverStateBase.obj (.text:_ZN4iris14RoverStateBase21doGndCmdResetSpecificERNS_12RoverContextERK18WdCmdMsgs__MessageR19WdCmdMsgs__ResponseS7_Rb)
                  0001a388    00000028     RoverStateBase.obj (.text:_ZN4iris14RoverStateBase22handleUplinkFromLanderERNS_12RoverContextEPhj)
                  0001a3b0    00000026     event_queue.obj (.text:EventQueue__put)
                  0001a3d6    00000026     i2c.obj (.text:I2C__checkAck)
                  0001a3fc    00000026     i2c.obj (.text:I2C__confirmStart)
                  0001a422    00000026     i2c.obj (.text:I2C__rxDataAndStop)
                  0001a448    00000026     i2c.obj (.text:I2C__txStart)
                  0001a46e    00000026     RoverStateBase.obj (.text:_ZN4iris14RoverStateBase28doGndCmdSetAutoHeaterOnValueERNS_12RoverContextERK18WdCmdMsgs__MessageR19WdCmdMsgs__ResponseS7_Rb)
                  0001a494    00000026     RoverStateBase.obj (.text:_ZN4iris14RoverStateBase29doGndCmdSetAutoHeaterOffValueERNS_12RoverContextERK18WdCmdMsgs__MessageR19WdCmdMsgs__ResponseS7_Rb)
                  0001a4ba    00000026     RoverStateMission.obj (.text:_ZN4iris17RoverStateMission13heaterControlERNS_12RoverContextE)
                  0001a4e0    00000026     bsp.obj (.text:setHerculesReset)
                  0001a506    00000024     i2c_sensors.obj (.text:I2C_Sensors__initiateGaugeReadings)
                  0001a52a    00000024     i2c_sensors.obj (.text:I2C_Sensors__initiateReadControl)
                  0001a54e    00000024     ring_buffer.obj (.text:RingBuffer__empty)
                  0001a572    00000024     ring_buffer.obj (.text:RingBuffer__freeCount)
                  0001a596    00000024     RoverStateEnteringMission.obj (.text:_ZN4iris25RoverStateEnteringMissionC1Ev)
                  0001a5ba    00000024     RoverStateEnteringService.obj (.text:_ZN4iris25RoverStateEnteringService24doGndCmdEnterServiceModeERNS_12RoverContextERK18WdCmdMsgs__MessageR19WdCmdMsgs__ResponseS7_Rb)
                  0001a5de    00000024     RoverStateEnteringService.obj (.text:_ZN4iris25RoverStateEnteringServiceC1ENS_10RoverStateE)
                  0001a602    00000024     RoverStateEnteringService.obj (.text:_ZN4iris25RoverStateEnteringServiceC1Ev)
                  0001a626    00000024     RoverStateEnteringKeepAlive.obj (.text:_ZN4iris27RoverStateEnteringKeepAlive26doGndCmdEnterKeepAliveModeERNS_12RoverContextERK18WdCmdMsgs__MessageR19WdCmdMsgs__ResponseS7_Rb)
                  0001a64a    00000024     RoverStateEnteringKeepAlive.obj (.text:_ZN4iris27RoverStateEnteringKeepAliveC1ENS_10RoverStateE)
                  0001a66e    00000024     RoverStateEnteringKeepAlive.obj (.text:_ZN4iris27RoverStateEnteringKeepAliveC1Ev)
                  0001a692    00000024     rts430x_lc_rd_eabi.lib : copy_zero_init.c.obj (.text:decompress:ZI:__TI_zero_init)
                  0001a6b6    00000024     bsp.obj (.text:disableHeater)
                  0001a6da    00000024     bsp.obj (.text:disableUart0Pins)
                  0001a6fe    00000022     i2c_sensors.obj (.text:I2C_Sensors__initiateReadIoExpander)
                  0001a720    00000022     i2c_sensors.obj (.text:I2C_Sensors__initiateWriteLowPower)
                  0001a742    00000022     i2c.obj (.text:I2C__stop)
                  0001a764    00000022     ring_buffer.obj (.text:RingBuffer__clear)
                  0001a786    00000022     RoverStateBase.obj (.text:_ZN4iris14RoverStateBase29doGndCmdRequestDetailedReportERNS_12RoverContextERK18WdCmdMsgs__MessageR19WdCmdMsgs__ResponseS7_Rb)
                  0001a7a8    00000022     RoverStateService.obj (.text:_ZN4iris17RoverStateServiceC1Ev)
                  0001a7ca    00000022     RoverStateKeepAlive.obj (.text:_ZN4iris19RoverStateKeepAliveC1Ev)
                  0001a7ec    00000022     RoverStateEnteringMission.obj (.text:_ZN4iris25RoverStateEnteringMission41transitionToWatitingForWifiReadyOrTimeoutERNS_12RoverContextE)
                  0001a80e    00000020     i2c_sensors.obj (.text:I2C_Sensors__initiateFuelGaugeInitialization)
                  0001a82e    00000020     ring_buffer.obj (.text:RingBuffer__usedCount)
                  0001a84e    00000020     RoverStateBase.obj (.text:_ZN4iris14RoverStateBase21handleWdIntRisingEdgeERNS_12RoverContextE)
                  0001a86e    00000020     RoverStateBase.obj (.text:_ZN4iris14RoverStateBase22handleWdIntFallingEdgeERNS_12RoverContextE)
                  0001a88e    00000020     RoverStateBase.obj (.text:_ZN4iris14RoverStateBaseC1ENS_10RoverStateE)
                  0001a8ae    00000020     rts430x_lc_rd_eabi.lib : sprintf.c.obj (.text:_outs)
                  0001a8ce    00000020                            : vsprintf.c.obj (.text:_outs)
                  0001a8ee    0000001e     i2c_sensors.obj (.text:I2C_Sensors__clearLastAction)
                  0001a90c    0000001e     i2c_sensors.obj (.text:I2C_Sensors__writeIoExpanderCurrentValuesBlocking)
                  0001a92a    0000001e     RoverStateBase.obj (.text:_ZN4iris14RoverStateBase14doGndCmdDeployERNS_12RoverContextERK18WdCmdMsgs__MessageR19WdCmdMsgs__ResponseS7_Rb)
                  0001a948    0000001e     RoverStateBase.obj (.text:_ZN4iris14RoverStateBase16handleLanderDataERNS_12RoverContextE)
                  0001a966    0000001e     RoverStateBase.obj (.text:_ZN4iris14RoverStateBase18handleHerculesDataERNS_12RoverContextE)
                  0001a984    0000001e     RoverStateBase.obj (.text:_ZN4iris14RoverStateBase21doGndCmdPrepForDeployERNS_12RoverContextERK18WdCmdMsgs__MessageR19WdCmdMsgs__ResponseS7_Rb)
                  0001a9a2    0000001e     RoverStateBase.obj (.text:_ZN4iris14RoverStateBase22doGndCmdEnterSleepModeERNS_12RoverContextERK18WdCmdMsgs__MessageR19WdCmdMsgs__ResponseS7_Rb)
                  0001a9c0    0000001e     RoverStateBase.obj (.text:_ZN4iris14RoverStateBase24doGndCmdEnterServiceModeERNS_12RoverContextERK18WdCmdMsgs__MessageR19WdCmdMsgs__ResponseS7_Rb)
                  0001a9de    0000001e     RoverStateBase.obj (.text:_ZN4iris14RoverStateBase26doGndCmdEnterKeepAliveModeERNS_12RoverContextERK18WdCmdMsgs__MessageR19WdCmdMsgs__ResponseS7_Rb)
                  0001a9fc    0000001e     RoverStateBase.obj (.text:_ZN4iris14RoverStateBase26doGndCmdSetBattCtrlEnStateERNS_12RoverContextERK18WdCmdMsgs__MessageR19WdCmdMsgs__ResponseS7_Rb)
                  0001aa1a    0000001e     RoverStateInit.obj (.text:_ZN4iris14RoverStateInit14handleHighTempERNS_12RoverContextE)
                  0001aa38    0000001e     RoverStateInit.obj (.text:_ZN4iris14RoverStateInit15handleTimerTickERNS_12RoverContextE)
                  0001aa56    0000001e     RoverStateInit.obj (.text:_ZN4iris14RoverStateInit16handleLanderDataERNS_12RoverContextE)
                  0001aa74    0000001e     RoverStateInit.obj (.text:_ZN4iris14RoverStateInit16handlePowerIssueERNS_12RoverContextE)
                  0001aa92    0000001e     RoverStateInit.obj (.text:_ZN4iris14RoverStateInit18handleHerculesDataERNS_12RoverContextE)
                  0001aab0    0000001e     RoverStateInit.obj (.text:_ZN4iris14RoverStateInit19performResetCommandERNS_12RoverContextE26WdCmdMsgs__ResetSpecificIdP19WdCmdMsgs__Response)
                  0001aace    0000001e     RoverStateInit.obj (.text:_ZN4iris14RoverStateInit8spinOnceERNS_12RoverContextE)
                  0001aaec    0000001e     RoverStateKeepAlive.obj (.text:_ZN4iris19RoverStateKeepAlive18handleHerculesDataERNS_12RoverContextE)
                  0001ab0a    0000001e     RoverStateEnteringMission.obj (.text:_ZN4iris25RoverStateEnteringMission12transitionToERNS_12RoverContextE)
                  0001ab28    0000001e     RoverStateEnteringService.obj (.text:_ZN4iris25RoverStateEnteringService12transitionToERNS_12RoverContextE)
                  0001ab46    0000001e     blimp.obj (.text:blimp_battEnOff)
                  0001ab64    0000001e     blimp.obj (.text:blimp_latchBattOff)
                  0001ab82    0000001e     blimp.obj (.text:blimp_regEnOff)
                  0001aba0    0000001e     bsp.obj (.text:enableHeater)
                  0001abbe    0000001e     bsp.obj (.text:enableUart1Pins)
                  0001abdc    0000001e     rts430x_lc_rd_eabi.lib : memccpy.c.obj (.text:memccpy)
                  0001abfa    0000001e     bsp.obj (.text:releaseHerculesReset)
                  0001ac18    0000001c     RoverStateBase.obj (.text:_ZN4iris14RoverStateBase22doGndCmdSwitchConnModeERNS_12RoverContextERK18WdCmdMsgs__MessageR19WdCmdMsgs__ResponseS7_Rb)
                  0001ac34    0000001c     rts430x_lc_rd_eabi.lib : strchr.c.obj (.text:strchr)
                  0001ac50    0000001c                            : strcmp.c.obj (.text:strcmp)
                  0001ac6c    0000001a     hercules_comms.obj (.text:HerculesComms__isInitialized)
                  0001ac86    0000001a     ring_buffer.obj (.text:RingBuffer__getOverwrite)
                  0001aca0    0000001a     uart.obj (.text:UART__isInitialized)
                  0001acba    0000001a     wd_int_mpsm.obj (.text:WdIntMpsm__processEdge)
                  0001acd4    0000001a     RoverStateMission.obj (.text:_ZN4iris17RoverStateMission20canEnterLowPowerModeERNS_12RoverContextE)
                  0001acee    0000001a     RoverStateService.obj (.text:_ZN4iris17RoverStateService12transitionToERNS_12RoverContextE)
                  0001ad08    0000001a     RoverStateService.obj (.text:_ZN4iris17RoverStateService20canEnterLowPowerModeERNS_12RoverContextE)
                  0001ad22    0000001a     RoverStateKeepAlive.obj (.text:_ZN4iris19RoverStateKeepAlive20canEnterLowPowerModeERNS_12RoverContextE)
                  0001ad3c    0000001a     RoverStateEnteringService.obj (.text:_ZN4iris25RoverStateEnteringService18handleHerculesDataERNS_12RoverContextE)
                  0001ad56    0000001a     rts430x_lc_rd_eabi.lib : assert.c.obj (.text:_abort_msg)
                  0001ad70    0000001a     blimp.obj (.text:blimp_battEnOn)
                  0001ad8a    0000001a     blimp.obj (.text:blimp_latchBattOn)
                  0001ada4    0000001a     bsp.obj (.text:enableUart0Pins)
                  0001adbe    00000018     RoverStateService.obj (.text:_ZN4iris17RoverStateService21doGndCmdPrepForDeployERNS_12RoverContextERK18WdCmdMsgs__MessageR19WdCmdMsgs__ResponseS7_Rb)
                  0001add6    00000018     RoverStateKeepAlive.obj (.text:_ZN4iris19RoverStateKeepAlive24doGndCmdEnterServiceModeERNS_12RoverContextERK18WdCmdMsgs__MessageR19WdCmdMsgs__ResponseS7_Rb)
                  0001adee    00000018     RoverStateKeepAlive.obj (.text:_ZN4iris19RoverStateKeepAlive26doGndCmdEnterKeepAliveModeERNS_12RoverContextERK18WdCmdMsgs__MessageR19WdCmdMsgs__ResponseS7_Rb)
                  0001ae06    00000018     blimp.obj (.text:blimp_regEnOn)
                  0001ae1e    00000018     bsp.obj (.text:powerOffRadio)
                  0001ae36    00000018     rts430x_lc_rd_eabi.lib : mult16_f5hw.asm.obj (.text)
                  0001ae4e    00000018     bsp.obj (.text:setFPGAReset)
                  0001ae66    00000016     i2c_sensors.obj (.text:I2C_Sensors__initiateWriteIoExpanderCurrentValues)
                  0001ae7c    00000016     rts430x_lc_rd_eabi.lib : typeinfo.c.obj (.text:_ZN10__cxxabiv120__si_class_type_infoD0Ev)
                  0001ae92    00000016     RoverStateBase.obj (.text:_ZN4iris14RoverStateBase14handleHighTempERNS_12RoverContextE)
                  0001aea8    00000016     RoverStateBase.obj (.text:_ZN4iris14RoverStateBase28handleRadioExitStasisCommandERNS_12RoverContextE)
                  0001aebe    00000016     RoverStateMission.obj (.text:_ZN4iris17RoverStateMission16handlePowerIssueERNS_12RoverContextE)
                  0001aed4    00000016     RoverStateService.obj (.text:_ZN4iris17RoverStateService16handlePowerIssueERNS_12RoverContextE)
                  0001aeea    00000016     RoverStateKeepAlive.obj (.text:_ZN4iris19RoverStateKeepAlive16handlePowerIssueERNS_12RoverContextE)
                  0001af00    00000016     RoverStateEnteringMission.obj (.text:_ZN4iris25RoverStateEnteringMission16handlePowerIssueERNS_12RoverContextE)
                  0001af16    00000016     RoverStateEnteringService.obj (.text:_ZN4iris25RoverStateEnteringService16handlePowerIssueERNS_12RoverContextE)
                  0001af2c    00000016     RoverStateEnteringKeepAlive.obj (.text:_ZN4iris27RoverStateEnteringKeepAlive16handlePowerIssueERNS_12RoverContextE)
                  0001af42    00000016     RoverStateEnteringKeepAlive.obj (.text:_ZN4iris27RoverStateEnteringKeepAlive22handleUplinkFromLanderERNS_12RoverContextEPhj)
                  0001af58    00000016     bsp.obj (.text:disable3V3PowerRail)
                  0001af6e    00000016     bsp.obj (.text:enableWdIntFallingEdgeInterrupt)
                  0001af84    00000016     bsp.obj (.text:enableWdIntRisingEdgeInterrupt)
                  0001af9a    00000016     bsp.obj (.text:fpgaCameraSelectLo)
                  0001afb0    00000016     rts430x_lc_rd_eabi.lib : memory.c.obj (.text:heap_start)
                  0001afc6    00000016                            : memchr.c.obj (.text:memchr)
                  0001afdc    00000016                            : memset.c.obj (.text:memset)
                  0001aff2    00000016     bsp.obj (.text:powerOnRadio)
                  0001b008    00000016     bsp.obj (.text:releaseFPGAReset)
                  0001b01e    00000016     rts430x_lc_rd_eabi.lib : div16u.asm.obj (.text)
                  0001b034    00000016     bsp.obj (.text:setRadioReset)
                  0001b04a    00000016     bsp.obj (.text:startChargingBatteries)
                  0001b060    00000016     bsp.obj (.text:unsetDeploy)
                  0001b076    00000014     debug_comms.obj (.text:DebugComms__registerHerculesComms)
                  0001b08a    00000014     debug_comms.obj (.text:DebugComms__registerLanderComms)
                  0001b09e    00000014     debug_comms.obj (.text:DebugComms__setEnabled)
                  0001b0b2    00000014     rts430x_lc_rd_eabi.lib : typeinfo.c.obj (.text:_ZN10__cxxabiv117__class_type_infoD0Ev)
                  0001b0c6    00000014     RoverStateBase.obj (.text:_ZN4iris14RoverStateBase8getStateEv)
                  0001b0da    00000014     rts430x_lc_rd_eabi.lib : sprintf.c.obj (.text:_outc)
                  0001b0ee    00000014                            : vsprintf.c.obj (.text:_outc)
                  0001b102    00000014                            : memcpy.c.obj (.text:memcpy)
                  0001b116    00000014     bsp.obj (.text:powerOffFpga)
                  0001b12a    00000014     bsp.obj (.text:powerOffHercules)
                  0001b13e    00000014     bsp.obj (.text:powerOffMotors)
                  0001b152    00000014     bsp.obj (.text:releaseRadioReset)
                  0001b166    00000012     i2c_sensors.obj (.text:I2C_Sensors__stop)
                  0001b178    00000012     rts430x_lc_rd_eabi.lib : copy_decompress_none.c.obj (.text:decompress:none:__TI_decompress_none)
                  0001b18a    00000012     bsp.obj (.text:enable3V3PowerRail)
                  0001b19c    00000012     adc.obj (.text:isAdcSampleDone)
                  0001b1ae    00000012     rts430x_lc_rd_eabi.lib : strcpy.c.obj (.text:strcpy)
                  0001b1c0    00000010     bsp.obj (.text:fpgaCameraSelectHi)
                  0001b1d0    00000010     bsp.obj (.text:getWdIntState)
                  0001b1e0    00000010     main.obj (.text:hook_sp_check)
                  0001b1f0    00000010     rts430x_lc_rd_eabi.lib : lsr32.asm.obj (.text:l_lsr)
                  0001b200    00000010     bsp.obj (.text:powerOnFpga)
                  0001b210    00000010     bsp.obj (.text:powerOnHercules)
                  0001b220    00000010     bsp.obj (.text:powerOnMotors)
                  0001b230    00000010     bsp.obj (.text:setDeploy)
                  0001b240    0000000e     i2c_sensors.obj (.text:I2C_Sensors__init)
                  0001b24e    0000000e     time.obj (.text:Time__getPointerToCentisecondCount)
                  0001b25c    0000000e     time.obj (.text:Time__getTimeInCentiseconds)
                  0001b26a    0000000e     rts430x_lc_rd_eabi.lib : typeinfo.c.obj (.text:_ZN10__cxxabiv117__class_type_infoD1Ev)
                  0001b278    0000000e                            : typeinfo.c.obj (.text:_ZN10__cxxabiv120__si_class_type_infoD1Ev)
                  0001b286    0000000e     RoverStateBase.obj (.text:_ZN4iris14RoverStateBase29handleRadioEnterStasisCommandERNS_12RoverContextE)
                  0001b294    0000000e     blimp.obj (.text:blimp_batteryState)
                  0001b2a2    0000000e     rts430x_lc_rd_eabi.lib : strlen.c.obj (.text:strlen)
                  0001b2b0    0000000e     watchdog.obj (.text:watchdog_get_wd_int_flat_duration)
                  0001b2be    0000000c     RoverStateBase.obj (.text:_ZN4iris14RoverStateBase20canEnterLowPowerModeERNS_12RoverContextE)
                  0001b2ca    0000000c     RoverStateInit.obj (.text:_ZN4iris14RoverStateInit20canEnterLowPowerModeERNS_12RoverContextE)
                  0001b2d6    0000000c     RoverStateEnteringMission.obj (.text:_ZN4iris25RoverStateEnteringMission20canEnterLowPowerModeERNS_12RoverContextE)
                  0001b2e2    0000000c     RoverStateEnteringService.obj (.text:_ZN4iris25RoverStateEnteringService28nextStateAfterSetupCompletesEv)
                  0001b2ee    0000000c     RoverStateEnteringService.obj (.text:_ZN4iris25RoverStateEnteringService8spinOnceERNS_12RoverContextE)
                  0001b2fa    0000000c     RoverStateEnteringKeepAlive.obj (.text:_ZN4iris27RoverStateEnteringKeepAlive20canEnterLowPowerModeERNS_12RoverContextE)
                  0001b306    0000000c     RoverStateEnteringKeepAlive.obj (.text:_ZN4iris27RoverStateEnteringKeepAlive28nextStateAfterSetupCompletesEv)
                  0001b312    0000000a     rts430x_lc_rd_eabi.lib : new.cpp.obj (.text:_ZdlPv)
                  0001b31c    0000000a     bsp.obj (.text:disableBatteries)
                  0001b326    0000000a     bsp.obj (.text:enableBatteries)
                  0001b330    0000000a     bsp.obj (.text:releaseMotorsReset)
                  0001b33a    0000000a     rts430x_lc_rd_eabi.lib : lsl16.asm.obj (.text)
                  0001b344    0000000a                            : lsr16.asm.obj (.text)
                  0001b34e    0000000a     bsp.obj (.text:setMotorsReset)
                  0001b358    0000000a     bsp.obj (.text:stopChargingBatteries)
                  0001b362    00000008     rts430x_lc_rd_eabi.lib : pure_virt.c.obj (.text:__cxa_pure_virtual)
                  0001b36a    00000008                            : memory.c.obj (.text:malloc)
                  0001b372    00000008     bsp.obj (.text:releaseMotor1Reset)
                  0001b37a    00000008     bsp.obj (.text:releaseMotor2Reset)
                  0001b382    00000008     bsp.obj (.text:releaseMotor3Reset)
                  0001b38a    00000008     bsp.obj (.text:releaseMotor4Reset)
                  0001b392    00000008     bsp.obj (.text:setMotor1Reset)
                  0001b39a    00000008     bsp.obj (.text:setMotor2Reset)
                  0001b3a2    00000008     bsp.obj (.text:setMotor3Reset)
                  0001b3aa    00000008     bsp.obj (.text:setMotor4Reset)
                  0001b3b2    00000006     i2c_sensors.obj (.text:I2C_Sensors__clearIoExpanderPort0OutputBits)
                  0001b3b8    00000006     i2c_sensors.obj (.text:I2C_Sensors__clearIoExpanderPort1OutputBits)
                  0001b3be    00000006     i2c_sensors.obj (.text:I2C_Sensors__setIoExpanderPort0OutputBits)
                  0001b3c4    00000006     i2c_sensors.obj (.text:I2C_Sensors__setIoExpanderPort1OutputBits)
                  0001b3ca    00000006     rts430x_lc_rd_eabi.lib : exit.c.obj (.text:abort)
                  0001b3d0    00000006     bsp.obj (.text:disableVSysAllPowerRail)
                  0001b3d6    00000006     bsp.obj (.text:enableVSysAllPowerRail)
                  0001b3dc    00000004     rts430x_lc_rd_eabi.lib : new.cpp.obj (.text:_ZdlPvj)
                  0001b3e0    00000004                            : error.c.obj (.text:__abort_execution)
                  0001b3e4    00000004                            : pre_init.c.obj (.text:_system_pre_init)
                  0001b3e8    00000002                            : stdlib_typeinfo.cpp.obj (.text:_ZNSt9type_infoD1Ev)
                  0001b3ea    00000002                            : _lock.c.obj (.text:_nop)
                  0001b3ec    00000002                            : startup.c.obj (.text:_system_post_cinit)

MODULE SUMMARY

       Module                            code    ro data   rw data
       ------                            ----    -------   -------
    ./src/
       watchdog.obj                      1514    544       12     
       main.obj                          62      0         0      
    +--+---------------------------------+-------+---------+---------+
       Total:                            1576    544       12     
                                                                  
    ./src/comms/
       i2c_sensors.obj                   4092    2034      52     
       watchdog_cmd_msgs.obj             2608    1144      0      
       lander_comms.obj                  1404    591       1277   
       hercules_comms.obj                1260    1012      846    
       ground_msgs.obj                   2710    118       1      
       hercules_mpsm.obj                 1136    546       26     
       ip_udp.obj                        856     106       0      
       debug_comms.obj                   294     320       265    
       slip_mpsm.obj                     346     58        4      
       hercules_msgs.obj                 324     26        0      
       slip_encode.obj                   200     20        0      
       cmd_msgs.obj                      164     28        0      
       wd_int_mpsm.obj                   26      24        0      
    +--+---------------------------------+-------+---------+---------+
       Total:                            15420   6027      2471   
                                                                  
    ./src/drivers/
       bsp.obj                           2064    1010      4      
       uart.obj                          1778    582       52     
[...]
0001aace  _ZN4iris14RoverStateInit8spinOnceERNS_12RoverContextE                                                                                 
0001aaec  _ZN4iris19RoverStateKeepAlive18handleHerculesDataERNS_12RoverContextE                                                                 
0001ab0a  _ZN4iris25RoverStateEnteringMission12transitionToERNS_12RoverContextE                                                                 
0001ab28  _ZN4iris25RoverStateEnteringService12transitionToERNS_12RoverContextE                                                                 
0001ab46  blimp_battEnOff                                                                                                                       
0001ab64  blimp_latchBattOff                                                                                                                    
0001ab82  blimp_regEnOff                                                                                                                        
0001aba0  enableHeater                                                                                                                          
0001abbe  enableUart1Pins                                                                                                                       
0001abdc  memccpy                                                                                                                               
0001abfa  releaseHerculesReset                                                                                                                  
0001ac18  _ZN4iris14RoverStateBase22doGndCmdSwitchConnModeERNS_12RoverContextERK18WdCmdMsgs__MessageR19WdCmdMsgs__ResponseS7_Rb                 
0001ac34  strchr                                                                                                                                
0001ac50  strcmp                                                                                                                                
0001ac6c  HerculesComms__isInitialized                                                                                                          
0001ac86  RingBuffer__getOverwrite                                                                                                              
0001aca0  UART__isInitialized                                                                                                                   
0001acba  WdIntMpsm__processEdge                                                                                                                
0001acd4  _ZN4iris17RoverStateMission20canEnterLowPowerModeERNS_12RoverContextE                                                                 
0001acee  _ZN4iris17RoverStateService12transitionToERNS_12RoverContextE                                                                         
0001ad08  _ZN4iris17RoverStateService20canEnterLowPowerModeERNS_12RoverContextE                                                                 
0001ad22  _ZN4iris19RoverStateKeepAlive20canEnterLowPowerModeERNS_12RoverContextE                                                               
0001ad3c  _ZN4iris25RoverStateEnteringService18handleHerculesDataERNS_12RoverContextE                                                           
0001ad56  _abort_msg                                                                                                                            
0001ad70  blimp_battEnOn                                                                                                                        
0001ad8a  blimp_latchBattOn                                                                                                                     
0001ada4  enableUart0Pins                                                                                                                       
0001adbe  _ZN4iris17RoverStateService21doGndCmdPrepForDeployERNS_12RoverContextERK18WdCmdMsgs__MessageR19WdCmdMsgs__ResponseS7_Rb               
0001add6  _ZN4iris19RoverStateKeepAlive24doGndCmdEnterServiceModeERNS_12RoverContextERK18WdCmdMsgs__MessageR19WdCmdMsgs__ResponseS7_Rb          
0001adee  _ZN4iris19RoverStateKeepAlive26doGndCmdEnterKeepAliveModeERNS_12RoverContextERK18WdCmdMsgs__MessageR19WdCmdMsgs__ResponseS7_Rb        
0001ae06  blimp_regEnOn                                                                                                                         
0001ae1e  powerOffRadio                                                                                                                         
0001ae36  __mspabi_mpyi_f5hw                                                                                                                    
0001ae4e  setFPGAReset                                                                                                                          
0001ae66  I2C_Sensors__initiateWriteIoExpanderCurrentValues                                                                                     
0001ae7c  _ZN10__cxxabiv120__si_class_type_infoD0Ev                                                                                             
0001ae92  _ZN4iris14RoverStateBase14handleHighTempERNS_12RoverContextE                                                                          
0001aea8  _ZN4iris14RoverStateBase28handleRadioExitStasisCommandERNS_12RoverContextE                                                            
0001aebe  _ZN4iris17RoverStateMission16handlePowerIssueERNS_12RoverContextE                                                                     
0001aed4  _ZN4iris17RoverStateService16handlePowerIssueERNS_12RoverContextE                                                                     
0001aeea  _ZN4iris19RoverStateKeepAlive16handlePowerIssueERNS_12RoverContextE                                                                   
0001af00  _ZN4iris25RoverStateEnteringMission16handlePowerIssueERNS_12RoverContextE                                                             
0001af16  _ZN4iris25RoverStateEnteringService16handlePowerIssueERNS_12RoverContextE                                                             
0001af2c  _ZN4iris27RoverStateEnteringKeepAlive16handlePowerIssueERNS_12RoverContextE                                                           
0001af42  _ZN4iris27RoverStateEnteringKeepAlive22handleUplinkFromLanderERNS_12RoverContextEPhj                                                  
0001af58  disable3V3PowerRail                                                                                                                   
0001af6e  enableWdIntFallingEdgeInterrupt                                                                                                       
0001af84  enableWdIntRisingEdgeInterrupt                                                                                                        
0001af9a  fpgaCameraSelectLo                                                                                                                    
0001afc6  memchr                                                                                                                                
0001afdc  memset                                                                                                                                
0001aff2  powerOnRadio                                                                                                                          
0001b008  releaseFPGAReset                                                                                                                      
0001b01e  __mspabi_divu                                                                                                                         
0001b01e  __mspabi_remu                                                                                                                         
0001b034  setRadioReset                                                                                                                         
0001b04a  startChargingBatteries                                                                                                                
0001b060  unsetDeploy                                                                                                                           
0001b076  DebugComms__registerHerculesComms                                                                                                     
0001b08a  DebugComms__registerLanderComms                                                                                                       
0001b09e  DebugComms__setEnabled                                                                                                                
0001b0b2  _ZN10__cxxabiv117__class_type_infoD0Ev                                                                                                
0001b0c6  _ZN4iris14RoverStateBase8getStateEv                                                                                                   
0001b102  memcpy                                                                                                                                
0001b116  powerOffFpga                                                                                                                          
0001b12a  powerOffHercules                                                                                                                      
0001b13e  powerOffMotors                                                                                                                        
0001b152  releaseRadioReset                                                                                                                     
0001b166  I2C_Sensors__stop                                                                                                                     
0001b178  __TI_decompress_none                                                                                                                  
0001b18a  enable3V3PowerRail                                                                                                                    
0001b19c  isAdcSampleDone                                                                                                                       
0001b1ae  strcpy                                                                                                                                
0001b1c0  fpgaCameraSelectHi                                                                                                                    
0001b1d0  getWdIntState                                                                                                                         
0001b1e0  hook_sp_check                                                                                                                         
0001b1f0  __mspabi_srll                                                                                                                         
0001b200  powerOnFpga                                                                                                                           
0001b210  powerOnHercules                                                                                                                       
0001b220  powerOnMotors                                                                                                                         
0001b230  setDeploy                                                                                                                             
0001b240  I2C_Sensors__init                                                                                                                     
0001b24e  Time__getPointerToCentisecondCount                                                                                                    
0001b25c  Time__getTimeInCentiseconds                                                                                                           
0001b26a  _ZN10__cxxabiv117__class_type_infoD1Ev                                                                                                
0001b26a  _ZN10__cxxabiv117__class_type_infoD2Ev                                                                                                
0001b278  _ZN10__cxxabiv120__si_class_type_infoD1Ev                                                                                             
0001b278  _ZN10__cxxabiv120__si_class_type_infoD2Ev                                                                                             
0001b286  _ZN4iris14RoverStateBase29handleRadioEnterStasisCommandERNS_12RoverContextE                                                           
0001b294  blimp_batteryState                                                                                                                    
0001b2a2  strlen                                                                                                                                
0001b2b0  watchdog_get_wd_int_flat_duration                                                                                                     
0001b2be  _ZN4iris14RoverStateBase20canEnterLowPowerModeERNS_12RoverContextE                                                                    
0001b2ca  _ZN4iris14RoverStateInit20canEnterLowPowerModeERNS_12RoverContextE                                                                    
0001b2d6  _ZN4iris25RoverStateEnteringMission20canEnterLowPowerModeERNS_12RoverContextE                                                         
0001b2e2  _ZN4iris25RoverStateEnteringService28nextStateAfterSetupCompletesEv                                                                   
0001b2ee  _ZN4iris25RoverStateEnteringService8spinOnceERNS_12RoverContextE                                                                      
0001b2fa  _ZN4iris27RoverStateEnteringKeepAlive20canEnterLowPowerModeERNS_12RoverContextE                                                       
0001b306  _ZN4iris27RoverStateEnteringKeepAlive28nextStateAfterSetupCompletesEv                                                                 
0001b312  _ZdlPv                                                                                                                                
0001b31c  disableBatteries                                                                                                                      
0001b326  enableBatteries                                                                                                                       
0001b330  releaseMotorsReset                                                                                                                    
0001b33a  __mspabi_slli                                                                                                                         
0001b344  __mspabi_srli                                                                                                                         
0001b34e  setMotorsReset                                                                                                                        
0001b358  stopChargingBatteries                                                                                                                 
0001b362  __cxa_pure_virtual                                                                                                                    
0001b36a  malloc                                                                                                                                
0001b372  releaseMotor1Reset                                                                                                                    
0001b37a  releaseMotor2Reset                                                                                                                    
0001b382  releaseMotor3Reset                                                                                                                    
0001b38a  releaseMotor4Reset                                                                                                                    
0001b392  setMotor1Reset                                                                                                                        
0001b39a  setMotor2Reset                                                                                                                        
0001b3a2  setMotor3Reset                                                                                                                        
0001b3aa  setMotor4Reset                                                                                                                        
0001b3b2  I2C_Sensors__clearIoExpanderPort0OutputBits                                                                                           
0001b3b8  I2C_Sensors__clearIoExpanderPort1OutputBits                                                                                           
0001b3be  I2C_Sensors__setIoExpanderPort0OutputBits                                                                                             
0001b3c4  I2C_Sensors__setIoExpanderPort1OutputBits                                                                                             
0001b3ca  C$$EXIT                                                                                                                               
0001b3ca  _ZSt17__throw_bad_allocv                                                                                                              
0001b3ca  abort                                                                                                                                 
0001b3d0  disableVSysAllPowerRail                                                                                                               
0001b3d6  enableVSysAllPowerRail                                                                                                                
0001b3dc  _ZdlPvj                                                                                                                               
0001b3e0  __abort_execution                                                                                                                     
0001b3e4  _system_pre_init                                                                                                                      
0001b3e8  _ZNSt9type_infoD1Ev                                                                                                                   
0001b3e8  _ZNSt9type_infoD2Ev                                                                                                                   
0001b3ea  _nop                                                                                                                                  
0001b3ec  _system_post_cinit                                                                                                                    
ffffffff  __TI_pprof_out_hndl                                                                                                                   
ffffffff  __TI_prof_data_size                                                                                                                   
ffffffff  __TI_prof_data_start                                                                                                                  
ffffffff  __c_args__                                                                                                                            

[2033 symbols]
